Renesas Optimizing Linker (W2.04.00 )             28-Oct-2016 21:40:08

*** Options ***

-subcommand=LinkerSubCommand.tmp
-input="./src/startup/dbsct.obj"
-input="./src/startup/hardware_setup.obj"
-input="./src/startup/reset_program.obj"
-input="./src/startup/sbrk.obj"
-input="./src/matSystem/BatteryCheck.obj"
-input="./src/matSystem/Connecter.obj"
-input="./src/matSystem/Main.obj"
-input="./src/matSystem/System.obj"
-input="./src/UserApplication/App.obj"
-input="./src/Modules/micon/CMT.obj"
-input="./src/Modules/micon/DAa.obj"
-input="./src/Modules/micon/GPT012.obj"
-input="./src/Modules/micon/GPT456.obj"
-input="./src/Modules/micon/IO.obj"
-input="./src/Modules/micon/S12ADB.obj"
-input="./src/Modules/micon/SCIc.obj"
-input="./src/Modules/micon/interrupt_handlers.obj"
-input="./src/Modules/micon/vector_table.obj"
-input="./src/Modules/AnalogIN.obj"
-input="./src/Modules/AnalogOUT.obj"
-input="./src/Modules/Battery.obj"
-input="./src/Modules/Bluetooth.obj"
-input="./src/Modules/Buzzer.obj"
-input="./src/Modules/DataLogger.obj"
-input="./src/Modules/DigitalIO.obj"
-input="./src/Modules/LED.obj"
-input="./src/Modules/Motor.obj"
-input="./src/Modules/Multi.obj"
-input="./src/Modules/Servo.obj"
-input="./src/Modules/Timer.obj"
-input="./src/Modules/UART.obj"
-input="./src/DataConverter.obj"
-start=SU,SI,B_1,R_1,B_2,R_2,B,R/04,PResetPRG,C_1,C_2,C,C$*,D*,W*,L,PIntPRG,P/0FFF80000,FIXEDVECT/0FFFFFF80
-library=C:\Users\Reiji\DOCUME~1\GitHub\ROBOTC~1\HARDWA~2\RobotCore1Framework.lib
-list=RobotCore1Framework.map
-show
-nooptimize
-debug
-output=C:\Users\Reiji\Documents\GitHub\RobotCore1Frameware\HardwareDebug\RobotCore1Framework.abs
-rom=D=R,D_1=R_1,D_2=R_2
-nocompress
-nomessage
-nologo

*** Error information ***

*** Mapping List ***

SECTION                            START      END         SIZE   ALIGN

SU
                                  00000004  00000103       100   4
SI
                                  00000104  00000403       300   4
B_1
                                  00000404  0000162f      122c   1
R_1
                                  00001630  00001651        22   1
B_2
                                  00001652  0000165f         e   2
R_2
                                  00001660  0000169b        3c   2
B
                                  0000169c  00006553      4eb8   4
R
                                  00006554  0000664f        fc   4
PResetPRG
                                  fff80000  fff80038        39   1
C_1
                                  fff80039  fff80039         0   1
C_2
                                  fff80039  fff80039         0   1
C
                                  fff8003c  fff8006f        34   4
C$DSEC
                                  fff80070  fff80093        24   4
C$BSEC
                                  fff80094  fff800ab        18   4
C$INIT
                                  fff800ac  fff800ac         0   1
C$VECT
                                  fff800ac  fff804ab       400   4
C$VTBL
                                  fff804ac  fff804ac         0   1
D
                                  fff804ac  fff805a7        fc   4
D_1
                                  fff805a8  fff805c9        22   1
D_2
                                  fff805ca  fff80605        3c   2
W
                                  fff80608  fff80608         0   4
W_1
                                  fff80608  fff80617        10   1
W_2
                                  fff80618  fff80618         0   2
L
                                  fff80618  fff80659        42   4
PIntPRG
                                  fff8065a  fff807b2       159   1
P
                                  fff807b3  fff84d98      45e6   1
FIXEDVECT
                                  ffffff80  ffffffff        80   4

*** Symbol List ***

SECTION=
FILE=                               START        END    SIZE
  SYMBOL                            ADDR        SIZE    INFO      COUNTS  OPT

SECTION=SU
FILE=.\src\startup\reset_program.obj
                                  00000004  00000103       100

SECTION=SI
FILE=.\src\startup\reset_program.obj
                                  00000104  00000403       300

SECTION=B_1
FILE=.\src\matSystem\Connecter.obj
                                  00000404  00000c21       81e
  _trg
                                  00000404         5   data ,g         2
  _command
                                  00000409         5   data ,g         2
  _valueLength
                                  0000040e         5   data ,g         2
  _value
                                  00000413         f   data ,g         2
  _TransmitDataBufferA
                                  00000422       400   data ,g         2
  _TransmitDataBufferB
                                  00000822       400   data ,g         2
FILE=.\src\Modules\micon\SCIc.obj
                                  00000c22  00001621       a00
  _uart1_bufR_A
                                  00000c22       400   data ,g         2
  _uart1_bufR_B
                                  00001022       400   data ,g         2
  _uart0_bufR_A
                                  00001422       100   data ,g         2
  _uart0_bufR_B
                                  00001522       100   data ,g         2
FILE=.\src\Modules\Motor.obj
                                  00001622  00001627         6
  _direction
                                  00001622         6   data ,g        13
FILE=.\src\DataConverter.obj
                                  00001628  0000162f         8
  _bytes
                                  00001628         4   data ,g         5
  _intBytes
                                  0000162c         4   data ,g         5

SECTION=R_1
FILE=.\src\matSystem\Connecter.obj
                                  00001630  00001637         8
  _trg_index
                                  00001630         1   data ,g         4
  _command_index
                                  00001631         1   data ,g         5
  _valueLength_index
                                  00001632         1   data ,g         5
  _lengthOfValue
                                  00001633         1   data ,g         2
  _value_index
                                  00001634         1   data ,g         5
  _BufferA_Count
                                  00001635         1   data ,g         5
  _BufferB_Count
                                  00001636         1   data ,g         5
  _BufferAisSelected
                                  00001637         1   data ,g         4
FILE=.\src\matSystem\Main.obj
                                  00001638  00001638         1
  _timer1_callbackRunning
                                  00001638         1   data ,g         3
FILE=.\src\matSystem\System.obj
                                  00001639  00001639         1
  _count
                                  00001639         1   data ,g         0
FILE=.\src\UserApplication\App.obj
                                  0000163a  00001649        10
  _SystemStandby
                                  0000163a         1   data ,g         3
  _motorMoving
                                  0000163b         1   data ,g         3
  _dualshockConnecting
                                  0000163c         1   data ,g         3
  _actCount
                                  0000163d         1   data ,g         4
  _AIN1sumpleCount
                                  0000163e         1   data ,g         3
  _ArmDown
                                  0000163f         1   data ,g         6
  _ArmUpForce
                                  00001640         1   data ,g         6
  _waitingForStop
                                  00001641         1   data ,g         4
  _pumpOnL
                                  00001642         1   data ,g         5
  _pumpOnR
                                  00001643         1   data ,g         5
  _pumpHold
                                  00001644         1   data ,g         8
  _autoUpCount
                                  00001645         1   data ,g         6
  _isAimMode
                                  00001646         1   data ,g         6
  _dollyL_turned
                                  00001647         1   data ,g         0
  _dollyL_clicked
                                  00001648         1   data ,g         0
  _bridgeMode
                                  00001649         1   data ,g         4
FILE=.\src\Modules\micon\SCIc.obj
                                  0000164a  0000164d         4
  _flag_RXI0
                                  0000164a         1   data ,g         0
  _flag_TXI0
                                  0000164b         1   data ,g         0
  _uart1_bufSelect
                                  0000164c         1   data ,g         3
  _uart0_bufSelect
                                  0000164d         1   data ,g         3
FILE=.\src\Modules\Bluetooth.obj
                                  0000164e  0000164e         1
  _i
                                  0000164e         1   data ,g         8
FILE=.\src\Modules\DataLogger.obj
                                  0000164f  0000164f         1
  _log1_count
                                  0000164f         1   data ,g         3
FILE=.\src\Modules\DigitalIO.obj
                                  00001650  00001650         1
  _dio3buf_index
                                  00001650         1   data ,g         4
FILE=.\src\Modules\Motor.obj
                                  00001651  00001651         1
  _motor1_DutyIn_HardwarePortAdress
                                  00001651         1   data ,g         3

SECTION=B_2
FILE=.\src\Modules\micon\S12ADB.obj
                                  00001652  0000165f         e
  _values
                                  00001652         6   data ,g         4
  _values1
                                  00001658         8   data ,g         5

SECTION=R_2
FILE=.\src\matSystem\System.obj
                                  00001660  00001661         2
  _logIndex
                                  00001660         2   data ,g         2
FILE=.\src\Modules\micon\SCIc.obj
                                  00001662  00001671        10
  _uart1_bufR_index_A
                                  00001662         2   data ,g         4
  _uart1_bufR_index_B
                                  00001664         2   data ,g         4
  _uart1_bufT_index
                                  00001666         2   data ,g         6
  _uart1_bufT_maxCount
                                  00001668         2   data ,g         5
  _uart0_bufR_index_A
                                  0000166a         2   data ,g         4
  _uart0_bufR_index_B
                                  0000166c         2   data ,g         4
  _uart0_bufT_index
                                  0000166e         2   data ,g         6
  _uart0_bufT_maxCount
                                  00001670         2   data ,g         5
FILE=.\src\Modules\Bluetooth.obj
                                  00001672  00001683        12
  _orderBuffer
                                  00001672        10   data ,g         9
  _vibration1count
                                  00001682         2   data ,g         3
FILE=.\src\Modules\Buzzer.obj
                                  00001684  00001697        14
  _oneTime
                                  00001684         2   data ,g         6
  _stepUp
                                  00001686         2   data ,g         6
  _stepDown
                                  00001688         2   data ,g         6
  _siren1
                                  0000168a         2   data ,g         7
  _siren1Fq
                                  0000168c         2   data ,g         4
  _siren2
                                  0000168e         2   data ,g         6
  _siren2Fq
                                  00001690         2   data ,g         4
  _lowBattery
                                  00001692         2   data ,g         7
  _lowBatteryFq
                                  00001694         2   data ,g         5
  _flag
                                  00001696         2   data ,g         3
FILE=.\src\Modules\DataLogger.obj
                                  00001698  0000169b         4
  _log1_time
                                  00001698         2   data ,g         2
  _log1_index
                                  0000169a         2   data ,g         5

SECTION=B
FILE=.\src\startup\sbrk.obj
                                  0000169c  00001a9b       400
  _heap_area
                                  0000169c       400   data ,l         2
FILE=.\src\matSystem\Connecter.obj
                                  00001a9c  00001b1b        80
  _Inputs
                                  00001a9c        80   data ,g         2
FILE=.\src\matSystem\System.obj
                                  00001b1c  0000231b       800
  _log
                                  00001b1c       800   data ,g         2
FILE=.\src\UserApplication\App.obj
                                  0000231c  000024fb       1e0
  _AIN1buffer
                                  0000231c       190   data ,g         4
  _AIN2buffer2
                                  000024ac        28   data ,g         3
  _AIN3buffer3
                                  000024d4        28   data ,g         3
FILE=.\src\Modules\micon\CMT.obj
                                  000024fc  00002507         c
  _callback1
                                  000024fc         4   data ,g         2
  _callback2
                                  00002500         4   data ,g         2
  _callback3
                                  00002504         4   data ,g         2
FILE=.\src\Modules\micon\SCIc.obj
                                  00002508  0000250f         8
  _uart1_bufT
                                  00002508         4   data ,g         3
  _uart0_bufT
                                  0000250c         4   data ,g         3
FILE=.\src\Modules\Bluetooth.obj
                                  00002510  00002517         8
  _bluetoothRecievedData
                                  00002510         4   data ,g         4
  _Callback
                                  00002514         4   data ,g         2
FILE=.\src\Modules\DataLogger.obj
                                  00002518  00006517      4000
  _log1
                                  00002518      4000   data ,g         2
FILE=.\src\Modules\DigitalIO.obj
                                  00006518  0000654b        34
  _dio3buf
                                  00006518        28   data ,g         b
  _preDIO3state
                                  00006540         4   data ,g         2
  _curDIO3state
                                  00006544         4   data ,g         4
  _DIO3callback
                                  00006548         4   data ,g         2
FILE=.\src\Modules\Motor.obj
                                  0000654c  0000654f         4
  _errorCallback
                                  0000654c         4   data ,g         2
FILE=dtor_list
                                  00006550  00006553         4
  _needed_destruction_head
                                  00006550         4   data ,l         2

SECTION=R
FILE=.\src\startup\sbrk.obj
                                  00006554  00006557         4
  _brk
                                  00006554         4   data ,l         3
FILE=.\src\matSystem\Connecter.obj
                                  00006558  00006577        20
  __Connecter_isConnecting
                                  00006558         4   data ,g         3
  _trgRecieved
                                  0000655c         4   data ,g         5
  _commandRecieved
                                  00006560         4   data ,g         5
  _valueLengthRecieved
                                  00006564         4   data ,g         5
  _valueRecieved
                                  00006568         4   data ,g         5
  _lineRecieved
                                  0000656c         4   data ,g         4
  _connecter_Recieve_running
                                  00006570         4   data ,g         3
  _connecter_send_running
                                  00006574         4   data ,g         3
FILE=.\src\matSystem\System.obj
                                  00006578  0000657f         8
  _System_CurrentTime
                                  00006578         4   data ,g         4
  _isCounting
                                  0000657c         4   data ,g         3
FILE=.\src\UserApplication\App.obj
                                  00006580  00006597        18
  _deltaL
                                  00006580         8   data ,g         5
  _deltaR
                                  00006588         8   data ,g         5
  _integralL
                                  00006590         4   data ,g         2
  _integralR
                                  00006594         4   data ,g         2
FILE=.\src\Modules\Bluetooth.obj
                                  00006598  0000659f         8
  _commandOut_State
                                  00006598         4   data ,g         3
  _commandIn_State
                                  0000659c         4   data ,g         2
FILE=.\src\Modules\DataLogger.obj
                                  000065a0  000065a3         4
  _log1_isLoging
                                  000065a0         4   data ,g         4
FILE=.\src\Modules\DigitalIO.obj
                                  000065a4  000065a7         4
  _DIO3interrupt
                                  000065a4         4   data ,g         2
FILE=.\src\Modules\Motor.obj
                                  000065a8  0000663b        94
  _motor1_DutyIn_State
                                  000065a8         4   data ,g         0
  _motor2_DutyIn_State
                                  000065ac         4   data ,g         0
  _motor3_DutyIn_State
                                  000065b0         4   data ,g         0
  _motor4_DutyIn_State
                                  000065b4         4   data ,g         0
  _motor5_DutyIn_State
                                  000065b8         4   data ,g         0
  _motor6_DutyIn_State
                                  000065bc         4   data ,g         0
  _motor1_AccelerationIn_State
                                  000065c0         4   data ,g         7
  _motor2_AccelerationIn_State
                                  000065c4         4   data ,g         1
  _motor3_AccelerationIn_State
                                  000065c8         4   data ,g         1
  _motor4_AccelerationIn_State
                                  000065cc         4   data ,g         1
  _motor5_AccelerationIn_State
                                  000065d0         4   data ,g         1
  _motor6_AccelerationIn_State
                                  000065d4         4   data ,g         1
  _motor1_DutyOut_State
                                  000065d8         4   data ,g         3
  _motor2_DutyOut_State
                                  000065dc         4   data ,g         3
  _motor3_DutyOut_State
                                  000065e0         4   data ,g         3
  _motor4_DutyOut_State
                                  000065e4         4   data ,g         3
  _motor5_DutyOut_State
                                  000065e8         4   data ,g         3
  _motor6_DutyOut_State
                                  000065ec         4   data ,g         3
  _trgDuty
                                  000065f0        18   data ,g         d
  _acceleration
                                  00006608        18   data ,g         d
  _actualDuty
                                  00006620        18   data ,g        17
  _callbackRegi
                                  00006638         4   data ,g         1
FILE=static_init
                                  0000663c  00006643         8
  _use_patch_info
                                  0000663c         4   data ,l         1
  _dtors_done$1
                                  00006640         4   data ,l         1
FILE=munch_dtors
                                  00006644  00006647         4
  __dtors
                                  00006644         4   data ,g         1
FILE=vars
                                  00006648  0000664f         8
  __new_handler
                                  00006648         4   data ,g         0
  ___head
                                  0000664c         4   data ,g         1

SECTION=PResetPRG
FILE=.\src\startup\reset_program.obj
                                  fff80000  fff80038        39
  _PowerON_Reset_PC
                                  fff80000        39   entry,g         1

SECTION=C
FILE=.\src\startup\dbsct.obj
                                  fff8003c  fff8006f        34
  __CTBL
                                  fff8003c        34   data ,g         0

SECTION=C$DSEC
FILE=.\src\startup\dbsct.obj
                                  fff80070  fff80093        24
  __DTBL
                                  fff80070        24   data ,g         0

SECTION=C$BSEC
FILE=.\src\startup\dbsct.obj
                                  fff80094  fff800ab        18
  __BTBL
                                  fff80094        18   data ,g         0

SECTION=C$VECT
FILE=.\src\startup\dbsct.obj
                                  fff800ac  fff804ab       400

SECTION=D
FILE=.\src\startup\sbrk.obj
                                  fff804ac  fff804af         4
FILE=.\src\matSystem\Connecter.obj
                                  fff804b0  fff804cf        20
FILE=.\src\matSystem\System.obj
                                  fff804d0  fff804d7         8
FILE=.\src\UserApplication\App.obj
                                  fff804d8  fff804ef        18
FILE=.\src\Modules\Bluetooth.obj
                                  fff804f0  fff804f7         8
FILE=.\src\Modules\DataLogger.obj
                                  fff804f8  fff804fb         4
FILE=.\src\Modules\DigitalIO.obj
                                  fff804fc  fff804ff         4
FILE=.\src\Modules\Motor.obj
                                  fff80500  fff80593        94
FILE=static_init
                                  fff80594  fff8059b         8
FILE=munch_dtors
                                  fff8059c  fff8059f         4
FILE=vars
                                  fff805a0  fff805a7         8

SECTION=D_1
FILE=.\src\matSystem\Connecter.obj
                                  fff805a8  fff805af         8
FILE=.\src\matSystem\Main.obj
                                  fff805b0  fff805b0         1
FILE=.\src\matSystem\System.obj
                                  fff805b1  fff805b1         1
FILE=.\src\UserApplication\App.obj
                                  fff805b2  fff805c1        10
FILE=.\src\Modules\micon\SCIc.obj
                                  fff805c2  fff805c5         4
FILE=.\src\Modules\Bluetooth.obj
                                  fff805c6  fff805c6         1
FILE=.\src\Modules\DataLogger.obj
                                  fff805c7  fff805c7         1
FILE=.\src\Modules\DigitalIO.obj
                                  fff805c8  fff805c8         1
FILE=.\src\Modules\Motor.obj
                                  fff805c9  fff805c9         1

SECTION=D_2
FILE=.\src\matSystem\System.obj
                                  fff805ca  fff805cb         2
FILE=.\src\Modules\micon\SCIc.obj
                                  fff805cc  fff805db        10
FILE=.\src\Modules\Bluetooth.obj
                                  fff805dc  fff805ed        12
FILE=.\src\Modules\Buzzer.obj
                                  fff805ee  fff80601        14
FILE=.\src\Modules\DataLogger.obj
                                  fff80602  fff80605         4

SECTION=W_1
FILE=.\src\Modules\Motor.obj
                                  fff80608  fff8060d         6
FILE=.\src\DataConverter.obj
                                  fff8060e  fff80617         a

SECTION=L
FILE=.\src\matSystem\Connecter.obj
                                  fff80618  fff8061c         5
FILE=.\src\Modules\Bluetooth.obj
                                  fff80620  fff8062d         e
FILE=.\src\Modules\Motor.obj
                                  fff80630  fff80659        2a

SECTION=PIntPRG
FILE=.\src\Modules\micon\interrupt_handlers.obj
                                  fff8065a  fff807b2       159
  _Excep_SuperVisorInst
                                  fff8065a         2   func ,g         1
  _Excep_AccessInst
                                  fff8065c         2   func ,g         1
  _Excep_UndefinedInst
                                  fff8065e         2   func ,g         1
  _Excep_FloatingPoint
                                  fff80660         2   func ,g         1
  _NonMaskableInterrupt
                                  fff80662         2   func ,g         1
  _Dummy
                                  fff80664         2   func ,g        13
  _Excep_BRK
                                  fff80666         f   func ,g         0
  _Excep_BSC_BUSERR
                                  fff80675         2   func ,g         0
  _Excep_FCU_FIFERR
                                  fff80677         2   func ,g         0
  _Excep_FCU_FRDYI
                                  fff80679         2   func ,g         0
  _Excep_ICU_SWINT
                                  fff8067b         2   func ,g         0
  _Excep_CMT3_CMI3
                                  fff8067d         2   func ,g         0
  _Excep_USB0_D0FIFO0
                                  fff8067f         2   func ,g         0
  _Excep_USB0_D1FIFO0
                                  fff80681         2   func ,g         0
  _Excep_USB0_USBI0
                                  fff80683         2   func ,g         0
  _Excep_CAC_FERRF
                                  fff80685         2   func ,g         0
  _Excep_CAC_MENDF
                                  fff80687         2   func ,g         0
  _Excep_CAC_OVFF
                                  fff80689         2   func ,g         0
  _Excep_RSPI0_SPRI0
                                  fff8068b         2   func ,g         0
  _Excep_RSPI0_SPTI0
                                  fff8068d         2   func ,g         0
  _Excep_RSPI0_SPII0
                                  fff8068f         2   func ,g         0
  _Excep_RSPI1_SPRI1
                                  fff80691         2   func ,g         0
  _Excep_RSPI1_SPTI1
                                  fff80693         2   func ,g         0
  _Excep_RSPI1_SPII1
                                  fff80695         2   func ,g         0
  _Excep_CAN1_RXF1
                                  fff80697         2   func ,g         0
  _Excep_CAN1_TXF1
                                  fff80699         2   func ,g         0
  _Excep_CAN1_RXM1
                                  fff8069b         2   func ,g         0
  _Excep_CAN1_TXM1
                                  fff8069d         2   func ,g         0
  _Excep_GPT7_GTCIA7
                                  fff8069f         2   func ,g         0
  _Excep_GPT7_GTCIB7
                                  fff806a1         2   func ,g         0
  _Excep_GPT7_GTCIC7
                                  fff806a3         2   func ,g         0
  _Excep_GPT7_GTCIE7
                                  fff806a5         2   func ,g         0
  _Excep_GPT7_GTCIV7
                                  fff806a7         2   func ,g         0
  _Excep_CMP_CMP4
                                  fff806a9         2   func ,g         0
  _Excep_CMP_CMP5
                                  fff806ab         2   func ,g         0
  _Excep_CMP_CMP6
                                  fff806ad         2   func ,g         0
  _Excep_DOC_DOPCF
                                  fff806af         2   func ,g         0
  _Excep_DPC_RBI0
                                  fff806b1         2   func ,g         0
  _Excep_DPC_RBI1
                                  fff806b3         2   func ,g         0
  _Excep_DPC_RBI2
                                  fff806b5         2   func ,g         0
  _Excep_DPC_RBI3
                                  fff806b7         2   func ,g         0
  _Excep_DPC_RBI4
                                  fff806b9         2   func ,g         0
  _Excep_ICU_IRQ0
                                  fff806bb         2   func ,g         0
  _Excep_ICU_IRQ1
                                  fff806bd         2   func ,g         0
  _Excep_ICU_IRQ2
                                  fff806bf         2   func ,g         0
  _Excep_ICU_IRQ3
                                  fff806c1         2   func ,g         0
  _Excep_ICU_IRQ4
                                  fff806c3         2   func ,g         0
  _Excep_ICU_IRQ5
                                  fff806c5         2   func ,g         0
  _Excep_ICU_IRQ6
                                  fff806c7         2   func ,g         0
  _Excep_ICU_IRQ7
                                  fff806c9         2   func ,g         0
  _Excep_USB_USBR0
                                  fff806cb         2   func ,g         0
  _Excep_AD_ADI0
                                  fff806cd         2   func ,g         0
  _Excep_S12AD_S12GBADI
                                  fff806cf         2   func ,g         0
  _Excep_S12AD1_S12GBADI1
                                  fff806d1         2   func ,g         0
  _Excep_ICU_GROUP0
                                  fff806d3         2   func ,g         0
  _Excep_ICU_GROUP12
                                  fff806d5         2   func ,g         0
  _Excep_SCI12_SCIX0
                                  fff806d7         2   func ,g         0
  _Excep_SCI12_SCIX1
                                  fff806d9         2   func ,g         0
  _Excep_SCI12_SCIX2
                                  fff806db         2   func ,g         0
  _Excep_SCI12_SCIX3
                                  fff806dd         2   func ,g         0
  _Excep_MTU0_TGIA0
                                  fff806df         2   func ,g         0
  _Excep_MTU0_TGIB0
                                  fff806e1         2   func ,g         0
  _Excep_MTU0_TGIC0
                                  fff806e3         2   func ,g         0
  _Excep_MTU0_TGID0
                                  fff806e5         2   func ,g         0
  _Excep_MTU0_TCIV0
                                  fff806e7         2   func ,g         0
  _Excep_MTU0_TGIE0
                                  fff806e9         2   func ,g         0
  _Excep_MTU0_TGIF0
                                  fff806eb         2   func ,g         0
  _Excep_MTU1_TGIA1
                                  fff806ed         2   func ,g         0
  _Excep_MTU1_TGIB1
                                  fff806ef         2   func ,g         0
  _Excep_MTU1_TCIV1
                                  fff806f1         2   func ,g         0
  _Excep_MTU1_TCIU1
                                  fff806f3         2   func ,g         0
  _Excep_MTU2_TGIA2
                                  fff806f5         2   func ,g         0
  _Excep_MTU2_TGIB2
                                  fff806f7         2   func ,g         0
  _Excep_MTU2_TCIV2
                                  fff806f9         2   func ,g         0
  _Excep_MTU2_TCIU2
                                  fff806fb         2   func ,g         0
  _Excep_MTU3_TGIA3
                                  fff806fd         2   func ,g         0
  _Excep_MTU3_TGIB3
                                  fff806ff         2   func ,g         0
  _Excep_MTU3_TGIC3
                                  fff80701         2   func ,g         0
  _Excep_MTU3_TGID3
                                  fff80703         2   func ,g         0
  _Excep_MTU3_TCIV3
                                  fff80705         2   func ,g         0
  _Excep_MTU4_TGIA4
                                  fff80707         2   func ,g         0
  _Excep_MTU4_TGIB4
                                  fff80709         2   func ,g         0
  _Excep_MTU4_TGIC4
                                  fff8070b         2   func ,g         0
  _Excep_MTU4_TGID4
                                  fff8070d         2   func ,g         0
  _Excep_MTU4_TCIV4
                                  fff8070f         2   func ,g         0
  _Excep_MTU5_TGIU5
                                  fff80711         2   func ,g         0
  _Excep_MTU5_TGIV5
                                  fff80713         2   func ,g         0
  _Excep_MTU5_TGIW5
                                  fff80715         2   func ,g         0
  _Excep_MTU6_TGIA6
                                  fff80717         2   func ,g         0
  _Excep_MTU6_TGIB6
                                  fff80719         2   func ,g         0
  _Excep_MTU6_TGIC6
                                  fff8071b         2   func ,g         0
  _Excep_MTU6_TGID6
                                  fff8071d         2   func ,g         0
  _Excep_MTU6_TCIV6
                                  fff8071f         2   func ,g         0
  _Excep_MTU7_TGIA7
                                  fff80721         2   func ,g         0
  _Excep_MTU7_TGIB7
                                  fff80723         2   func ,g         0
  _Excep_MTU7_TGIC7
                                  fff80725         2   func ,g         0
  _Excep_MTU7_TGID7
                                  fff80727         2   func ,g         0
  _Excep_MTU7_TCIV7
                                  fff80729         2   func ,g         0
  _Excep_POE_OEI1
                                  fff8072b         2   func ,g         0
  _Excep_POE_OEI2
                                  fff8072d         2   func ,g         0
  _Excep_POE_OEI3
                                  fff8072f         2   func ,g         0
  _Excep_POE_OEI4
                                  fff80731         2   func ,g         0
  _Excep_POE_OEI5
                                  fff80733         2   func ,g         0
  _Excep_CMP_CMP0
                                  fff80735         2   func ,g         0
  _Excep_CMP_CMP1
                                  fff80737         2   func ,g         0
  _Excep_CMP_CMP2
                                  fff80739         2   func ,g         0
  _Excep_GPT4_GTCIA4
                                  fff8073b         2   func ,g         0
  _Excep_GPT4_GTCIB4
                                  fff8073d         2   func ,g         0
  _Excep_GPT4_GTCIC4
                                  fff8073f         2   func ,g         0
  _Excep_GPT4_GTCIE4
                                  fff80741         2   func ,g         0
  _Excep_GPT4_GTCIV4
                                  fff80743         2   func ,g         0
  _Excep_GPT4_LOCOI4
                                  fff80745         2   func ,g         0
  _Excep_GPT5_GTCIA5
                                  fff80747         2   func ,g         0
  _Excep_GPT5_GTCIB5
                                  fff80749         2   func ,g         0
  _Excep_GPT5_GTCIC5
                                  fff8074b         2   func ,g         0
  _Excep_GPT5_GTCIE5
                                  fff8074d         2   func ,g         0
  _Excep_GPT5_GTCIV5
                                  fff8074f         2   func ,g         0
  _Excep_GPT6_GTCIA6
                                  fff80751         2   func ,g         0
  _Excep_GPT6_GTCIB6
                                  fff80753         2   func ,g         0
  _Excep_GPT6_GTCIC6
                                  fff80755         2   func ,g         0
  _Excep_GPT6_GTCIE6
                                  fff80757         2   func ,g         0
  _Excep_GPT6_GTCIV6
                                  fff80759         2   func ,g         0
  _Excep_RIIC1_EEI1
                                  fff8075b         2   func ,g         0
  _Excep_RIIC1_RXI1
                                  fff8075d         2   func ,g         0
  _Excep_RIIC1_TXI1
                                  fff8075f         2   func ,g         0
  _Excep_RIIC1_TEI1
                                  fff80761         2   func ,g         0
  _Excep_RIIC0_EEI0
                                  fff80763         2   func ,g         0
  _Excep_RIIC0_RXI0
                                  fff80765         2   func ,g         0
  _Excep_RIIC0_TXI0
                                  fff80767         2   func ,g         0
  _Excep_RIIC0_TEI0
                                  fff80769         2   func ,g         0
  _Excep_DMAC_DMAC0I
                                  fff8076b         2   func ,g         0
  _Excep_DMAC_DMAC1I
                                  fff8076d         2   func ,g         0
  _Excep_DMAC_DMAC2I
                                  fff8076f         2   func ,g         0
  _Excep_DMAC_DMAC3I
                                  fff80771         2   func ,g         0
  _Excep_SCI0_TEI0
                                  fff80773         2   func ,g         0
  _Excep_SCI1_TEI1
                                  fff80775         2   func ,g         0
  _Excep_SCI2_RXI2
                                  fff80777         2   func ,g         0
  _Excep_SCI2_TXI2
                                  fff80779         2   func ,g         0
  _Excep_SCI2_TEI2
                                  fff8077b         2   func ,g         0
  _Excep_SCI3_RXI3
                                  fff8077d         2   func ,g         0
  _Excep_SCI3_TXI3
                                  fff8077f         2   func ,g         0
  _Excep_SCI3_TEI3
                                  fff80781         2   func ,g         0
  _Excep_GPT0_GTCIA0
                                  fff80783         2   func ,g         0
  _Excep_GPT0_GTCIB0
                                  fff80785         2   func ,g         0
  _Excep_GPT0_GTCIC0
                                  fff80787         2   func ,g         0
  _Excep_GPT0_GTCIE0
                                  fff80789         2   func ,g         0
  _Excep_GPT0_GTCIV0
                                  fff8078b         2   func ,g         0
  _Excep_GPT0_LOCOI0
                                  fff8078d         2   func ,g         0
  _Excep_GPT1_GTCIA1
                                  fff8078f         2   func ,g         0
  _Excep_GPT1_GTCIB1
                                  fff80791         2   func ,g         0
  _Excep_GPT1_GTCIC1
                                  fff80793         2   func ,g         0
  _Excep_GPT1_GTCIE1
                                  fff80795         2   func ,g         0
  _Excep_GPT1_GTCIV1
                                  fff80797         2   func ,g         0
  _Excep_GPT2_GTCIA2
                                  fff80799         2   func ,g         0
  _Excep_GPT2_GTCIB2
                                  fff8079b         2   func ,g         0
  _Excep_GPT2_GTCIC2
                                  fff8079d         2   func ,g         0
  _Excep_GPT2_GTCIE2
                                  fff8079f         2   func ,g         0
  _Excep_GPT2_GTCIV2
                                  fff807a1         2   func ,g         0
  _Excep_GPT3_GTCIA3
                                  fff807a3         2   func ,g         0
  _Excep_GPT3_GTCIB3
                                  fff807a5         2   func ,g         0
  _Excep_GPT3_GTCIC3
                                  fff807a7         2   func ,g         0
  _Excep_GPT3_GTCIE3
                                  fff807a9         2   func ,g         0
  _Excep_GPT3_GTCIV3
                                  fff807ab         2   func ,g         0
  _Excep_SCI12_RXI12
                                  fff807ad         2   func ,g         0
  _Excep_SCI12_TXI12
                                  fff807af         2   func ,g         0
  _Excep_SCI12_TEI12
                                  fff807b1         2   func ,g         0

SECTION=P
FILE=.\src\startup\hardware_setup.obj
                                  fff807b3  fff8091a       168
  _HardwareSetup
                                  fff807b3        a3   func ,g         1
  _wait
                                  fff80856        c5   func ,g         2
FILE=.\src\startup\sbrk.obj
                                  fff8091b  fff80956        3c
  _sbrk
                                  fff8091b        3c   func ,g         0
FILE=.\src\matSystem\BatteryCheck.obj
                                  fff80957  fff80a0a        b4
  BatteryCheck()
                                  fff80957        b4   func ,g         1
FILE=.\src\matSystem\Connecter.obj
                                  fff80a0b  fff80f37       52d
  __Connecter_Activate
                                  fff80a0b         5   func ,g         1
  __Connecter_Recieve
                                  fff80a10       323   func ,g         1
  __Connecter_Transmit
                                  fff80d33        6f   func ,g         1
  _Connecter_Send
                                  fff80da2        a2   func ,g         a
  _Connecter_SendFloat
                                  fff80e44        32   func ,g         c
  _Connecter_SendInt
                                  fff80e76        32   func ,g         0
  _Execute
                                  fff80ea8        66   func ,l         1
  _Connecter_InputToHardwarePort
                                  fff80f0e        17   func ,g         1
  _Connecter_RegistHardwarePort
                                  fff80f25        13   func ,g         1
FILE=.\src\matSystem\Main.obj
                                  fff80f38  fff80fce        97
  _main
                                  fff80f38        46   func ,g         1
  Timer1_Callback()
                                  fff80f7e        4b   func ,l         1
  Timer3_Callback()
                                  fff80fc9         5   func ,l         1
  _abort
                                  fff80fce         1   func ,g         1
FILE=.\src\matSystem\System.obj
                                  fff80fcf  fff81098        ca
  __System_ClockStart
                                  fff80fcf         a   func ,g         2
  __System_ClockStop
                                  fff80fd9         a   func ,g         1
  __System_SetTime
                                  fff80fe3         e   func ,g         1
  __System_Loop
                                  fff80ff1        1b   func ,g         1
  __System_Do
                                  fff8100c        57   func ,g         1
  _System_Log
                                  fff81063        36   func ,g         0
FILE=.\src\UserApplication\App.obj
                                  fff81099  fff81c15       b7d
  _Initialize
                                  fff81099        7b   func ,g         1
  _MainLoop
                                  fff81114         1   func ,g         1
  __SystemClockCallBack
                                  fff81115        93   func ,g         1
  Timer2Callback()
                                  fff811a8       1e4   func ,l         1
  DIO3Callback()
                                  fff8138c         1   func ,l         1
  BluetoothCallback(DUALSHOCK3)
                                  fff8138d       7d4   func ,l         1
  StartAimMode()
                                  fff81b61        46   func ,l         1
  EndAimMode()
                                  fff81ba7        42   func ,l         4
  Sleep()
                                  fff81be9        2d   func ,l         2
FILE=.\src\Modules\micon\CMT.obj
                                  fff81c16  fff81dfb       1e6
  _CMT_init
                                  fff81c16        2d   func ,g         1
  _CMT0_Set
                                  fff81c43        5d   func ,g         4
  _CMT0_Start
                                  fff81ca0         c   func ,g         1
  _Excep_CMT0_CMI0
                                  fff81cac        1b   func ,g         0
  _CMT0_Stop
                                  fff81cc7         f   func ,g         1
  _CMT1_Set
                                  fff81cd6        5d   func ,g         4
  _CMT1_Start
                                  fff81d33         c   func ,g         1
  _Excep_CMT1_CMI1
                                  fff81d3f        1b   func ,g         0
  _CMT1_Stop
                                  fff81d5a         f   func ,g         1
  _CMT2_Set
                                  fff81d69        5d   func ,g         4
  _CMT2_Start
                                  fff81dc6         c   func ,g         1
  _Excep_CMT2_CMI2
                                  fff81dd2        1b   func ,g         0
  _CMT2_Stop
                                  fff81ded         f   func ,g         1
FILE=.\src\Modules\micon\DAa.obj
                                  fff81dfc  fff81e6a        6f
  _DAa_init
                                  fff81dfc        55   func ,g         1
  _DA0_SetValue
                                  fff81e51         d   func ,g         1
  _DA1_SetValue
                                  fff81e5e         d   func ,g         1
FILE=.\src\Modules\micon\GPT012.obj
                                  fff81e6b  fff82214       3aa
  _GPT012_init
                                  fff81e6b       2c0   func ,g         1
  _PWM_M1_set
                                  fff8212b        27   func ,g         1
  _PWM_M2_set
                                  fff82152        27   func ,g         1
  _PWM_M3_set
                                  fff82179        27   func ,g         1
  _PWM_M4_set
                                  fff821a0        27   func ,g         1
  _PWM_M5_set
                                  fff821c7        27   func ,g         1
  _PWM_M6_set
                                  fff821ee        27   func ,g         1
FILE=.\src\Modules\micon\GPT456.obj
                                  fff82215  fff8254a       336
  _GPT456_init
                                  fff82215       1fc   func ,g         1
  _Servo1_set
                                  fff82411        4e   func ,g         2
  _Servo1_On
                                  fff8245f         c   func ,g         2
  _Servo1_Off
                                  fff8246b         f   func ,g         0
  _Servo2_set
                                  fff8247a        4e   func ,g         2
  _Servo2_On
                                  fff824c8         c   func ,g         2
  _PWM1_Off
                                  fff824d4         f   func ,g         0
  _BUZZER_set
                                  fff824e3        4e   func ,g         e
  _BUZZER_On
                                  fff82531         c   func ,g         a
  _BUZZER_Off
                                  fff8253d         e   func ,g         6
FILE=.\src\Modules\micon\IO.obj
                                  fff8254b  fff828d3       389
  _IO_LED_init
                                  fff8254b         9   func ,g         1
  _LED_STATUS_R
                                  fff82554        18   func ,g         2
  _LED_STATUS_G
                                  fff8256c        18   func ,g         2
  _LED_STATUS_B
                                  fff82584        19   func ,g         2
  _LED_INFO
                                  fff8259d        19   func ,g         2
  _LED_ERROR
                                  fff825b6        19   func ,g         4
  _IO_Motor_Init
                                  fff825cf        26   func ,g         1
  _ALERT
                                  fff825f5        13   func ,g         1
  _STBY
                                  fff82608        19   func ,g         2
  _Motor1_MODE
                                  fff82621        30   func ,g         4
  _Motor2_MODE
                                  fff82651        2e   func ,g         4
  _Motor3_MODE
                                  fff8267f        32   func ,g         4
  _Motor4_MODE
                                  fff826b1        31   func ,g         4
  _Motor5_MODE
                                  fff826e2        30   func ,g         4
  _Motor6_MODE
                                  fff82712        2f   func ,g         4
  _IO_DIO_Init
                                  fff82741        5b   func ,g         1
  _DIO_1_Out
                                  fff8279c        18   func ,g         2
  _DIO_2_Out
                                  fff827b4        18   func ,g         2
  _DIO_3_Out
                                  fff827cc        16   func ,g         2
  _DIO_4_Out
                                  fff827e2        18   func ,g         2
  _DIO_3_In
                                  fff827fa        40   func ,g         1
  _IO_Multi1_Init
                                  fff8283a        49   func ,g         1
  _Multi1_1_Out
                                  fff82883        1b   func ,g         1
  _Multi1_2_Out
                                  fff8289e        1b   func ,g         1
  _Multi1_3_Out
                                  fff828b9        1b   func ,g         1
FILE=.\src\Modules\micon\S12ADB.obj
                                  fff828d4  fff82b3a       267
  _S12AD_init
                                  fff828d4        ad   func ,g         1
  _S12AD_Sample
                                  fff82981        1f   func ,g         1
  _Excep_S12AD_S12ADI
                                  fff829a0        38   func ,g         0
  _S12ADB_GetVoltage
                                  fff829d8        24   func ,g         3
  _S12AD1_init
                                  fff829fc        b5   func ,g         1
  _S12AD1_Sample
                                  fff82ab1        1f   func ,g         1
  _Excep_S12AD1_S12ADI1
                                  fff82ad0        47   func ,g         0
  _S12AD1_GetVoltage
                                  fff82b17        24   func ,g         1
FILE=.\src\Modules\micon\SCIc.obj
                                  fff82b3b  fff83191       657
  _uart1_init
                                  fff82b3b        d1   func ,g         1
  _uart1_read
                                  fff82c0c        61   func ,g         1
  _uart1_send
                                  fff82c6d        53   func ,g         1
  _Excep_SCI1_RXI1
                                  fff82cc0        c8   func ,g         0
  _Excep_SCI1_TXI1
                                  fff82d88        6c   func ,g         0
  _uart1_set
                                  fff82df4        5f   func ,l         2
  _uart1_clear_errorFlag
                                  fff82e53        16   func ,l         2
  _uart0_init
                                  fff82e69        cc   func ,g         2
  _uart0_read
                                  fff82f35        61   func ,g         2
  _uart0_send
                                  fff82f96        53   func ,g         4
  _Excep_SCI0_RXI0
                                  fff82fe9        c8   func ,g         0
  _Excep_SCI0_TXI0
                                  fff830b1        6c   func ,g         0
  _uart0_set
                                  fff8311d        5f   func ,l         2
  _uart0_clear_errorFlag
                                  fff8317c        16   func ,l         2
FILE=.\src\Modules\AnalogIN.obj
                                  fff83192  fff831bf        2e
  _AnalogIN_Activate
                                  fff83192         5   func ,g         1
  _AnalogIN_Sample
                                  fff83197         5   func ,g         1
  _AnalogIN_GetVoltage
                                  fff8319c        24   func ,g         3
FILE=.\src\Modules\AnalogOUT.obj
                                  fff831c0  fff83214        55
  _AnalogOUT_Activate
                                  fff831c0         5   func ,g         1
  _AnalogOUT1_SetVoltage
                                  fff831c5        28   func ,g         0
  _AnalogOUT2_SetVoltage
                                  fff831ed        28   func ,g         0
FILE=.\src\Modules\Battery.obj
                                  fff83215  fff83278        64
  __Battery_Activate
                                  fff83215         5   func ,g         1
  __Battery_Sample
                                  fff8321a         5   func ,g         1
  __Battery_GetVoltage1
                                  fff8321f        1e   func ,g         1
  __Battery_GetVoltage2
                                  fff8323d        1e   func ,g         1
  __Battery_GetVoltage3
                                  fff8325b        1e   func ,g         1
FILE=.\src\Modules\Bluetooth.obj
                                  fff83279  fff83516       29e
  _Bluetooth_Activate
                                  fff83279        12   func ,g         1
  __Bluetooth_Loop
                                  fff8328b       177   func ,g         1
  _Bluetooth_CommandIn
                                  fff83402        16   func ,g         1
  _Bluetooth_CommandOut
                                  fff83418        6f   func ,l         2
  __Bluetooth_Do
                                  fff83487        6c   func ,g         1
  _Bluetooth_Vibrate1
                                  fff834f3         d   func ,g         1
  _Bluetooth_Vibrate1Long
                                  fff83500         a   func ,g         1
  _Bluetooth_Vibrate2
                                  fff8350a         d   func ,g         1
FILE=.\src\Modules\Buzzer.obj
                                  fff83517  fff838e8       3d2
  _Buzzer_Activate
                                  fff83517         5   func ,g         1
  __Buzzer_Loop
                                  fff8351c       258   func ,g         1
  _Buzzer_On
                                  fff83774        13   func ,g         0
  _Buzzer_Off
                                  fff83787        5d   func ,g         0
  _Buzzer_OneTime
                                  fff837e4        36   func ,g         4
  _Buzzer_StepUp
                                  fff8381a        29   func ,g         2
  _Buzzer_StepDown
                                  fff83843        29   func ,g         1
  _Buzzer_Siren1
                                  fff8386c        29   func ,g         1
  _Buzzer_Siren2
                                  fff83895        2a   func ,g         3
  _Buzzer_LowBattery
                                  fff838bf        2a   func ,g         1
FILE=.\src\Modules\DataLogger.obj
                                  fff838e9  fff839e9       101
  _DataLogger_Activate
                                  fff838e9         d   func ,g         1
  __DataLogger_Loop
                                  fff838f6        1a   func ,g         1
  __DataLogger_Do
                                  fff83910        19   func ,g         0
  _dataLogger1_Do
                                  fff83929         8   func ,l         1
  _DataLogger1_DataIn
                                  fff83931        94   func ,g         1
  _DataLogger1_LoggingStart
                                  fff839c5        13   func ,g         1
  _DataLogger1_LoggingStop
                                  fff839d8         a   func ,g         2
  _DataLogger_Log
                                  fff839e2         8   func ,g         0
FILE=.\src\Modules\DigitalIO.obj
                                  fff839ea  fff83b7d       194
  _DIO_Activate
                                  fff839ea        17   func ,g         1
  __DIO_Loop
                                  fff83a01       12e   func ,g         1
  _DIO_SetInterrupt
                                  fff83b2f        17   func ,g         1
  _DIO1_On
                                  fff83b46         7   func ,g         1
  _DIO1_Off
                                  fff83b4d         7   func ,g         1
  _DIO2_On
                                  fff83b54         7   func ,g         1
  _DIO2_Off
                                  fff83b5b         7   func ,g         1
  _DIO3_On
                                  fff83b62         7   func ,g         0
  _DIO3_Off
                                  fff83b69         7   func ,g         0
  _DIO4_On
                                  fff83b70         7   func ,g         0
  _DIO4_Off
                                  fff83b77         7   func ,g         0
FILE=.\src\Modules\LED.obj
                                  fff83b7e  fff83bc8        4b
  __LED_Activate
                                  fff83b7e         5   func ,g         1
  __LED_R_On
                                  fff83b83         7   func ,g         2
  __LED_G_On
                                  fff83b8a         7   func ,g         1
  __LED_B_On
                                  fff83b91         7   func ,g         2
  __LED_Info_On
                                  fff83b98         7   func ,g         1
  __LED_Error_On
                                  fff83b9f         7   func ,g         3
  __LED_R_Off
                                  fff83ba6         7   func ,g         1
  __LED_G_Off
                                  fff83bad         7   func ,g         0
  __LED_B_Off
                                  fff83bb4         7   func ,g         1
  __LED_Info_Off
                                  fff83bbb         7   func ,g         1
  __LED_Error_Off
                                  fff83bc2         7   func ,g         0
FILE=.\src\Modules\Motor.obj
                                  fff83bc9  fff84795       bcd
  _Motor_Activate
                                  fff83bc9         9   func ,g         1
  _Motor_UnlockSTBY
                                  fff83bd2         7   func ,g         1
  _Motor_LockSTBY
                                  fff83bd9         7   func ,g         1
  _Motor_SetErrorCallback
                                  fff83be0         e   func ,g         0
  __Motor_Loop
                                  fff83bee       384   func ,g         1
  _Motor5_GetDirection
                                  fff83f72         e   func ,g         0
  _Motor5_GetDuty
                                  fff83f80         e   func ,g         0
  _Motor1_DutyIn
                                  fff83f8e        11   func ,g         4
  _Motor1_AccelerationIn
                                  fff83f9f        58   func ,g         2
  _Motor1_DutyOut
                                  fff83ff7        50   func ,l         1
  _Motor2_DutyIn
                                  fff84047        12   func ,g         4
  _Motor2_AccelerationIn
                                  fff84059        5a   func ,g         2
  _Motor2_DutyOut
                                  fff840b3        32   func ,l         1
  _Motor3_DutyIn
                                  fff840e5        12   func ,g         4
  _Motor3_AccelerationIn
                                  fff840f7        5a   func ,g         2
  _Motor3_DutyOut
                                  fff84151        32   func ,l         1
  _Motor4_DutyIn
                                  fff84183        12   func ,g         4
  _Motor4_AccelerationIn
                                  fff84195        5a   func ,g         2
  _Motor4_DutyOut
                                  fff841ef        32   func ,l         1
  _Motor5_DutyIn
                                  fff84221        12   func ,g         a
  _Motor5_AccelerationIn
                                  fff84233        5a   func ,g         6
  _Motor5_DutyOut
                                  fff8428d        32   func ,l         1
  _Motor6_DutyIn
                                  fff842bf        12   func ,g         1
  _Motor6_AccelerationIn
                                  fff842d1        5a   func ,g         0
  _Motor6_DutyOut
                                  fff8432b        32   func ,l         1
  _motor1_SetMode
                                  fff8435d        3e   func ,l         3
  _motor2_SetMode
                                  fff8439b        3e   func ,l         3
  _motor3_SetMode
                                  fff843d9        3e   func ,l         3
  _motor4_SetMode
                                  fff84417        3e   func ,l         3
  _motor5_SetMode
                                  fff84455        3e   func ,l         3
  _motor6_SetMode
                                  fff84493        3e   func ,l         3
  _norm
                                  fff844d1        42   func ,l         6
  __Motor_Do
                                  fff84513        54   func ,g         1
  _motor1_Do
                                  fff84567        7c   func ,l         1
  _motor2_Do
                                  fff845e3        57   func ,l         1
  _motor3_Do
                                  fff8463a        57   func ,l         1
  _motor4_Do
                                  fff84691        57   func ,l         1
  _motor5_Do
                                  fff846e8        57   func ,l         1
  _motor6_Do
                                  fff8473f        57   func ,l         1
FILE=.\src\Modules\Multi.obj
                                  fff84796  fff847c3        2e
  _Multi1_Activate
                                  fff84796        10   func ,g         1
  _Multi1_DOUT1
                                  fff847a6         a   func ,g         0
  _Multi1_DOUT2
                                  fff847b0         a   func ,g         0
  _Multi1_DOUT3
                                  fff847ba         a   func ,g         0
FILE=.\src\Modules\Servo.obj
                                  fff847c4  fff84846        83
  _Servo_Activate
                                  fff847c4        23   func ,g         1
  _Servo1_RotationIn
                                  fff847e7        30   func ,g         1
  _Servo2_RotationIn
                                  fff84817        30   func ,g         1
FILE=.\src\Modules\Timer.obj
                                  fff84847  fff84a5b       215
  __Timer_Activate
                                  fff84847         5   func ,g         1
  __Timer1_Set
                                  fff8484c        a6   func ,g         1
  __Timer1_Start
                                  fff848f2         5   func ,g         1
  __Timer1_Stop
                                  fff848f7         5   func ,g         0
  _Timer2_Set
                                  fff848fc        a6   func ,g         1
  _Timer2_Start
                                  fff849a2         5   func ,g         1
  _Timer2_Stop
                                  fff849a7         5   func ,g         0
  __Timer3_Set
                                  fff849ac        a6   func ,g         1
  __Timer3_Start
                                  fff84a52         5   func ,g         1
  __Timer3_Stop
                                  fff84a57         5   func ,g         0
FILE=.\src\Modules\UART.obj
                                  fff84a5c  fff84aa5        4a
  __UART1_Activate
                                  fff84a5c         5   func ,g         1
  __UART1_GetRecievedData
                                  fff84a61        10   func ,g         1
  __UART1_TransmitData
                                  fff84a71        10   func ,g         2
  __UART0_Activate
                                  fff84a81         5   func ,g         0
  __UART0_GetRecievedData
                                  fff84a86        10   func ,g         0
  __UART0_TransmitData
                                  fff84a96        10   func ,g         0
FILE=.\src\DataConverter.obj
                                  fff84aa6  fff84c79       1d4
  IntParse(unsigned char)
                                  fff84aa6        53   func ,l         1
  _StringToWORD
                                  fff84af9        45   func ,g         2
  _BitsToFloat
                                  fff84b3e        3a   func ,g         6
  _BitsToInt
                                  fff84b78        3c   func ,g         2
  _BitsToDUALSHOCK3
                                  fff84bb4        4f   func ,g         1
  _FloatToBits
                                  fff84c03        3c   func ,g         1
  _IntToBits
                                  fff84c3f        3b   func ,g         1
FILE=cppinit
                                  fff84c7a  fff84c99        20
  __CALL_INIT
                                  fff84c7a        1c   func ,g         1
  __CALL_END
                                  fff84c96         4   func ,g         1
FILE=__initsct
                                  fff84c9a  fff84ce3        4a
  __INITSCT
                                  fff84c9a         0   none ,g         1
  loop1
                                  fff84cac         0   none ,l         1
  next_loop1
                                  fff84cba         0   none ,l         2
  loop3
                                  fff84ccc         0   none ,l         1
  next_loop3
                                  fff84cdd         0   none ,l         2
FILE=static_init
                                  fff84ce4  fff84d49        66
  __call_dtors()
                                  fff84ce4        66   func ,g         1
FILE=dtor_list
                                  fff84d4a  fff84d94        4b
  __process_needed_destructions()
                                  fff84d4a        26   func ,g         2
  ___already_marked_for_destruction
                                  fff84d70         6   func ,g         1
  ___record_needed_destruction
                                  fff84d76        1d   func ,g         0
  ___std__needed_destruction_list
                                  fff84d93         2   func ,g         0
FILE=error
                                  fff84d95  fff84d98         4
  ___abort_execution
                                  fff84d95         4   func ,g         1

SECTION=FIXEDVECT
FILE=.\src\Modules\micon\vector_table.obj
                                  ffffff80  ffffffff        80
  _Fixed_Vectors
                                  ffffff80        80   data ,g         0

*** Unfilled Areas ***

AREA                                START    END

*** Delete Symbols ***

SYMBOL                                SIZE    INFO
