Renesas Optimizing Linker (W2.01.00 )             07-Sep-2016 00:14:38

*** Options ***

-subcommand=LinkerSubCommand.tmp
-input="./src/startup/dbsct.obj"
-input="./src/startup/hardware_setup.obj"
-input="./src/startup/reset_program.obj"
-input="./src/startup/sbrk.obj"
-input="./src/matSystem/BatteryCheck.obj"
-input="./src/matSystem/Connecter.obj"
-input="./src/matSystem/Main.obj"
-input="./src/UserApplication/App.obj"
-input="./src/Modules/micon/CMT.obj"
-input="./src/Modules/micon/DAa.obj"
-input="./src/Modules/micon/GPT012.obj"
-input="./src/Modules/micon/GPT46.obj"
-input="./src/Modules/micon/IO.obj"
-input="./src/Modules/micon/S12ADB.obj"
-input="./src/Modules/micon/SCIc.obj"
-input="./src/Modules/micon/interrupt_handlers.obj"
-input="./src/Modules/micon/vector_table.obj"
-input="./src/Modules/AnalogIN.obj"
-input="./src/Modules/AnalogOUT.obj"
-input="./src/Modules/Battery.obj"
-input="./src/Modules/Bluetooth.obj"
-input="./src/Modules/Buzzer.obj"
-input="./src/Modules/LED.obj"
-input="./src/Modules/Motor.obj"
-input="./src/Modules/Servo.obj"
-input="./src/Modules/Timer.obj"
-input="./src/Modules/UART.obj"
-input="./src/DataConverter.obj"
-start=SU,SI,B_1,R_1,B_2,R_2,B,R/04,PResetPRG,C_1,C_2,C,C$*,D*,W*,L,PIntPRG,P/0FFF80000,FIXEDVECT/0FFFFFF80
-library=F:\GitHub\ROBOTC~1\HARDWA~2\RobotCore1Framework.lib
-list=RobotCore1Framework.map
-show
-nooptimize
-debug
-output=F:\GitHub\RobotCore1Frameware\HardwareDebug\RobotCore1Framework.abs
-rom=D=R,D_1=R_1,D_2=R_2
-nocompress
-nomessage
-nologo

*** Error information ***

*** Mapping List ***

SECTION                            START      END         SIZE   ALIGN

SU
                                  00000004  00000103       100   4
SI
                                  00000104  00000403       300   4
B_1
                                  00000404  0000144e      104b   1
R_1
                                  0000144f  00001456         8   1
B_2
                                  00001458  00001465         e   2
R_2
                                  00001466  00001487        22   2
B
                                  00001488  00001947       4c0   4
R
                                  00001948  0000198f        48   4
PResetPRG
                                  fff80000  fff80038        39   1
C_1
                                  fff80039  fff80039         0   1
C_2
                                  fff80039  fff80039         0   1
C
                                  fff8003c  fff8006f        34   4
C$DSEC
                                  fff80070  fff80093        24   4
C$BSEC
                                  fff80094  fff800ab        18   4
C$INIT
                                  fff800ac  fff800ac         0   1
C$VECT
                                  fff800ac  fff804ab       400   4
C$VTBL
                                  fff804ac  fff804ac         0   1
D
                                  fff804ac  fff804f3        48   4
D_1
                                  fff804f4  fff804fb         8   1
D_2
                                  fff804fc  fff8051d        22   2
W
                                  fff80520  fff80520         0   4
W_1
                                  fff80520  fff8052f        10   1
W_2
                                  fff80530  fff80530         0   2
L
                                  fff80530  fff80589        5a   4
PIntPRG
                                  fff8058a  fff806e6       15d   1
P
                                  fff806e7  fff830d2      29ec   1
FIXEDVECT
                                  ffffff80  ffffffff        80   4

*** Symbol List ***

SECTION=
FILE=                               START        END    SIZE
  SYMBOL                            ADDR        SIZE    INFO      COUNTS  OPT

SECTION=SU
FILE=.\src\startup\reset_program.obj
                                  00000004  00000103       100

SECTION=SI
FILE=.\src\startup\reset_program.obj
                                  00000104  00000403       300

SECTION=B_1
FILE=.\src\matSystem\Connecter.obj
                                  00000404  00000c43       840
  _line
                                  00000404        40   data ,g         a
  _TransmitDataBufferA
                                  00000444       400   data ,g         3
  _TransmitDataBufferB
                                  00000844       400   data ,g         3
FILE=.\src\Modules\micon\SCIc.obj
                                  00000c44  00001444       801
  _uart1_bufR_A
                                  00000c44       400   data ,g         2
  _uart1_bufR_B
                                  00001044       400   data ,g         2
  _uart0_data
                                  00001444         1   data ,g         2
FILE=.\src\Modules\Motor.obj
                                  00001445  0000144a         6
  _direction
                                  00001445         6   data ,g        12
FILE=.\src\DataConverter.obj
                                  0000144b  0000144e         4
  _bytes
                                  0000144b         4   data ,g         5

SECTION=R_1
FILE=.\src\matSystem\Connecter.obj
                                  0000144f  00001452         4
  _line_index
                                  0000144f         1   data ,g         5
  _BufferA_Count
                                  00001450         1   data ,g         7
  _BufferB_Count
                                  00001451         1   data ,g         7
  _BufferAisSelected
                                  00001452         1   data ,g         5
FILE=.\src\UserApplication\App.obj
                                  00001453  00001453         1
  _i
                                  00001453         1   data ,g         5
FILE=.\src\Modules\micon\SCIc.obj
                                  00001454  00001456         3
  _flag_RXI0
                                  00001454         1   data ,g         4
  _flag_TXI0
                                  00001455         1   data ,g         1
  _uart1_bufSelect
                                  00001456         1   data ,g         3

SECTION=B_2
FILE=.\src\Modules\micon\S12ADB.obj
                                  00001458  00001465         e
  _values
                                  00001458         6   data ,g         4
  _values1
                                  0000145e         8   data ,g         5

SECTION=R_2
FILE=.\src\UserApplication\App.obj
                                  00001466  00001475        10
  _orderBuffer
                                  00001466        10   data ,g         2
FILE=.\src\Modules\micon\SCIc.obj
                                  00001476  0000147d         8
  _uart1_bufR_index_A
                                  00001476         2   data ,g         4
  _uart1_bufR_index_B
                                  00001478         2   data ,g         4
  _uart1_bufT_index
                                  0000147a         2   data ,g         6
  _uart1_bufT_maxCount
                                  0000147c         2   data ,g         5
FILE=.\src\Modules\Buzzer.obj
                                  0000147e  00001487         a
  _oneTime
                                  0000147e         2   data ,g         6
  _stepUp
                                  00001480         2   data ,g         6
  _stepDown
                                  00001482         2   data ,g         6
  _siren1
                                  00001484         2   data ,g         7
  _siren1Fq
                                  00001486         2   data ,g         4

SECTION=B
FILE=.\src\startup\sbrk.obj
                                  00001488  00001887       400
  _heap_area
                                  00001488       400   data ,l         2
FILE=.\src\matSystem\Connecter.obj
                                  00001888  0000190b        84
  _RecievedData
                                  00001888         4   data ,g         2
  _Inputs
                                  0000188c        80   data ,g         0
FILE=.\src\Modules\micon\CMT.obj
                                  0000190c  0000190f         4
  _callback1
                                  0000190c         4   data ,g         2
FILE=.\src\Modules\micon\SCIc.obj
                                  00001910  00001913         4
  _uart1_bufT
                                  00001910         4   data ,g         3
FILE=.\src\Modules\Motor.obj
                                  00001914  00001943        30
  _trgDuty
                                  00001914        18   data ,g        13
  _actualDuty
                                  0000192c        18   data ,g        16
FILE=dtor_list
                                  00001944  00001947         4
  _needed_destruction_head
                                  00001944         4   data ,l         2

SECTION=R
FILE=.\src\startup\sbrk.obj
                                  00001948  0000194b         4
  _brk
                                  00001948         4   data ,l         3
FILE=.\src\Modules\Motor.obj
                                  0000194c  0000197b        30
  _motor1_DutyIn_State
                                  0000194c         4   data ,g         2
  _motor2_DutyIn_State
                                  00001950         4   data ,g         2
  _motor3_DutyIn_State
                                  00001954         4   data ,g         2
  _motor4_DutyIn_State
                                  00001958         4   data ,g         2
  _motor5_DutyIn_State
                                  0000195c         4   data ,g         2
  _motor6_DutyIn_State
                                  00001960         4   data ,g         2
  _motor1_DutyOut_State
                                  00001964         4   data ,g         3
  _motor2_DutyOut_State
                                  00001968         4   data ,g         3
  _motor3_DutyOut_State
                                  0000196c         4   data ,g         3
  _motor4_DutyOut_State
                                  00001970         4   data ,g         3
  _motor5_DutyOut_State
                                  00001974         4   data ,g         3
  _motor6_DutyOut_State
                                  00001978         4   data ,g         3
FILE=static_init
                                  0000197c  00001983         8
  _use_patch_info
                                  0000197c         4   data ,l         1
  _dtors_done$1
                                  00001980         4   data ,l         1
FILE=munch_dtors
                                  00001984  00001987         4
  __dtors
                                  00001984         4   data ,g         1
FILE=vars
                                  00001988  0000198f         8
  __new_handler
                                  00001988         4   data ,g         0
  ___head
                                  0000198c         4   data ,g         1

SECTION=PResetPRG
FILE=.\src\startup\reset_program.obj
                                  fff80000  fff80038        39
  _PowerON_Reset_PC
                                  fff80000        39   entry,g         1

SECTION=C
FILE=.\src\startup\dbsct.obj
                                  fff8003c  fff8006f        34
  __CTBL
                                  fff8003c        34   data ,g         0

SECTION=C$DSEC
FILE=.\src\startup\dbsct.obj
                                  fff80070  fff80093        24
  __DTBL
                                  fff80070        24   data ,g         0

SECTION=C$BSEC
FILE=.\src\startup\dbsct.obj
                                  fff80094  fff800ab        18
  __BTBL
                                  fff80094        18   data ,g         0

SECTION=C$VECT
FILE=.\src\startup\dbsct.obj
                                  fff800ac  fff804ab       400

SECTION=D
FILE=.\src\startup\sbrk.obj
                                  fff804ac  fff804af         4
FILE=.\src\Modules\Motor.obj
                                  fff804b0  fff804df        30
FILE=static_init
                                  fff804e0  fff804e7         8
FILE=munch_dtors
                                  fff804e8  fff804eb         4
FILE=vars
                                  fff804ec  fff804f3         8

SECTION=D_1
FILE=.\src\matSystem\Connecter.obj
                                  fff804f4  fff804f7         4
FILE=.\src\UserApplication\App.obj
                                  fff804f8  fff804f8         1
FILE=.\src\Modules\micon\SCIc.obj
                                  fff804f9  fff804fb         3

SECTION=D_2
FILE=.\src\UserApplication\App.obj
                                  fff804fc  fff8050b        10
FILE=.\src\Modules\micon\SCIc.obj
                                  fff8050c  fff80513         8
FILE=.\src\Modules\Buzzer.obj
                                  fff80514  fff8051d         a

SECTION=W_1
FILE=.\src\Modules\Motor.obj
                                  fff80520  fff80525         6
FILE=.\src\DataConverter.obj
                                  fff80526  fff8052f         a

SECTION=L
FILE=.\src\UserApplication\App.obj
                                  fff80530  fff8055e        2f
FILE=.\src\Modules\Motor.obj
                                  fff80560  fff80589        2a

SECTION=PIntPRG
FILE=.\src\Modules\micon\interrupt_handlers.obj
                                  fff8058a  fff806e6       15d
  _Excep_SuperVisorInst
                                  fff8058a         2   func ,g         1
  _Excep_AccessInst
                                  fff8058c         2   func ,g         1
  _Excep_UndefinedInst
                                  fff8058e         2   func ,g         1
  _Excep_FloatingPoint
                                  fff80590         2   func ,g         1
  _NonMaskableInterrupt
                                  fff80592         2   func ,g         1
  _Dummy
                                  fff80594         2   func ,g        13
  _Excep_BRK
                                  fff80596         f   func ,g         0
  _Excep_BSC_BUSERR
                                  fff805a5         2   func ,g         0
  _Excep_FCU_FIFERR
                                  fff805a7         2   func ,g         0
  _Excep_FCU_FRDYI
                                  fff805a9         2   func ,g         0
  _Excep_ICU_SWINT
                                  fff805ab         2   func ,g         0
  _Excep_CMT1_CMI1
                                  fff805ad         2   func ,g         0
  _Excep_CMT2_CMI2
                                  fff805af         2   func ,g         0
  _Excep_CMT3_CMI3
                                  fff805b1         2   func ,g         0
  _Excep_USB0_D0FIFO0
                                  fff805b3         2   func ,g         0
  _Excep_USB0_D1FIFO0
                                  fff805b5         2   func ,g         0
  _Excep_USB0_USBI0
                                  fff805b7         2   func ,g         0
  _Excep_CAC_FERRF
                                  fff805b9         2   func ,g         0
  _Excep_CAC_MENDF
                                  fff805bb         2   func ,g         0
  _Excep_CAC_OVFF
                                  fff805bd         2   func ,g         0
  _Excep_RSPI0_SPRI0
                                  fff805bf         2   func ,g         0
  _Excep_RSPI0_SPTI0
                                  fff805c1         2   func ,g         0
  _Excep_RSPI0_SPII0
                                  fff805c3         2   func ,g         0
  _Excep_RSPI1_SPRI1
                                  fff805c5         2   func ,g         0
  _Excep_RSPI1_SPTI1
                                  fff805c7         2   func ,g         0
  _Excep_RSPI1_SPII1
                                  fff805c9         2   func ,g         0
  _Excep_CAN1_RXF1
                                  fff805cb         2   func ,g         0
  _Excep_CAN1_TXF1
                                  fff805cd         2   func ,g         0
  _Excep_CAN1_RXM1
                                  fff805cf         2   func ,g         0
  _Excep_CAN1_TXM1
                                  fff805d1         2   func ,g         0
  _Excep_GPT7_GTCIA7
                                  fff805d3         2   func ,g         0
  _Excep_GPT7_GTCIB7
                                  fff805d5         2   func ,g         0
  _Excep_GPT7_GTCIC7
                                  fff805d7         2   func ,g         0
  _Excep_GPT7_GTCIE7
                                  fff805d9         2   func ,g         0
  _Excep_GPT7_GTCIV7
                                  fff805db         2   func ,g         0
  _Excep_CMP_CMP4
                                  fff805dd         2   func ,g         0
  _Excep_CMP_CMP5
                                  fff805df         2   func ,g         0
  _Excep_CMP_CMP6
                                  fff805e1         2   func ,g         0
  _Excep_DOC_DOPCF
                                  fff805e3         2   func ,g         0
  _Excep_DPC_RBI0
                                  fff805e5         2   func ,g         0
  _Excep_DPC_RBI1
                                  fff805e7         2   func ,g         0
  _Excep_DPC_RBI2
                                  fff805e9         2   func ,g         0
  _Excep_DPC_RBI3
                                  fff805eb         2   func ,g         0
  _Excep_DPC_RBI4
                                  fff805ed         2   func ,g         0
  _Excep_ICU_IRQ0
                                  fff805ef         2   func ,g         0
  _Excep_ICU_IRQ1
                                  fff805f1         2   func ,g         0
  _Excep_ICU_IRQ2
                                  fff805f3         2   func ,g         0
  _Excep_ICU_IRQ3
                                  fff805f5         2   func ,g         0
  _Excep_ICU_IRQ4
                                  fff805f7         2   func ,g         0
  _Excep_ICU_IRQ5
                                  fff805f9         2   func ,g         0
  _Excep_ICU_IRQ6
                                  fff805fb         2   func ,g         0
  _Excep_ICU_IRQ7
                                  fff805fd         2   func ,g         0
  _Excep_USB_USBR0
                                  fff805ff         2   func ,g         0
  _Excep_AD_ADI0
                                  fff80601         2   func ,g         0
  _Excep_S12AD_S12GBADI
                                  fff80603         2   func ,g         0
  _Excep_S12AD1_S12GBADI1
                                  fff80605         2   func ,g         0
  _Excep_ICU_GROUP0
                                  fff80607         2   func ,g         0
  _Excep_ICU_GROUP12
                                  fff80609         2   func ,g         0
  _Excep_SCI12_SCIX0
                                  fff8060b         2   func ,g         0
  _Excep_SCI12_SCIX1
                                  fff8060d         2   func ,g         0
  _Excep_SCI12_SCIX2
                                  fff8060f         2   func ,g         0
  _Excep_SCI12_SCIX3
                                  fff80611         2   func ,g         0
  _Excep_MTU0_TGIA0
                                  fff80613         2   func ,g         0
  _Excep_MTU0_TGIB0
                                  fff80615         2   func ,g         0
  _Excep_MTU0_TGIC0
                                  fff80617         2   func ,g         0
  _Excep_MTU0_TGID0
                                  fff80619         2   func ,g         0
  _Excep_MTU0_TCIV0
                                  fff8061b         2   func ,g         0
  _Excep_MTU0_TGIE0
                                  fff8061d         2   func ,g         0
  _Excep_MTU0_TGIF0
                                  fff8061f         2   func ,g         0
  _Excep_MTU1_TGIA1
                                  fff80621         2   func ,g         0
  _Excep_MTU1_TGIB1
                                  fff80623         2   func ,g         0
  _Excep_MTU1_TCIV1
                                  fff80625         2   func ,g         0
  _Excep_MTU1_TCIU1
                                  fff80627         2   func ,g         0
  _Excep_MTU2_TGIA2
                                  fff80629         2   func ,g         0
  _Excep_MTU2_TGIB2
                                  fff8062b         2   func ,g         0
  _Excep_MTU2_TCIV2
                                  fff8062d         2   func ,g         0
  _Excep_MTU2_TCIU2
                                  fff8062f         2   func ,g         0
  _Excep_MTU3_TGIA3
                                  fff80631         2   func ,g         0
  _Excep_MTU3_TGIB3
                                  fff80633         2   func ,g         0
  _Excep_MTU3_TGIC3
                                  fff80635         2   func ,g         0
  _Excep_MTU3_TGID3
                                  fff80637         2   func ,g         0
  _Excep_MTU3_TCIV3
                                  fff80639         2   func ,g         0
  _Excep_MTU4_TGIA4
                                  fff8063b         2   func ,g         0
  _Excep_MTU4_TGIB4
                                  fff8063d         2   func ,g         0
  _Excep_MTU4_TGIC4
                                  fff8063f         2   func ,g         0
  _Excep_MTU4_TGID4
                                  fff80641         2   func ,g         0
  _Excep_MTU4_TCIV4
                                  fff80643         2   func ,g         0
  _Excep_MTU5_TGIU5
                                  fff80645         2   func ,g         0
  _Excep_MTU5_TGIV5
                                  fff80647         2   func ,g         0
  _Excep_MTU5_TGIW5
                                  fff80649         2   func ,g         0
  _Excep_MTU6_TGIA6
                                  fff8064b         2   func ,g         0
  _Excep_MTU6_TGIB6
                                  fff8064d         2   func ,g         0
  _Excep_MTU6_TGIC6
                                  fff8064f         2   func ,g         0
  _Excep_MTU6_TGID6
                                  fff80651         2   func ,g         0
  _Excep_MTU6_TCIV6
                                  fff80653         2   func ,g         0
  _Excep_MTU7_TGIA7
                                  fff80655         2   func ,g         0
  _Excep_MTU7_TGIB7
                                  fff80657         2   func ,g         0
  _Excep_MTU7_TGIC7
                                  fff80659         2   func ,g         0
  _Excep_MTU7_TGID7
                                  fff8065b         2   func ,g         0
  _Excep_MTU7_TCIV7
                                  fff8065d         2   func ,g         0
  _Excep_POE_OEI1
                                  fff8065f         2   func ,g         0
  _Excep_POE_OEI2
                                  fff80661         2   func ,g         0
  _Excep_POE_OEI3
                                  fff80663         2   func ,g         0
  _Excep_POE_OEI4
                                  fff80665         2   func ,g         0
  _Excep_POE_OEI5
                                  fff80667         2   func ,g         0
  _Excep_CMP_CMP0
                                  fff80669         2   func ,g         0
  _Excep_CMP_CMP1
                                  fff8066b         2   func ,g         0
  _Excep_CMP_CMP2
                                  fff8066d         2   func ,g         0
  _Excep_GPT4_GTCIA4
                                  fff8066f         2   func ,g         0
  _Excep_GPT4_GTCIB4
                                  fff80671         2   func ,g         0
  _Excep_GPT4_GTCIC4
                                  fff80673         2   func ,g         0
  _Excep_GPT4_GTCIE4
                                  fff80675         2   func ,g         0
  _Excep_GPT4_GTCIV4
                                  fff80677         2   func ,g         0
  _Excep_GPT4_LOCOI4
                                  fff80679         2   func ,g         0
  _Excep_GPT5_GTCIA5
                                  fff8067b         2   func ,g         0
  _Excep_GPT5_GTCIB5
                                  fff8067d         2   func ,g         0
  _Excep_GPT5_GTCIC5
                                  fff8067f         2   func ,g         0
  _Excep_GPT5_GTCIE5
                                  fff80681         2   func ,g         0
  _Excep_GPT5_GTCIV5
                                  fff80683         2   func ,g         0
  _Excep_GPT6_GTCIA6
                                  fff80685         2   func ,g         0
  _Excep_GPT6_GTCIB6
                                  fff80687         2   func ,g         0
  _Excep_GPT6_GTCIC6
                                  fff80689         2   func ,g         0
  _Excep_GPT6_GTCIE6
                                  fff8068b         2   func ,g         0
  _Excep_GPT6_GTCIV6
                                  fff8068d         2   func ,g         0
  _Excep_RIIC1_EEI1
                                  fff8068f         2   func ,g         0
  _Excep_RIIC1_RXI1
                                  fff80691         2   func ,g         0
  _Excep_RIIC1_TXI1
                                  fff80693         2   func ,g         0
  _Excep_RIIC1_TEI1
                                  fff80695         2   func ,g         0
  _Excep_RIIC0_EEI0
                                  fff80697         2   func ,g         0
  _Excep_RIIC0_RXI0
                                  fff80699         2   func ,g         0
  _Excep_RIIC0_TXI0
                                  fff8069b         2   func ,g         0
  _Excep_RIIC0_TEI0
                                  fff8069d         2   func ,g         0
  _Excep_DMAC_DMAC0I
                                  fff8069f         2   func ,g         0
  _Excep_DMAC_DMAC1I
                                  fff806a1         2   func ,g         0
  _Excep_DMAC_DMAC2I
                                  fff806a3         2   func ,g         0
  _Excep_DMAC_DMAC3I
                                  fff806a5         2   func ,g         0
  _Excep_SCI0_TEI0
                                  fff806a7         2   func ,g         0
  _Excep_SCI1_TEI1
                                  fff806a9         2   func ,g         0
  _Excep_SCI2_RXI2
                                  fff806ab         2   func ,g         0
  _Excep_SCI2_TXI2
                                  fff806ad         2   func ,g         0
  _Excep_SCI2_TEI2
                                  fff806af         2   func ,g         0
  _Excep_SCI3_RXI3
                                  fff806b1         2   func ,g         0
  _Excep_SCI3_TXI3
                                  fff806b3         2   func ,g         0
  _Excep_SCI3_TEI3
                                  fff806b5         2   func ,g         0
  _Excep_GPT0_GTCIA0
                                  fff806b7         2   func ,g         0
  _Excep_GPT0_GTCIB0
                                  fff806b9         2   func ,g         0
  _Excep_GPT0_GTCIC0
                                  fff806bb         2   func ,g         0
  _Excep_GPT0_GTCIE0
                                  fff806bd         2   func ,g         0
  _Excep_GPT0_GTCIV0
                                  fff806bf         2   func ,g         0
  _Excep_GPT0_LOCOI0
                                  fff806c1         2   func ,g         0
  _Excep_GPT1_GTCIA1
                                  fff806c3         2   func ,g         0
  _Excep_GPT1_GTCIB1
                                  fff806c5         2   func ,g         0
  _Excep_GPT1_GTCIC1
                                  fff806c7         2   func ,g         0
  _Excep_GPT1_GTCIE1
                                  fff806c9         2   func ,g         0
  _Excep_GPT1_GTCIV1
                                  fff806cb         2   func ,g         0
  _Excep_GPT2_GTCIA2
                                  fff806cd         2   func ,g         0
  _Excep_GPT2_GTCIB2
                                  fff806cf         2   func ,g         0
  _Excep_GPT2_GTCIC2
                                  fff806d1         2   func ,g         0
  _Excep_GPT2_GTCIE2
                                  fff806d3         2   func ,g         0
  _Excep_GPT2_GTCIV2
                                  fff806d5         2   func ,g         0
  _Excep_GPT3_GTCIA3
                                  fff806d7         2   func ,g         0
  _Excep_GPT3_GTCIB3
                                  fff806d9         2   func ,g         0
  _Excep_GPT3_GTCIC3
                                  fff806db         2   func ,g         0
  _Excep_GPT3_GTCIE3
                                  fff806dd         2   func ,g         0
  _Excep_GPT3_GTCIV3
                                  fff806df         2   func ,g         0
  _Excep_SCI12_RXI12
                                  fff806e1         2   func ,g         0
  _Excep_SCI12_TXI12
                                  fff806e3         2   func ,g         0
  _Excep_SCI12_TEI12
                                  fff806e5         2   func ,g         0

SECTION=P
FILE=.\src\startup\hardware_setup.obj
                                  fff806e7  fff8084e       168
  _HardwareSetup
                                  fff806e7        a3   func ,g         1
  _wait
                                  fff8078a        c5   func ,g         2
FILE=.\src\startup\sbrk.obj
                                  fff8084f  fff8088a        3c
  _sbrk
                                  fff8084f        3c   func ,g         0
FILE=.\src\matSystem\BatteryCheck.obj
                                  fff8088b  fff808fd        73
  BatteryCheck()
                                  fff8088b        73   func ,g         1
FILE=.\src\matSystem\Connecter.obj
                                  fff808fe  fff80c61       364
  __Connecter_Activate
                                  fff808fe         5   func ,g         1
  __Connecter_Recieve
                                  fff80903        72   func ,g         1
  __Connecter_Transmit
                                  fff80975        6f   func ,g         1
  _Decipher
                                  fff809e4       16a   func ,l         1
  _Connecter_Send
                                  fff80b4e        7d   func ,g         4
  _Connecter_SendFloat
                                  fff80bcb        6d   func ,g         c
  _Execute
                                  fff80c38        2a   func ,l         1
FILE=.\src\matSystem\Main.obj
                                  fff80c62  fff80caa        49
  _main
                                  fff80c62        2f   func ,g         1
  Timer1_Caooback()
                                  fff80c91        19   func ,l         1
  _abort
                                  fff80caa         1   func ,g         1
FILE=.\src\UserApplication\App.obj
                                  fff80cab  fff80ecd       223
  _Initialize
                                  fff80cab        21   func ,g         1
  _MainLoop
                                  fff80ccc        73   func ,g         1
  DecipherAndExecute(short *)
                                  fff80d3f       18f   func ,l         1
FILE=.\src\Modules\micon\CMT.obj
                                  fff80ece  fff80f8d        c0
  _CMT_init
                                  fff80ece        2d   func ,g         1
  _CMT0_Set
                                  fff80efb        5d   func ,g         4
  _CMT0_Start
                                  fff80f58         c   func ,g         1
  _Excep_CMT0_CMI0
                                  fff80f64        1b   func ,g         0
  _CMT0_Stop
                                  fff80f7f         f   func ,g         1
FILE=.\src\Modules\micon\DAa.obj
                                  fff80f8e  fff80ffc        6f
  _DAa_init
                                  fff80f8e        55   func ,g         1
  _DA0_SetValue
                                  fff80fe3         d   func ,g         1
  _DA1_SetValue
                                  fff80ff0         d   func ,g         1
FILE=.\src\Modules\micon\GPT012.obj
                                  fff80ffd  fff813a6       3aa
  _GPT012_init
                                  fff80ffd       2c0   func ,g         1
  _PWM_M1_set
                                  fff812bd        27   func ,g         1
  _PWM_M2_set
                                  fff812e4        27   func ,g         1
  _PWM_M3_set
                                  fff8130b        27   func ,g         1
  _PWM_M4_set
                                  fff81332        27   func ,g         1
  _PWM_M5_set
                                  fff81359        27   func ,g         1
  _PWM_M6_set
                                  fff81380        27   func ,g         1
FILE=.\src\Modules\micon\GPT46.obj
                                  fff813a7  fff815de       238
  _GPT46_init
                                  fff813a7       167   func ,g         1
  _PWM1_set
                                  fff8150e        4e   func ,g         2
  _PWM1_On
                                  fff8155c         c   func ,g         2
  _PWM1_Off
                                  fff81568         f   func ,g         0
  _BUZZER_set
                                  fff81577        4e   func ,g         a
  _BUZZER_On
                                  fff815c5         c   func ,g         6
  _BUZZER_Off
                                  fff815d1         e   func ,g         5
FILE=.\src\Modules\micon\IO.obj
                                  fff815df  fff817d4       1f6
  _IO_LED_init
                                  fff815df         9   func ,g         1
  _LED_STATUS_R
                                  fff815e8        19   func ,g         2
  _LED_STATUS_G
                                  fff81601        19   func ,g         2
  _LED_STATUS_B
                                  fff8161a        19   func ,g         2
  _LED_INFO
                                  fff81633        18   func ,g         2
  _LED_ERROR
                                  fff8164b        18   func ,g         3
  _IO_Motor_Init
                                  fff81663        26   func ,g         1
  _ALERT
                                  fff81689        13   func ,g         0
  _STBY
                                  fff8169c        19   func ,g         2
  _Motor1_MODE
                                  fff816b5        30   func ,g         4
  _Motor2_MODE
                                  fff816e5        2e   func ,g         4
  _Motor3_MODE
                                  fff81713        32   func ,g         4
  _Motor4_MODE
                                  fff81745        31   func ,g         4
  _Motor5_MODE
                                  fff81776        30   func ,g         4
  _Motor6_MODE
                                  fff817a6        2f   func ,g         4
FILE=.\src\Modules\micon\S12ADB.obj
                                  fff817d5  fff81a3b       267
  _S12AD_init
                                  fff817d5        ad   func ,g         1
  _S12AD_Sample
                                  fff81882        1f   func ,g         1
  _Excep_S12AD_S12ADI
                                  fff818a1        38   func ,g         0
  _S12ADB_GetVoltage
                                  fff818d9        24   func ,g         3
  _S12AD1_init
                                  fff818fd        b5   func ,g         1
  _S12AD1_Sample
                                  fff819b2        1f   func ,g         1
  _Excep_S12AD1_S12ADI1
                                  fff819d1        47   func ,g         0
  _S12AD1_GetVoltage
                                  fff81a18        24   func ,g         1
FILE=.\src\Modules\micon\SCIc.obj
                                  fff81a3c  fff81f83       548
  _uart1_init
                                  fff81a3c        d1   func ,g         1
  _uart1_read
                                  fff81b0d        61   func ,g         1
  _uart1_send
                                  fff81b6e        53   func ,g         1
  _Excep_SCI1_RXI1
                                  fff81bc1        cf   func ,g         0
  _Excep_SCI1_TXI1
                                  fff81c90        6c   func ,g         0
  _uart1_set
                                  fff81cfc        5f   func ,l         2
  _uart1_clear_errorFlag
                                  fff81d5b        16   func ,l         2
  _uart0_init
                                  fff81d71        cc   func ,g         1
  _uart0_read
                                  fff81e3d        a6   func ,g         1
  _Excep_SCI0_RXI0
                                  fff81ee3        16   func ,g         0
  _Excep_SCI0_TXI0
                                  fff81ef9        16   func ,g         0
  _uart0_set
                                  fff81f0f        5f   func ,l         2
  _uart0_clear_errorFlag
                                  fff81f6e        16   func ,l         2
FILE=.\src\Modules\AnalogIN.obj
                                  fff81f84  fff81fb1        2e
  _AnalogIN_Activate
                                  fff81f84         5   func ,g         1
  _AnalogIN_Sample
                                  fff81f89         5   func ,g         0
  _AnalogIN_GetVoltage
                                  fff81f8e        24   func ,g         0
FILE=.\src\Modules\AnalogOUT.obj
                                  fff81fb2  fff82006        55
  _AnalogOUT_Activate
                                  fff81fb2         5   func ,g         1
  _AnalogOUT1_SetVoltage
                                  fff81fb7        28   func ,g         0
  _AnalogOUT2_SetVoltage
                                  fff81fdf        28   func ,g         0
FILE=.\src\Modules\Battery.obj
                                  fff82007  fff8206a        64
  __Battery_Activate
                                  fff82007         5   func ,g         1
  __Battery_Sample
                                  fff8200c         5   func ,g         1
  __Battery_GetVoltage1
                                  fff82011        1e   func ,g         1
  __Battery_GetVoltage2
                                  fff8202f        1e   func ,g         2
  __Battery_GetVoltage3
                                  fff8204d        1e   func ,g         2
FILE=.\src\Modules\Bluetooth.obj
                                  fff8206b  fff8207d        13
  _Bluetooth_Activate
                                  fff8206b         5   func ,g         1
  _Bluetooth_GetRecieveData
                                  fff82070         e   func ,g         1
FILE=.\src\Modules\Buzzer.obj
                                  fff8207e  fff822d8       25b
  _Buzzer_Activate
                                  fff8207e         5   func ,g         1
  __Buzzer_Loop
                                  fff82083       135   func ,g         1
  _Buzzer_On
                                  fff821b8        13   func ,g         1
  _Buzzer_Off
                                  fff821cb        5d   func ,g         1
  _Buzzer_OneTime
                                  fff82228        36   func ,g         0
  _Buzzer_StepUp
                                  fff8225e        29   func ,g         1
  _Buzzer_StepDown
                                  fff82287        29   func ,g         1
  _Buzzer_Siren1
                                  fff822b0        29   func ,g         1
FILE=.\src\Modules\LED.obj
                                  fff822d9  fff82323        4b
  __LED_Activate
                                  fff822d9         5   func ,g         1
  __LED_R_On
                                  fff822de         7   func ,g         1
  __LED_G_On
                                  fff822e5         7   func ,g         1
  __LED_B_On
                                  fff822ec         7   func ,g         2
  __LED_Info_On
                                  fff822f3         7   func ,g         1
  __LED_Error_On
                                  fff822fa         7   func ,g         2
  __LED_R_Off
                                  fff82301         7   func ,g         1
  __LED_G_Off
                                  fff82308         7   func ,g         1
  __LED_B_Off
                                  fff8230f         7   func ,g         1
  __LED_Info_Off
                                  fff82316         7   func ,g         1
  __LED_Error_Off
                                  fff8231d         7   func ,g         0
FILE=.\src\Modules\Motor.obj
                                  fff82324  fff82d80       a5d
  _Motor_Activate
                                  fff82324         9   func ,g         1
  _Motor_UnlockSTBY
                                  fff8232d         7   func ,g         1
  _Motor_LockSTBY
                                  fff82334         7   func ,g         1
  __Motor_Loop
                                  fff8233b       388   func ,g         1
  _Motor1_DutyIn
                                  fff826c3        4a   func ,g         2
  _Motor1_DutyOut
                                  fff8270d        26   func ,l         1
  _Motor2_DutyIn
                                  fff82733        4c   func ,g         2
  _Motor2_DutyOut
                                  fff8277f        26   func ,l         1
  _Motor3_DutyIn
                                  fff827a5        4c   func ,g         2
  _Motor3_DutyOut
                                  fff827f1        26   func ,l         1
  _Motor4_DutyIn
                                  fff82817        4c   func ,g         2
  _Motor4_DutyOut
                                  fff82863        26   func ,l         1
  _Motor5_DutyIn
                                  fff82889        4c   func ,g         4
  _Motor5_DutyOut
                                  fff828d5        26   func ,l         1
  _Motor6_DutyIn
                                  fff828fb        4c   func ,g         1
  _Motor6_DutyOut
                                  fff82947        26   func ,l         1
  _motor1_SetMode
                                  fff8296d        3e   func ,l         3
  _motor2_SetMode
                                  fff829ab        3e   func ,l         3
  _motor3_SetMode
                                  fff829e9        3e   func ,l         3
  _motor4_SetMode
                                  fff82a27        3e   func ,l         3
  _motor5_SetMode
                                  fff82a65        3e   func ,l         3
  _motor6_SetMode
                                  fff82aa3        3e   func ,l         3
  _norm
                                  fff82ae1        42   func ,l         6
  __Motor_Do
                                  fff82b23        54   func ,g         1
  _motor1_Do
                                  fff82b77        57   func ,l         1
  _motor2_Do
                                  fff82bce        57   func ,l         1
  _motor3_Do
                                  fff82c25        57   func ,l         1
  _motor4_Do
                                  fff82c7c        57   func ,l         1
  _motor5_Do
                                  fff82cd3        57   func ,l         1
  _motor6_Do
                                  fff82d2a        57   func ,l         1
FILE=.\src\Modules\Servo.obj
                                  fff82d81  fff82dcb        4b
  _Servo_Activate
                                  fff82d81        12   func ,g         1
  _Servo1_RotationIn
                                  fff82d93        39   func ,g         1
FILE=.\src\Modules\Timer.obj
                                  fff82dcc  fff82e80        b5
  __Timer_Activate
                                  fff82dcc         5   func ,g         1
  __Timer1_Set
                                  fff82dd1        a6   func ,g         1
  __Timer1_Start
                                  fff82e77         5   func ,g         1
  __Timer1_Stop
                                  fff82e7c         5   func ,g         0
FILE=.\src\Modules\UART.obj
                                  fff82e81  fff82ea5        25
  __UART1_Activate
                                  fff82e81         5   func ,g         1
  __UART1_GetRecievedData
                                  fff82e86        10   func ,g         1
  __UART1_TransmitData
                                  fff82e96        10   func ,g         2
FILE=.\src\DataConverter.obj
                                  fff82ea6  fff82fb3       10e
  IntParse(unsigned char)
                                  fff82ea6        53   func ,l         1
  _StringToWORD
                                  fff82ef9        45   func ,g         1
  _BitsToFloat
                                  fff82f3e        3a   func ,g         6
  _FloatToBits
                                  fff82f78        3c   func ,g         1
FILE=cppinit
                                  fff82fb4  fff82fd3        20
  __CALL_INIT
                                  fff82fb4        1c   func ,g         1
  __CALL_END
                                  fff82fd0         4   func ,g         1
FILE=__initsct
                                  fff82fd4  fff8301d        4a
  __INITSCT
                                  fff82fd4         0   none ,g         1
  loop1
                                  fff82fe6         0   none ,l         1
  next_loop1
                                  fff82ff4         0   none ,l         2
  loop3
                                  fff83006         0   none ,l         1
  next_loop3
                                  fff83017         0   none ,l         2
FILE=static_init
                                  fff8301e  fff83084        67
  __call_dtors()
                                  fff8301e        67   func ,g         1
FILE=dtor_list
                                  fff83085  fff830ce        4a
  __process_needed_destructions()
                                  fff83085        25   func ,g         2
  ___already_marked_for_destruction
                                  fff830aa         6   func ,g         1
  ___record_needed_destruction
                                  fff830b0        1d   func ,g         0
  ___std__needed_destruction_list
                                  fff830cd         2   func ,g         0
FILE=error
                                  fff830cf  fff830d2         4
  ___abort_execution
                                  fff830cf         4   func ,g         1

SECTION=FIXEDVECT
FILE=.\src\Modules\micon\vector_table.obj
                                  ffffff80  ffffffff        80
  _Fixed_Vectors
                                  ffffff80        80   data ,g         0

*** Unfilled Areas ***

AREA                                START    END

*** Delete Symbols ***

SYMBOL                                SIZE    INFO
