Renesas Optimizing Linker (W2.04.00 )             08-Nov-2016 15:06:27

*** Options ***

-subcommand=LinkerSubCommand.tmp
-input="./src/startup/dbsct.obj"
-input="./src/startup/hardware_setup.obj"
-input="./src/startup/reset_program.obj"
-input="./src/startup/sbrk.obj"
-input="./src/matSystem/BatteryCheck.obj"
-input="./src/matSystem/Connecter.obj"
-input="./src/matSystem/Main.obj"
-input="./src/matSystem/System.obj"
-input="./src/UserApplication/App.obj"
-input="./src/Modules/micon/CMT.obj"
-input="./src/Modules/micon/DAa.obj"
-input="./src/Modules/micon/GPT012.obj"
-input="./src/Modules/micon/GPT456.obj"
-input="./src/Modules/micon/IO.obj"
-input="./src/Modules/micon/RIIC.obj"
-input="./src/Modules/micon/S12ADB.obj"
-input="./src/Modules/micon/SCIc.obj"
-input="./src/Modules/micon/interrupt_handlers.obj"
-input="./src/Modules/micon/vector_table.obj"
-input="./src/Modules/AnalogIN.obj"
-input="./src/Modules/AnalogOUT.obj"
-input="./src/Modules/Battery.obj"
-input="./src/Modules/Bluetooth.obj"
-input="./src/Modules/Buzzer.obj"
-input="./src/Modules/DataLogger.obj"
-input="./src/Modules/DigitalIO.obj"
-input="./src/Modules/LED.obj"
-input="./src/Modules/Motor.obj"
-input="./src/Modules/Multi.obj"
-input="./src/Modules/Servo.obj"
-input="./src/Modules/Timer.obj"
-input="./src/Modules/UART.obj"
-input="./src/DataConverter.obj"
-start=SU,SI,B_1,R_1,B_2,R_2,B,R/04,PResetPRG,C_1,C_2,C,C$*,D*,W*,L,PIntPRG,P/0FFF80000,FIXEDVECT/0FFFFFF80
-library=C:\Users\MATSUT~1\DOCUME~1\GitHub\ROBOTC~1\HARDWA~2\RobotCore1Framework.lib
-list=RobotCore1Framework.map
-show
-nooptimize
-debug
-output=C:\Users\Matsutomo2\Documents\GitHub\RobotCore1Frameware\HardwareDebug\RobotCore1Framework.abs
-rom=D=R,D_1=R_1,D_2=R_2
-nocompress
-nomessage
-nologo

*** Error information ***

*** Mapping List ***

SECTION                            START      END         SIZE   ALIGN

SU
                                  00000004  00000103       100   4
SI
                                  00000104  00000403       300   4
B_1
                                  00000404  0000162f      122c   1
R_1
                                  00001630  00001651        22   1
B_2
                                  00001652  0000165f         e   2
R_2
                                  00001660  0000169b        3c   2
B
                                  0000169c  00006553      4eb8   4
R
                                  00006554  0000664f        fc   4
PResetPRG
                                  fff80000  fff80038        39   1
C_1
                                  fff80039  fff80039         0   1
C_2
                                  fff80039  fff80039         0   1
C
                                  fff8003c  fff8006f        34   4
C$DSEC
                                  fff80070  fff80093        24   4
C$BSEC
                                  fff80094  fff800ab        18   4
C$INIT
                                  fff800ac  fff800ac         0   1
C$VECT
                                  fff800ac  fff804ab       400   4
C$VTBL
                                  fff804ac  fff804ac         0   1
D
                                  fff804ac  fff805a7        fc   4
D_1
                                  fff805a8  fff805c9        22   1
D_2
                                  fff805ca  fff80605        3c   2
W
                                  fff80608  fff80608         0   4
W_1
                                  fff80608  fff80617        10   1
W_2
                                  fff80618  fff80618         0   2
L
                                  fff80618  fff80659        42   4
PIntPRG
                                  fff8065a  fff807b2       159   1
P
                                  fff807b3  fff84dba      4608   1
FIXEDVECT
                                  ffffff80  ffffffff        80   4

*** Symbol List ***

SECTION=
FILE=                               START        END    SIZE
  SYMBOL                            ADDR        SIZE    INFO      COUNTS  OPT

SECTION=SU
FILE=.\src\startup\reset_program.obj
                                  00000004  00000103       100

SECTION=SI
FILE=.\src\startup\reset_program.obj
                                  00000104  00000403       300

SECTION=B_1
FILE=.\src\matSystem\Connecter.obj
                                  00000404  00000c21       81e
  _trg
                                  00000404         5   data ,g         2
  _command
                                  00000409         5   data ,g         2
  _valueLength
                                  0000040e         5   data ,g         2
  _value
                                  00000413         f   data ,g         2
  _TransmitDataBufferA
                                  00000422       400   data ,g         2
  _TransmitDataBufferB
                                  00000822       400   data ,g         2
FILE=.\src\Modules\micon\SCIc.obj
                                  00000c22  00001621       a00
  _uart1_bufR_A
                                  00000c22       400   data ,g         2
  _uart1_bufR_B
                                  00001022       400   data ,g         2
  _uart0_bufR_A
                                  00001422       100   data ,g         2
  _uart0_bufR_B
                                  00001522       100   data ,g         2
FILE=.\src\Modules\Motor.obj
                                  00001622  00001627         6
  _direction
                                  00001622         6   data ,g        13
FILE=.\src\DataConverter.obj
                                  00001628  0000162f         8
  _bytes
                                  00001628         4   data ,g         5
  _intBytes
                                  0000162c         4   data ,g         5

SECTION=R_1
FILE=.\src\matSystem\Connecter.obj
                                  00001630  00001637         8
  _trg_index
                                  00001630         1   data ,g         4
  _command_index
                                  00001631         1   data ,g         5
  _valueLength_index
                                  00001632         1   data ,g         5
  _lengthOfValue
                                  00001633         1   data ,g         2
  _value_index
                                  00001634         1   data ,g         5
  _BufferA_Count
                                  00001635         1   data ,g         5
  _BufferB_Count
                                  00001636         1   data ,g         5
  _BufferAisSelected
                                  00001637         1   data ,g         4
FILE=.\src\matSystem\Main.obj
                                  00001638  00001638         1
  _timer1_callbackRunning
                                  00001638         1   data ,g         3
FILE=.\src\matSystem\System.obj
                                  00001639  00001639         1
  _count
                                  00001639         1   data ,g         0
FILE=.\src\UserApplication\App.obj
                                  0000163a  00001649        10
  _SystemStandby
                                  0000163a         1   data ,g         3
  _motorMoving
                                  0000163b         1   data ,g         3
  _dualshockConnecting
                                  0000163c         1   data ,g         3
  _actCount
                                  0000163d         1   data ,g         4
  _AIN1sumpleCount
                                  0000163e         1   data ,g         3
  _ArmDown
                                  0000163f         1   data ,g         6
  _ArmUpForce
                                  00001640         1   data ,g         6
  _waitingForStop
                                  00001641         1   data ,g         4
  _pumpOnL
                                  00001642         1   data ,g         5
  _pumpOnR
                                  00001643         1   data ,g         5
  _pumpHold
                                  00001644         1   data ,g         8
  _autoUpCount
                                  00001645         1   data ,g         6
  _isAimMode
                                  00001646         1   data ,g         6
  _dollyL_turned
                                  00001647         1   data ,g         0
  _dollyL_clicked
                                  00001648         1   data ,g         0
  _bridgeMode
                                  00001649         1   data ,g         4
FILE=.\src\Modules\micon\SCIc.obj
                                  0000164a  0000164d         4
  _flag_RXI0
                                  0000164a         1   data ,g         0
  _flag_TXI0
                                  0000164b         1   data ,g         0
  _uart1_bufSelect
                                  0000164c         1   data ,g         3
  _uart0_bufSelect
                                  0000164d         1   data ,g         3
FILE=.\src\Modules\Bluetooth.obj
                                  0000164e  0000164e         1
  _i
                                  0000164e         1   data ,g         8
FILE=.\src\Modules\DataLogger.obj
                                  0000164f  0000164f         1
  _log1_count
                                  0000164f         1   data ,g         3
FILE=.\src\Modules\DigitalIO.obj
                                  00001650  00001650         1
  _dio3buf_index
                                  00001650         1   data ,g         4
FILE=.\src\Modules\Motor.obj
                                  00001651  00001651         1
  _motor1_DutyIn_HardwarePortAdress
                                  00001651         1   data ,g         3

SECTION=B_2
FILE=.\src\Modules\micon\S12ADB.obj
                                  00001652  0000165f         e
  _values
                                  00001652         6   data ,g         4
  _values1
                                  00001658         8   data ,g         5

SECTION=R_2
FILE=.\src\matSystem\System.obj
                                  00001660  00001661         2
  _logIndex
                                  00001660         2   data ,g         2
FILE=.\src\Modules\micon\SCIc.obj
                                  00001662  00001671        10
  _uart1_bufR_index_A
                                  00001662         2   data ,g         4
  _uart1_bufR_index_B
                                  00001664         2   data ,g         4
  _uart1_bufT_index
                                  00001666         2   data ,g         6
  _uart1_bufT_maxCount
                                  00001668         2   data ,g         5
  _uart0_bufR_index_A
                                  0000166a         2   data ,g         4
  _uart0_bufR_index_B
                                  0000166c         2   data ,g         4
  _uart0_bufT_index
                                  0000166e         2   data ,g         6
  _uart0_bufT_maxCount
                                  00001670         2   data ,g         5
FILE=.\src\Modules\Bluetooth.obj
                                  00001672  00001683        12
  _orderBuffer
                                  00001672        10   data ,g         9
  _vibration1count
                                  00001682         2   data ,g         3
FILE=.\src\Modules\Buzzer.obj
                                  00001684  00001697        14
  _oneTime
                                  00001684         2   data ,g         6
  _stepUp
                                  00001686         2   data ,g         6
  _stepDown
                                  00001688         2   data ,g         6
  _siren1
                                  0000168a         2   data ,g         7
  _siren1Fq
                                  0000168c         2   data ,g         4
  _siren2
                                  0000168e         2   data ,g         6
  _siren2Fq
                                  00001690         2   data ,g         4
  _lowBattery
                                  00001692         2   data ,g         7
  _lowBatteryFq
                                  00001694         2   data ,g         5
  _flag
                                  00001696         2   data ,g         3
FILE=.\src\Modules\DataLogger.obj
                                  00001698  0000169b         4
  _log1_time
                                  00001698         2   data ,g         2
  _log1_index
                                  0000169a         2   data ,g         5

SECTION=B
FILE=.\src\startup\sbrk.obj
                                  0000169c  00001a9b       400
  _heap_area
                                  0000169c       400   data ,l         2
FILE=.\src\matSystem\Connecter.obj
                                  00001a9c  00001b1b        80
  _Inputs
                                  00001a9c        80   data ,g         2
FILE=.\src\matSystem\System.obj
                                  00001b1c  0000231b       800
  _log
                                  00001b1c       800   data ,g         2
FILE=.\src\UserApplication\App.obj
                                  0000231c  000024fb       1e0
  _AIN1buffer
                                  0000231c       190   data ,g         4
  _AIN2buffer2
                                  000024ac        28   data ,g         3
  _AIN3buffer3
                                  000024d4        28   data ,g         3
FILE=.\src\Modules\micon\CMT.obj
                                  000024fc  00002507         c
  _callback1
                                  000024fc         4   data ,g         2
  _callback2
                                  00002500         4   data ,g         2
  _callback3
                                  00002504         4   data ,g         2
FILE=.\src\Modules\micon\SCIc.obj
                                  00002508  0000250f         8
  _uart1_bufT
                                  00002508         4   data ,g         3
  _uart0_bufT
                                  0000250c         4   data ,g         3
FILE=.\src\Modules\Bluetooth.obj
                                  00002510  00002517         8
  _bluetoothRecievedData
                                  00002510         4   data ,g         4
  _Callback
                                  00002514         4   data ,g         2
FILE=.\src\Modules\DataLogger.obj
                                  00002518  00006517      4000
  _log1
                                  00002518      4000   data ,g         2
FILE=.\src\Modules\DigitalIO.obj
                                  00006518  0000654b        34
  _dio3buf
                                  00006518        28   data ,g         b
  _preDIO3state
                                  00006540         4   data ,g         2
  _curDIO3state
                                  00006544         4   data ,g         4
  _DIO3callback
                                  00006548         4   data ,g         2
FILE=.\src\Modules\Motor.obj
                                  0000654c  0000654f         4
  _errorCallback
                                  0000654c         4   data ,g         2
FILE=dtor_list
                                  00006550  00006553         4
  _needed_destruction_head
                                  00006550         4   data ,l         2

SECTION=R
FILE=.\src\startup\sbrk.obj
                                  00006554  00006557         4
  _brk
                                  00006554         4   data ,l         3
FILE=.\src\matSystem\Connecter.obj
                                  00006558  00006577        20
  __Connecter_isConnecting
                                  00006558         4   data ,g         3
  _trgRecieved
                                  0000655c         4   data ,g         5
  _commandRecieved
                                  00006560         4   data ,g         5
  _valueLengthRecieved
                                  00006564         4   data ,g         5
  _valueRecieved
                                  00006568         4   data ,g         5
  _lineRecieved
                                  0000656c         4   data ,g         4
  _connecter_Recieve_running
                                  00006570         4   data ,g         3
  _connecter_send_running
                                  00006574         4   data ,g         3
FILE=.\src\matSystem\System.obj
                                  00006578  0000657f         8
  _System_CurrentTime
                                  00006578         4   data ,g         4
  _isCounting
                                  0000657c         4   data ,g         3
FILE=.\src\UserApplication\App.obj
                                  00006580  00006597        18
  _deltaL
                                  00006580         8   data ,g         5
  _deltaR
                                  00006588         8   data ,g         5
  _integralL
                                  00006590         4   data ,g         2
  _integralR
                                  00006594         4   data ,g         2
FILE=.\src\Modules\Bluetooth.obj
                                  00006598  0000659f         8
  _commandOut_State
                                  00006598         4   data ,g         3
  _commandIn_State
                                  0000659c         4   data ,g         2
FILE=.\src\Modules\DataLogger.obj
                                  000065a0  000065a3         4
  _log1_isLoging
                                  000065a0         4   data ,g         4
FILE=.\src\Modules\DigitalIO.obj
                                  000065a4  000065a7         4
  _DIO3interrupt
                                  000065a4         4   data ,g         2
FILE=.\src\Modules\Motor.obj
                                  000065a8  0000663b        94
  _motor1_DutyIn_State
                                  000065a8         4   data ,g         0
  _motor2_DutyIn_State
                                  000065ac         4   data ,g         0
  _motor3_DutyIn_State
                                  000065b0         4   data ,g         0
  _motor4_DutyIn_State
                                  000065b4         4   data ,g         0
  _motor5_DutyIn_State
                                  000065b8         4   data ,g         0
  _motor6_DutyIn_State
                                  000065bc         4   data ,g         0
  _motor1_AccelerationIn_State
                                  000065c0         4   data ,g         7
  _motor2_AccelerationIn_State
                                  000065c4         4   data ,g         1
  _motor3_AccelerationIn_State
                                  000065c8         4   data ,g         1
  _motor4_AccelerationIn_State
                                  000065cc         4   data ,g         1
  _motor5_AccelerationIn_State
                                  000065d0         4   data ,g         1
  _motor6_AccelerationIn_State
                                  000065d4         4   data ,g         1
  _motor1_DutyOut_State
                                  000065d8         4   data ,g         3
  _motor2_DutyOut_State
                                  000065dc         4   data ,g         3
  _motor3_DutyOut_State
                                  000065e0         4   data ,g         3
  _motor4_DutyOut_State
                                  000065e4         4   data ,g         3
  _motor5_DutyOut_State
                                  000065e8         4   data ,g         3
  _motor6_DutyOut_State
                                  000065ec         4   data ,g         3
  _trgDuty
                                  000065f0        18   data ,g         d
  _acceleration
                                  00006608        18   data ,g         d
  _actualDuty
                                  00006620        18   data ,g        17
  _callbackRegi
                                  00006638         4   data ,g         1
FILE=static_init
                                  0000663c  00006643         8
  _use_patch_info
                                  0000663c         4   data ,l         1
  _dtors_done$1
                                  00006640         4   data ,l         1
FILE=munch_dtors
                                  00006644  00006647         4
  __dtors
                                  00006644         4   data ,g         1
FILE=vars
                                  00006648  0000664f         8
  __new_handler
                                  00006648         4   data ,g         0
  ___head
                                  0000664c         4   data ,g         1

SECTION=PResetPRG
FILE=.\src\startup\reset_program.obj
                                  fff80000  fff80038        39
  _PowerON_Reset_PC
                                  fff80000        39   entry,g         1

SECTION=C
FILE=.\src\startup\dbsct.obj
                                  fff8003c  fff8006f        34
  __CTBL
                                  fff8003c        34   data ,g         0

SECTION=C$DSEC
FILE=.\src\startup\dbsct.obj
                                  fff80070  fff80093        24
  __DTBL
                                  fff80070        24   data ,g         0

SECTION=C$BSEC
FILE=.\src\startup\dbsct.obj
                                  fff80094  fff800ab        18
  __BTBL
                                  fff80094        18   data ,g         0

SECTION=C$VECT
FILE=.\src\startup\dbsct.obj
                                  fff800ac  fff804ab       400

SECTION=D
FILE=.\src\startup\sbrk.obj
                                  fff804ac  fff804af         4
FILE=.\src\matSystem\Connecter.obj
                                  fff804b0  fff804cf        20
FILE=.\src\matSystem\System.obj
                                  fff804d0  fff804d7         8
FILE=.\src\UserApplication\App.obj
                                  fff804d8  fff804ef        18
FILE=.\src\Modules\Bluetooth.obj
                                  fff804f0  fff804f7         8
FILE=.\src\Modules\DataLogger.obj
                                  fff804f8  fff804fb         4
FILE=.\src\Modules\DigitalIO.obj
                                  fff804fc  fff804ff         4
FILE=.\src\Modules\Motor.obj
                                  fff80500  fff80593        94
FILE=static_init
                                  fff80594  fff8059b         8
FILE=munch_dtors
                                  fff8059c  fff8059f         4
FILE=vars
                                  fff805a0  fff805a7         8

SECTION=D_1
FILE=.\src\matSystem\Connecter.obj
                                  fff805a8  fff805af         8
FILE=.\src\matSystem\Main.obj
                                  fff805b0  fff805b0         1
FILE=.\src\matSystem\System.obj
                                  fff805b1  fff805b1         1
FILE=.\src\UserApplication\App.obj
                                  fff805b2  fff805c1        10
FILE=.\src\Modules\micon\SCIc.obj
                                  fff805c2  fff805c5         4
FILE=.\src\Modules\Bluetooth.obj
                                  fff805c6  fff805c6         1
FILE=.\src\Modules\DataLogger.obj
                                  fff805c7  fff805c7         1
FILE=.\src\Modules\DigitalIO.obj
                                  fff805c8  fff805c8         1
FILE=.\src\Modules\Motor.obj
                                  fff805c9  fff805c9         1

SECTION=D_2
FILE=.\src\matSystem\System.obj
                                  fff805ca  fff805cb         2
FILE=.\src\Modules\micon\SCIc.obj
                                  fff805cc  fff805db        10
FILE=.\src\Modules\Bluetooth.obj
                                  fff805dc  fff805ed        12
FILE=.\src\Modules\Buzzer.obj
                                  fff805ee  fff80601        14
FILE=.\src\Modules\DataLogger.obj
                                  fff80602  fff80605         4

SECTION=W_1
FILE=.\src\Modules\Motor.obj
                                  fff80608  fff8060d         6
FILE=.\src\DataConverter.obj
                                  fff8060e  fff80617         a

SECTION=L
FILE=.\src\matSystem\Connecter.obj
                                  fff80618  fff8061c         5
FILE=.\src\Modules\Bluetooth.obj
                                  fff80620  fff8062d         e
FILE=.\src\Modules\Motor.obj
                                  fff80630  fff80659        2a

SECTION=PIntPRG
FILE=.\src\Modules\micon\interrupt_handlers.obj
                                  fff8065a  fff807b2       159
  _Excep_SuperVisorInst
                                  fff8065a         2   func ,g         1
  _Excep_AccessInst
                                  fff8065c         2   func ,g         1
  _Excep_UndefinedInst
                                  fff8065e         2   func ,g         1
  _Excep_FloatingPoint
                                  fff80660         2   func ,g         1
  _NonMaskableInterrupt
                                  fff80662         2   func ,g         1
  _Dummy
                                  fff80664         2   func ,g        13
  _Excep_BRK
                                  fff80666         f   func ,g         0
  _Excep_BSC_BUSERR
                                  fff80675         2   func ,g         0
  _Excep_FCU_FIFERR
                                  fff80677         2   func ,g         0
  _Excep_FCU_FRDYI
                                  fff80679         2   func ,g         0
  _Excep_ICU_SWINT
                                  fff8067b         2   func ,g         0
  _Excep_CMT3_CMI3
                                  fff8067d         2   func ,g         0
  _Excep_USB0_D0FIFO0
                                  fff8067f         2   func ,g         0
  _Excep_USB0_D1FIFO0
                                  fff80681         2   func ,g         0
  _Excep_USB0_USBI0
                                  fff80683         2   func ,g         0
  _Excep_CAC_FERRF
                                  fff80685         2   func ,g         0
  _Excep_CAC_MENDF
                                  fff80687         2   func ,g         0
  _Excep_CAC_OVFF
                                  fff80689         2   func ,g         0
  _Excep_RSPI0_SPRI0
                                  fff8068b         2   func ,g         0
  _Excep_RSPI0_SPTI0
                                  fff8068d         2   func ,g         0
  _Excep_RSPI0_SPII0
                                  fff8068f         2   func ,g         0
  _Excep_RSPI1_SPRI1
                                  fff80691         2   func ,g         0
  _Excep_RSPI1_SPTI1
                                  fff80693         2   func ,g         0
  _Excep_RSPI1_SPII1
                                  fff80695         2   func ,g         0
  _Excep_CAN1_RXF1
                                  fff80697         2   func ,g         0
  _Excep_CAN1_TXF1
                                  fff80699         2   func ,g         0
  _Excep_CAN1_RXM1
                                  fff8069b         2   func ,g         0
  _Excep_CAN1_TXM1
                                  fff8069d         2   func ,g         0
  _Excep_GPT7_GTCIA7
                                  fff8069f         2   func ,g         0
  _Excep_GPT7_GTCIB7
                                  fff806a1         2   func ,g         0
  _Excep_GPT7_GTCIC7
                                  fff806a3         2   func ,g         0
  _Excep_GPT7_GTCIE7
                                  fff806a5         2   func ,g         0
  _Excep_GPT7_GTCIV7
                                  fff806a7         2   func ,g         0
  _Excep_CMP_CMP4
                                  fff806a9         2   func ,g         0
  _Excep_CMP_CMP5
                                  fff806ab         2   func ,g         0
  _Excep_CMP_CMP6
                                  fff806ad         2   func ,g         0
  _Excep_DOC_DOPCF
                                  fff806af         2   func ,g         0
  _Excep_DPC_RBI0
                                  fff806b1         2   func ,g         0
  _Excep_DPC_RBI1
                                  fff806b3         2   func ,g         0
  _Excep_DPC_RBI2
                                  fff806b5         2   func ,g         0
  _Excep_DPC_RBI3
                                  fff806b7         2   func ,g         0
  _Excep_DPC_RBI4
                                  fff806b9         2   func ,g         0
  _Excep_ICU_IRQ0
                                  fff806bb         2   func ,g         0
  _Excep_ICU_IRQ1
                                  fff806bd         2   func ,g         0
  _Excep_ICU_IRQ2
                                  fff806bf         2   func ,g         0
  _Excep_ICU_IRQ3
                                  fff806c1         2   func ,g         0
  _Excep_ICU_IRQ4
                                  fff806c3         2   func ,g         0
  _Excep_ICU_IRQ5
                                  fff806c5         2   func ,g         0
  _Excep_ICU_IRQ6
                                  fff806c7         2   func ,g         0
  _Excep_ICU_IRQ7
                                  fff806c9         2   func ,g         0
  _Excep_USB_USBR0
                                  fff806cb         2   func ,g         0
  _Excep_AD_ADI0
                                  fff806cd         2   func ,g         0
  _Excep_S12AD_S12GBADI
                                  fff806cf         2   func ,g         0
  _Excep_S12AD1_S12GBADI1
                                  fff806d1         2   func ,g         0
  _Excep_ICU_GROUP0
                                  fff806d3         2   func ,g         0
  _Excep_ICU_GROUP12
                                  fff806d5         2   func ,g         0
  _Excep_SCI12_SCIX0
                                  fff806d7         2   func ,g         0
  _Excep_SCI12_SCIX1
                                  fff806d9         2   func ,g         0
  _Excep_SCI12_SCIX2
                                  fff806db         2   func ,g         0
  _Excep_SCI12_SCIX3
                                  fff806dd         2   func ,g         0
  _Excep_MTU0_TGIA0
                                  fff806df         2   func ,g         0
  _Excep_MTU0_TGIB0
                                  fff806e1         2   func ,g         0
  _Excep_MTU0_TGIC0
                                  fff806e3         2   func ,g         0
  _Excep_MTU0_TGID0
                                  fff806e5         2   func ,g         0
  _Excep_MTU0_TCIV0
                                  fff806e7         2   func ,g         0
  _Excep_MTU0_TGIE0
                                  fff806e9         2   func ,g         0
  _Excep_MTU0_TGIF0
                                  fff806eb         2   func ,g         0
  _Excep_MTU1_TGIA1
                                  fff806ed         2   func ,g         0
  _Excep_MTU1_TGIB1
                                  fff806ef         2   func ,g         0
  _Excep_MTU1_TCIV1
                                  fff806f1         2   func ,g         0
  _Excep_MTU1_TCIU1
                                  fff806f3         2   func ,g         0
  _Excep_MTU2_TGIA2
                                  fff806f5         2   func ,g         0
  _Excep_MTU2_TGIB2
                                  fff806f7         2   func ,g         0
  _Excep_MTU2_TCIV2
                                  fff806f9         2   func ,g         0
  _Excep_MTU2_TCIU2
                                  fff806fb         2   func ,g         0
  _Excep_MTU3_TGIA3
                                  fff806fd         2   func ,g         0
  _Excep_MTU3_TGIB3
                                  fff806ff         2   func ,g         0
  _Excep_MTU3_TGIC3
                                  fff80701         2   func ,g         0
  _Excep_MTU3_TGID3
                                  fff80703         2   func ,g         0
  _Excep_MTU3_TCIV3
                                  fff80705         2   func ,g         0
  _Excep_MTU4_TGIA4
                                  fff80707         2   func ,g         0
  _Excep_MTU4_TGIB4
                                  fff80709         2   func ,g         0
  _Excep_MTU4_TGIC4
                                  fff8070b         2   func ,g         0
  _Excep_MTU4_TGID4
                                  fff8070d         2   func ,g         0
  _Excep_MTU4_TCIV4
                                  fff8070f         2   func ,g         0
  _Excep_MTU5_TGIU5
                                  fff80711         2   func ,g         0
  _Excep_MTU5_TGIV5
                                  fff80713         2   func ,g         0
  _Excep_MTU5_TGIW5
                                  fff80715         2   func ,g         0
  _Excep_MTU6_TGIA6
                                  fff80717         2   func ,g         0
  _Excep_MTU6_TGIB6
                                  fff80719         2   func ,g         0
  _Excep_MTU6_TGIC6
                                  fff8071b         2   func ,g         0
  _Excep_MTU6_TGID6
                                  fff8071d         2   func ,g         0
  _Excep_MTU6_TCIV6
                                  fff8071f         2   func ,g         0
  _Excep_MTU7_TGIA7
                                  fff80721         2   func ,g         0
  _Excep_MTU7_TGIB7
                                  fff80723         2   func ,g         0
  _Excep_MTU7_TGIC7
                                  fff80725         2   func ,g         0
  _Excep_MTU7_TGID7
                                  fff80727         2   func ,g         0
  _Excep_MTU7_TCIV7
                                  fff80729         2   func ,g         0
  _Excep_POE_OEI1
                                  fff8072b         2   func ,g         0
  _Excep_POE_OEI2
                                  fff8072d         2   func ,g         0
  _Excep_POE_OEI3
                                  fff8072f         2   func ,g         0
  _Excep_POE_OEI4
                                  fff80731         2   func ,g         0
  _Excep_POE_OEI5
                                  fff80733         2   func ,g         0
  _Excep_CMP_CMP0
                                  fff80735         2   func ,g         0
  _Excep_CMP_CMP1
                                  fff80737         2   func ,g         0
  _Excep_CMP_CMP2
                                  fff80739         2   func ,g         0
  _Excep_GPT4_GTCIA4
                                  fff8073b         2   func ,g         0
  _Excep_GPT4_GTCIB4
                                  fff8073d         2   func ,g         0
  _Excep_GPT4_GTCIC4
                                  fff8073f         2   func ,g         0
  _Excep_GPT4_GTCIE4
                                  fff80741         2   func ,g         0
  _Excep_GPT4_GTCIV4
                                  fff80743         2   func ,g         0
  _Excep_GPT4_LOCOI4
                                  fff80745         2   func ,g         0
  _Excep_GPT5_GTCIA5
                                  fff80747         2   func ,g         0
  _Excep_GPT5_GTCIB5
                                  fff80749         2   func ,g         0
  _Excep_GPT5_GTCIC5
                                  fff8074b         2   func ,g         0
  _Excep_GPT5_GTCIE5
                                  fff8074d         2   func ,g         0
  _Excep_GPT5_GTCIV5
                                  fff8074f         2   func ,g         0
  _Excep_GPT6_GTCIA6
                                  fff80751         2   func ,g         0
  _Excep_GPT6_GTCIB6
                                  fff80753         2   func ,g         0
  _Excep_GPT6_GTCIC6
                                  fff80755         2   func ,g         0
  _Excep_GPT6_GTCIE6
                                  fff80757         2   func ,g         0
  _Excep_GPT6_GTCIV6
                                  fff80759         2   func ,g         0
  _Excep_RIIC1_EEI1
                                  fff8075b         2   func ,g         0
  _Excep_RIIC1_RXI1
                                  fff8075d         2   func ,g         0
  _Excep_RIIC1_TXI1
                                  fff8075f         2   func ,g         0
  _Excep_RIIC1_TEI1
                                  fff80761         2   func ,g         0
  _Excep_RIIC0_EEI0
                                  fff80763         2   func ,g         0
  _Excep_RIIC0_RXI0
                                  fff80765         2   func ,g         0
  _Excep_RIIC0_TXI0
                                  fff80767         2   func ,g         0
  _Excep_RIIC0_TEI0
                                  fff80769         2   func ,g         0
  _Excep_DMAC_DMAC0I
                                  fff8076b         2   func ,g         0
  _Excep_DMAC_DMAC1I
                                  fff8076d         2   func ,g         0
  _Excep_DMAC_DMAC2I
                                  fff8076f         2   func ,g         0
  _Excep_DMAC_DMAC3I
                                  fff80771         2   func ,g         0
  _Excep_SCI0_TEI0
                                  fff80773         2   func ,g         0
  _Excep_SCI1_TEI1
                                  fff80775         2   func ,g         0
  _Excep_SCI2_RXI2
                                  fff80777         2   func ,g         0
  _Excep_SCI2_TXI2
                                  fff80779         2   func ,g         0
  _Excep_SCI2_TEI2
                                  fff8077b         2   func ,g         0
  _Excep_SCI3_RXI3
                                  fff8077d         2   func ,g         0
  _Excep_SCI3_TXI3
                                  fff8077f         2   func ,g         0
  _Excep_SCI3_TEI3
                                  fff80781         2   func ,g         0
  _Excep_GPT0_GTCIA0
                                  fff80783         2   func ,g         0
  _Excep_GPT0_GTCIB0
                                  fff80785         2   func ,g         0
  _Excep_GPT0_GTCIC0
                                  fff80787         2   func ,g         0
  _Excep_GPT0_GTCIE0
                                  fff80789         2   func ,g         0
  _Excep_GPT0_GTCIV0
                                  fff8078b         2   func ,g         0
  _Excep_GPT0_LOCOI0
                                  fff8078d         2   func ,g         0
  _Excep_GPT1_GTCIA1
                                  fff8078f         2   func ,g         0
  _Excep_GPT1_GTCIB1
                                  fff80791         2   func ,g         0
  _Excep_GPT1_GTCIC1
                                  fff80793         2   func ,g         0
  _Excep_GPT1_GTCIE1
                                  fff80795         2   func ,g         0
  _Excep_GPT1_GTCIV1
                                  fff80797         2   func ,g         0
  _Excep_GPT2_GTCIA2
                                  fff80799         2   func ,g         0
  _Excep_GPT2_GTCIB2
                                  fff8079b         2   func ,g         0
  _Excep_GPT2_GTCIC2
                                  fff8079d         2   func ,g         0
  _Excep_GPT2_GTCIE2
                                  fff8079f         2   func ,g         0
  _Excep_GPT2_GTCIV2
                                  fff807a1         2   func ,g         0
  _Excep_GPT3_GTCIA3
                                  fff807a3         2   func ,g         0
  _Excep_GPT3_GTCIB3
                                  fff807a5         2   func ,g         0
  _Excep_GPT3_GTCIC3
                                  fff807a7         2   func ,g         0
  _Excep_GPT3_GTCIE3
                                  fff807a9         2   func ,g         0
  _Excep_GPT3_GTCIV3
                                  fff807ab         2   func ,g         0
  _Excep_SCI12_RXI12
                                  fff807ad         2   func ,g         0
  _Excep_SCI12_TXI12
                                  fff807af         2   func ,g         0
  _Excep_SCI12_TEI12
                                  fff807b1         2   func ,g         0

SECTION=P
FILE=.\src\startup\hardware_setup.obj
                                  fff807b3  fff8091a       168
  _HardwareSetup
                                  fff807b3        a3   func ,g         1
  _wait
                                  fff80856        c5   func ,g         2
FILE=.\src\startup\sbrk.obj
                                  fff8091b  fff80956        3c
  _sbrk
                                  fff8091b        3c   func ,g         0
FILE=.\src\matSystem\BatteryCheck.obj
                                  fff80957  fff80a0a        b4
  BatteryCheck()
                                  fff80957        b4   func ,g         1
FILE=.\src\matSystem\Connecter.obj
                                  fff80a0b  fff80f37       52d
  __Connecter_Activate
                                  fff80a0b         5   func ,g         1
  __Connecter_Recieve
                                  fff80a10       323   func ,g         1
  __Connecter_Transmit
                                  fff80d33        6f   func ,g         1
  _Connecter_Send
                                  fff80da2        a2   func ,g         a
  _Connecter_SendFloat
                                  fff80e44        32   func ,g         c
  _Connecter_SendInt
                                  fff80e76        32   func ,g         0
  _Execute
                                  fff80ea8        66   func ,l         1
  _Connecter_InputToHardwarePort
                                  fff80f0e        17   func ,g         1
  _Connecter_RegistHardwarePort
                                  fff80f25        13   func ,g         1
FILE=.\src\matSystem\Main.obj
                                  fff80f38  fff80fce        97
  _main
                                  fff80f38        46   func ,g         1
  Timer1_Callback()
                                  fff80f7e        4b   func ,l         1
  Timer3_Callback()
                                  fff80fc9         5   func ,l         1
  _abort
                                  fff80fce         1   func ,g         1
FILE=.\src\matSystem\System.obj
                                  fff80fcf  fff81098        ca
  __System_ClockStart
                                  fff80fcf         a   func ,g         2
  __System_ClockStop
                                  fff80fd9         a   func ,g         1
  __System_SetTime
                                  fff80fe3         e   func ,g         1
  __System_Loop
                                  fff80ff1        1b   func ,g         1
  __System_Do
                                  fff8100c        57   func ,g         1
  _System_Log
                                  fff81063        36   func ,g         0
FILE=.\src\UserApplication\App.obj
                                  fff81099  fff81c0a       b72
  _Initialize
                                  fff81099        71   func ,g         1
  _MainLoop
                                  fff8110a         1   func ,g         1
  __SystemClockCallBack
                                  fff8110b        93   func ,g         1
  Timer2Callback()
                                  fff8119e       1e4   func ,l         1
  BluetoothCallback(DUALSHOCK3)
                                  fff81382       7d4   func ,l         1
  StartAimMode()
                                  fff81b56        46   func ,l         1
  EndAimMode()
                                  fff81b9c        42   func ,l         4
  Sleep()
                                  fff81bde        2d   func ,l         2
FILE=.\src\Modules\micon\CMT.obj
                                  fff81c0b  fff81df0       1e6
  _CMT_init
                                  fff81c0b        2d   func ,g         1
  _CMT0_Set
                                  fff81c38        5d   func ,g         4
  _CMT0_Start
                                  fff81c95         c   func ,g         1
  _Excep_CMT0_CMI0
                                  fff81ca1        1b   func ,g         0
  _CMT0_Stop
                                  fff81cbc         f   func ,g         1
  _CMT1_Set
                                  fff81ccb        5d   func ,g         4
  _CMT1_Start
                                  fff81d28         c   func ,g         1
  _Excep_CMT1_CMI1
                                  fff81d34        1b   func ,g         0
  _CMT1_Stop
                                  fff81d4f         f   func ,g         1
  _CMT2_Set
                                  fff81d5e        5d   func ,g         4
  _CMT2_Start
                                  fff81dbb         c   func ,g         1
  _Excep_CMT2_CMI2
                                  fff81dc7        1b   func ,g         0
  _CMT2_Stop
                                  fff81de2         f   func ,g         1
FILE=.\src\Modules\micon\DAa.obj
                                  fff81df1  fff81e5f        6f
  _DAa_init
                                  fff81df1        55   func ,g         1
  _DA0_SetValue
                                  fff81e46         d   func ,g         1
  _DA1_SetValue
                                  fff81e53         d   func ,g         1
FILE=.\src\Modules\micon\GPT012.obj
                                  fff81e60  fff82209       3aa
  _GPT012_init
                                  fff81e60       2c0   func ,g         1
  _PWM_M1_set
                                  fff82120        27   func ,g         1
  _PWM_M2_set
                                  fff82147        27   func ,g         1
  _PWM_M3_set
                                  fff8216e        27   func ,g         1
  _PWM_M4_set
                                  fff82195        27   func ,g         1
  _PWM_M5_set
                                  fff821bc        27   func ,g         1
  _PWM_M6_set
                                  fff821e3        27   func ,g         1
FILE=.\src\Modules\micon\GPT456.obj
                                  fff8220a  fff8253f       336
  _GPT456_init
                                  fff8220a       1fc   func ,g         1
  _Servo1_set
                                  fff82406        4e   func ,g         2
  _Servo1_On
                                  fff82454         c   func ,g         2
  _Servo1_Off
                                  fff82460         f   func ,g         0
  _Servo2_set
                                  fff8246f        4e   func ,g         2
  _Servo2_On
                                  fff824bd         c   func ,g         2
  _PWM1_Off
                                  fff824c9         f   func ,g         0
  _BUZZER_set
                                  fff824d8        4e   func ,g         e
  _BUZZER_On
                                  fff82526         c   func ,g         a
  _BUZZER_Off
                                  fff82532         e   func ,g         6
FILE=.\src\Modules\micon\IO.obj
                                  fff82540  fff828c8       389
  _IO_LED_init
                                  fff82540         9   func ,g         1
  _LED_STATUS_R
                                  fff82549        18   func ,g         2
  _LED_STATUS_G
                                  fff82561        18   func ,g         2
  _LED_STATUS_B
                                  fff82579        19   func ,g         2
  _LED_INFO
                                  fff82592        19   func ,g         2
  _LED_ERROR
                                  fff825ab        19   func ,g         4
  _IO_Motor_Init
                                  fff825c4        26   func ,g         1
  _ALERT
                                  fff825ea        13   func ,g         1
  _STBY
                                  fff825fd        19   func ,g         2
  _Motor1_MODE
                                  fff82616        30   func ,g         4
  _Motor2_MODE
                                  fff82646        2e   func ,g         4
  _Motor3_MODE
                                  fff82674        32   func ,g         4
  _Motor4_MODE
                                  fff826a6        31   func ,g         4
  _Motor5_MODE
                                  fff826d7        30   func ,g         4
  _Motor6_MODE
                                  fff82707        2f   func ,g         4
  _IO_DIO_Init
                                  fff82736        5b   func ,g         1
  _DIO_1_Out
                                  fff82791        18   func ,g         2
  _DIO_2_Out
                                  fff827a9        18   func ,g         2
  _DIO_3_Out
                                  fff827c1        16   func ,g         2
  _DIO_4_Out
                                  fff827d7        18   func ,g         2
  _DIO_3_In
                                  fff827ef        40   func ,g         1
  _IO_Multi1_Init
                                  fff8282f        49   func ,g         1
  _Multi1_1_Out
                                  fff82878        1b   func ,g         1
  _Multi1_2_Out
                                  fff82893        1b   func ,g         1
  _Multi1_3_Out
                                  fff828ae        1b   func ,g         1
FILE=.\src\Modules\micon\RIIC.obj
                                  fff828c9  fff828f5        2d
  _RIIC_init
                                  fff828c9        2d   func ,g         0
FILE=.\src\Modules\micon\S12ADB.obj
                                  fff828f6  fff82b5c       267
  _S12AD_init
                                  fff828f6        ad   func ,g         1
  _S12AD_Sample
                                  fff829a3        1f   func ,g         1
  _Excep_S12AD_S12ADI
                                  fff829c2        38   func ,g         0
  _S12ADB_GetVoltage
                                  fff829fa        24   func ,g         3
  _S12AD1_init
                                  fff82a1e        b5   func ,g         1
  _S12AD1_Sample
                                  fff82ad3        1f   func ,g         1
  _Excep_S12AD1_S12ADI1
                                  fff82af2        47   func ,g         0
  _S12AD1_GetVoltage
                                  fff82b39        24   func ,g         1
FILE=.\src\Modules\micon\SCIc.obj
                                  fff82b5d  fff831b3       657
  _uart1_init
                                  fff82b5d        d1   func ,g         1
  _uart1_read
                                  fff82c2e        61   func ,g         1
  _uart1_send
                                  fff82c8f        53   func ,g         1
  _Excep_SCI1_RXI1
                                  fff82ce2        c8   func ,g         0
  _Excep_SCI1_TXI1
                                  fff82daa        6c   func ,g         0
  _uart1_set
                                  fff82e16        5f   func ,l         2
  _uart1_clear_errorFlag
                                  fff82e75        16   func ,l         2
  _uart0_init
                                  fff82e8b        cc   func ,g         2
  _uart0_read
                                  fff82f57        61   func ,g         2
  _uart0_send
                                  fff82fb8        53   func ,g         4
  _Excep_SCI0_RXI0
                                  fff8300b        c8   func ,g         0
  _Excep_SCI0_TXI0
                                  fff830d3        6c   func ,g         0
  _uart0_set
                                  fff8313f        5f   func ,l         2
  _uart0_clear_errorFlag
                                  fff8319e        16   func ,l         2
FILE=.\src\Modules\AnalogIN.obj
                                  fff831b4  fff831e1        2e
  _AnalogIN_Activate
                                  fff831b4         5   func ,g         1
  _AnalogIN_Sample
                                  fff831b9         5   func ,g         1
  _AnalogIN_GetVoltage
                                  fff831be        24   func ,g         3
FILE=.\src\Modules\AnalogOUT.obj
                                  fff831e2  fff83236        55
  _AnalogOUT_Activate
                                  fff831e2         5   func ,g         1
  _AnalogOUT1_SetVoltage
                                  fff831e7        28   func ,g         0
  _AnalogOUT2_SetVoltage
                                  fff8320f        28   func ,g         0
FILE=.\src\Modules\Battery.obj
                                  fff83237  fff8329a        64
  __Battery_Activate
                                  fff83237         5   func ,g         1
  __Battery_Sample
                                  fff8323c         5   func ,g         1
  __Battery_GetVoltage1
                                  fff83241        1e   func ,g         1
  __Battery_GetVoltage2
                                  fff8325f        1e   func ,g         1
  __Battery_GetVoltage3
                                  fff8327d        1e   func ,g         1
FILE=.\src\Modules\Bluetooth.obj
                                  fff8329b  fff83538       29e
  _Bluetooth_Activate
                                  fff8329b        12   func ,g         1
  __Bluetooth_Loop
                                  fff832ad       177   func ,g         1
  _Bluetooth_CommandIn
                                  fff83424        16   func ,g         1
  _Bluetooth_CommandOut
                                  fff8343a        6f   func ,l         2
  __Bluetooth_Do
                                  fff834a9        6c   func ,g         1
  _Bluetooth_Vibrate1
                                  fff83515         d   func ,g         1
  _Bluetooth_Vibrate1Long
                                  fff83522         a   func ,g         1
  _Bluetooth_Vibrate2
                                  fff8352c         d   func ,g         1
FILE=.\src\Modules\Buzzer.obj
                                  fff83539  fff8390a       3d2
  _Buzzer_Activate
                                  fff83539         5   func ,g         1
  __Buzzer_Loop
                                  fff8353e       258   func ,g         1
  _Buzzer_On
                                  fff83796        13   func ,g         0
  _Buzzer_Off
                                  fff837a9        5d   func ,g         0
  _Buzzer_OneTime
                                  fff83806        36   func ,g         4
  _Buzzer_StepUp
                                  fff8383c        29   func ,g         2
  _Buzzer_StepDown
                                  fff83865        29   func ,g         1
  _Buzzer_Siren1
                                  fff8388e        29   func ,g         1
  _Buzzer_Siren2
                                  fff838b7        2a   func ,g         3
  _Buzzer_LowBattery
                                  fff838e1        2a   func ,g         1
FILE=.\src\Modules\DataLogger.obj
                                  fff8390b  fff83a0b       101
  _DataLogger_Activate
                                  fff8390b         d   func ,g         1
  __DataLogger_Loop
                                  fff83918        1a   func ,g         1
  __DataLogger_Do
                                  fff83932        19   func ,g         0
  _dataLogger1_Do
                                  fff8394b         8   func ,l         1
  _DataLogger1_DataIn
                                  fff83953        94   func ,g         1
  _DataLogger1_LoggingStart
                                  fff839e7        13   func ,g         1
  _DataLogger1_LoggingStop
                                  fff839fa         a   func ,g         2
  _DataLogger_Log
                                  fff83a04         8   func ,g         0
FILE=.\src\Modules\DigitalIO.obj
                                  fff83a0c  fff83b9f       194
  _DIO_Activate
                                  fff83a0c        17   func ,g         1
  __DIO_Loop
                                  fff83a23       12e   func ,g         1
  _DIO_SetInterrupt
                                  fff83b51        17   func ,g         0
  _DIO1_On
                                  fff83b68         7   func ,g         1
  _DIO1_Off
                                  fff83b6f         7   func ,g         1
  _DIO2_On
                                  fff83b76         7   func ,g         1
  _DIO2_Off
                                  fff83b7d         7   func ,g         1
  _DIO3_On
                                  fff83b84         7   func ,g         0
  _DIO3_Off
                                  fff83b8b         7   func ,g         0
  _DIO4_On
                                  fff83b92         7   func ,g         0
  _DIO4_Off
                                  fff83b99         7   func ,g         0
FILE=.\src\Modules\LED.obj
                                  fff83ba0  fff83bea        4b
  __LED_Activate
                                  fff83ba0         5   func ,g         1
  __LED_R_On
                                  fff83ba5         7   func ,g         2
  __LED_G_On
                                  fff83bac         7   func ,g         1
  __LED_B_On
                                  fff83bb3         7   func ,g         2
  __LED_Info_On
                                  fff83bba         7   func ,g         1
  __LED_Error_On
                                  fff83bc1         7   func ,g         3
  __LED_R_Off
                                  fff83bc8         7   func ,g         1
  __LED_G_Off
                                  fff83bcf         7   func ,g         0
  __LED_B_Off
                                  fff83bd6         7   func ,g         1
  __LED_Info_Off
                                  fff83bdd         7   func ,g         1
  __LED_Error_Off
                                  fff83be4         7   func ,g         0
FILE=.\src\Modules\Motor.obj
                                  fff83beb  fff847b7       bcd
  _Motor_Activate
                                  fff83beb         9   func ,g         1
  _Motor_UnlockSTBY
                                  fff83bf4         7   func ,g         1
  _Motor_LockSTBY
                                  fff83bfb         7   func ,g         1
  _Motor_SetErrorCallback
                                  fff83c02         e   func ,g         0
  __Motor_Loop
                                  fff83c10       384   func ,g         1
  _Motor5_GetDirection
                                  fff83f94         e   func ,g         0
  _Motor5_GetDuty
                                  fff83fa2         e   func ,g         0
  _Motor1_DutyIn
                                  fff83fb0        11   func ,g         4
  _Motor1_AccelerationIn
                                  fff83fc1        58   func ,g         2
  _Motor1_DutyOut
                                  fff84019        50   func ,l         1
  _Motor2_DutyIn
                                  fff84069        12   func ,g         4
  _Motor2_AccelerationIn
                                  fff8407b        5a   func ,g         2
  _Motor2_DutyOut
                                  fff840d5        32   func ,l         1
  _Motor3_DutyIn
                                  fff84107        12   func ,g         4
  _Motor3_AccelerationIn
                                  fff84119        5a   func ,g         2
  _Motor3_DutyOut
                                  fff84173        32   func ,l         1
  _Motor4_DutyIn
                                  fff841a5        12   func ,g         4
  _Motor4_AccelerationIn
                                  fff841b7        5a   func ,g         2
  _Motor4_DutyOut
                                  fff84211        32   func ,l         1
  _Motor5_DutyIn
                                  fff84243        12   func ,g         a
  _Motor5_AccelerationIn
                                  fff84255        5a   func ,g         6
  _Motor5_DutyOut
                                  fff842af        32   func ,l         1
  _Motor6_DutyIn
                                  fff842e1        12   func ,g         1
  _Motor6_AccelerationIn
                                  fff842f3        5a   func ,g         0
  _Motor6_DutyOut
                                  fff8434d        32   func ,l         1
  _motor1_SetMode
                                  fff8437f        3e   func ,l         3
  _motor2_SetMode
                                  fff843bd        3e   func ,l         3
  _motor3_SetMode
                                  fff843fb        3e   func ,l         3
  _motor4_SetMode
                                  fff84439        3e   func ,l         3
  _motor5_SetMode
                                  fff84477        3e   func ,l         3
  _motor6_SetMode
                                  fff844b5        3e   func ,l         3
  _norm
                                  fff844f3        42   func ,l         6
  __Motor_Do
                                  fff84535        54   func ,g         1
  _motor1_Do
                                  fff84589        7c   func ,l         1
  _motor2_Do
                                  fff84605        57   func ,l         1
  _motor3_Do
                                  fff8465c        57   func ,l         1
  _motor4_Do
                                  fff846b3        57   func ,l         1
  _motor5_Do
                                  fff8470a        57   func ,l         1
  _motor6_Do
                                  fff84761        57   func ,l         1
FILE=.\src\Modules\Multi.obj
                                  fff847b8  fff847e5        2e
  _Multi1_Activate
                                  fff847b8        10   func ,g         1
  _Multi1_DOUT1
                                  fff847c8         a   func ,g         0
  _Multi1_DOUT2
                                  fff847d2         a   func ,g         0
  _Multi1_DOUT3
                                  fff847dc         a   func ,g         0
FILE=.\src\Modules\Servo.obj
                                  fff847e6  fff84868        83
  _Servo_Activate
                                  fff847e6        23   func ,g         1
  _Servo1_RotationIn
                                  fff84809        30   func ,g         1
  _Servo2_RotationIn
                                  fff84839        30   func ,g         1
FILE=.\src\Modules\Timer.obj
                                  fff84869  fff84a7d       215
  __Timer_Activate
                                  fff84869         5   func ,g         1
  __Timer1_Set
                                  fff8486e        a6   func ,g         1
  __Timer1_Start
                                  fff84914         5   func ,g         1
  __Timer1_Stop
                                  fff84919         5   func ,g         0
  _Timer2_Set
                                  fff8491e        a6   func ,g         1
  _Timer2_Start
                                  fff849c4         5   func ,g         1
  _Timer2_Stop
                                  fff849c9         5   func ,g         0
  __Timer3_Set
                                  fff849ce        a6   func ,g         1
  __Timer3_Start
                                  fff84a74         5   func ,g         1
  __Timer3_Stop
                                  fff84a79         5   func ,g         0
FILE=.\src\Modules\UART.obj
                                  fff84a7e  fff84ac7        4a
  __UART1_Activate
                                  fff84a7e         5   func ,g         1
  __UART1_GetRecievedData
                                  fff84a83        10   func ,g         1
  __UART1_TransmitData
                                  fff84a93        10   func ,g         2
  __UART0_Activate
                                  fff84aa3         5   func ,g         0
  __UART0_GetRecievedData
                                  fff84aa8        10   func ,g         0
  __UART0_TransmitData
                                  fff84ab8        10   func ,g         0
FILE=.\src\DataConverter.obj
                                  fff84ac8  fff84c9b       1d4
  IntParse(unsigned char)
                                  fff84ac8        53   func ,l         1
  _StringToWORD
                                  fff84b1b        45   func ,g         2
  _BitsToFloat
                                  fff84b60        3a   func ,g         6
  _BitsToInt
                                  fff84b9a        3c   func ,g         2
  _BitsToDUALSHOCK3
                                  fff84bd6        4f   func ,g         1
  _FloatToBits
                                  fff84c25        3c   func ,g         1
  _IntToBits
                                  fff84c61        3b   func ,g         1
FILE=cppinit
                                  fff84c9c  fff84cbb        20
  __CALL_INIT
                                  fff84c9c        1c   func ,g         1
  __CALL_END
                                  fff84cb8         4   func ,g         1
FILE=__initsct
                                  fff84cbc  fff84d05        4a
  __INITSCT
                                  fff84cbc         0   none ,g         1
  loop1
                                  fff84cce         0   none ,l         1
  next_loop1
                                  fff84cdc         0   none ,l         2
  loop3
                                  fff84cee         0   none ,l         1
  next_loop3
                                  fff84cff         0   none ,l         2
FILE=static_init
                                  fff84d06  fff84d6b        66
  __call_dtors()
                                  fff84d06        66   func ,g         1
FILE=dtor_list
                                  fff84d6c  fff84db6        4b
  __process_needed_destructions()
                                  fff84d6c        26   func ,g         2
  ___already_marked_for_destruction
                                  fff84d92         6   func ,g         1
  ___record_needed_destruction
                                  fff84d98        1d   func ,g         0
  ___std__needed_destruction_list
                                  fff84db5         2   func ,g         0
FILE=error
                                  fff84db7  fff84dba         4
  ___abort_execution
                                  fff84db7         4   func ,g         1

SECTION=FIXEDVECT
FILE=.\src\Modules\micon\vector_table.obj
                                  ffffff80  ffffffff        80
  _Fixed_Vectors
                                  ffffff80        80   data ,g         0

*** Unfilled Areas ***

AREA                                START    END

*** Delete Symbols ***

SYMBOL                                SIZE    INFO
