Renesas Optimizing Linker (W2.04.00 )             18-Oct-2016 19:42:36

*** Options ***

-subcommand=LinkerSubCommand.tmp
-input="./src/startup/dbsct.obj"
-input="./src/startup/hardware_setup.obj"
-input="./src/startup/reset_program.obj"
-input="./src/startup/sbrk.obj"
-input="./src/matSystem/BatteryCheck.obj"
-input="./src/matSystem/Connecter.obj"
-input="./src/matSystem/Main.obj"
-input="./src/matSystem/System.obj"
-input="./src/UserApplication/App.obj"
-input="./src/Modules/micon/CMT.obj"
-input="./src/Modules/micon/DAa.obj"
-input="./src/Modules/micon/GPT012.obj"
-input="./src/Modules/micon/GPT456.obj"
-input="./src/Modules/micon/IO.obj"
-input="./src/Modules/micon/S12ADB.obj"
-input="./src/Modules/micon/SCIc.obj"
-input="./src/Modules/micon/interrupt_handlers.obj"
-input="./src/Modules/micon/vector_table.obj"
-input="./src/Modules/AnalogIN.obj"
-input="./src/Modules/AnalogOUT.obj"
-input="./src/Modules/Battery.obj"
-input="./src/Modules/Bluetooth.obj"
-input="./src/Modules/Buzzer.obj"
-input="./src/Modules/DataLogger.obj"
-input="./src/Modules/DigitalIO.obj"
-input="./src/Modules/LED.obj"
-input="./src/Modules/Motor.obj"
-input="./src/Modules/Servo.obj"
-input="./src/Modules/Timer.obj"
-input="./src/Modules/UART.obj"
-input="./src/DataConverter.obj"
-start=SU,SI,B_1,R_1,B_2,R_2,B,R/04,PResetPRG,C_1,C_2,C,C$*,D*,W*,L,PIntPRG,P/0FFF80000,FIXEDVECT/0FFFFFF80
-library=C:\Users\Reiji\DOCUME~1\GitHub\ROBOTC~1\HARDWA~2\RobotCore1Framework.lib
-list=RobotCore1Framework.map
-show
-nooptimize
-debug
-output=C:\Users\Reiji\Documents\GitHub\RobotCore1Frameware\HardwareDebug\RobotCore1Framework.abs
-rom=D=R,D_1=R_1,D_2=R_2
-nocompress
-nomessage
-nologo

*** Error information ***

*** Mapping List ***

SECTION                            START      END         SIZE   ALIGN

SU
                                  00000004  00000103       100   4
SI
                                  00000104  00000403       300   4
B_1
                                  00000404  0000162f      122c   1
R_1
                                  00001630  00001654        25   1
B_2
                                  00001656  00001663         e   2
R_2
                                  00001664  0000169f        3c   2
B
                                  000016a0  00006523      4e84   4
R
                                  00006524  00006623       100   4
PResetPRG
                                  fff80000  fff80038        39   1
C_1
                                  fff80039  fff80039         0   1
C_2
                                  fff80039  fff80039         0   1
C
                                  fff8003c  fff8006f        34   4
C$DSEC
                                  fff80070  fff80093        24   4
C$BSEC
                                  fff80094  fff800ab        18   4
C$INIT
                                  fff800ac  fff800ac         0   1
C$VECT
                                  fff800ac  fff804ab       400   4
C$VTBL
                                  fff804ac  fff804ac         0   1
D
                                  fff804ac  fff805ab       100   4
D_1
                                  fff805ac  fff805d0        25   1
D_2
                                  fff805d2  fff8060d        3c   2
W
                                  fff80610  fff80610         0   4
W_1
                                  fff80610  fff8061f        10   1
W_2
                                  fff80620  fff80620         0   2
L
                                  fff80620  fff80661        42   4
PIntPRG
                                  fff80662  fff807bc       15b   1
P
                                  fff807bd  fff84956      419a   1
FIXEDVECT
                                  ffffff80  ffffffff        80   4

*** Symbol List ***

SECTION=
FILE=                               START        END    SIZE
  SYMBOL                            ADDR        SIZE    INFO      COUNTS  OPT

SECTION=SU
FILE=.\src\startup\reset_program.obj
                                  00000004  00000103       100

SECTION=SI
FILE=.\src\startup\reset_program.obj
                                  00000104  00000403       300

SECTION=B_1
FILE=.\src\matSystem\Connecter.obj
                                  00000404  00000c21       81e
  _trg
                                  00000404         5   data ,g         2
  _command
                                  00000409         5   data ,g         2
  _valueLength
                                  0000040e         5   data ,g         2
  _value
                                  00000413         f   data ,g         2
  _TransmitDataBufferA
                                  00000422       400   data ,g         2
  _TransmitDataBufferB
                                  00000822       400   data ,g         2
FILE=.\src\Modules\micon\SCIc.obj
                                  00000c22  00001621       a00
  _uart1_bufR_A
                                  00000c22       400   data ,g         2
  _uart1_bufR_B
                                  00001022       400   data ,g         2
  _uart0_bufR_A
                                  00001422       100   data ,g         2
  _uart0_bufR_B
                                  00001522       100   data ,g         2
FILE=.\src\Modules\Motor.obj
                                  00001622  00001627         6
  _direction
                                  00001622         6   data ,g        12
FILE=.\src\DataConverter.obj
                                  00001628  0000162f         8
  _bytes
                                  00001628         4   data ,g         5
  _intBytes
                                  0000162c         4   data ,g         5

SECTION=R_1
FILE=.\src\matSystem\Connecter.obj
                                  00001630  00001637         8
  _trg_index
                                  00001630         1   data ,g         4
  _command_index
                                  00001631         1   data ,g         5
  _valueLength_index
                                  00001632         1   data ,g         5
  _lengthOfValue
                                  00001633         1   data ,g         2
  _value_index
                                  00001634         1   data ,g         5
  _BufferA_Count
                                  00001635         1   data ,g         5
  _BufferB_Count
                                  00001636         1   data ,g         5
  _BufferAisSelected
                                  00001637         1   data ,g         4
FILE=.\src\matSystem\Main.obj
                                  00001638  00001638         1
  _timer1_callbackRunning
                                  00001638         1   data ,g         3
FILE=.\src\matSystem\System.obj
                                  00001639  00001639         1
  _count
                                  00001639         1   data ,g         0
FILE=.\src\UserApplication\App.obj
                                  0000163a  0000164b        12
  _dualshockConnecting
                                  0000163a         1   data ,g         3
  _actCount
                                  0000163b         1   data ,g         5
  _sumpleCount
                                  0000163c         1   data ,g         3
  _isStandby
                                  0000163d         1   data ,g         3
  _ArmDown
                                  0000163e         1   data ,g         6
  _ArmUpForce
                                  0000163f         1   data ,g         6
  _waitingForStop
                                  00001640         1   data ,g         4
  _motorMoving
                                  00001641         1   data ,g         3
  _pumpOnL
                                  00001642         1   data ,g         5
  _pumpOnR
                                  00001643         1   data ,g         5
  _pumpHold
                                  00001644         1   data ,g         8
  _autoUpCount
                                  00001645         1   data ,g         6
  _isAimMode
                                  00001646         1   data ,g         6
  _dollyL_turned
                                  00001647         1   data ,g         0
  _dollyL_clicked
                                  00001648         1   data ,g         0
  _currentFloor
                                  00001649         1   data ,g         0
  _targetFloor
                                  0000164a         1   data ,g         0
  _LEDOn
                                  0000164b         1   data ,g         0
FILE=.\src\Modules\micon\SCIc.obj
                                  0000164c  0000164f         4
  _flag_RXI0
                                  0000164c         1   data ,g         0
  _flag_TXI0
                                  0000164d         1   data ,g         0
  _uart1_bufSelect
                                  0000164e         1   data ,g         3
  _uart0_bufSelect
                                  0000164f         1   data ,g         3
FILE=.\src\Modules\Bluetooth.obj
                                  00001650  00001650         1
  _i
                                  00001650         1   data ,g         8
FILE=.\src\Modules\DataLogger.obj
                                  00001651  00001651         1
  _log1_count
                                  00001651         1   data ,g         3
FILE=.\src\Modules\DigitalIO.obj
                                  00001652  00001653         2
  _dio3count
                                  00001652         1   data ,g         7
  _dio3count2
                                  00001653         1   data ,g         3
FILE=.\src\Modules\Motor.obj
                                  00001654  00001654         1
  _motor1_DutyIn_HardwarePortAdress
                                  00001654         1   data ,g         3

SECTION=B_2
FILE=.\src\Modules\micon\S12ADB.obj
                                  00001656  00001663         e
  _values
                                  00001656         6   data ,g         4
  _values1
                                  0000165c         8   data ,g         5

SECTION=R_2
FILE=.\src\matSystem\System.obj
                                  00001664  00001665         2
  _logIndex
                                  00001664         2   data ,g         2
FILE=.\src\Modules\micon\SCIc.obj
                                  00001666  00001675        10
  _uart1_bufR_index_A
                                  00001666         2   data ,g         4
  _uart1_bufR_index_B
                                  00001668         2   data ,g         4
  _uart1_bufT_index
                                  0000166a         2   data ,g         6
  _uart1_bufT_maxCount
                                  0000166c         2   data ,g         5
  _uart0_bufR_index_A
                                  0000166e         2   data ,g         4
  _uart0_bufR_index_B
                                  00001670         2   data ,g         4
  _uart0_bufT_index
                                  00001672         2   data ,g         6
  _uart0_bufT_maxCount
                                  00001674         2   data ,g         5
FILE=.\src\Modules\Bluetooth.obj
                                  00001676  00001687        12
  _orderBuffer
                                  00001676        10   data ,g         9
  _vibration1count
                                  00001686         2   data ,g         3
FILE=.\src\Modules\Buzzer.obj
                                  00001688  0000169b        14
  _oneTime
                                  00001688         2   data ,g         6
  _stepUp
                                  0000168a         2   data ,g         6
  _stepDown
                                  0000168c         2   data ,g         6
  _siren1
                                  0000168e         2   data ,g         7
  _siren1Fq
                                  00001690         2   data ,g         4
  _siren2
                                  00001692         2   data ,g         6
  _siren2Fq
                                  00001694         2   data ,g         4
  _lowBattery
                                  00001696         2   data ,g         7
  _lowBatteryFq
                                  00001698         2   data ,g         5
  _flag
                                  0000169a         2   data ,g         3
FILE=.\src\Modules\DataLogger.obj
                                  0000169c  0000169f         4
  _log1_time
                                  0000169c         2   data ,g         2
  _log1_index
                                  0000169e         2   data ,g         5

SECTION=B
FILE=.\src\startup\sbrk.obj
                                  000016a0  00001a9f       400
  _heap_area
                                  000016a0       400   data ,l         2
FILE=.\src\matSystem\Connecter.obj
                                  00001aa0  00001b1f        80
  _Inputs
                                  00001aa0        80   data ,g         2
FILE=.\src\matSystem\System.obj
                                  00001b20  0000231f       800
  _log
                                  00001b20       800   data ,g         2
FILE=.\src\UserApplication\App.obj
                                  00002320  000024ff       1e0
  _buffer
                                  00002320       190   data ,g         4
  _buffer2
                                  000024b0        28   data ,g         3
  _buffer3
                                  000024d8        28   data ,g         3
FILE=.\src\Modules\micon\CMT.obj
                                  00002500  00002507         8
  _callback1
                                  00002500         4   data ,g         2
  _callback2
                                  00002504         4   data ,g         2
FILE=.\src\Modules\micon\SCIc.obj
                                  00002508  0000250f         8
  _uart1_bufT
                                  00002508         4   data ,g         3
  _uart0_bufT
                                  0000250c         4   data ,g         3
FILE=.\src\Modules\Bluetooth.obj
                                  00002510  00002517         8
  _bluetoothRecievedData
                                  00002510         4   data ,g         4
  _Callback
                                  00002514         4   data ,g         2
FILE=.\src\Modules\DataLogger.obj
                                  00002518  00006517      4000
  _log1
                                  00002518      4000   data ,g         2
FILE=.\src\Modules\DigitalIO.obj
                                  00006518  0000651f         8
  _DIO3state
                                  00006518         4   data ,g         2
  _DIO3callback
                                  0000651c         4   data ,g         2
FILE=dtor_list
                                  00006520  00006523         4
  _needed_destruction_head
                                  00006520         4   data ,l         2

SECTION=R
FILE=.\src\startup\sbrk.obj
                                  00006524  00006527         4
  _brk
                                  00006524         4   data ,l         3
FILE=.\src\matSystem\Connecter.obj
                                  00006528  00006547        20
  _Connecter_isConnecting
                                  00006528         4   data ,g         3
  _trgRecieved
                                  0000652c         4   data ,g         5
  _commandRecieved
                                  00006530         4   data ,g         5
  _valueLengthRecieved
                                  00006534         4   data ,g         5
  _valueRecieved
                                  00006538         4   data ,g         5
  _lineRecieved
                                  0000653c         4   data ,g         4
  _connecter_Recieve_running
                                  00006540         4   data ,g         3
  _connecter_send_running
                                  00006544         4   data ,g         3
FILE=.\src\matSystem\System.obj
                                  00006548  0000654f         8
  _System_CurrentTime
                                  00006548         4   data ,g         4
  _isCounting
                                  0000654c         4   data ,g         3
FILE=.\src\UserApplication\App.obj
                                  00006550  0000656f        20
  _floors
                                  00006550         8   data ,g         0
  _deltaL
                                  00006558         8   data ,g         5
  _deltaR
                                  00006560         8   data ,g         5
  _integralL
                                  00006568         4   data ,g         2
  _integralR
                                  0000656c         4   data ,g         2
FILE=.\src\Modules\Bluetooth.obj
                                  00006570  00006577         8
  _commandOut_State
                                  00006570         4   data ,g         3
  _commandIn_State
                                  00006574         4   data ,g         2
FILE=.\src\Modules\DataLogger.obj
                                  00006578  0000657b         4
  _log1_isLoging
                                  00006578         4   data ,g         4
FILE=.\src\Modules\DigitalIO.obj
                                  0000657c  0000657f         4
  _DIO3interrupt
                                  0000657c         4   data ,g         2
FILE=.\src\Modules\Motor.obj
                                  00006580  0000660f        90
  _motor1_DutyIn_State
                                  00006580         4   data ,g         0
  _motor2_DutyIn_State
                                  00006584         4   data ,g         0
  _motor3_DutyIn_State
                                  00006588         4   data ,g         0
  _motor4_DutyIn_State
                                  0000658c         4   data ,g         0
  _motor5_DutyIn_State
                                  00006590         4   data ,g         0
  _motor6_DutyIn_State
                                  00006594         4   data ,g         0
  _motor1_AccelerationIn_State
                                  00006598         4   data ,g         7
  _motor2_AccelerationIn_State
                                  0000659c         4   data ,g         1
  _motor3_AccelerationIn_State
                                  000065a0         4   data ,g         1
  _motor4_AccelerationIn_State
                                  000065a4         4   data ,g         1
  _motor5_AccelerationIn_State
                                  000065a8         4   data ,g         1
  _motor6_AccelerationIn_State
                                  000065ac         4   data ,g         1
  _motor1_DutyOut_State
                                  000065b0         4   data ,g         3
  _motor2_DutyOut_State
                                  000065b4         4   data ,g         3
  _motor3_DutyOut_State
                                  000065b8         4   data ,g         3
  _motor4_DutyOut_State
                                  000065bc         4   data ,g         3
  _motor5_DutyOut_State
                                  000065c0         4   data ,g         3
  _motor6_DutyOut_State
                                  000065c4         4   data ,g         3
  _trgDuty
                                  000065c8        18   data ,g         d
  _acceleration
                                  000065e0        18   data ,g         d
  _actualDuty
                                  000065f8        18   data ,g        16
FILE=static_init
                                  00006610  00006617         8
  _use_patch_info
                                  00006610         4   data ,l         1
  _dtors_done$1
                                  00006614         4   data ,l         1
FILE=munch_dtors
                                  00006618  0000661b         4
  __dtors
                                  00006618         4   data ,g         1
FILE=vars
                                  0000661c  00006623         8
  __new_handler
                                  0000661c         4   data ,g         0
  ___head
                                  00006620         4   data ,g         1

SECTION=PResetPRG
FILE=.\src\startup\reset_program.obj
                                  fff80000  fff80038        39
  _PowerON_Reset_PC
                                  fff80000        39   entry,g         1

SECTION=C
FILE=.\src\startup\dbsct.obj
                                  fff8003c  fff8006f        34
  __CTBL
                                  fff8003c        34   data ,g         0

SECTION=C$DSEC
FILE=.\src\startup\dbsct.obj
                                  fff80070  fff80093        24
  __DTBL
                                  fff80070        24   data ,g         0

SECTION=C$BSEC
FILE=.\src\startup\dbsct.obj
                                  fff80094  fff800ab        18
  __BTBL
                                  fff80094        18   data ,g         0

SECTION=C$VECT
FILE=.\src\startup\dbsct.obj
                                  fff800ac  fff804ab       400

SECTION=D
FILE=.\src\startup\sbrk.obj
                                  fff804ac  fff804af         4
FILE=.\src\matSystem\Connecter.obj
                                  fff804b0  fff804cf        20
FILE=.\src\matSystem\System.obj
                                  fff804d0  fff804d7         8
FILE=.\src\UserApplication\App.obj
                                  fff804d8  fff804f7        20
FILE=.\src\Modules\Bluetooth.obj
                                  fff804f8  fff804ff         8
FILE=.\src\Modules\DataLogger.obj
                                  fff80500  fff80503         4
FILE=.\src\Modules\DigitalIO.obj
                                  fff80504  fff80507         4
FILE=.\src\Modules\Motor.obj
                                  fff80508  fff80597        90
FILE=static_init
                                  fff80598  fff8059f         8
FILE=munch_dtors
                                  fff805a0  fff805a3         4
FILE=vars
                                  fff805a4  fff805ab         8

SECTION=D_1
FILE=.\src\matSystem\Connecter.obj
                                  fff805ac  fff805b3         8
FILE=.\src\matSystem\Main.obj
                                  fff805b4  fff805b4         1
FILE=.\src\matSystem\System.obj
                                  fff805b5  fff805b5         1
FILE=.\src\UserApplication\App.obj
                                  fff805b6  fff805c7        12
FILE=.\src\Modules\micon\SCIc.obj
                                  fff805c8  fff805cb         4
FILE=.\src\Modules\Bluetooth.obj
                                  fff805cc  fff805cc         1
FILE=.\src\Modules\DataLogger.obj
                                  fff805cd  fff805cd         1
FILE=.\src\Modules\DigitalIO.obj
                                  fff805ce  fff805cf         2
FILE=.\src\Modules\Motor.obj
                                  fff805d0  fff805d0         1

SECTION=D_2
FILE=.\src\matSystem\System.obj
                                  fff805d2  fff805d3         2
FILE=.\src\Modules\micon\SCIc.obj
                                  fff805d4  fff805e3        10
FILE=.\src\Modules\Bluetooth.obj
                                  fff805e4  fff805f5        12
FILE=.\src\Modules\Buzzer.obj
                                  fff805f6  fff80609        14
FILE=.\src\Modules\DataLogger.obj
                                  fff8060a  fff8060d         4

SECTION=W_1
FILE=.\src\Modules\Motor.obj
                                  fff80610  fff80615         6
FILE=.\src\DataConverter.obj
                                  fff80616  fff8061f         a

SECTION=L
FILE=.\src\matSystem\Connecter.obj
                                  fff80620  fff80624         5
FILE=.\src\Modules\Bluetooth.obj
                                  fff80628  fff80635         e
FILE=.\src\Modules\Motor.obj
                                  fff80638  fff80661        2a

SECTION=PIntPRG
FILE=.\src\Modules\micon\interrupt_handlers.obj
                                  fff80662  fff807bc       15b
  _Excep_SuperVisorInst
                                  fff80662         2   func ,g         1
  _Excep_AccessInst
                                  fff80664         2   func ,g         1
  _Excep_UndefinedInst
                                  fff80666         2   func ,g         1
  _Excep_FloatingPoint
                                  fff80668         2   func ,g         1
  _NonMaskableInterrupt
                                  fff8066a         2   func ,g         1
  _Dummy
                                  fff8066c         2   func ,g        13
  _Excep_BRK
                                  fff8066e         f   func ,g         0
  _Excep_BSC_BUSERR
                                  fff8067d         2   func ,g         0
  _Excep_FCU_FIFERR
                                  fff8067f         2   func ,g         0
  _Excep_FCU_FRDYI
                                  fff80681         2   func ,g         0
  _Excep_ICU_SWINT
                                  fff80683         2   func ,g         0
  _Excep_CMT2_CMI2
                                  fff80685         2   func ,g         0
  _Excep_CMT3_CMI3
                                  fff80687         2   func ,g         0
  _Excep_USB0_D0FIFO0
                                  fff80689         2   func ,g         0
  _Excep_USB0_D1FIFO0
                                  fff8068b         2   func ,g         0
  _Excep_USB0_USBI0
                                  fff8068d         2   func ,g         0
  _Excep_CAC_FERRF
                                  fff8068f         2   func ,g         0
  _Excep_CAC_MENDF
                                  fff80691         2   func ,g         0
  _Excep_CAC_OVFF
                                  fff80693         2   func ,g         0
  _Excep_RSPI0_SPRI0
                                  fff80695         2   func ,g         0
  _Excep_RSPI0_SPTI0
                                  fff80697         2   func ,g         0
  _Excep_RSPI0_SPII0
                                  fff80699         2   func ,g         0
  _Excep_RSPI1_SPRI1
                                  fff8069b         2   func ,g         0
  _Excep_RSPI1_SPTI1
                                  fff8069d         2   func ,g         0
  _Excep_RSPI1_SPII1
                                  fff8069f         2   func ,g         0
  _Excep_CAN1_RXF1
                                  fff806a1         2   func ,g         0
  _Excep_CAN1_TXF1
                                  fff806a3         2   func ,g         0
  _Excep_CAN1_RXM1
                                  fff806a5         2   func ,g         0
  _Excep_CAN1_TXM1
                                  fff806a7         2   func ,g         0
  _Excep_GPT7_GTCIA7
                                  fff806a9         2   func ,g         0
  _Excep_GPT7_GTCIB7
                                  fff806ab         2   func ,g         0
  _Excep_GPT7_GTCIC7
                                  fff806ad         2   func ,g         0
  _Excep_GPT7_GTCIE7
                                  fff806af         2   func ,g         0
  _Excep_GPT7_GTCIV7
                                  fff806b1         2   func ,g         0
  _Excep_CMP_CMP4
                                  fff806b3         2   func ,g         0
  _Excep_CMP_CMP5
                                  fff806b5         2   func ,g         0
  _Excep_CMP_CMP6
                                  fff806b7         2   func ,g         0
  _Excep_DOC_DOPCF
                                  fff806b9         2   func ,g         0
  _Excep_DPC_RBI0
                                  fff806bb         2   func ,g         0
  _Excep_DPC_RBI1
                                  fff806bd         2   func ,g         0
  _Excep_DPC_RBI2
                                  fff806bf         2   func ,g         0
  _Excep_DPC_RBI3
                                  fff806c1         2   func ,g         0
  _Excep_DPC_RBI4
                                  fff806c3         2   func ,g         0
  _Excep_ICU_IRQ0
                                  fff806c5         2   func ,g         0
  _Excep_ICU_IRQ1
                                  fff806c7         2   func ,g         0
  _Excep_ICU_IRQ2
                                  fff806c9         2   func ,g         0
  _Excep_ICU_IRQ3
                                  fff806cb         2   func ,g         0
  _Excep_ICU_IRQ4
                                  fff806cd         2   func ,g         0
  _Excep_ICU_IRQ5
                                  fff806cf         2   func ,g         0
  _Excep_ICU_IRQ6
                                  fff806d1         2   func ,g         0
  _Excep_ICU_IRQ7
                                  fff806d3         2   func ,g         0
  _Excep_USB_USBR0
                                  fff806d5         2   func ,g         0
  _Excep_AD_ADI0
                                  fff806d7         2   func ,g         0
  _Excep_S12AD_S12GBADI
                                  fff806d9         2   func ,g         0
  _Excep_S12AD1_S12GBADI1
                                  fff806db         2   func ,g         0
  _Excep_ICU_GROUP0
                                  fff806dd         2   func ,g         0
  _Excep_ICU_GROUP12
                                  fff806df         2   func ,g         0
  _Excep_SCI12_SCIX0
                                  fff806e1         2   func ,g         0
  _Excep_SCI12_SCIX1
                                  fff806e3         2   func ,g         0
  _Excep_SCI12_SCIX2
                                  fff806e5         2   func ,g         0
  _Excep_SCI12_SCIX3
                                  fff806e7         2   func ,g         0
  _Excep_MTU0_TGIA0
                                  fff806e9         2   func ,g         0
  _Excep_MTU0_TGIB0
                                  fff806eb         2   func ,g         0
  _Excep_MTU0_TGIC0
                                  fff806ed         2   func ,g         0
  _Excep_MTU0_TGID0
                                  fff806ef         2   func ,g         0
  _Excep_MTU0_TCIV0
                                  fff806f1         2   func ,g         0
  _Excep_MTU0_TGIE0
                                  fff806f3         2   func ,g         0
  _Excep_MTU0_TGIF0
                                  fff806f5         2   func ,g         0
  _Excep_MTU1_TGIA1
                                  fff806f7         2   func ,g         0
  _Excep_MTU1_TGIB1
                                  fff806f9         2   func ,g         0
  _Excep_MTU1_TCIV1
                                  fff806fb         2   func ,g         0
  _Excep_MTU1_TCIU1
                                  fff806fd         2   func ,g         0
  _Excep_MTU2_TGIA2
                                  fff806ff         2   func ,g         0
  _Excep_MTU2_TGIB2
                                  fff80701         2   func ,g         0
  _Excep_MTU2_TCIV2
                                  fff80703         2   func ,g         0
  _Excep_MTU2_TCIU2
                                  fff80705         2   func ,g         0
  _Excep_MTU3_TGIA3
                                  fff80707         2   func ,g         0
  _Excep_MTU3_TGIB3
                                  fff80709         2   func ,g         0
  _Excep_MTU3_TGIC3
                                  fff8070b         2   func ,g         0
  _Excep_MTU3_TGID3
                                  fff8070d         2   func ,g         0
  _Excep_MTU3_TCIV3
                                  fff8070f         2   func ,g         0
  _Excep_MTU4_TGIA4
                                  fff80711         2   func ,g         0
  _Excep_MTU4_TGIB4
                                  fff80713         2   func ,g         0
  _Excep_MTU4_TGIC4
                                  fff80715         2   func ,g         0
  _Excep_MTU4_TGID4
                                  fff80717         2   func ,g         0
  _Excep_MTU4_TCIV4
                                  fff80719         2   func ,g         0
  _Excep_MTU5_TGIU5
                                  fff8071b         2   func ,g         0
  _Excep_MTU5_TGIV5
                                  fff8071d         2   func ,g         0
  _Excep_MTU5_TGIW5
                                  fff8071f         2   func ,g         0
  _Excep_MTU6_TGIA6
                                  fff80721         2   func ,g         0
  _Excep_MTU6_TGIB6
                                  fff80723         2   func ,g         0
  _Excep_MTU6_TGIC6
                                  fff80725         2   func ,g         0
  _Excep_MTU6_TGID6
                                  fff80727         2   func ,g         0
  _Excep_MTU6_TCIV6
                                  fff80729         2   func ,g         0
  _Excep_MTU7_TGIA7
                                  fff8072b         2   func ,g         0
  _Excep_MTU7_TGIB7
                                  fff8072d         2   func ,g         0
  _Excep_MTU7_TGIC7
                                  fff8072f         2   func ,g         0
  _Excep_MTU7_TGID7
                                  fff80731         2   func ,g         0
  _Excep_MTU7_TCIV7
                                  fff80733         2   func ,g         0
  _Excep_POE_OEI1
                                  fff80735         2   func ,g         0
  _Excep_POE_OEI2
                                  fff80737         2   func ,g         0
  _Excep_POE_OEI3
                                  fff80739         2   func ,g         0
  _Excep_POE_OEI4
                                  fff8073b         2   func ,g         0
  _Excep_POE_OEI5
                                  fff8073d         2   func ,g         0
  _Excep_CMP_CMP0
                                  fff8073f         2   func ,g         0
  _Excep_CMP_CMP1
                                  fff80741         2   func ,g         0
  _Excep_CMP_CMP2
                                  fff80743         2   func ,g         0
  _Excep_GPT4_GTCIA4
                                  fff80745         2   func ,g         0
  _Excep_GPT4_GTCIB4
                                  fff80747         2   func ,g         0
  _Excep_GPT4_GTCIC4
                                  fff80749         2   func ,g         0
  _Excep_GPT4_GTCIE4
                                  fff8074b         2   func ,g         0
  _Excep_GPT4_GTCIV4
                                  fff8074d         2   func ,g         0
  _Excep_GPT4_LOCOI4
                                  fff8074f         2   func ,g         0
  _Excep_GPT5_GTCIA5
                                  fff80751         2   func ,g         0
  _Excep_GPT5_GTCIB5
                                  fff80753         2   func ,g         0
  _Excep_GPT5_GTCIC5
                                  fff80755         2   func ,g         0
  _Excep_GPT5_GTCIE5
                                  fff80757         2   func ,g         0
  _Excep_GPT5_GTCIV5
                                  fff80759         2   func ,g         0
  _Excep_GPT6_GTCIA6
                                  fff8075b         2   func ,g         0
  _Excep_GPT6_GTCIB6
                                  fff8075d         2   func ,g         0
  _Excep_GPT6_GTCIC6
                                  fff8075f         2   func ,g         0
  _Excep_GPT6_GTCIE6
                                  fff80761         2   func ,g         0
  _Excep_GPT6_GTCIV6
                                  fff80763         2   func ,g         0
  _Excep_RIIC1_EEI1
                                  fff80765         2   func ,g         0
  _Excep_RIIC1_RXI1
                                  fff80767         2   func ,g         0
  _Excep_RIIC1_TXI1
                                  fff80769         2   func ,g         0
  _Excep_RIIC1_TEI1
                                  fff8076b         2   func ,g         0
  _Excep_RIIC0_EEI0
                                  fff8076d         2   func ,g         0
  _Excep_RIIC0_RXI0
                                  fff8076f         2   func ,g         0
  _Excep_RIIC0_TXI0
                                  fff80771         2   func ,g         0
  _Excep_RIIC0_TEI0
                                  fff80773         2   func ,g         0
  _Excep_DMAC_DMAC0I
                                  fff80775         2   func ,g         0
  _Excep_DMAC_DMAC1I
                                  fff80777         2   func ,g         0
  _Excep_DMAC_DMAC2I
                                  fff80779         2   func ,g         0
  _Excep_DMAC_DMAC3I
                                  fff8077b         2   func ,g         0
  _Excep_SCI0_TEI0
                                  fff8077d         2   func ,g         0
  _Excep_SCI1_TEI1
                                  fff8077f         2   func ,g         0
  _Excep_SCI2_RXI2
                                  fff80781         2   func ,g         0
  _Excep_SCI2_TXI2
                                  fff80783         2   func ,g         0
  _Excep_SCI2_TEI2
                                  fff80785         2   func ,g         0
  _Excep_SCI3_RXI3
                                  fff80787         2   func ,g         0
  _Excep_SCI3_TXI3
                                  fff80789         2   func ,g         0
  _Excep_SCI3_TEI3
                                  fff8078b         2   func ,g         0
  _Excep_GPT0_GTCIA0
                                  fff8078d         2   func ,g         0
  _Excep_GPT0_GTCIB0
                                  fff8078f         2   func ,g         0
  _Excep_GPT0_GTCIC0
                                  fff80791         2   func ,g         0
  _Excep_GPT0_GTCIE0
                                  fff80793         2   func ,g         0
  _Excep_GPT0_GTCIV0
                                  fff80795         2   func ,g         0
  _Excep_GPT0_LOCOI0
                                  fff80797         2   func ,g         0
  _Excep_GPT1_GTCIA1
                                  fff80799         2   func ,g         0
  _Excep_GPT1_GTCIB1
                                  fff8079b         2   func ,g         0
  _Excep_GPT1_GTCIC1
                                  fff8079d         2   func ,g         0
  _Excep_GPT1_GTCIE1
                                  fff8079f         2   func ,g         0
  _Excep_GPT1_GTCIV1
                                  fff807a1         2   func ,g         0
  _Excep_GPT2_GTCIA2
                                  fff807a3         2   func ,g         0
  _Excep_GPT2_GTCIB2
                                  fff807a5         2   func ,g         0
  _Excep_GPT2_GTCIC2
                                  fff807a7         2   func ,g         0
  _Excep_GPT2_GTCIE2
                                  fff807a9         2   func ,g         0
  _Excep_GPT2_GTCIV2
                                  fff807ab         2   func ,g         0
  _Excep_GPT3_GTCIA3
                                  fff807ad         2   func ,g         0
  _Excep_GPT3_GTCIB3
                                  fff807af         2   func ,g         0
  _Excep_GPT3_GTCIC3
                                  fff807b1         2   func ,g         0
  _Excep_GPT3_GTCIE3
                                  fff807b3         2   func ,g         0
  _Excep_GPT3_GTCIV3
                                  fff807b5         2   func ,g         0
  _Excep_SCI12_RXI12
                                  fff807b7         2   func ,g         0
  _Excep_SCI12_TXI12
                                  fff807b9         2   func ,g         0
  _Excep_SCI12_TEI12
                                  fff807bb         2   func ,g         0

SECTION=P
FILE=.\src\startup\hardware_setup.obj
                                  fff807bd  fff80924       168
  _HardwareSetup
                                  fff807bd        a3   func ,g         1
  _wait
                                  fff80860        c5   func ,g         2
FILE=.\src\startup\sbrk.obj
                                  fff80925  fff80960        3c
  _sbrk
                                  fff80925        3c   func ,g         0
FILE=.\src\matSystem\BatteryCheck.obj
                                  fff80961  fff80a14        b4
  BatteryCheck()
                                  fff80961        b4   func ,g         1
FILE=.\src\matSystem\Connecter.obj
                                  fff80a15  fff80f8a       576
  __Connecter_Activate
                                  fff80a15         5   func ,g         1
  __Connecter_Recieve
                                  fff80a1a       323   func ,g         1
  __Connecter_Transmit
                                  fff80d3d        6f   func ,g         1
  _Connecter_Send
                                  fff80dac        a2   func ,g         a
  _Connecter_SendFloat
                                  fff80e4e        32   func ,g         c
  _Connecter_SendInt
                                  fff80e80        32   func ,g         0
  _Execute
                                  fff80eb2        af   func ,l         1
  _Connecter_InputToHardwarePort
                                  fff80f61        17   func ,g         1
  _Connecter_RegistHardwarePort
                                  fff80f78        13   func ,g         1
FILE=.\src\matSystem\Main.obj
                                  fff80f8b  fff8100d        83
  _main
                                  fff80f8b        37   func ,g         1
  Timer1_Callback()
                                  fff80fc2        4b   func ,l         1
  _abort
                                  fff8100d         1   func ,g         1
FILE=.\src\matSystem\System.obj
                                  fff8100e  fff81080        73
  __System_ClockStart
                                  fff8100e         a   func ,g         2
  __System_ClockStop
                                  fff81018         a   func ,g         1
  __System_SetTime
                                  fff81022         e   func ,g         1
  __System_Loop
                                  fff81030        1b   func ,g         1
  _System_Log
                                  fff8104b        36   func ,g         0
FILE=.\src\UserApplication\App.obj
                                  fff81081  fff81aaf       a2f
  _Initialize
                                  fff81081        75   func ,g         1
  _MainLoop
                                  fff810f6         1   func ,g         1
  __SystemClockCallBack
                                  fff810f7        93   func ,g         1
  Timer2Callback()
                                  fff8118a       1e4   func ,l         1
  DIO3Callback()
                                  fff8136e         8   func ,l         1
  BluetoothCallback(DUALSHOCK3)
                                  fff81376       685   func ,l         1
  StartAimMode()
                                  fff819fb        46   func ,l         1
  EndAimMode()
                                  fff81a41        42   func ,l         4
  Sleep()
                                  fff81a83        2d   func ,l         2
FILE=.\src\Modules\micon\CMT.obj
                                  fff81ab0  fff81c02       153
  _CMT_init
                                  fff81ab0        2d   func ,g         1
  _CMT0_Set
                                  fff81add        5d   func ,g         4
  _CMT0_Start
                                  fff81b3a         c   func ,g         1
  _Excep_CMT0_CMI0
                                  fff81b46        1b   func ,g         0
  _CMT0_Stop
                                  fff81b61         f   func ,g         1
  _CMT1_Set
                                  fff81b70        5d   func ,g         4
  _CMT1_Start
                                  fff81bcd         c   func ,g         1
  _Excep_CMT1_CMI1
                                  fff81bd9        1b   func ,g         0
  _CMT1_Stop
                                  fff81bf4         f   func ,g         1
FILE=.\src\Modules\micon\DAa.obj
                                  fff81c03  fff81c71        6f
  _DAa_init
                                  fff81c03        55   func ,g         1
  _DA0_SetValue
                                  fff81c58         d   func ,g         1
  _DA1_SetValue
                                  fff81c65         d   func ,g         1
FILE=.\src\Modules\micon\GPT012.obj
                                  fff81c72  fff8201b       3aa
  _GPT012_init
                                  fff81c72       2c0   func ,g         1
  _PWM_M1_set
                                  fff81f32        27   func ,g         1
  _PWM_M2_set
                                  fff81f59        27   func ,g         1
  _PWM_M3_set
                                  fff81f80        27   func ,g         1
  _PWM_M4_set
                                  fff81fa7        27   func ,g         1
  _PWM_M5_set
                                  fff81fce        27   func ,g         1
  _PWM_M6_set
                                  fff81ff5        27   func ,g         1
FILE=.\src\Modules\micon\GPT456.obj
                                  fff8201c  fff82351       336
  _GPT456_init
                                  fff8201c       1fc   func ,g         1
  _Servo1_set
                                  fff82218        4e   func ,g         2
  _Servo1_On
                                  fff82266         c   func ,g         2
  _Servo1_Off
                                  fff82272         f   func ,g         0
  _Servo2_set
                                  fff82281        4e   func ,g         2
  _Servo2_On
                                  fff822cf         c   func ,g         2
  _PWM1_Off
                                  fff822db         f   func ,g         0
  _BUZZER_set
                                  fff822ea        4e   func ,g         e
  _BUZZER_On
                                  fff82338         c   func ,g         a
  _BUZZER_Off
                                  fff82344         e   func ,g         6
FILE=.\src\Modules\micon\IO.obj
                                  fff82352  fff82617       2c6
  _IO_LED_init
                                  fff82352         9   func ,g         1
  _LED_STATUS_R
                                  fff8235b        18   func ,g         2
  _LED_STATUS_G
                                  fff82373        18   func ,g         2
  _LED_STATUS_B
                                  fff8238b        19   func ,g         2
  _LED_INFO
                                  fff823a4        19   func ,g         2
  _LED_ERROR
                                  fff823bd        19   func ,g         4
  _IO_Motor_Init
                                  fff823d6        26   func ,g         1
  _ALERT
                                  fff823fc        13   func ,g         0
  _STBY
                                  fff8240f        19   func ,g         2
  _Motor1_MODE
                                  fff82428        30   func ,g         4
  _Motor2_MODE
                                  fff82458        2e   func ,g         4
  _Motor3_MODE
                                  fff82486        32   func ,g         4
  _Motor4_MODE
                                  fff824b8        31   func ,g         4
  _Motor5_MODE
                                  fff824e9        30   func ,g         4
  _Motor6_MODE
                                  fff82519        2f   func ,g         4
  _IO_DIO_Init
                                  fff82548        5b   func ,g         1
  _DIO_1_Out
                                  fff825a3        18   func ,g         2
  _DIO_2_Out
                                  fff825bb        18   func ,g         2
  _DIO_3_Out
                                  fff825d3        16   func ,g         2
  _DIO_4_Out
                                  fff825e9        18   func ,g         2
  _DIO_3_In
                                  fff82601        17   func ,g         0
FILE=.\src\Modules\micon\S12ADB.obj
                                  fff82618  fff8287e       267
  _S12AD_init
                                  fff82618        ad   func ,g         1
  _S12AD_Sample
                                  fff826c5        1f   func ,g         1
  _Excep_S12AD_S12ADI
                                  fff826e4        38   func ,g         0
  _S12ADB_GetVoltage
                                  fff8271c        24   func ,g         3
  _S12AD1_init
                                  fff82740        b5   func ,g         1
  _S12AD1_Sample
                                  fff827f5        1f   func ,g         1
  _Excep_S12AD1_S12ADI1
                                  fff82814        47   func ,g         0
  _S12AD1_GetVoltage
                                  fff8285b        24   func ,g         1
FILE=.\src\Modules\micon\SCIc.obj
                                  fff8287f  fff82ed5       657
  _uart1_init
                                  fff8287f        d1   func ,g         1
  _uart1_read
                                  fff82950        61   func ,g         1
  _uart1_send
                                  fff829b1        53   func ,g         1
  _Excep_SCI1_RXI1
                                  fff82a04        c8   func ,g         0
  _Excep_SCI1_TXI1
                                  fff82acc        6c   func ,g         0
  _uart1_set
                                  fff82b38        5f   func ,l         2
  _uart1_clear_errorFlag
                                  fff82b97        16   func ,l         2
  _uart0_init
                                  fff82bad        cc   func ,g         2
  _uart0_read
                                  fff82c79        61   func ,g         2
  _uart0_send
                                  fff82cda        53   func ,g         4
  _Excep_SCI0_RXI0
                                  fff82d2d        c8   func ,g         0
  _Excep_SCI0_TXI0
                                  fff82df5        6c   func ,g         0
  _uart0_set
                                  fff82e61        5f   func ,l         2
  _uart0_clear_errorFlag
                                  fff82ec0        16   func ,l         2
FILE=.\src\Modules\AnalogIN.obj
                                  fff82ed6  fff82f03        2e
  _AnalogIN_Activate
                                  fff82ed6         5   func ,g         1
  _AnalogIN_Sample
                                  fff82edb         5   func ,g         1
  _AnalogIN_GetVoltage
                                  fff82ee0        24   func ,g         3
FILE=.\src\Modules\AnalogOUT.obj
                                  fff82f04  fff82f58        55
  _AnalogOUT_Activate
                                  fff82f04         5   func ,g         1
  _AnalogOUT1_SetVoltage
                                  fff82f09        28   func ,g         0
  _AnalogOUT2_SetVoltage
                                  fff82f31        28   func ,g         0
FILE=.\src\Modules\Battery.obj
                                  fff82f59  fff82fbc        64
  __Battery_Activate
                                  fff82f59         5   func ,g         1
  __Battery_Sample
                                  fff82f5e         5   func ,g         1
  __Battery_GetVoltage1
                                  fff82f63        1e   func ,g         1
  __Battery_GetVoltage2
                                  fff82f81        1e   func ,g         1
  __Battery_GetVoltage3
                                  fff82f9f        1e   func ,g         1
FILE=.\src\Modules\Bluetooth.obj
                                  fff82fbd  fff8325a       29e
  _Bluetooth_Activate
                                  fff82fbd        12   func ,g         1
  __Bluetooth_Loop
                                  fff82fcf       177   func ,g         1
  _Bluetooth_CommandIn
                                  fff83146        16   func ,g         1
  _Bluetooth_CommandOut
                                  fff8315c        6f   func ,l         2
  __Bluetooth_Do
                                  fff831cb        6c   func ,g         1
  _Bluetooth_Vibrate1
                                  fff83237         d   func ,g         1
  _Bluetooth_Vibrate1Long
                                  fff83244         a   func ,g         1
  _Bluetooth_Vibrate2
                                  fff8324e         d   func ,g         1
FILE=.\src\Modules\Buzzer.obj
                                  fff8325b  fff8362c       3d2
  _Buzzer_Activate
                                  fff8325b         5   func ,g         1
  __Buzzer_Loop
                                  fff83260       258   func ,g         1
  _Buzzer_On
                                  fff834b8        13   func ,g         0
  _Buzzer_Off
                                  fff834cb        5d   func ,g         0
  _Buzzer_OneTime
                                  fff83528        36   func ,g         5
  _Buzzer_StepUp
                                  fff8355e        29   func ,g         2
  _Buzzer_StepDown
                                  fff83587        29   func ,g         1
  _Buzzer_Siren1
                                  fff835b0        29   func ,g         1
  _Buzzer_Siren2
                                  fff835d9        2a   func ,g         3
  _Buzzer_LowBattery
                                  fff83603        2a   func ,g         1
FILE=.\src\Modules\DataLogger.obj
                                  fff8362d  fff8372d       101
  _DataLogger_Activate
                                  fff8362d         d   func ,g         1
  __DataLogger_Loop
                                  fff8363a        1a   func ,g         1
  __DataLogger_Do
                                  fff83654        19   func ,g         0
  _dataLogger1_Do
                                  fff8366d         8   func ,l         1
  _DataLogger1_DataIn
                                  fff83675        94   func ,g         1
  _DataLogger1_LoggingStart
                                  fff83709        13   func ,g         1
  _DataLogger1_LoggingStop
                                  fff8371c         a   func ,g         2
  _DataLogger_Log
                                  fff83726         8   func ,g         0
FILE=.\src\Modules\DigitalIO.obj
                                  fff8372e  fff8386d       140
  _DIO_Activate
                                  fff8372e        17   func ,g         1
  __DIO_Loop
                                  fff83745        da   func ,g         1
  _DIO_SetInterrupt
                                  fff8381f        17   func ,g         1
  _DIO1_On
                                  fff83836         7   func ,g         1
  _DIO1_Off
                                  fff8383d         7   func ,g         1
  _DIO2_On
                                  fff83844         7   func ,g         1
  _DIO2_Off
                                  fff8384b         7   func ,g         1
  _DIO3_On
                                  fff83852         7   func ,g         0
  _DIO3_Off
                                  fff83859         7   func ,g         0
  _DIO4_On
                                  fff83860         7   func ,g         0
  _DIO4_Off
                                  fff83867         7   func ,g         0
FILE=.\src\Modules\LED.obj
                                  fff8386e  fff838b8        4b
  __LED_Activate
                                  fff8386e         5   func ,g         1
  __LED_R_On
                                  fff83873         7   func ,g         2
  __LED_G_On
                                  fff8387a         7   func ,g         1
  __LED_B_On
                                  fff83881         7   func ,g         2
  __LED_Info_On
                                  fff83888         7   func ,g         1
  __LED_Error_On
                                  fff8388f         7   func ,g         3
  __LED_R_Off
                                  fff83896         7   func ,g         1
  __LED_G_Off
                                  fff8389d         7   func ,g         0
  __LED_B_Off
                                  fff838a4         7   func ,g         1
  __LED_Info_Off
                                  fff838ab         7   func ,g         1
  __LED_Error_Off
                                  fff838b2         7   func ,g         0
FILE=.\src\Modules\Motor.obj
                                  fff838b9  fff84431       b79
  _Motor_Activate
                                  fff838b9         9   func ,g         1
  _Motor_UnlockSTBY
                                  fff838c2         7   func ,g         1
  _Motor_LockSTBY
                                  fff838c9         7   func ,g         1
  __Motor_Loop
                                  fff838d0       35a   func ,g         1
  _Motor1_DutyIn
                                  fff83c2a        11   func ,g         4
  _Motor1_AccelerationIn
                                  fff83c3b        58   func ,g         2
  _Motor1_DutyOut
                                  fff83c93        50   func ,l         1
  _Motor2_DutyIn
                                  fff83ce3        12   func ,g         4
  _Motor2_AccelerationIn
                                  fff83cf5        5a   func ,g         2
  _Motor2_DutyOut
                                  fff83d4f        32   func ,l         1
  _Motor3_DutyIn
                                  fff83d81        12   func ,g         4
  _Motor3_AccelerationIn
                                  fff83d93        5a   func ,g         2
  _Motor3_DutyOut
                                  fff83ded        32   func ,l         1
  _Motor4_DutyIn
                                  fff83e1f        12   func ,g         4
  _Motor4_AccelerationIn
                                  fff83e31        5a   func ,g         2
  _Motor4_DutyOut
                                  fff83e8b        32   func ,l         1
  _Motor5_DutyIn
                                  fff83ebd        12   func ,g         a
  _Motor5_AccelerationIn
                                  fff83ecf        5a   func ,g         6
  _Motor5_DutyOut
                                  fff83f29        32   func ,l         1
  _Motor6_DutyIn
                                  fff83f5b        12   func ,g         1
  _Motor6_AccelerationIn
                                  fff83f6d        5a   func ,g         0
  _Motor6_DutyOut
                                  fff83fc7        32   func ,l         1
  _motor1_SetMode
                                  fff83ff9        3e   func ,l         3
  _motor2_SetMode
                                  fff84037        3e   func ,l         3
  _motor3_SetMode
                                  fff84075        3e   func ,l         3
  _motor4_SetMode
                                  fff840b3        3e   func ,l         3
  _motor5_SetMode
                                  fff840f1        3e   func ,l         3
  _motor6_SetMode
                                  fff8412f        3e   func ,l         3
  _norm
                                  fff8416d        42   func ,l         6
  __Motor_Do
                                  fff841af        54   func ,g         1
  _motor1_Do
                                  fff84203        7c   func ,l         1
  _motor2_Do
                                  fff8427f        57   func ,l         1
  _motor3_Do
                                  fff842d6        57   func ,l         1
  _motor4_Do
                                  fff8432d        57   func ,l         1
  _motor5_Do
                                  fff84384        57   func ,l         1
  _motor6_Do
                                  fff843db        57   func ,l         1
FILE=.\src\Modules\Servo.obj
                                  fff84432  fff844b4        83
  _Servo_Activate
                                  fff84432        23   func ,g         1
  _Servo1_RotationIn
                                  fff84455        30   func ,g         1
  _Servo2_RotationIn
                                  fff84485        30   func ,g         1
FILE=.\src\Modules\Timer.obj
                                  fff844b5  fff84619       165
  __Timer_Activate
                                  fff844b5         5   func ,g         1
  __Timer1_Set
                                  fff844ba        a6   func ,g         1
  __Timer1_Start
                                  fff84560         5   func ,g         1
  __Timer1_Stop
                                  fff84565         5   func ,g         0
  _Timer2_Set
                                  fff8456a        a6   func ,g         1
  _Timer2_Start
                                  fff84610         5   func ,g         1
  _Timer2_Stop
                                  fff84615         5   func ,g         0
FILE=.\src\Modules\UART.obj
                                  fff8461a  fff84663        4a
  __UART1_Activate
                                  fff8461a         5   func ,g         1
  __UART1_GetRecievedData
                                  fff8461f        10   func ,g         1
  __UART1_TransmitData
                                  fff8462f        10   func ,g         2
  __UART0_Activate
                                  fff8463f         5   func ,g         0
  __UART0_GetRecievedData
                                  fff84644        10   func ,g         0
  __UART0_TransmitData
                                  fff84654        10   func ,g         0
FILE=.\src\DataConverter.obj
                                  fff84664  fff84837       1d4
  IntParse(unsigned char)
                                  fff84664        53   func ,l         1
  _StringToWORD
                                  fff846b7        45   func ,g         2
  _BitsToFloat
                                  fff846fc        3a   func ,g         6
  _BitsToInt
                                  fff84736        3c   func ,g         2
  _BitsToDUALSHOCK3
                                  fff84772        4f   func ,g         1
  _FloatToBits
                                  fff847c1        3c   func ,g         1
  _IntToBits
                                  fff847fd        3b   func ,g         1
FILE=cppinit
                                  fff84838  fff84857        20
  __CALL_INIT
                                  fff84838        1c   func ,g         1
  __CALL_END
                                  fff84854         4   func ,g         1
FILE=__initsct
                                  fff84858  fff848a1        4a
  __INITSCT
                                  fff84858         0   none ,g         1
  loop1
                                  fff8486a         0   none ,l         1
  next_loop1
                                  fff84878         0   none ,l         2
  loop3
                                  fff8488a         0   none ,l         1
  next_loop3
                                  fff8489b         0   none ,l         2
FILE=static_init
                                  fff848a2  fff84907        66
  __call_dtors()
                                  fff848a2        66   func ,g         1
FILE=dtor_list
                                  fff84908  fff84952        4b
  __process_needed_destructions()
                                  fff84908        26   func ,g         2
  ___already_marked_for_destruction
                                  fff8492e         6   func ,g         1
  ___record_needed_destruction
                                  fff84934        1d   func ,g         0
  ___std__needed_destruction_list
                                  fff84951         2   func ,g         0
FILE=error
                                  fff84953  fff84956         4
  ___abort_execution
                                  fff84953         4   func ,g         1

SECTION=FIXEDVECT
FILE=.\src\Modules\micon\vector_table.obj
                                  ffffff80  ffffffff        80
  _Fixed_Vectors
                                  ffffff80        80   data ,g         0

*** Unfilled Areas ***

AREA                                START    END

*** Delete Symbols ***

SYMBOL                                SIZE    INFO
