Renesas Optimizing Linker (W2.04.00 )             15-Sep-2016 14:48:32

*** Options ***

-subcommand=LinkerSubCommand.tmp
-input="./src/startup/dbsct.obj"
-input="./src/startup/hardware_setup.obj"
-input="./src/startup/reset_program.obj"
-input="./src/startup/sbrk.obj"
-input="./src/matSystem/BatteryCheck.obj"
-input="./src/matSystem/Connecter.obj"
-input="./src/matSystem/Main.obj"
-input="./src/matSystem/System.obj"
-input="./src/UserApplication/App.obj"
-input="./src/Modules/micon/CMT.obj"
-input="./src/Modules/micon/DAa.obj"
-input="./src/Modules/micon/GPT012.obj"
-input="./src/Modules/micon/GPT46.obj"
-input="./src/Modules/micon/IO.obj"
-input="./src/Modules/micon/S12ADB.obj"
-input="./src/Modules/micon/SCIc.obj"
-input="./src/Modules/micon/interrupt_handlers.obj"
-input="./src/Modules/micon/vector_table.obj"
-input="./src/Modules/AnalogIN.obj"
-input="./src/Modules/AnalogOUT.obj"
-input="./src/Modules/Battery.obj"
-input="./src/Modules/Bluetooth.obj"
-input="./src/Modules/Buzzer.obj"
-input="./src/Modules/DataLogger.obj"
-input="./src/Modules/DigitalIO.obj"
-input="./src/Modules/LED.obj"
-input="./src/Modules/Motor.obj"
-input="./src/Modules/Servo.obj"
-input="./src/Modules/Timer.obj"
-input="./src/Modules/UART.obj"
-input="./src/DataConverter.obj"
-start=SU,SI,B_1,R_1,B_2,R_2,B,R/04,PResetPRG,C_1,C_2,C,C$*,D*,W*,L,PIntPRG,P/0FFF80000,FIXEDVECT/0FFFFFF80
-library=C:\Users\MATSUT~1\DOCUME~1\GitHub\ROBOTC~1\HARDWA~2\RobotCore1Framework.lib
-list=RobotCore1Framework.map
-show
-nooptimize
-debug
-output=C:\Users\Matsutomo2\Documents\GitHub\RobotCore1Frameware\HardwareDebug\RobotCore1Framework.abs
-rom=D=R,D_1=R_1,D_2=R_2
-nocompress
-nomessage
-nologo

*** Error information ***

*** Mapping List ***

SECTION                            START      END         SIZE   ALIGN

SU
                                  00000004  00000103       100   4
SI
                                  00000104  00000403       300   4
B_1
                                  00000404  00001651      124e   1
R_1
                                  00001652  0000165d         c   1
B_2
                                  0000165e  0000166b         e   2
R_2
                                  0000166c  0000169d        32   2
B
                                  000016a0  00005b6b      44cc   4
R
                                  00005b6c  00005bc7        5c   4
PResetPRG
                                  fff80000  fff80038        39   1
C_1
                                  fff80039  fff80039         0   1
C_2
                                  fff80039  fff80039         0   1
C
                                  fff8003c  fff8006f        34   4
C$DSEC
                                  fff80070  fff80093        24   4
C$BSEC
                                  fff80094  fff800ab        18   4
C$INIT
                                  fff800ac  fff800ac         0   1
C$VECT
                                  fff800ac  fff804ab       400   4
C$VTBL
                                  fff804ac  fff804ac         0   1
D
                                  fff804ac  fff80507        5c   4
D_1
                                  fff80508  fff80513         c   1
D_2
                                  fff80514  fff80545        32   2
W
                                  fff80548  fff80548         0   4
W_1
                                  fff80548  fff80557        10   1
W_2
                                  fff80558  fff80558         0   2
L
                                  fff80558  fff80591        3a   4
PIntPRG
                                  fff80592  fff806ee       15d   1
P
                                  fff806ef  fff838d5      31e7   1
FIXEDVECT
                                  ffffff80  ffffffff        80   4

*** Symbol List ***

SECTION=
FILE=                               START        END    SIZE
  SYMBOL                            ADDR        SIZE    INFO      COUNTS  OPT

SECTION=SU
FILE=.\src\startup\reset_program.obj
                                  00000004  00000103       100

SECTION=SI
FILE=.\src\startup\reset_program.obj
                                  00000104  00000403       300

SECTION=B_1
FILE=.\src\matSystem\Connecter.obj
                                  00000404  00000c43       840
  _line
                                  00000404        40   data ,g         a
  _TransmitDataBufferA
                                  00000444       400   data ,g         3
  _TransmitDataBufferB
                                  00000844       400   data ,g         3
FILE=.\src\Modules\micon\SCIc.obj
                                  00000c44  00001643       a00
  _uart1_bufR_A
                                  00000c44       400   data ,g         2
  _uart1_bufR_B
                                  00001044       400   data ,g         2
  _uart0_bufR_A
                                  00001444       100   data ,g         2
  _uart0_bufR_B
                                  00001544       100   data ,g         2
FILE=.\src\Modules\Motor.obj
                                  00001644  00001649         6
  _direction
                                  00001644         6   data ,g        12
FILE=.\src\DataConverter.obj
                                  0000164a  00001651         8
  _bytes
                                  0000164a         4   data ,g         5
  _intBytes
                                  0000164e         4   data ,g         5

SECTION=R_1
FILE=.\src\matSystem\Connecter.obj
                                  00001652  00001655         4
  _line_index
                                  00001652         1   data ,g         5
  _BufferA_Count
                                  00001653         1   data ,g         7
  _BufferB_Count
                                  00001654         1   data ,g         7
  _BufferAisSelected
                                  00001655         1   data ,g         5
FILE=.\src\matSystem\Main.obj
                                  00001656  00001656         1
  _timer1_callbackRunning
                                  00001656         1   data ,g         3
FILE=.\src\Modules\micon\SCIc.obj
                                  00001657  0000165a         4
  _flag_RXI0
                                  00001657         1   data ,g         0
  _flag_TXI0
                                  00001658         1   data ,g         0
  _uart1_bufSelect
                                  00001659         1   data ,g         3
  _uart0_bufSelect
                                  0000165a         1   data ,g         3
FILE=.\src\Modules\Bluetooth.obj
                                  0000165b  0000165b         1
  _i
                                  0000165b         1   data ,g         8
FILE=.\src\Modules\DataLogger.obj
                                  0000165c  0000165c         1
  _log1_count
                                  0000165c         1   data ,g         3
FILE=.\src\Modules\Motor.obj
                                  0000165d  0000165d         1
  _motor1_DutyIn_HardwarePortAdress
                                  0000165d         1   data ,g         3

SECTION=B_2
FILE=.\src\Modules\micon\S12ADB.obj
                                  0000165e  0000166b         e
  _values
                                  0000165e         6   data ,g         4
  _values1
                                  00001664         8   data ,g         5

SECTION=R_2
FILE=.\src\Modules\micon\SCIc.obj
                                  0000166c  0000167b        10
  _uart1_bufR_index_A
                                  0000166c         2   data ,g         4
  _uart1_bufR_index_B
                                  0000166e         2   data ,g         4
  _uart1_bufT_index
                                  00001670         2   data ,g         6
  _uart1_bufT_maxCount
                                  00001672         2   data ,g         5
  _uart0_bufR_index_A
                                  00001674         2   data ,g         4
  _uart0_bufR_index_B
                                  00001676         2   data ,g         4
  _uart0_bufT_index
                                  00001678         2   data ,g         6
  _uart0_bufT_maxCount
                                  0000167a         2   data ,g         5
FILE=.\src\Modules\Bluetooth.obj
                                  0000167c  0000168b        10
  _orderBuffer
                                  0000167c        10   data ,g         9
FILE=.\src\Modules\Buzzer.obj
                                  0000168c  00001699         e
  _oneTime
                                  0000168c         2   data ,g         6
  _stepUp
                                  0000168e         2   data ,g         6
  _stepDown
                                  00001690         2   data ,g         6
  _siren1
                                  00001692         2   data ,g         7
  _siren1Fq
                                  00001694         2   data ,g         4
  _siren2
                                  00001696         2   data ,g         6
  _siren2Fq
                                  00001698         2   data ,g         4
FILE=.\src\Modules\DataLogger.obj
                                  0000169a  0000169d         4
  _log1_time
                                  0000169a         2   data ,g         2
  _log1_index
                                  0000169c         2   data ,g         5

SECTION=B
FILE=.\src\startup\sbrk.obj
                                  000016a0  00001a9f       400
  _heap_area
                                  000016a0       400   data ,l         2
FILE=.\src\matSystem\Connecter.obj
                                  00001aa0  00001b23        84
  _uart1RecievedData
                                  00001aa0         4   data ,g         2
  _Inputs
                                  00001aa4        80   data ,g         2
FILE=.\src\Modules\micon\CMT.obj
                                  00001b24  00001b27         4
  _callback1
                                  00001b24         4   data ,g         2
FILE=.\src\Modules\micon\SCIc.obj
                                  00001b28  00001b2f         8
  _uart1_bufT
                                  00001b28         4   data ,g         3
  _uart0_bufT
                                  00001b2c         4   data ,g         3
FILE=.\src\Modules\Bluetooth.obj
                                  00001b30  00001b37         8
  _bluetoothRecievedData
                                  00001b30         4   data ,g         4
  _Callback
                                  00001b34         4   data ,g         2
FILE=.\src\Modules\DataLogger.obj
                                  00001b38  00005b37      4000
  _log1
                                  00001b38      4000   data ,g         2
FILE=.\src\Modules\Motor.obj
                                  00005b38  00005b67        30
  _trgDuty
                                  00005b38        18   data ,g        13
  _actualDuty
                                  00005b50        18   data ,g        16
FILE=dtor_list
                                  00005b68  00005b6b         4
  _needed_destruction_head
                                  00005b68         4   data ,l         2

SECTION=R
FILE=.\src\startup\sbrk.obj
                                  00005b6c  00005b6f         4
  _brk
                                  00005b6c         4   data ,l         3
FILE=.\src\matSystem\System.obj
                                  00005b70  00005b77         8
  _System_CurrentTime
                                  00005b70         4   data ,g         2
  _isCounting
                                  00005b74         4   data ,g         2
FILE=.\src\Modules\Bluetooth.obj
                                  00005b78  00005b7f         8
  _commandOut_State
                                  00005b78         4   data ,g         3
  _commandIn_State
                                  00005b7c         4   data ,g         2
FILE=.\src\Modules\DataLogger.obj
                                  00005b80  00005b83         4
  _log1_isLoging
                                  00005b80         4   data ,g         4
FILE=.\src\Modules\Motor.obj
                                  00005b84  00005bb3        30
  _motor1_DutyIn_State
                                  00005b84         4   data ,g         2
  _motor2_DutyIn_State
                                  00005b88         4   data ,g         2
  _motor3_DutyIn_State
                                  00005b8c         4   data ,g         2
  _motor4_DutyIn_State
                                  00005b90         4   data ,g         2
  _motor5_DutyIn_State
                                  00005b94         4   data ,g         2
  _motor6_DutyIn_State
                                  00005b98         4   data ,g         2
  _motor1_DutyOut_State
                                  00005b9c         4   data ,g         3
  _motor2_DutyOut_State
                                  00005ba0         4   data ,g         3
  _motor3_DutyOut_State
                                  00005ba4         4   data ,g         3
  _motor4_DutyOut_State
                                  00005ba8         4   data ,g         3
  _motor5_DutyOut_State
                                  00005bac         4   data ,g         3
  _motor6_DutyOut_State
                                  00005bb0         4   data ,g         3
FILE=static_init
                                  00005bb4  00005bbb         8
  _use_patch_info
                                  00005bb4         4   data ,l         1
  _dtors_done$1
                                  00005bb8         4   data ,l         1
FILE=munch_dtors
                                  00005bbc  00005bbf         4
  __dtors
                                  00005bbc         4   data ,g         1
FILE=vars
                                  00005bc0  00005bc7         8
  __new_handler
                                  00005bc0         4   data ,g         0
  ___head
                                  00005bc4         4   data ,g         1

SECTION=PResetPRG
FILE=.\src\startup\reset_program.obj
                                  fff80000  fff80038        39
  _PowerON_Reset_PC
                                  fff80000        39   entry,g         1

SECTION=C
FILE=.\src\startup\dbsct.obj
                                  fff8003c  fff8006f        34
  __CTBL
                                  fff8003c        34   data ,g         0

SECTION=C$DSEC
FILE=.\src\startup\dbsct.obj
                                  fff80070  fff80093        24
  __DTBL
                                  fff80070        24   data ,g         0

SECTION=C$BSEC
FILE=.\src\startup\dbsct.obj
                                  fff80094  fff800ab        18
  __BTBL
                                  fff80094        18   data ,g         0

SECTION=C$VECT
FILE=.\src\startup\dbsct.obj
                                  fff800ac  fff804ab       400

SECTION=D
FILE=.\src\startup\sbrk.obj
                                  fff804ac  fff804af         4
FILE=.\src\matSystem\System.obj
                                  fff804b0  fff804b7         8
FILE=.\src\Modules\Bluetooth.obj
                                  fff804b8  fff804bf         8
FILE=.\src\Modules\DataLogger.obj
                                  fff804c0  fff804c3         4
FILE=.\src\Modules\Motor.obj
                                  fff804c4  fff804f3        30
FILE=static_init
                                  fff804f4  fff804fb         8
FILE=munch_dtors
                                  fff804fc  fff804ff         4
FILE=vars
                                  fff80500  fff80507         8

SECTION=D_1
FILE=.\src\matSystem\Connecter.obj
                                  fff80508  fff8050b         4
FILE=.\src\matSystem\Main.obj
                                  fff8050c  fff8050c         1
FILE=.\src\Modules\micon\SCIc.obj
                                  fff8050d  fff80510         4
FILE=.\src\Modules\Bluetooth.obj
                                  fff80511  fff80511         1
FILE=.\src\Modules\DataLogger.obj
                                  fff80512  fff80512         1
FILE=.\src\Modules\Motor.obj
                                  fff80513  fff80513         1

SECTION=D_2
FILE=.\src\Modules\micon\SCIc.obj
                                  fff80514  fff80523        10
FILE=.\src\Modules\Bluetooth.obj
                                  fff80524  fff80533        10
FILE=.\src\Modules\Buzzer.obj
                                  fff80534  fff80541         e
FILE=.\src\Modules\DataLogger.obj
                                  fff80542  fff80545         4

SECTION=W_1
FILE=.\src\Modules\Motor.obj
                                  fff80548  fff8054d         6
FILE=.\src\DataConverter.obj
                                  fff8054e  fff80557         a

SECTION=L
FILE=.\src\matSystem\Connecter.obj
                                  fff80558  fff80559         2
FILE=.\src\Modules\Bluetooth.obj
                                  fff8055c  fff80566         b
FILE=.\src\Modules\Motor.obj
                                  fff80568  fff80591        2a

SECTION=PIntPRG
FILE=.\src\Modules\micon\interrupt_handlers.obj
                                  fff80592  fff806ee       15d
  _Excep_SuperVisorInst
                                  fff80592         2   func ,g         1
  _Excep_AccessInst
                                  fff80594         2   func ,g         1
  _Excep_UndefinedInst
                                  fff80596         2   func ,g         1
  _Excep_FloatingPoint
                                  fff80598         2   func ,g         1
  _NonMaskableInterrupt
                                  fff8059a         2   func ,g         1
  _Dummy
                                  fff8059c         2   func ,g        13
  _Excep_BRK
                                  fff8059e         f   func ,g         0
  _Excep_BSC_BUSERR
                                  fff805ad         2   func ,g         0
  _Excep_FCU_FIFERR
                                  fff805af         2   func ,g         0
  _Excep_FCU_FRDYI
                                  fff805b1         2   func ,g         0
  _Excep_ICU_SWINT
                                  fff805b3         2   func ,g         0
  _Excep_CMT1_CMI1
                                  fff805b5         2   func ,g         0
  _Excep_CMT2_CMI2
                                  fff805b7         2   func ,g         0
  _Excep_CMT3_CMI3
                                  fff805b9         2   func ,g         0
  _Excep_USB0_D0FIFO0
                                  fff805bb         2   func ,g         0
  _Excep_USB0_D1FIFO0
                                  fff805bd         2   func ,g         0
  _Excep_USB0_USBI0
                                  fff805bf         2   func ,g         0
  _Excep_CAC_FERRF
                                  fff805c1         2   func ,g         0
  _Excep_CAC_MENDF
                                  fff805c3         2   func ,g         0
  _Excep_CAC_OVFF
                                  fff805c5         2   func ,g         0
  _Excep_RSPI0_SPRI0
                                  fff805c7         2   func ,g         0
  _Excep_RSPI0_SPTI0
                                  fff805c9         2   func ,g         0
  _Excep_RSPI0_SPII0
                                  fff805cb         2   func ,g         0
  _Excep_RSPI1_SPRI1
                                  fff805cd         2   func ,g         0
  _Excep_RSPI1_SPTI1
                                  fff805cf         2   func ,g         0
  _Excep_RSPI1_SPII1
                                  fff805d1         2   func ,g         0
  _Excep_CAN1_RXF1
                                  fff805d3         2   func ,g         0
  _Excep_CAN1_TXF1
                                  fff805d5         2   func ,g         0
  _Excep_CAN1_RXM1
                                  fff805d7         2   func ,g         0
  _Excep_CAN1_TXM1
                                  fff805d9         2   func ,g         0
  _Excep_GPT7_GTCIA7
                                  fff805db         2   func ,g         0
  _Excep_GPT7_GTCIB7
                                  fff805dd         2   func ,g         0
  _Excep_GPT7_GTCIC7
                                  fff805df         2   func ,g         0
  _Excep_GPT7_GTCIE7
                                  fff805e1         2   func ,g         0
  _Excep_GPT7_GTCIV7
                                  fff805e3         2   func ,g         0
  _Excep_CMP_CMP4
                                  fff805e5         2   func ,g         0
  _Excep_CMP_CMP5
                                  fff805e7         2   func ,g         0
  _Excep_CMP_CMP6
                                  fff805e9         2   func ,g         0
  _Excep_DOC_DOPCF
                                  fff805eb         2   func ,g         0
  _Excep_DPC_RBI0
                                  fff805ed         2   func ,g         0
  _Excep_DPC_RBI1
                                  fff805ef         2   func ,g         0
  _Excep_DPC_RBI2
                                  fff805f1         2   func ,g         0
  _Excep_DPC_RBI3
                                  fff805f3         2   func ,g         0
  _Excep_DPC_RBI4
                                  fff805f5         2   func ,g         0
  _Excep_ICU_IRQ0
                                  fff805f7         2   func ,g         0
  _Excep_ICU_IRQ1
                                  fff805f9         2   func ,g         0
  _Excep_ICU_IRQ2
                                  fff805fb         2   func ,g         0
  _Excep_ICU_IRQ3
                                  fff805fd         2   func ,g         0
  _Excep_ICU_IRQ4
                                  fff805ff         2   func ,g         0
  _Excep_ICU_IRQ5
                                  fff80601         2   func ,g         0
  _Excep_ICU_IRQ6
                                  fff80603         2   func ,g         0
  _Excep_ICU_IRQ7
                                  fff80605         2   func ,g         0
  _Excep_USB_USBR0
                                  fff80607         2   func ,g         0
  _Excep_AD_ADI0
                                  fff80609         2   func ,g         0
  _Excep_S12AD_S12GBADI
                                  fff8060b         2   func ,g         0
  _Excep_S12AD1_S12GBADI1
                                  fff8060d         2   func ,g         0
  _Excep_ICU_GROUP0
                                  fff8060f         2   func ,g         0
  _Excep_ICU_GROUP12
                                  fff80611         2   func ,g         0
  _Excep_SCI12_SCIX0
                                  fff80613         2   func ,g         0
  _Excep_SCI12_SCIX1
                                  fff80615         2   func ,g         0
  _Excep_SCI12_SCIX2
                                  fff80617         2   func ,g         0
  _Excep_SCI12_SCIX3
                                  fff80619         2   func ,g         0
  _Excep_MTU0_TGIA0
                                  fff8061b         2   func ,g         0
  _Excep_MTU0_TGIB0
                                  fff8061d         2   func ,g         0
  _Excep_MTU0_TGIC0
                                  fff8061f         2   func ,g         0
  _Excep_MTU0_TGID0
                                  fff80621         2   func ,g         0
  _Excep_MTU0_TCIV0
                                  fff80623         2   func ,g         0
  _Excep_MTU0_TGIE0
                                  fff80625         2   func ,g         0
  _Excep_MTU0_TGIF0
                                  fff80627         2   func ,g         0
  _Excep_MTU1_TGIA1
                                  fff80629         2   func ,g         0
  _Excep_MTU1_TGIB1
                                  fff8062b         2   func ,g         0
  _Excep_MTU1_TCIV1
                                  fff8062d         2   func ,g         0
  _Excep_MTU1_TCIU1
                                  fff8062f         2   func ,g         0
  _Excep_MTU2_TGIA2
                                  fff80631         2   func ,g         0
  _Excep_MTU2_TGIB2
                                  fff80633         2   func ,g         0
  _Excep_MTU2_TCIV2
                                  fff80635         2   func ,g         0
  _Excep_MTU2_TCIU2
                                  fff80637         2   func ,g         0
  _Excep_MTU3_TGIA3
                                  fff80639         2   func ,g         0
  _Excep_MTU3_TGIB3
                                  fff8063b         2   func ,g         0
  _Excep_MTU3_TGIC3
                                  fff8063d         2   func ,g         0
  _Excep_MTU3_TGID3
                                  fff8063f         2   func ,g         0
  _Excep_MTU3_TCIV3
                                  fff80641         2   func ,g         0
  _Excep_MTU4_TGIA4
                                  fff80643         2   func ,g         0
  _Excep_MTU4_TGIB4
                                  fff80645         2   func ,g         0
  _Excep_MTU4_TGIC4
                                  fff80647         2   func ,g         0
  _Excep_MTU4_TGID4
                                  fff80649         2   func ,g         0
  _Excep_MTU4_TCIV4
                                  fff8064b         2   func ,g         0
  _Excep_MTU5_TGIU5
                                  fff8064d         2   func ,g         0
  _Excep_MTU5_TGIV5
                                  fff8064f         2   func ,g         0
  _Excep_MTU5_TGIW5
                                  fff80651         2   func ,g         0
  _Excep_MTU6_TGIA6
                                  fff80653         2   func ,g         0
  _Excep_MTU6_TGIB6
                                  fff80655         2   func ,g         0
  _Excep_MTU6_TGIC6
                                  fff80657         2   func ,g         0
  _Excep_MTU6_TGID6
                                  fff80659         2   func ,g         0
  _Excep_MTU6_TCIV6
                                  fff8065b         2   func ,g         0
  _Excep_MTU7_TGIA7
                                  fff8065d         2   func ,g         0
  _Excep_MTU7_TGIB7
                                  fff8065f         2   func ,g         0
  _Excep_MTU7_TGIC7
                                  fff80661         2   func ,g         0
  _Excep_MTU7_TGID7
                                  fff80663         2   func ,g         0
  _Excep_MTU7_TCIV7
                                  fff80665         2   func ,g         0
  _Excep_POE_OEI1
                                  fff80667         2   func ,g         0
  _Excep_POE_OEI2
                                  fff80669         2   func ,g         0
  _Excep_POE_OEI3
                                  fff8066b         2   func ,g         0
  _Excep_POE_OEI4
                                  fff8066d         2   func ,g         0
  _Excep_POE_OEI5
                                  fff8066f         2   func ,g         0
  _Excep_CMP_CMP0
                                  fff80671         2   func ,g         0
  _Excep_CMP_CMP1
                                  fff80673         2   func ,g         0
  _Excep_CMP_CMP2
                                  fff80675         2   func ,g         0
  _Excep_GPT4_GTCIA4
                                  fff80677         2   func ,g         0
  _Excep_GPT4_GTCIB4
                                  fff80679         2   func ,g         0
  _Excep_GPT4_GTCIC4
                                  fff8067b         2   func ,g         0
  _Excep_GPT4_GTCIE4
                                  fff8067d         2   func ,g         0
  _Excep_GPT4_GTCIV4
                                  fff8067f         2   func ,g         0
  _Excep_GPT4_LOCOI4
                                  fff80681         2   func ,g         0
  _Excep_GPT5_GTCIA5
                                  fff80683         2   func ,g         0
  _Excep_GPT5_GTCIB5
                                  fff80685         2   func ,g         0
  _Excep_GPT5_GTCIC5
                                  fff80687         2   func ,g         0
  _Excep_GPT5_GTCIE5
                                  fff80689         2   func ,g         0
  _Excep_GPT5_GTCIV5
                                  fff8068b         2   func ,g         0
  _Excep_GPT6_GTCIA6
                                  fff8068d         2   func ,g         0
  _Excep_GPT6_GTCIB6
                                  fff8068f         2   func ,g         0
  _Excep_GPT6_GTCIC6
                                  fff80691         2   func ,g         0
  _Excep_GPT6_GTCIE6
                                  fff80693         2   func ,g         0
  _Excep_GPT6_GTCIV6
                                  fff80695         2   func ,g         0
  _Excep_RIIC1_EEI1
                                  fff80697         2   func ,g         0
  _Excep_RIIC1_RXI1
                                  fff80699         2   func ,g         0
  _Excep_RIIC1_TXI1
                                  fff8069b         2   func ,g         0
  _Excep_RIIC1_TEI1
                                  fff8069d         2   func ,g         0
  _Excep_RIIC0_EEI0
                                  fff8069f         2   func ,g         0
  _Excep_RIIC0_RXI0
                                  fff806a1         2   func ,g         0
  _Excep_RIIC0_TXI0
                                  fff806a3         2   func ,g         0
  _Excep_RIIC0_TEI0
                                  fff806a5         2   func ,g         0
  _Excep_DMAC_DMAC0I
                                  fff806a7         2   func ,g         0
  _Excep_DMAC_DMAC1I
                                  fff806a9         2   func ,g         0
  _Excep_DMAC_DMAC2I
                                  fff806ab         2   func ,g         0
  _Excep_DMAC_DMAC3I
                                  fff806ad         2   func ,g         0
  _Excep_SCI0_TEI0
                                  fff806af         2   func ,g         0
  _Excep_SCI1_TEI1
                                  fff806b1         2   func ,g         0
  _Excep_SCI2_RXI2
                                  fff806b3         2   func ,g         0
  _Excep_SCI2_TXI2
                                  fff806b5         2   func ,g         0
  _Excep_SCI2_TEI2
                                  fff806b7         2   func ,g         0
  _Excep_SCI3_RXI3
                                  fff806b9         2   func ,g         0
  _Excep_SCI3_TXI3
                                  fff806bb         2   func ,g         0
  _Excep_SCI3_TEI3
                                  fff806bd         2   func ,g         0
  _Excep_GPT0_GTCIA0
                                  fff806bf         2   func ,g         0
  _Excep_GPT0_GTCIB0
                                  fff806c1         2   func ,g         0
  _Excep_GPT0_GTCIC0
                                  fff806c3         2   func ,g         0
  _Excep_GPT0_GTCIE0
                                  fff806c5         2   func ,g         0
  _Excep_GPT0_GTCIV0
                                  fff806c7         2   func ,g         0
  _Excep_GPT0_LOCOI0
                                  fff806c9         2   func ,g         0
  _Excep_GPT1_GTCIA1
                                  fff806cb         2   func ,g         0
  _Excep_GPT1_GTCIB1
                                  fff806cd         2   func ,g         0
  _Excep_GPT1_GTCIC1
                                  fff806cf         2   func ,g         0
  _Excep_GPT1_GTCIE1
                                  fff806d1         2   func ,g         0
  _Excep_GPT1_GTCIV1
                                  fff806d3         2   func ,g         0
  _Excep_GPT2_GTCIA2
                                  fff806d5         2   func ,g         0
  _Excep_GPT2_GTCIB2
                                  fff806d7         2   func ,g         0
  _Excep_GPT2_GTCIC2
                                  fff806d9         2   func ,g         0
  _Excep_GPT2_GTCIE2
                                  fff806db         2   func ,g         0
  _Excep_GPT2_GTCIV2
                                  fff806dd         2   func ,g         0
  _Excep_GPT3_GTCIA3
                                  fff806df         2   func ,g         0
  _Excep_GPT3_GTCIB3
                                  fff806e1         2   func ,g         0
  _Excep_GPT3_GTCIC3
                                  fff806e3         2   func ,g         0
  _Excep_GPT3_GTCIE3
                                  fff806e5         2   func ,g         0
  _Excep_GPT3_GTCIV3
                                  fff806e7         2   func ,g         0
  _Excep_SCI12_RXI12
                                  fff806e9         2   func ,g         0
  _Excep_SCI12_TXI12
                                  fff806eb         2   func ,g         0
  _Excep_SCI12_TEI12
                                  fff806ed         2   func ,g         0

SECTION=P
FILE=.\src\startup\hardware_setup.obj
                                  fff806ef  fff80856       168
  _HardwareSetup
                                  fff806ef        a3   func ,g         1
  _wait
                                  fff80792        c5   func ,g         2
FILE=.\src\startup\sbrk.obj
                                  fff80857  fff80892        3c
  _sbrk
                                  fff80857        3c   func ,g         0
FILE=.\src\matSystem\BatteryCheck.obj
                                  fff80893  fff80942        b0
  BatteryCheck()
                                  fff80893        b0   func ,g         1
FILE=.\src\matSystem\Connecter.obj
                                  fff80943  fff80cf0       3ae
  __Connecter_Activate
                                  fff80943         5   func ,g         1
  __Connecter_Recieve
                                  fff80948        72   func ,g         1
  __Connecter_Transmit
                                  fff809ba        6f   func ,g         1
  _Decipher
                                  fff80a29       150   func ,l         1
  _Connecter_Send
                                  fff80b79        7d   func ,g         7
  _Connecter_SendFloat
                                  fff80bf6        6d   func ,g         c
  _Connecter_SendInt
                                  fff80c63        27   func ,g         0
  _Execute
                                  fff80c8a        3d   func ,l         1
  _Connecter_InputToHardwarePort
                                  fff80cc7        17   func ,g         1
  _Connecter_RegistHardwarePort
                                  fff80cde        13   func ,g         1
FILE=.\src\matSystem\Main.obj
                                  fff80cf1  fff80d6a        7a
  _main
                                  fff80cf1        2f   func ,g         1
  Timer1_Callback()
                                  fff80d20        4a   func ,l         1
  _abort
                                  fff80d6a         1   func ,g         1
FILE=.\src\matSystem\System.obj
                                  fff80d6b  fff80d8f        25
  System_ClockStart()
                                  fff80d6b         a   func ,g         1
  _System_Loop()
                                  fff80d75        1b   func ,g         1
FILE=.\src\UserApplication\App.obj
                                  fff80d90  fff80f69       1da
  _Initialize
                                  fff80d90        43   func ,g         1
  _MainLoop
                                  fff80dd3         1   func ,g         1
  BluetoothCallback(DUALSHOCK3)
                                  fff80dd4       196   func ,l         1
FILE=.\src\Modules\micon\CMT.obj
                                  fff80f6a  fff81029        c0
  _CMT_init
                                  fff80f6a        2d   func ,g         1
  _CMT0_Set
                                  fff80f97        5d   func ,g         4
  _CMT0_Start
                                  fff80ff4         c   func ,g         1
  _Excep_CMT0_CMI0
                                  fff81000        1b   func ,g         0
  _CMT0_Stop
                                  fff8101b         f   func ,g         1
FILE=.\src\Modules\micon\DAa.obj
                                  fff8102a  fff81098        6f
  _DAa_init
                                  fff8102a        55   func ,g         1
  _DA0_SetValue
                                  fff8107f         d   func ,g         1
  _DA1_SetValue
                                  fff8108c         d   func ,g         1
FILE=.\src\Modules\micon\GPT012.obj
                                  fff81099  fff81442       3aa
  _GPT012_init
                                  fff81099       2c0   func ,g         1
  _PWM_M1_set
                                  fff81359        27   func ,g         1
  _PWM_M2_set
                                  fff81380        27   func ,g         1
  _PWM_M3_set
                                  fff813a7        27   func ,g         1
  _PWM_M4_set
                                  fff813ce        27   func ,g         1
  _PWM_M5_set
                                  fff813f5        27   func ,g         1
  _PWM_M6_set
                                  fff8141c        27   func ,g         1
FILE=.\src\Modules\micon\GPT46.obj
                                  fff81443  fff8167a       238
  _GPT46_init
                                  fff81443       167   func ,g         1
  _PWM1_set
                                  fff815aa        4e   func ,g         2
  _PWM1_On
                                  fff815f8         c   func ,g         2
  _PWM1_Off
                                  fff81604         f   func ,g         0
  _BUZZER_set
                                  fff81613        4e   func ,g         c
  _BUZZER_On
                                  fff81661         c   func ,g         8
  _BUZZER_Off
                                  fff8166d         e   func ,g         6
FILE=.\src\Modules\micon\IO.obj
                                  fff8167b  fff81929       2af
  _IO_LED_init
                                  fff8167b         9   func ,g         1
  _LED_STATUS_R
                                  fff81684        18   func ,g         2
  _LED_STATUS_G
                                  fff8169c        18   func ,g         2
  _LED_STATUS_B
                                  fff816b4        19   func ,g         2
  _LED_INFO
                                  fff816cd        19   func ,g         2
  _LED_ERROR
                                  fff816e6        19   func ,g         4
  _IO_Motor_Init
                                  fff816ff        26   func ,g         1
  _ALERT
                                  fff81725        13   func ,g         0
  _STBY
                                  fff81738        19   func ,g         2
  _Motor1_MODE
                                  fff81751        30   func ,g         4
  _Motor2_MODE
                                  fff81781        2e   func ,g         4
  _Motor3_MODE
                                  fff817af        32   func ,g         4
  _Motor4_MODE
                                  fff817e1        31   func ,g         4
  _Motor5_MODE
                                  fff81812        30   func ,g         4
  _Motor6_MODE
                                  fff81842        2f   func ,g         4
  _IO_DIO_Init
                                  fff81871        5b   func ,g         1
  _DIO_1_Out
                                  fff818cc        18   func ,g         2
  _DIO_2_Out
                                  fff818e4        18   func ,g         2
  _DIO_3_Out
                                  fff818fc        16   func ,g         2
  _DIO_4_Out
                                  fff81912        18   func ,g         2
FILE=.\src\Modules\micon\S12ADB.obj
                                  fff8192a  fff81b90       267
  _S12AD_init
                                  fff8192a        ad   func ,g         1
  _S12AD_Sample
                                  fff819d7        1f   func ,g         1
  _Excep_S12AD_S12ADI
                                  fff819f6        38   func ,g         0
  _S12ADB_GetVoltage
                                  fff81a2e        24   func ,g         3
  _S12AD1_init
                                  fff81a52        b5   func ,g         1
  _S12AD1_Sample
                                  fff81b07        1f   func ,g         1
  _Excep_S12AD1_S12ADI1
                                  fff81b26        47   func ,g         0
  _S12AD1_GetVoltage
                                  fff81b6d        24   func ,g         1
FILE=.\src\Modules\micon\SCIc.obj
                                  fff81b91  fff821e7       657
  _uart1_init
                                  fff81b91        d1   func ,g         1
  _uart1_read
                                  fff81c62        61   func ,g         1
  _uart1_send
                                  fff81cc3        53   func ,g         1
  _Excep_SCI1_RXI1
                                  fff81d16        c8   func ,g         0
  _Excep_SCI1_TXI1
                                  fff81dde        6c   func ,g         0
  _uart1_set
                                  fff81e4a        5f   func ,l         2
  _uart1_clear_errorFlag
                                  fff81ea9        16   func ,l         2
  _uart0_init
                                  fff81ebf        cc   func ,g         2
  _uart0_read
                                  fff81f8b        61   func ,g         2
  _uart0_send
                                  fff81fec        53   func ,g         3
  _Excep_SCI0_RXI0
                                  fff8203f        c8   func ,g         0
  _Excep_SCI0_TXI0
                                  fff82107        6c   func ,g         0
  _uart0_set
                                  fff82173        5f   func ,l         2
  _uart0_clear_errorFlag
                                  fff821d2        16   func ,l         2
FILE=.\src\Modules\AnalogIN.obj
                                  fff821e8  fff82215        2e
  _AnalogIN_Activate
                                  fff821e8         5   func ,g         1
  _AnalogIN_Sample
                                  fff821ed         5   func ,g         0
  _AnalogIN_GetVoltage
                                  fff821f2        24   func ,g         0
FILE=.\src\Modules\AnalogOUT.obj
                                  fff82216  fff8226a        55
  _AnalogOUT_Activate
                                  fff82216         5   func ,g         1
  _AnalogOUT1_SetVoltage
                                  fff8221b        28   func ,g         0
  _AnalogOUT2_SetVoltage
                                  fff82243        28   func ,g         0
FILE=.\src\Modules\Battery.obj
                                  fff8226b  fff822ce        64
  __Battery_Activate
                                  fff8226b         5   func ,g         1
  __Battery_Sample
                                  fff82270         5   func ,g         1
  __Battery_GetVoltage1
                                  fff82275        1e   func ,g         1
  __Battery_GetVoltage2
                                  fff82293        1e   func ,g         1
  __Battery_GetVoltage3
                                  fff822b1        1e   func ,g         1
FILE=.\src\Modules\Bluetooth.obj
                                  fff822cf  fff8253e       270
  _Bluetooth_Activate
                                  fff822cf        12   func ,g         1
  __Bluetooth_Loop
                                  fff822e1       153   func ,g         1
  _Bluetooth_CommandIn
                                  fff82434        16   func ,g         1
  _Bluetooth_CommandOut
                                  fff8244a        6f   func ,l         2
  __Bluetooth_Do
                                  fff824b9        6c   func ,g         1
  _Bluetooth_Vibrate1
                                  fff82525         d   func ,g         1
  _Bluetooth_Vibrate2
                                  fff82532         d   func ,g         1
FILE=.\src\Modules\Buzzer.obj
                                  fff8253f  fff8283b       2fd
  _Buzzer_Activate
                                  fff8253f         5   func ,g         1
  __Buzzer_Loop
                                  fff82544       1ad   func ,g         1
  _Buzzer_On
                                  fff826f1        13   func ,g         0
  _Buzzer_Off
                                  fff82704        5d   func ,g         0
  _Buzzer_OneTime
                                  fff82761        36   func ,g         1
  _Buzzer_StepUp
                                  fff82797        29   func ,g         1
  _Buzzer_StepDown
                                  fff827c0        29   func ,g         1
  _Buzzer_Siren1
                                  fff827e9        29   func ,g         1
  _Buzzer_Siren2
                                  fff82812        2a   func ,g         4
FILE=.\src\Modules\DataLogger.obj
                                  fff8283c  fff8293c       101
  _DataLogger_Activate
                                  fff8283c         d   func ,g         1
  __DataLogger_Loop
                                  fff82849        1a   func ,g         1
  __DataLogger_Do
                                  fff82863        19   func ,g         0
  _dataLogger1_Do
                                  fff8287c         8   func ,l         1
  _DataLogger1_DataIn
                                  fff82884        94   func ,g         1
  _DataLogger1_LoggingStart
                                  fff82918        13   func ,g         1
  _DataLogger1_LoggingStop
                                  fff8292b         a   func ,g         2
  _DataLogger_Log
                                  fff82935         8   func ,g         0
FILE=.\src\Modules\DigitalIO.obj
                                  fff8293d  fff8298b        4f
  _DIO_Activate
                                  fff8293d        17   func ,g         1
  _DIO1_On
                                  fff82954         7   func ,g         1
  _DIO1_Off
                                  fff8295b         7   func ,g         1
  _DIO2_On
                                  fff82962         7   func ,g         1
  _DIO2_Off
                                  fff82969         7   func ,g         1
  _DIO3_On
                                  fff82970         7   func ,g         0
  _DIO3_Off
                                  fff82977         7   func ,g         0
  _DIO4_On
                                  fff8297e         7   func ,g         0
  _DIO4_Off
                                  fff82985         7   func ,g         0
FILE=.\src\Modules\LED.obj
                                  fff8298c  fff829d6        4b
  __LED_Activate
                                  fff8298c         5   func ,g         1
  __LED_R_On
                                  fff82991         7   func ,g         0
  __LED_G_On
                                  fff82998         7   func ,g         1
  __LED_B_On
                                  fff8299f         7   func ,g         2
  __LED_Info_On
                                  fff829a6         7   func ,g         1
  __LED_Error_On
                                  fff829ad         7   func ,g         3
  __LED_R_Off
                                  fff829b4         7   func ,g         0
  __LED_G_Off
                                  fff829bb         7   func ,g         0
  __LED_B_Off
                                  fff829c2         7   func ,g         1
  __LED_Info_Off
                                  fff829c9         7   func ,g         1
  __LED_Error_Off
                                  fff829d0         7   func ,g         0
FILE=.\src\Modules\Motor.obj
                                  fff829d7  fff83494       abe
  _Motor_Activate
                                  fff829d7         9   func ,g         1
  _Motor_UnlockSTBY
                                  fff829e0         7   func ,g         1
  _Motor_LockSTBY
                                  fff829e7         7   func ,g         1
  __Motor_Loop
                                  fff829ee       354   func ,g         1
  _Motor1_DutyIn
                                  fff82d42        58   func ,g         2
  _Motor1_DutyOut
                                  fff82d9a        43   func ,l         1
  _Motor2_DutyIn
                                  fff82ddd        5a   func ,g         2
  _Motor2_DutyOut
                                  fff82e37        26   func ,l         1
  _Motor3_DutyIn
                                  fff82e5d        5a   func ,g         2
  _Motor3_DutyOut
                                  fff82eb7        26   func ,l         1
  _Motor4_DutyIn
                                  fff82edd        5a   func ,g         2
  _Motor4_DutyOut
                                  fff82f37        26   func ,l         1
  _Motor5_DutyIn
                                  fff82f5d        5a   func ,g         4
  _Motor5_DutyOut
                                  fff82fb7        26   func ,l         1
  _Motor6_DutyIn
                                  fff82fdd        5a   func ,g         1
  _Motor6_DutyOut
                                  fff83037        26   func ,l         1
  _motor1_SetMode
                                  fff8305d        3e   func ,l         3
  _motor2_SetMode
                                  fff8309b        3e   func ,l         3
  _motor3_SetMode
                                  fff830d9        3e   func ,l         3
  _motor4_SetMode
                                  fff83117        3e   func ,l         3
  _motor5_SetMode
                                  fff83155        3e   func ,l         3
  _motor6_SetMode
                                  fff83193        3e   func ,l         3
  _norm
                                  fff831d1        42   func ,l         6
  __Motor_Do
                                  fff83213        54   func ,g         1
  _motor1_Do
                                  fff83267        7b   func ,l         1
  _motor2_Do
                                  fff832e2        57   func ,l         1
  _motor3_Do
                                  fff83339        57   func ,l         1
  _motor4_Do
                                  fff83390        57   func ,l         1
  _motor5_Do
                                  fff833e7        57   func ,l         1
  _motor6_Do
                                  fff8343e        57   func ,l         1
FILE=.\src\Modules\Servo.obj
                                  fff83495  fff834df        4b
  _Servo_Activate
                                  fff83495        12   func ,g         1
  _Servo1_RotationIn
                                  fff834a7        39   func ,g         2
FILE=.\src\Modules\Timer.obj
                                  fff834e0  fff83594        b5
  __Timer_Activate
                                  fff834e0         5   func ,g         1
  __Timer1_Set
                                  fff834e5        a6   func ,g         1
  __Timer1_Start
                                  fff8358b         5   func ,g         1
  __Timer1_Stop
                                  fff83590         5   func ,g         0
FILE=.\src\Modules\UART.obj
                                  fff83595  fff835de        4a
  __UART1_Activate
                                  fff83595         5   func ,g         1
  __UART1_GetRecievedData
                                  fff8359a        10   func ,g         1
  __UART1_TransmitData
                                  fff835aa        10   func ,g         2
  __UART0_Activate
                                  fff835ba         5   func ,g         0
  __UART0_GetRecievedData
                                  fff835bf        10   func ,g         0
  __UART0_TransmitData
                                  fff835cf        10   func ,g         0
FILE=.\src\DataConverter.obj
                                  fff835df  fff837b6       1d8
  IntParse(unsigned char)
                                  fff835df        53   func ,l         1
  _StringToWORD
                                  fff83632        45   func ,g         1
  _BitsToFloat
                                  fff83677        3a   func ,g         6
  _BitsToInt
                                  fff836b1        40   func ,g         1
  _BitsToDUALSHOCK3
                                  fff836f1        4f   func ,g         1
  _FloatToBits
                                  fff83740        3c   func ,g         1
  _IntToBits
                                  fff8377c        3b   func ,g         1
FILE=cppinit
                                  fff837b7  fff837d6        20
  __CALL_INIT
                                  fff837b7        1c   func ,g         1
  __CALL_END
                                  fff837d3         4   func ,g         1
FILE=__initsct
                                  fff837d7  fff83820        4a
  __INITSCT
                                  fff837d7         0   none ,g         1
  loop1
                                  fff837e9         0   none ,l         1
  next_loop1
                                  fff837f7         0   none ,l         2
  loop3
                                  fff83809         0   none ,l         1
  next_loop3
                                  fff8381a         0   none ,l         2
FILE=static_init
                                  fff83821  fff83887        67
  __call_dtors()
                                  fff83821        67   func ,g         1
FILE=dtor_list
                                  fff83888  fff838d1        4a
  __process_needed_destructions()
                                  fff83888        25   func ,g         2
  ___already_marked_for_destruction
                                  fff838ad         6   func ,g         1
  ___record_needed_destruction
                                  fff838b3        1d   func ,g         0
  ___std__needed_destruction_list
                                  fff838d0         2   func ,g         0
FILE=error
                                  fff838d2  fff838d5         4
  ___abort_execution
                                  fff838d2         4   func ,g         1

SECTION=FIXEDVECT
FILE=.\src\Modules\micon\vector_table.obj
                                  ffffff80  ffffffff        80
  _Fixed_Vectors
                                  ffffff80        80   data ,g         0

*** Unfilled Areas ***

AREA                                START    END

*** Delete Symbols ***

SYMBOL                                SIZE    INFO
