Renesas Optimizing Linker (W2.04.00 )             03-Sep-2016 10:52:23

*** Options ***

-subcommand=LinkerSubCommand.tmp
-input="./src/startup/dbsct.obj"
-input="./src/startup/hardware_setup.obj"
-input="./src/startup/reset_program.obj"
-input="./src/startup/sbrk.obj"
-input="./src/matSystem/BatteryCheck.obj"
-input="./src/matSystem/Main.obj"
-input="./src/UserApplication/App.obj"
-input="./src/Modules/micon/CMT.obj"
-input="./src/Modules/micon/DAa.obj"
-input="./src/Modules/micon/GPT012.obj"
-input="./src/Modules/micon/GPT46.obj"
-input="./src/Modules/micon/IO.obj"
-input="./src/Modules/micon/S12ADB.obj"
-input="./src/Modules/micon/SCIc.obj"
-input="./src/Modules/micon/interrupt_handlers.obj"
-input="./src/Modules/micon/vector_table.obj"
-input="./src/Modules/AnalogIN.obj"
-input="./src/Modules/AnalogOUT.obj"
-input="./src/Modules/Battery.obj"
-input="./src/Modules/Bluetooth.obj"
-input="./src/Modules/Buzzer.obj"
-input="./src/Modules/LED.obj"
-input="./src/Modules/Motor.obj"
-input="./src/Modules/Timer.obj"
-start=SU,SI,B_1,R_1,B_2,R_2,B,R/04,PResetPRG,C_1,C_2,C,C$*,D*,W*,L,PIntPRG,P/0FFF80000,FIXEDVECT/0FFFFFF80
-library=C:\Users\MATSUT~1\DOCUME~1\GitHub\ROBOTC~1\HARDWA~2\RobotCore1Framework.lib
-list=RobotCore1Framework.map
-show
-nooptimize
-debug
-output=C:\Users\Matsutomo2\Documents\GitHub\RobotCore1Frameware\HardwareDebug\RobotCore1Framework.abs
-rom=D=R,D_1=R_1,D_2=R_2
-nocompress
-nomessage
-nologo

*** Error information ***

*** Mapping List ***

SECTION                            START      END         SIZE   ALIGN

SU
                                  00000004  00000103       100   4
SI
                                  00000104  00000403       300   4
B_1
                                  00000404  0000040a         7   1
R_1
                                  0000040b  0000040f         5   1
B_2
                                  00000410  0000041d         e   2
R_2
                                  0000041e  00000437        1a   2
B
                                  00000438  0000086f       438   4
R
                                  00000870  00000887        18   4
PResetPRG
                                  fff80000  fff80038        39   1
C_1
                                  fff80039  fff80039         0   1
C_2
                                  fff80039  fff80039         0   1
C
                                  fff8003c  fff8006f        34   4
C$DSEC
                                  fff80070  fff80093        24   4
C$BSEC
                                  fff80094  fff800ab        18   4
C$INIT
                                  fff800ac  fff800ac         0   1
C$VECT
                                  fff800ac  fff804ab       400   4
C$VTBL
                                  fff804ac  fff804ac         0   1
D
                                  fff804ac  fff804c3        18   4
D_1
                                  fff804c4  fff804c8         5   1
D_2
                                  fff804ca  fff804e3        1a   2
W
                                  fff804e4  fff804e4         0   1
W_1
                                  fff804e4  fff804e4         0   1
W_2
                                  fff804e4  fff804e4         0   1
L
                                  fff804e4  fff804e4         0   1
PIntPRG
                                  fff804e4  fff80640       15d   1
P
                                  fff80641  fff824e6      1ea6   1
FIXEDVECT
                                  ffffff80  ffffffff        80   4

*** Symbol List ***

SECTION=
FILE=                               START        END    SIZE
  SYMBOL                            ADDR        SIZE    INFO      COUNTS  OPT

SECTION=SU
FILE=.\src\startup\reset_program.obj
                                  00000004  00000103       100

SECTION=SI
FILE=.\src\startup\reset_program.obj
                                  00000104  00000403       300

SECTION=B_1
FILE=.\src\Modules\micon\SCIc.obj
                                  00000404  00000404         1
  _uart0_data
                                  00000404         1   data ,g         2
FILE=.\src\Modules\Motor.obj
                                  00000405  0000040a         6
  _direction
                                  00000405         6   data ,g        12

SECTION=R_1
FILE=.\src\UserApplication\App.obj
                                  0000040b  0000040b         1
  _i
                                  0000040b         1   data ,g         5
FILE=.\src\Modules\micon\SCIc.obj
                                  0000040c  0000040f         4
  _flag_RXI0
                                  0000040c         1   data ,g         4
  _flag_TXI0
                                  0000040d         1   data ,g         1
  _flag_RXI1
                                  0000040e         1   data ,g         4
  _flag_TXI1
                                  0000040f         1   data ,g         3

SECTION=B_2
FILE=.\src\Modules\micon\S12ADB.obj
                                  00000410  0000041d         e
  _values
                                  00000410         6   data ,g         4
  _values1
                                  00000416         8   data ,g         5

SECTION=R_2
FILE=.\src\UserApplication\App.obj
                                  0000041e  0000042d        10
  _orderBuffer
                                  0000041e        10   data ,g         2
FILE=.\src\Modules\Buzzer.obj
                                  0000042e  00000437         a
  _oneTime
                                  0000042e         2   data ,g         6
  _stepUp
                                  00000430         2   data ,g         6
  _stepDown
                                  00000432         2   data ,g         6
  _siren1
                                  00000434         2   data ,g         7
  _siren1Fq
                                  00000436         2   data ,g         4

SECTION=B
FILE=.\src\startup\sbrk.obj
                                  00000438  00000837       400
  _heap_area
                                  00000438       400   data ,l         2
FILE=.\src\Modules\micon\CMT.obj
                                  00000838  0000083b         4
  _callback1
                                  00000838         4   data ,g         2
FILE=.\src\Modules\Motor.obj
                                  0000083c  0000086b        30
  _trgDuty
                                  0000083c        18   data ,g         7
  _actualDuty
                                  00000854        18   data ,g        16
FILE=dtor_list
                                  0000086c  0000086f         4
  _needed_destruction_head
                                  0000086c         4   data ,l         2

SECTION=R
FILE=.\src\startup\sbrk.obj
                                  00000870  00000873         4
  _brk
                                  00000870         4   data ,l         3
FILE=static_init
                                  00000874  0000087b         8
  _use_patch_info
                                  00000874         4   data ,l         1
  _dtors_done$1
                                  00000878         4   data ,l         1
FILE=munch_dtors
                                  0000087c  0000087f         4
  __dtors
                                  0000087c         4   data ,g         1
FILE=vars
                                  00000880  00000887         8
  __new_handler
                                  00000880         4   data ,g         0
  ___head
                                  00000884         4   data ,g         1

SECTION=PResetPRG
FILE=.\src\startup\reset_program.obj
                                  fff80000  fff80038        39
  _PowerON_Reset_PC
                                  fff80000        39   entry,g         1

SECTION=C
FILE=.\src\startup\dbsct.obj
                                  fff8003c  fff8006f        34
  __CTBL
                                  fff8003c        34   data ,g         0

SECTION=C$DSEC
FILE=.\src\startup\dbsct.obj
                                  fff80070  fff80093        24
  __DTBL
                                  fff80070        24   data ,g         0

SECTION=C$BSEC
FILE=.\src\startup\dbsct.obj
                                  fff80094  fff800ab        18
  __BTBL
                                  fff80094        18   data ,g         0

SECTION=C$VECT
FILE=.\src\startup\dbsct.obj
                                  fff800ac  fff804ab       400

SECTION=D
FILE=.\src\startup\sbrk.obj
                                  fff804ac  fff804af         4
FILE=static_init
                                  fff804b0  fff804b7         8
FILE=munch_dtors
                                  fff804b8  fff804bb         4
FILE=vars
                                  fff804bc  fff804c3         8

SECTION=D_1
FILE=.\src\UserApplication\App.obj
                                  fff804c4  fff804c4         1
FILE=.\src\Modules\micon\SCIc.obj
                                  fff804c5  fff804c8         4

SECTION=D_2
FILE=.\src\UserApplication\App.obj
                                  fff804ca  fff804d9        10
FILE=.\src\Modules\Buzzer.obj
                                  fff804da  fff804e3         a

SECTION=PIntPRG
FILE=.\src\Modules\micon\interrupt_handlers.obj
                                  fff804e4  fff80640       15d
  _Excep_SuperVisorInst
                                  fff804e4         2   func ,g         1
  _Excep_AccessInst
                                  fff804e6         2   func ,g         1
  _Excep_UndefinedInst
                                  fff804e8         2   func ,g         1
  _Excep_FloatingPoint
                                  fff804ea         2   func ,g         1
  _NonMaskableInterrupt
                                  fff804ec         2   func ,g         1
  _Dummy
                                  fff804ee         2   func ,g        13
  _Excep_BRK
                                  fff804f0         f   func ,g         0
  _Excep_BSC_BUSERR
                                  fff804ff         2   func ,g         0
  _Excep_FCU_FIFERR
                                  fff80501         2   func ,g         0
  _Excep_FCU_FRDYI
                                  fff80503         2   func ,g         0
  _Excep_ICU_SWINT
                                  fff80505         2   func ,g         0
  _Excep_CMT1_CMI1
                                  fff80507         2   func ,g         0
  _Excep_CMT2_CMI2
                                  fff80509         2   func ,g         0
  _Excep_CMT3_CMI3
                                  fff8050b         2   func ,g         0
  _Excep_USB0_D0FIFO0
                                  fff8050d         2   func ,g         0
  _Excep_USB0_D1FIFO0
                                  fff8050f         2   func ,g         0
  _Excep_USB0_USBI0
                                  fff80511         2   func ,g         0
  _Excep_CAC_FERRF
                                  fff80513         2   func ,g         0
  _Excep_CAC_MENDF
                                  fff80515         2   func ,g         0
  _Excep_CAC_OVFF
                                  fff80517         2   func ,g         0
  _Excep_RSPI0_SPRI0
                                  fff80519         2   func ,g         0
  _Excep_RSPI0_SPTI0
                                  fff8051b         2   func ,g         0
  _Excep_RSPI0_SPII0
                                  fff8051d         2   func ,g         0
  _Excep_RSPI1_SPRI1
                                  fff8051f         2   func ,g         0
  _Excep_RSPI1_SPTI1
                                  fff80521         2   func ,g         0
  _Excep_RSPI1_SPII1
                                  fff80523         2   func ,g         0
  _Excep_CAN1_RXF1
                                  fff80525         2   func ,g         0
  _Excep_CAN1_TXF1
                                  fff80527         2   func ,g         0
  _Excep_CAN1_RXM1
                                  fff80529         2   func ,g         0
  _Excep_CAN1_TXM1
                                  fff8052b         2   func ,g         0
  _Excep_GPT7_GTCIA7
                                  fff8052d         2   func ,g         0
  _Excep_GPT7_GTCIB7
                                  fff8052f         2   func ,g         0
  _Excep_GPT7_GTCIC7
                                  fff80531         2   func ,g         0
  _Excep_GPT7_GTCIE7
                                  fff80533         2   func ,g         0
  _Excep_GPT7_GTCIV7
                                  fff80535         2   func ,g         0
  _Excep_CMP_CMP4
                                  fff80537         2   func ,g         0
  _Excep_CMP_CMP5
                                  fff80539         2   func ,g         0
  _Excep_CMP_CMP6
                                  fff8053b         2   func ,g         0
  _Excep_DOC_DOPCF
                                  fff8053d         2   func ,g         0
  _Excep_DPC_RBI0
                                  fff8053f         2   func ,g         0
  _Excep_DPC_RBI1
                                  fff80541         2   func ,g         0
  _Excep_DPC_RBI2
                                  fff80543         2   func ,g         0
  _Excep_DPC_RBI3
                                  fff80545         2   func ,g         0
  _Excep_DPC_RBI4
                                  fff80547         2   func ,g         0
  _Excep_ICU_IRQ0
                                  fff80549         2   func ,g         0
  _Excep_ICU_IRQ1
                                  fff8054b         2   func ,g         0
  _Excep_ICU_IRQ2
                                  fff8054d         2   func ,g         0
  _Excep_ICU_IRQ3
                                  fff8054f         2   func ,g         0
  _Excep_ICU_IRQ4
                                  fff80551         2   func ,g         0
  _Excep_ICU_IRQ5
                                  fff80553         2   func ,g         0
  _Excep_ICU_IRQ6
                                  fff80555         2   func ,g         0
  _Excep_ICU_IRQ7
                                  fff80557         2   func ,g         0
  _Excep_USB_USBR0
                                  fff80559         2   func ,g         0
  _Excep_AD_ADI0
                                  fff8055b         2   func ,g         0
  _Excep_S12AD_S12GBADI
                                  fff8055d         2   func ,g         0
  _Excep_S12AD1_S12GBADI1
                                  fff8055f         2   func ,g         0
  _Excep_ICU_GROUP0
                                  fff80561         2   func ,g         0
  _Excep_ICU_GROUP12
                                  fff80563         2   func ,g         0
  _Excep_SCI12_SCIX0
                                  fff80565         2   func ,g         0
  _Excep_SCI12_SCIX1
                                  fff80567         2   func ,g         0
  _Excep_SCI12_SCIX2
                                  fff80569         2   func ,g         0
  _Excep_SCI12_SCIX3
                                  fff8056b         2   func ,g         0
  _Excep_MTU0_TGIA0
                                  fff8056d         2   func ,g         0
  _Excep_MTU0_TGIB0
                                  fff8056f         2   func ,g         0
  _Excep_MTU0_TGIC0
                                  fff80571         2   func ,g         0
  _Excep_MTU0_TGID0
                                  fff80573         2   func ,g         0
  _Excep_MTU0_TCIV0
                                  fff80575         2   func ,g         0
  _Excep_MTU0_TGIE0
                                  fff80577         2   func ,g         0
  _Excep_MTU0_TGIF0
                                  fff80579         2   func ,g         0
  _Excep_MTU1_TGIA1
                                  fff8057b         2   func ,g         0
  _Excep_MTU1_TGIB1
                                  fff8057d         2   func ,g         0
  _Excep_MTU1_TCIV1
                                  fff8057f         2   func ,g         0
  _Excep_MTU1_TCIU1
                                  fff80581         2   func ,g         0
  _Excep_MTU2_TGIA2
                                  fff80583         2   func ,g         0
  _Excep_MTU2_TGIB2
                                  fff80585         2   func ,g         0
  _Excep_MTU2_TCIV2
                                  fff80587         2   func ,g         0
  _Excep_MTU2_TCIU2
                                  fff80589         2   func ,g         0
  _Excep_MTU3_TGIA3
                                  fff8058b         2   func ,g         0
  _Excep_MTU3_TGIB3
                                  fff8058d         2   func ,g         0
  _Excep_MTU3_TGIC3
                                  fff8058f         2   func ,g         0
  _Excep_MTU3_TGID3
                                  fff80591         2   func ,g         0
  _Excep_MTU3_TCIV3
                                  fff80593         2   func ,g         0
  _Excep_MTU4_TGIA4
                                  fff80595         2   func ,g         0
  _Excep_MTU4_TGIB4
                                  fff80597         2   func ,g         0
  _Excep_MTU4_TGIC4
                                  fff80599         2   func ,g         0
  _Excep_MTU4_TGID4
                                  fff8059b         2   func ,g         0
  _Excep_MTU4_TCIV4
                                  fff8059d         2   func ,g         0
  _Excep_MTU5_TGIU5
                                  fff8059f         2   func ,g         0
  _Excep_MTU5_TGIV5
                                  fff805a1         2   func ,g         0
  _Excep_MTU5_TGIW5
                                  fff805a3         2   func ,g         0
  _Excep_MTU6_TGIA6
                                  fff805a5         2   func ,g         0
  _Excep_MTU6_TGIB6
                                  fff805a7         2   func ,g         0
  _Excep_MTU6_TGIC6
                                  fff805a9         2   func ,g         0
  _Excep_MTU6_TGID6
                                  fff805ab         2   func ,g         0
  _Excep_MTU6_TCIV6
                                  fff805ad         2   func ,g         0
  _Excep_MTU7_TGIA7
                                  fff805af         2   func ,g         0
  _Excep_MTU7_TGIB7
                                  fff805b1         2   func ,g         0
  _Excep_MTU7_TGIC7
                                  fff805b3         2   func ,g         0
  _Excep_MTU7_TGID7
                                  fff805b5         2   func ,g         0
  _Excep_MTU7_TCIV7
                                  fff805b7         2   func ,g         0
  _Excep_POE_OEI1
                                  fff805b9         2   func ,g         0
  _Excep_POE_OEI2
                                  fff805bb         2   func ,g         0
  _Excep_POE_OEI3
                                  fff805bd         2   func ,g         0
  _Excep_POE_OEI4
                                  fff805bf         2   func ,g         0
  _Excep_POE_OEI5
                                  fff805c1         2   func ,g         0
  _Excep_CMP_CMP0
                                  fff805c3         2   func ,g         0
  _Excep_CMP_CMP1
                                  fff805c5         2   func ,g         0
  _Excep_CMP_CMP2
                                  fff805c7         2   func ,g         0
  _Excep_GPT4_GTCIA4
                                  fff805c9         2   func ,g         0
  _Excep_GPT4_GTCIB4
                                  fff805cb         2   func ,g         0
  _Excep_GPT4_GTCIC4
                                  fff805cd         2   func ,g         0
  _Excep_GPT4_GTCIE4
                                  fff805cf         2   func ,g         0
  _Excep_GPT4_GTCIV4
                                  fff805d1         2   func ,g         0
  _Excep_GPT4_LOCOI4
                                  fff805d3         2   func ,g         0
  _Excep_GPT5_GTCIA5
                                  fff805d5         2   func ,g         0
  _Excep_GPT5_GTCIB5
                                  fff805d7         2   func ,g         0
  _Excep_GPT5_GTCIC5
                                  fff805d9         2   func ,g         0
  _Excep_GPT5_GTCIE5
                                  fff805db         2   func ,g         0
  _Excep_GPT5_GTCIV5
                                  fff805dd         2   func ,g         0
  _Excep_GPT6_GTCIA6
                                  fff805df         2   func ,g         0
  _Excep_GPT6_GTCIB6
                                  fff805e1         2   func ,g         0
  _Excep_GPT6_GTCIC6
                                  fff805e3         2   func ,g         0
  _Excep_GPT6_GTCIE6
                                  fff805e5         2   func ,g         0
  _Excep_GPT6_GTCIV6
                                  fff805e7         2   func ,g         0
  _Excep_RIIC1_EEI1
                                  fff805e9         2   func ,g         0
  _Excep_RIIC1_RXI1
                                  fff805eb         2   func ,g         0
  _Excep_RIIC1_TXI1
                                  fff805ed         2   func ,g         0
  _Excep_RIIC1_TEI1
                                  fff805ef         2   func ,g         0
  _Excep_RIIC0_EEI0
                                  fff805f1         2   func ,g         0
  _Excep_RIIC0_RXI0
                                  fff805f3         2   func ,g         0
  _Excep_RIIC0_TXI0
                                  fff805f5         2   func ,g         0
  _Excep_RIIC0_TEI0
                                  fff805f7         2   func ,g         0
  _Excep_DMAC_DMAC0I
                                  fff805f9         2   func ,g         0
  _Excep_DMAC_DMAC1I
                                  fff805fb         2   func ,g         0
  _Excep_DMAC_DMAC2I
                                  fff805fd         2   func ,g         0
  _Excep_DMAC_DMAC3I
                                  fff805ff         2   func ,g         0
  _Excep_SCI0_TEI0
                                  fff80601         2   func ,g         0
  _Excep_SCI1_TEI1
                                  fff80603         2   func ,g         0
  _Excep_SCI2_RXI2
                                  fff80605         2   func ,g         0
  _Excep_SCI2_TXI2
                                  fff80607         2   func ,g         0
  _Excep_SCI2_TEI2
                                  fff80609         2   func ,g         0
  _Excep_SCI3_RXI3
                                  fff8060b         2   func ,g         0
  _Excep_SCI3_TXI3
                                  fff8060d         2   func ,g         0
  _Excep_SCI3_TEI3
                                  fff8060f         2   func ,g         0
  _Excep_GPT0_GTCIA0
                                  fff80611         2   func ,g         0
  _Excep_GPT0_GTCIB0
                                  fff80613         2   func ,g         0
  _Excep_GPT0_GTCIC0
                                  fff80615         2   func ,g         0
  _Excep_GPT0_GTCIE0
                                  fff80617         2   func ,g         0
  _Excep_GPT0_GTCIV0
                                  fff80619         2   func ,g         0
  _Excep_GPT0_LOCOI0
                                  fff8061b         2   func ,g         0
  _Excep_GPT1_GTCIA1
                                  fff8061d         2   func ,g         0
  _Excep_GPT1_GTCIB1
                                  fff8061f         2   func ,g         0
  _Excep_GPT1_GTCIC1
                                  fff80621         2   func ,g         0
  _Excep_GPT1_GTCIE1
                                  fff80623         2   func ,g         0
  _Excep_GPT1_GTCIV1
                                  fff80625         2   func ,g         0
  _Excep_GPT2_GTCIA2
                                  fff80627         2   func ,g         0
  _Excep_GPT2_GTCIB2
                                  fff80629         2   func ,g         0
  _Excep_GPT2_GTCIC2
                                  fff8062b         2   func ,g         0
  _Excep_GPT2_GTCIE2
                                  fff8062d         2   func ,g         0
  _Excep_GPT2_GTCIV2
                                  fff8062f         2   func ,g         0
  _Excep_GPT3_GTCIA3
                                  fff80631         2   func ,g         0
  _Excep_GPT3_GTCIB3
                                  fff80633         2   func ,g         0
  _Excep_GPT3_GTCIC3
                                  fff80635         2   func ,g         0
  _Excep_GPT3_GTCIE3
                                  fff80637         2   func ,g         0
  _Excep_GPT3_GTCIV3
                                  fff80639         2   func ,g         0
  _Excep_SCI12_RXI12
                                  fff8063b         2   func ,g         0
  _Excep_SCI12_TXI12
                                  fff8063d         2   func ,g         0
  _Excep_SCI12_TEI12
                                  fff8063f         2   func ,g         0

SECTION=P
FILE=.\src\startup\hardware_setup.obj
                                  fff80641  fff807a8       168
  _HardwareSetup
                                  fff80641        a3   func ,g         1
  _wait
                                  fff806e4        c5   func ,g         2
FILE=.\src\startup\sbrk.obj
                                  fff807a9  fff807e4        3c
  _sbrk
                                  fff807a9        3c   func ,g         0
FILE=.\src\matSystem\BatteryCheck.obj
                                  fff807e5  fff80853        6f
  BatteryCheck()
                                  fff807e5        6f   func ,g         1
FILE=.\src\matSystem\Main.obj
                                  fff80854  fff80890        3d
  _main
                                  fff80854        2b   func ,g         1
  Timer1_Caooback()
                                  fff8087f        11   func ,l         1
  _abort
                                  fff80890         1   func ,g         1
FILE=.\src\UserApplication\App.obj
                                  fff80891  fff80a58       1c8
  _Initialize
                                  fff80891        1d   func ,g         1
  _MainLoop
                                  fff808ae        6f   func ,g         1
  DecipherAndExecute(short *)
                                  fff8091d       13c   func ,l         1
FILE=.\src\Modules\micon\CMT.obj
                                  fff80a59  fff80b18        c0
  _CMT_init
                                  fff80a59        2d   func ,g         1
  _CMT0_Set
                                  fff80a86        5d   func ,g         4
  _CMT0_Start
                                  fff80ae3         c   func ,g         1
  _Excep_CMT0_CMI0
                                  fff80aef        1b   func ,g         0
  _CMT0_Stop
                                  fff80b0a         f   func ,g         1
FILE=.\src\Modules\micon\DAa.obj
                                  fff80b19  fff80b87        6f
  _DAa_init
                                  fff80b19        55   func ,g         1
  _DA0_SetValue
                                  fff80b6e         d   func ,g         1
  _DA1_SetValue
                                  fff80b7b         d   func ,g         1
FILE=.\src\Modules\micon\GPT012.obj
                                  fff80b88  fff80f31       3aa
  _GPT012_init
                                  fff80b88       2c0   func ,g         1
  _PWM_M1_set
                                  fff80e48        27   func ,g         1
  _PWM_M2_set
                                  fff80e6f        27   func ,g         1
  _PWM_M3_set
                                  fff80e96        27   func ,g         1
  _PWM_M4_set
                                  fff80ebd        27   func ,g         1
  _PWM_M5_set
                                  fff80ee4        27   func ,g         1
  _PWM_M6_set
                                  fff80f0b        27   func ,g         1
FILE=.\src\Modules\micon\GPT46.obj
                                  fff80f32  fff8116b       23a
  _GPT46_init
                                  fff80f32       167   func ,g         1
  _PWM1_set
                                  fff81099        4f   func ,g         0
  _PWM1_On
                                  fff810e8         c   func ,g         0
  _PWM1_Off
                                  fff810f4         f   func ,g         0
  _BUZZER_set
                                  fff81103        4f   func ,g         a
  _BUZZER_On
                                  fff81152         c   func ,g         6
  _BUZZER_Off
                                  fff8115e         e   func ,g         5
FILE=.\src\Modules\micon\IO.obj
                                  fff8116c  fff81361       1f6
  _IO_LED_init
                                  fff8116c         9   func ,g         1
  _LED_STATUS_R
                                  fff81175        19   func ,g         2
  _LED_STATUS_G
                                  fff8118e        19   func ,g         2
  _LED_STATUS_B
                                  fff811a7        19   func ,g         2
  _LED_INFO
                                  fff811c0        18   func ,g         2
  _LED_ERROR
                                  fff811d8        18   func ,g         2
  _IO_Motor_Init
                                  fff811f0        26   func ,g         1
  _ALERT
                                  fff81216        13   func ,g         0
  _STBY
                                  fff81229        19   func ,g         2
  _Motor1_MODE
                                  fff81242        30   func ,g         4
  _Motor2_MODE
                                  fff81272        2e   func ,g         4
  _Motor3_MODE
                                  fff812a0        32   func ,g         4
  _Motor4_MODE
                                  fff812d2        31   func ,g         4
  _Motor5_MODE
                                  fff81303        30   func ,g         4
  _Motor6_MODE
                                  fff81333        2f   func ,g         4
FILE=.\src\Modules\micon\S12ADB.obj
                                  fff81362  fff815c8       267
  _S12AD_init
                                  fff81362        ad   func ,g         1
  _S12AD_Sample
                                  fff8140f        1f   func ,g         1
  _Excep_S12AD_S12ADI
                                  fff8142e        38   func ,g         0
  _S12ADB_GetVoltage
                                  fff81466        24   func ,g         3
  _S12AD1_init
                                  fff8148a        b5   func ,g         1
  _S12AD1_Sample
                                  fff8153f        1f   func ,g         1
  _Excep_S12AD1_S12ADI1
                                  fff8155e        47   func ,g         0
  _S12AD1_GetVoltage
                                  fff815a5        24   func ,g         1
FILE=.\src\Modules\micon\SCIc.obj
                                  fff815c9  fff819f7       42f
  _uart1_init
                                  fff815c9        d1   func ,g         0
  _uart1_read
                                  fff8169a        8f   func ,g         0
  _uart1_send
                                  fff81729        23   func ,g         0
  _Excep_SCI1_RXI1
                                  fff8174c        16   func ,g         0
  _Excep_SCI1_TXI1
                                  fff81762        16   func ,g         0
  _uart1_set
                                  fff81778        5f   func ,l         2
  _uart1_clear_errorFlag
                                  fff817d7        16   func ,l         3
  _uart0_init
                                  fff817ed        cc   func ,g         1
  _uart0_read
                                  fff818b9        9e   func ,g         1
  _Excep_SCI0_RXI0
                                  fff81957        16   func ,g         0
  _Excep_SCI0_TXI0
                                  fff8196d        16   func ,g         0
  _uart0_set
                                  fff81983        5f   func ,l         2
  _uart0_clear_errorFlag
                                  fff819e2        16   func ,l         1
FILE=.\src\Modules\AnalogIN.obj
                                  fff819f8  fff81a25        2e
  _AnalogIN_Activate
                                  fff819f8         5   func ,g         1
  _AnalogIN_Sample
                                  fff819fd         5   func ,g         0
  _AnalogIN_GetVoltage
                                  fff81a02        24   func ,g         0
FILE=.\src\Modules\AnalogOUT.obj
                                  fff81a26  fff81a7a        55
  _AnalogOUT_Activate
                                  fff81a26         5   func ,g         1
  _AnalogOUT1_SetVoltage
                                  fff81a2b        28   func ,g         0
  _AnalogOUT2_SetVoltage
                                  fff81a53        28   func ,g         0
FILE=.\src\Modules\Battery.obj
                                  fff81a7b  fff81ade        64
  __Battery_Activate
                                  fff81a7b         5   func ,g         1
  __Battery_Sample
                                  fff81a80         5   func ,g         1
  __Battery_GetVoltage1
                                  fff81a85        1e   func ,g         1
  __Battery_GetVoltage2
                                  fff81aa3        1e   func ,g         2
  __Battery_GetVoltage3
                                  fff81ac1        1e   func ,g         2
FILE=.\src\Modules\Bluetooth.obj
                                  fff81adf  fff81af1        13
  _Bluetooth_Activate
                                  fff81adf         5   func ,g         1
  _Bluetooth_GetRecieveData
                                  fff81ae4         e   func ,g         1
FILE=.\src\Modules\Buzzer.obj
                                  fff81af2  fff81d4c       25b
  _Buzzer_Activate
                                  fff81af2         5   func ,g         1
  __Buzzer_Loop
                                  fff81af7       135   func ,g         1
  _Buzzer_On
                                  fff81c2c        13   func ,g         1
  _Buzzer_Off
                                  fff81c3f        5d   func ,g         1
  _Buzzer_OneTime
                                  fff81c9c        36   func ,g         0
  _Buzzer_StepUp
                                  fff81cd2        29   func ,g         1
  _Buzzer_StepDown
                                  fff81cfb        29   func ,g         1
  _Buzzer_Siren1
                                  fff81d24        29   func ,g         1
FILE=.\src\Modules\LED.obj
                                  fff81d4d  fff81d97        4b
  __LED_Activate
                                  fff81d4d         5   func ,g         1
  __LED_R_On
                                  fff81d52         7   func ,g         1
  __LED_G_On
                                  fff81d59         7   func ,g         1
  __LED_B_On
                                  fff81d60         7   func ,g         2
  __LED_Info_On
                                  fff81d67         7   func ,g         1
  __LED_Error_On
                                  fff81d6e         7   func ,g         2
  __LED_R_Off
                                  fff81d75         7   func ,g         1
  __LED_G_Off
                                  fff81d7c         7   func ,g         1
  __LED_B_Off
                                  fff81d83         7   func ,g         1
  __LED_Info_Off
                                  fff81d8a         7   func ,g         1
  __LED_Error_Off
                                  fff81d91         7   func ,g         0
FILE=.\src\Modules\Motor.obj
                                  fff81d98  fff82312       57b
  _Motor_Activate
                                  fff81d98         9   func ,g         1
  _Motor_UnlockSTBY
                                  fff81da1         7   func ,g         1
  _Motor_LockSTBY
                                  fff81da8         7   func ,g         1
  __Motor_Loop
                                  fff81daf       35a   func ,g         1
  _Motor1_SetPWM
                                  fff82109         e   func ,g         1
  _Motor2_SetPWM
                                  fff82117         e   func ,g         1
  _Motor3_SetPWM
                                  fff82125         e   func ,g         1
  _Motor4_SetPWM
                                  fff82133         e   func ,g         1
  _Motor5_SetPWM
                                  fff82141         e   func ,g         3
  _Motor6_SetPWM
                                  fff8214f         e   func ,g         0
  _motor1_SetMode
                                  fff8215d        3e   func ,l         3
  _motor2_SetMode
                                  fff8219b        3e   func ,l         3
  _motor3_SetMode
                                  fff821d9        3e   func ,l         3
  _motor4_SetMode
                                  fff82217        3e   func ,l         3
  _motor5_SetMode
                                  fff82255        3e   func ,l         3
  _motor6_SetMode
                                  fff82293        3e   func ,l         3
  _norm
                                  fff822d1        42   func ,l         6
FILE=.\src\Modules\Timer.obj
                                  fff82313  fff823c7        b5
  __Timer_Activate
                                  fff82313         5   func ,g         1
  __Timer1_Set
                                  fff82318        a6   func ,g         1
  __Timer1_Start
                                  fff823be         5   func ,g         1
  __Timer1_Stop
                                  fff823c3         5   func ,g         0
FILE=cppinit
                                  fff823c8  fff823e7        20
  __CALL_INIT
                                  fff823c8        1c   func ,g         1
  __CALL_END
                                  fff823e4         4   func ,g         1
FILE=__initsct
                                  fff823e8  fff82431        4a
  __INITSCT
                                  fff823e8         0   none ,g         1
  loop1
                                  fff823fa         0   none ,l         1
  next_loop1
                                  fff82408         0   none ,l         2
  loop3
                                  fff8241a         0   none ,l         1
  next_loop3
                                  fff8242b         0   none ,l         2
FILE=static_init
                                  fff82432  fff82497        66
  __call_dtors()
                                  fff82432        66   func ,g         1
FILE=dtor_list
                                  fff82498  fff824e2        4b
  __process_needed_destructions()
                                  fff82498        26   func ,g         2
  ___already_marked_for_destruction
                                  fff824be         6   func ,g         1
  ___record_needed_destruction
                                  fff824c4        1d   func ,g         0
  ___std__needed_destruction_list
                                  fff824e1         2   func ,g         0
FILE=error
                                  fff824e3  fff824e6         4
  ___abort_execution
                                  fff824e3         4   func ,g         1

SECTION=FIXEDVECT
FILE=.\src\Modules\micon\vector_table.obj
                                  ffffff80  ffffffff        80
  _Fixed_Vectors
                                  ffffff80        80   data ,g         0

*** Unfilled Areas ***

AREA                                START    END

*** Delete Symbols ***

SYMBOL                                SIZE    INFO
