Renesas Optimizing Linker (W2.04.00 )             28-Sep-2016 16:11:31

*** Options ***

-subcommand=LinkerSubCommand.tmp
-input="./src/startup/dbsct.obj"
-input="./src/startup/hardware_setup.obj"
-input="./src/startup/reset_program.obj"
-input="./src/startup/sbrk.obj"
-input="./src/matSystem/BatteryCheck.obj"
-input="./src/matSystem/Connecter.obj"
-input="./src/matSystem/Main.obj"
-input="./src/matSystem/System.obj"
-input="./src/UserApplication/App.obj"
-input="./src/Modules/micon/CMT.obj"
-input="./src/Modules/micon/DAa.obj"
-input="./src/Modules/micon/GPT012.obj"
-input="./src/Modules/micon/GPT46.obj"
-input="./src/Modules/micon/IO.obj"
-input="./src/Modules/micon/S12ADB.obj"
-input="./src/Modules/micon/SCIc.obj"
-input="./src/Modules/micon/interrupt_handlers.obj"
-input="./src/Modules/micon/vector_table.obj"
-input="./src/Modules/AnalogIN.obj"
-input="./src/Modules/AnalogOUT.obj"
-input="./src/Modules/Battery.obj"
-input="./src/Modules/Bluetooth.obj"
-input="./src/Modules/Buzzer.obj"
-input="./src/Modules/DataLogger.obj"
-input="./src/Modules/DigitalIO.obj"
-input="./src/Modules/LED.obj"
-input="./src/Modules/Motor.obj"
-input="./src/Modules/Servo.obj"
-input="./src/Modules/Timer.obj"
-input="./src/Modules/UART.obj"
-input="./src/DataConverter.obj"
-start=SU,SI,B_1,R_1,B_2,R_2,B,R/04,PResetPRG,C_1,C_2,C,C$*,D*,W*,L,PIntPRG,P/0FFF80000,FIXEDVECT/0FFFFFF80
-library=C:\Users\Reiji\DOCUME~1\GitHub\ROBOTC~1\HARDWA~2\RobotCore1Framework.lib
-list=RobotCore1Framework.map
-show
-nooptimize
-debug
-output=C:\Users\Reiji\Documents\GitHub\RobotCore1Frameware\HardwareDebug\RobotCore1Framework.abs
-rom=D=R,D_1=R_1,D_2=R_2
-nocompress
-nomessage
-nologo

*** Error information ***

*** Mapping List ***

SECTION                            START      END         SIZE   ALIGN

SU
                                  00000004  00000103       100   4
SI
                                  00000104  00000403       300   4
B_1
                                  00000404  0000162f      122c   1
R_1
                                  00001630  00001649        1a   1
B_2
                                  0000164a  00001657         e   2
R_2
                                  00001658  00001691        3a   2
B
                                  00001694  00005cbf      462c   4
R
                                  00005cc0  00005d9b        dc   4
PResetPRG
                                  fff80000  fff80038        39   1
C_1
                                  fff80039  fff80039         0   1
C_2
                                  fff80039  fff80039         0   1
C
                                  fff8003c  fff8006f        34   4
C$DSEC
                                  fff80070  fff80093        24   4
C$BSEC
                                  fff80094  fff800ab        18   4
C$INIT
                                  fff800ac  fff800ac         0   1
C$VECT
                                  fff800ac  fff804ab       400   4
C$VTBL
                                  fff804ac  fff804ac         0   1
D
                                  fff804ac  fff80587        dc   4
D_1
                                  fff80588  fff805a1        1a   1
D_2
                                  fff805a2  fff805db        3a   2
W
                                  fff805dc  fff805dc         0   4
W_1
                                  fff805dc  fff805eb        10   1
W_2
                                  fff805ec  fff805ec         0   2
L
                                  fff805ec  fff8062d        42   4
PIntPRG
                                  fff8062e  fff80788       15b   1
P
                                  fff80789  fff8432c      3ba4   1
FIXEDVECT
                                  ffffff80  ffffffff        80   4

*** Symbol List ***

SECTION=
FILE=                               START        END    SIZE
  SYMBOL                            ADDR        SIZE    INFO      COUNTS  OPT

SECTION=SU
FILE=.\src\startup\reset_program.obj
                                  00000004  00000103       100

SECTION=SI
FILE=.\src\startup\reset_program.obj
                                  00000104  00000403       300

SECTION=B_1
FILE=.\src\matSystem\Connecter.obj
                                  00000404  00000c21       81e
  _trg
                                  00000404         5   data ,g         2
  _command
                                  00000409         5   data ,g         2
  _valueLength
                                  0000040e         5   data ,g         2
  _value
                                  00000413         f   data ,g         2
  _TransmitDataBufferA
                                  00000422       400   data ,g         2
  _TransmitDataBufferB
                                  00000822       400   data ,g         2
FILE=.\src\Modules\micon\SCIc.obj
                                  00000c22  00001621       a00
  _uart1_bufR_A
                                  00000c22       400   data ,g         2
  _uart1_bufR_B
                                  00001022       400   data ,g         2
  _uart0_bufR_A
                                  00001422       100   data ,g         2
  _uart0_bufR_B
                                  00001522       100   data ,g         2
FILE=.\src\Modules\Motor.obj
                                  00001622  00001627         6
  _direction
                                  00001622         6   data ,g        12
FILE=.\src\DataConverter.obj
                                  00001628  0000162f         8
  _bytes
                                  00001628         4   data ,g         5
  _intBytes
                                  0000162c         4   data ,g         5

SECTION=R_1
FILE=.\src\matSystem\Connecter.obj
                                  00001630  00001637         8
  _trg_index
                                  00001630         1   data ,g         4
  _command_index
                                  00001631         1   data ,g         5
  _valueLength_index
                                  00001632         1   data ,g         5
  _lengthOfValue
                                  00001633         1   data ,g         2
  _value_index
                                  00001634         1   data ,g         5
  _BufferA_Count
                                  00001635         1   data ,g         5
  _BufferB_Count
                                  00001636         1   data ,g         5
  _BufferAisSelected
                                  00001637         1   data ,g         4
FILE=.\src\matSystem\Main.obj
                                  00001638  00001638         1
  _timer1_callbackRunning
                                  00001638         1   data ,g         3
FILE=.\src\matSystem\System.obj
                                  00001639  00001639         1
  _count
                                  00001639         1   data ,g         0
FILE=.\src\UserApplication\App.obj
                                  0000163a  00001642         9
  _sumpleCount
                                  0000163a         1   data ,g         3
  _ArmDown
                                  0000163b         1   data ,g         6
  _ArmUpForce
                                  0000163c         1   data ,g         6
  _waitingForStop
                                  0000163d         1   data ,g         4
  _pumpOnL
                                  0000163e         1   data ,g         6
  _pumpOnR
                                  0000163f         1   data ,g         6
  _pumpHold
                                  00001640         1   data ,g         7
  _autoUpCount
                                  00001641         1   data ,g         6
  _isAimMode
                                  00001642         1   data ,g         6
FILE=.\src\Modules\micon\SCIc.obj
                                  00001643  00001646         4
  _flag_RXI0
                                  00001643         1   data ,g         0
  _flag_TXI0
                                  00001644         1   data ,g         0
  _uart1_bufSelect
                                  00001645         1   data ,g         3
  _uart0_bufSelect
                                  00001646         1   data ,g         3
FILE=.\src\Modules\Bluetooth.obj
                                  00001647  00001647         1
  _i
                                  00001647         1   data ,g         8
FILE=.\src\Modules\DataLogger.obj
                                  00001648  00001648         1
  _log1_count
                                  00001648         1   data ,g         3
FILE=.\src\Modules\Motor.obj
                                  00001649  00001649         1
  _motor1_DutyIn_HardwarePortAdress
                                  00001649         1   data ,g         3

SECTION=B_2
FILE=.\src\Modules\micon\S12ADB.obj
                                  0000164a  00001657         e
  _values
                                  0000164a         6   data ,g         4
  _values1
                                  00001650         8   data ,g         5

SECTION=R_2
FILE=.\src\Modules\micon\SCIc.obj
                                  00001658  00001667        10
  _uart1_bufR_index_A
                                  00001658         2   data ,g         4
  _uart1_bufR_index_B
                                  0000165a         2   data ,g         4
  _uart1_bufT_index
                                  0000165c         2   data ,g         6
  _uart1_bufT_maxCount
                                  0000165e         2   data ,g         5
  _uart0_bufR_index_A
                                  00001660         2   data ,g         4
  _uart0_bufR_index_B
                                  00001662         2   data ,g         4
  _uart0_bufT_index
                                  00001664         2   data ,g         6
  _uart0_bufT_maxCount
                                  00001666         2   data ,g         5
FILE=.\src\Modules\Bluetooth.obj
                                  00001668  00001679        12
  _orderBuffer
                                  00001668        10   data ,g         9
  _vibration1count
                                  00001678         2   data ,g         3
FILE=.\src\Modules\Buzzer.obj
                                  0000167a  0000168d        14
  _oneTime
                                  0000167a         2   data ,g         6
  _stepUp
                                  0000167c         2   data ,g         6
  _stepDown
                                  0000167e         2   data ,g         6
  _siren1
                                  00001680         2   data ,g         7
  _siren1Fq
                                  00001682         2   data ,g         4
  _siren2
                                  00001684         2   data ,g         6
  _siren2Fq
                                  00001686         2   data ,g         4
  _lowBattery
                                  00001688         2   data ,g         7
  _lowBatteryFq
                                  0000168a         2   data ,g         5
  _flag
                                  0000168c         2   data ,g         3
FILE=.\src\Modules\DataLogger.obj
                                  0000168e  00001691         4
  _log1_time
                                  0000168e         2   data ,g         2
  _log1_index
                                  00001690         2   data ,g         5

SECTION=B
FILE=.\src\startup\sbrk.obj
                                  00001694  00001a93       400
  _heap_area
                                  00001694       400   data ,l         2
FILE=.\src\matSystem\Connecter.obj
                                  00001a94  00001b13        80
  _Inputs
                                  00001a94        80   data ,g         2
FILE=.\src\UserApplication\App.obj
                                  00001b14  00001ca3       190
  _buffer
                                  00001b14       190   data ,g         4
FILE=.\src\Modules\micon\CMT.obj
                                  00001ca4  00001cab         8
  _callback1
                                  00001ca4         4   data ,g         2
  _callback2
                                  00001ca8         4   data ,g         2
FILE=.\src\Modules\micon\SCIc.obj
                                  00001cac  00001cb3         8
  _uart1_bufT
                                  00001cac         4   data ,g         3
  _uart0_bufT
                                  00001cb0         4   data ,g         3
FILE=.\src\Modules\Bluetooth.obj
                                  00001cb4  00001cbb         8
  _bluetoothRecievedData
                                  00001cb4         4   data ,g         4
  _Callback
                                  00001cb8         4   data ,g         2
FILE=.\src\Modules\DataLogger.obj
                                  00001cbc  00005cbb      4000
  _log1
                                  00001cbc      4000   data ,g         2
FILE=dtor_list
                                  00005cbc  00005cbf         4
  _needed_destruction_head
                                  00005cbc         4   data ,l         2

SECTION=R
FILE=.\src\startup\sbrk.obj
                                  00005cc0  00005cc3         4
  _brk
                                  00005cc0         4   data ,l         3
FILE=.\src\matSystem\Connecter.obj
                                  00005cc4  00005ce3        20
  _Connecter_isConnecting
                                  00005cc4         4   data ,g         3
  _trgRecieved
                                  00005cc8         4   data ,g         5
  _commandRecieved
                                  00005ccc         4   data ,g         5
  _valueLengthRecieved
                                  00005cd0         4   data ,g         5
  _valueRecieved
                                  00005cd4         4   data ,g         5
  _lineRecieved
                                  00005cd8         4   data ,g         4
  _connecter_Recieve_running
                                  00005cdc         4   data ,g         3
  _connecter_send_running
                                  00005ce0         4   data ,g         3
FILE=.\src\matSystem\System.obj
                                  00005ce4  00005ceb         8
  _System_CurrentTime
                                  00005ce4         4   data ,g         8
  _isCounting
                                  00005ce8         4   data ,g         2
FILE=.\src\Modules\Bluetooth.obj
                                  00005cec  00005cf3         8
  _commandOut_State
                                  00005cec         4   data ,g         3
  _commandIn_State
                                  00005cf0         4   data ,g         2
FILE=.\src\Modules\DataLogger.obj
                                  00005cf4  00005cf7         4
  _log1_isLoging
                                  00005cf4         4   data ,g         4
FILE=.\src\Modules\Motor.obj
                                  00005cf8  00005d87        90
  _motor1_DutyIn_State
                                  00005cf8         4   data ,g         0
  _motor2_DutyIn_State
                                  00005cfc         4   data ,g         0
  _motor3_DutyIn_State
                                  00005d00         4   data ,g         0
  _motor4_DutyIn_State
                                  00005d04         4   data ,g         0
  _motor5_DutyIn_State
                                  00005d08         4   data ,g         0
  _motor6_DutyIn_State
                                  00005d0c         4   data ,g         0
  _motor1_AccelerationIn_State
                                  00005d10         4   data ,g         7
  _motor2_AccelerationIn_State
                                  00005d14         4   data ,g         1
  _motor3_AccelerationIn_State
                                  00005d18         4   data ,g         1
  _motor4_AccelerationIn_State
                                  00005d1c         4   data ,g         1
  _motor5_AccelerationIn_State
                                  00005d20         4   data ,g         1
  _motor6_AccelerationIn_State
                                  00005d24         4   data ,g         1
  _motor1_DutyOut_State
                                  00005d28         4   data ,g         3
  _motor2_DutyOut_State
                                  00005d2c         4   data ,g         3
  _motor3_DutyOut_State
                                  00005d30         4   data ,g         3
  _motor4_DutyOut_State
                                  00005d34         4   data ,g         3
  _motor5_DutyOut_State
                                  00005d38         4   data ,g         3
  _motor6_DutyOut_State
                                  00005d3c         4   data ,g         3
  _trgDuty
                                  00005d40        18   data ,g         d
  _acceleration
                                  00005d58        18   data ,g         d
  _actualDuty
                                  00005d70        18   data ,g        16
FILE=static_init
                                  00005d88  00005d8f         8
  _use_patch_info
                                  00005d88         4   data ,l         1
  _dtors_done$1
                                  00005d8c         4   data ,l         1
FILE=munch_dtors
                                  00005d90  00005d93         4
  __dtors
                                  00005d90         4   data ,g         1
FILE=vars
                                  00005d94  00005d9b         8
  __new_handler
                                  00005d94         4   data ,g         0
  ___head
                                  00005d98         4   data ,g         1

SECTION=PResetPRG
FILE=.\src\startup\reset_program.obj
                                  fff80000  fff80038        39
  _PowerON_Reset_PC
                                  fff80000        39   entry,g         1

SECTION=C
FILE=.\src\startup\dbsct.obj
                                  fff8003c  fff8006f        34
  __CTBL
                                  fff8003c        34   data ,g         0

SECTION=C$DSEC
FILE=.\src\startup\dbsct.obj
                                  fff80070  fff80093        24
  __DTBL
                                  fff80070        24   data ,g         0

SECTION=C$BSEC
FILE=.\src\startup\dbsct.obj
                                  fff80094  fff800ab        18
  __BTBL
                                  fff80094        18   data ,g         0

SECTION=C$VECT
FILE=.\src\startup\dbsct.obj
                                  fff800ac  fff804ab       400

SECTION=D
FILE=.\src\startup\sbrk.obj
                                  fff804ac  fff804af         4
FILE=.\src\matSystem\Connecter.obj
                                  fff804b0  fff804cf        20
FILE=.\src\matSystem\System.obj
                                  fff804d0  fff804d7         8
FILE=.\src\Modules\Bluetooth.obj
                                  fff804d8  fff804df         8
FILE=.\src\Modules\DataLogger.obj
                                  fff804e0  fff804e3         4
FILE=.\src\Modules\Motor.obj
                                  fff804e4  fff80573        90
FILE=static_init
                                  fff80574  fff8057b         8
FILE=munch_dtors
                                  fff8057c  fff8057f         4
FILE=vars
                                  fff80580  fff80587         8

SECTION=D_1
FILE=.\src\matSystem\Connecter.obj
                                  fff80588  fff8058f         8
FILE=.\src\matSystem\Main.obj
                                  fff80590  fff80590         1
FILE=.\src\matSystem\System.obj
                                  fff80591  fff80591         1
FILE=.\src\UserApplication\App.obj
                                  fff80592  fff8059a         9
FILE=.\src\Modules\micon\SCIc.obj
                                  fff8059b  fff8059e         4
FILE=.\src\Modules\Bluetooth.obj
                                  fff8059f  fff8059f         1
FILE=.\src\Modules\DataLogger.obj
                                  fff805a0  fff805a0         1
FILE=.\src\Modules\Motor.obj
                                  fff805a1  fff805a1         1

SECTION=D_2
FILE=.\src\Modules\micon\SCIc.obj
                                  fff805a2  fff805b1        10
FILE=.\src\Modules\Bluetooth.obj
                                  fff805b2  fff805c3        12
FILE=.\src\Modules\Buzzer.obj
                                  fff805c4  fff805d7        14
FILE=.\src\Modules\DataLogger.obj
                                  fff805d8  fff805db         4

SECTION=W_1
FILE=.\src\Modules\Motor.obj
                                  fff805dc  fff805e1         6
FILE=.\src\DataConverter.obj
                                  fff805e2  fff805eb         a

SECTION=L
FILE=.\src\matSystem\Connecter.obj
                                  fff805ec  fff805f0         5
FILE=.\src\Modules\Bluetooth.obj
                                  fff805f4  fff80601         e
FILE=.\src\Modules\Motor.obj
                                  fff80604  fff8062d        2a

SECTION=PIntPRG
FILE=.\src\Modules\micon\interrupt_handlers.obj
                                  fff8062e  fff80788       15b
  _Excep_SuperVisorInst
                                  fff8062e         2   func ,g         1
  _Excep_AccessInst
                                  fff80630         2   func ,g         1
  _Excep_UndefinedInst
                                  fff80632         2   func ,g         1
  _Excep_FloatingPoint
                                  fff80634         2   func ,g         1
  _NonMaskableInterrupt
                                  fff80636         2   func ,g         1
  _Dummy
                                  fff80638         2   func ,g        13
  _Excep_BRK
                                  fff8063a         f   func ,g         0
  _Excep_BSC_BUSERR
                                  fff80649         2   func ,g         0
  _Excep_FCU_FIFERR
                                  fff8064b         2   func ,g         0
  _Excep_FCU_FRDYI
                                  fff8064d         2   func ,g         0
  _Excep_ICU_SWINT
                                  fff8064f         2   func ,g         0
  _Excep_CMT2_CMI2
                                  fff80651         2   func ,g         0
  _Excep_CMT3_CMI3
                                  fff80653         2   func ,g         0
  _Excep_USB0_D0FIFO0
                                  fff80655         2   func ,g         0
  _Excep_USB0_D1FIFO0
                                  fff80657         2   func ,g         0
  _Excep_USB0_USBI0
                                  fff80659         2   func ,g         0
  _Excep_CAC_FERRF
                                  fff8065b         2   func ,g         0
  _Excep_CAC_MENDF
                                  fff8065d         2   func ,g         0
  _Excep_CAC_OVFF
                                  fff8065f         2   func ,g         0
  _Excep_RSPI0_SPRI0
                                  fff80661         2   func ,g         0
  _Excep_RSPI0_SPTI0
                                  fff80663         2   func ,g         0
  _Excep_RSPI0_SPII0
                                  fff80665         2   func ,g         0
  _Excep_RSPI1_SPRI1
                                  fff80667         2   func ,g         0
  _Excep_RSPI1_SPTI1
                                  fff80669         2   func ,g         0
  _Excep_RSPI1_SPII1
                                  fff8066b         2   func ,g         0
  _Excep_CAN1_RXF1
                                  fff8066d         2   func ,g         0
  _Excep_CAN1_TXF1
                                  fff8066f         2   func ,g         0
  _Excep_CAN1_RXM1
                                  fff80671         2   func ,g         0
  _Excep_CAN1_TXM1
                                  fff80673         2   func ,g         0
  _Excep_GPT7_GTCIA7
                                  fff80675         2   func ,g         0
  _Excep_GPT7_GTCIB7
                                  fff80677         2   func ,g         0
  _Excep_GPT7_GTCIC7
                                  fff80679         2   func ,g         0
  _Excep_GPT7_GTCIE7
                                  fff8067b         2   func ,g         0
  _Excep_GPT7_GTCIV7
                                  fff8067d         2   func ,g         0
  _Excep_CMP_CMP4
                                  fff8067f         2   func ,g         0
  _Excep_CMP_CMP5
                                  fff80681         2   func ,g         0
  _Excep_CMP_CMP6
                                  fff80683         2   func ,g         0
  _Excep_DOC_DOPCF
                                  fff80685         2   func ,g         0
  _Excep_DPC_RBI0
                                  fff80687         2   func ,g         0
  _Excep_DPC_RBI1
                                  fff80689         2   func ,g         0
  _Excep_DPC_RBI2
                                  fff8068b         2   func ,g         0
  _Excep_DPC_RBI3
                                  fff8068d         2   func ,g         0
  _Excep_DPC_RBI4
                                  fff8068f         2   func ,g         0
  _Excep_ICU_IRQ0
                                  fff80691         2   func ,g         0
  _Excep_ICU_IRQ1
                                  fff80693         2   func ,g         0
  _Excep_ICU_IRQ2
                                  fff80695         2   func ,g         0
  _Excep_ICU_IRQ3
                                  fff80697         2   func ,g         0
  _Excep_ICU_IRQ4
                                  fff80699         2   func ,g         0
  _Excep_ICU_IRQ5
                                  fff8069b         2   func ,g         0
  _Excep_ICU_IRQ6
                                  fff8069d         2   func ,g         0
  _Excep_ICU_IRQ7
                                  fff8069f         2   func ,g         0
  _Excep_USB_USBR0
                                  fff806a1         2   func ,g         0
  _Excep_AD_ADI0
                                  fff806a3         2   func ,g         0
  _Excep_S12AD_S12GBADI
                                  fff806a5         2   func ,g         0
  _Excep_S12AD1_S12GBADI1
                                  fff806a7         2   func ,g         0
  _Excep_ICU_GROUP0
                                  fff806a9         2   func ,g         0
  _Excep_ICU_GROUP12
                                  fff806ab         2   func ,g         0
  _Excep_SCI12_SCIX0
                                  fff806ad         2   func ,g         0
  _Excep_SCI12_SCIX1
                                  fff806af         2   func ,g         0
  _Excep_SCI12_SCIX2
                                  fff806b1         2   func ,g         0
  _Excep_SCI12_SCIX3
                                  fff806b3         2   func ,g         0
  _Excep_MTU0_TGIA0
                                  fff806b5         2   func ,g         0
  _Excep_MTU0_TGIB0
                                  fff806b7         2   func ,g         0
  _Excep_MTU0_TGIC0
                                  fff806b9         2   func ,g         0
  _Excep_MTU0_TGID0
                                  fff806bb         2   func ,g         0
  _Excep_MTU0_TCIV0
                                  fff806bd         2   func ,g         0
  _Excep_MTU0_TGIE0
                                  fff806bf         2   func ,g         0
  _Excep_MTU0_TGIF0
                                  fff806c1         2   func ,g         0
  _Excep_MTU1_TGIA1
                                  fff806c3         2   func ,g         0
  _Excep_MTU1_TGIB1
                                  fff806c5         2   func ,g         0
  _Excep_MTU1_TCIV1
                                  fff806c7         2   func ,g         0
  _Excep_MTU1_TCIU1
                                  fff806c9         2   func ,g         0
  _Excep_MTU2_TGIA2
                                  fff806cb         2   func ,g         0
  _Excep_MTU2_TGIB2
                                  fff806cd         2   func ,g         0
  _Excep_MTU2_TCIV2
                                  fff806cf         2   func ,g         0
  _Excep_MTU2_TCIU2
                                  fff806d1         2   func ,g         0
  _Excep_MTU3_TGIA3
                                  fff806d3         2   func ,g         0
  _Excep_MTU3_TGIB3
                                  fff806d5         2   func ,g         0
  _Excep_MTU3_TGIC3
                                  fff806d7         2   func ,g         0
  _Excep_MTU3_TGID3
                                  fff806d9         2   func ,g         0
  _Excep_MTU3_TCIV3
                                  fff806db         2   func ,g         0
  _Excep_MTU4_TGIA4
                                  fff806dd         2   func ,g         0
  _Excep_MTU4_TGIB4
                                  fff806df         2   func ,g         0
  _Excep_MTU4_TGIC4
                                  fff806e1         2   func ,g         0
  _Excep_MTU4_TGID4
                                  fff806e3         2   func ,g         0
  _Excep_MTU4_TCIV4
                                  fff806e5         2   func ,g         0
  _Excep_MTU5_TGIU5
                                  fff806e7         2   func ,g         0
  _Excep_MTU5_TGIV5
                                  fff806e9         2   func ,g         0
  _Excep_MTU5_TGIW5
                                  fff806eb         2   func ,g         0
  _Excep_MTU6_TGIA6
                                  fff806ed         2   func ,g         0
  _Excep_MTU6_TGIB6
                                  fff806ef         2   func ,g         0
  _Excep_MTU6_TGIC6
                                  fff806f1         2   func ,g         0
  _Excep_MTU6_TGID6
                                  fff806f3         2   func ,g         0
  _Excep_MTU6_TCIV6
                                  fff806f5         2   func ,g         0
  _Excep_MTU7_TGIA7
                                  fff806f7         2   func ,g         0
  _Excep_MTU7_TGIB7
                                  fff806f9         2   func ,g         0
  _Excep_MTU7_TGIC7
                                  fff806fb         2   func ,g         0
  _Excep_MTU7_TGID7
                                  fff806fd         2   func ,g         0
  _Excep_MTU7_TCIV7
                                  fff806ff         2   func ,g         0
  _Excep_POE_OEI1
                                  fff80701         2   func ,g         0
  _Excep_POE_OEI2
                                  fff80703         2   func ,g         0
  _Excep_POE_OEI3
                                  fff80705         2   func ,g         0
  _Excep_POE_OEI4
                                  fff80707         2   func ,g         0
  _Excep_POE_OEI5
                                  fff80709         2   func ,g         0
  _Excep_CMP_CMP0
                                  fff8070b         2   func ,g         0
  _Excep_CMP_CMP1
                                  fff8070d         2   func ,g         0
  _Excep_CMP_CMP2
                                  fff8070f         2   func ,g         0
  _Excep_GPT4_GTCIA4
                                  fff80711         2   func ,g         0
  _Excep_GPT4_GTCIB4
                                  fff80713         2   func ,g         0
  _Excep_GPT4_GTCIC4
                                  fff80715         2   func ,g         0
  _Excep_GPT4_GTCIE4
                                  fff80717         2   func ,g         0
  _Excep_GPT4_GTCIV4
                                  fff80719         2   func ,g         0
  _Excep_GPT4_LOCOI4
                                  fff8071b         2   func ,g         0
  _Excep_GPT5_GTCIA5
                                  fff8071d         2   func ,g         0
  _Excep_GPT5_GTCIB5
                                  fff8071f         2   func ,g         0
  _Excep_GPT5_GTCIC5
                                  fff80721         2   func ,g         0
  _Excep_GPT5_GTCIE5
                                  fff80723         2   func ,g         0
  _Excep_GPT5_GTCIV5
                                  fff80725         2   func ,g         0
  _Excep_GPT6_GTCIA6
                                  fff80727         2   func ,g         0
  _Excep_GPT6_GTCIB6
                                  fff80729         2   func ,g         0
  _Excep_GPT6_GTCIC6
                                  fff8072b         2   func ,g         0
  _Excep_GPT6_GTCIE6
                                  fff8072d         2   func ,g         0
  _Excep_GPT6_GTCIV6
                                  fff8072f         2   func ,g         0
  _Excep_RIIC1_EEI1
                                  fff80731         2   func ,g         0
  _Excep_RIIC1_RXI1
                                  fff80733         2   func ,g         0
  _Excep_RIIC1_TXI1
                                  fff80735         2   func ,g         0
  _Excep_RIIC1_TEI1
                                  fff80737         2   func ,g         0
  _Excep_RIIC0_EEI0
                                  fff80739         2   func ,g         0
  _Excep_RIIC0_RXI0
                                  fff8073b         2   func ,g         0
  _Excep_RIIC0_TXI0
                                  fff8073d         2   func ,g         0
  _Excep_RIIC0_TEI0
                                  fff8073f         2   func ,g         0
  _Excep_DMAC_DMAC0I
                                  fff80741         2   func ,g         0
  _Excep_DMAC_DMAC1I
                                  fff80743         2   func ,g         0
  _Excep_DMAC_DMAC2I
                                  fff80745         2   func ,g         0
  _Excep_DMAC_DMAC3I
                                  fff80747         2   func ,g         0
  _Excep_SCI0_TEI0
                                  fff80749         2   func ,g         0
  _Excep_SCI1_TEI1
                                  fff8074b         2   func ,g         0
  _Excep_SCI2_RXI2
                                  fff8074d         2   func ,g         0
  _Excep_SCI2_TXI2
                                  fff8074f         2   func ,g         0
  _Excep_SCI2_TEI2
                                  fff80751         2   func ,g         0
  _Excep_SCI3_RXI3
                                  fff80753         2   func ,g         0
  _Excep_SCI3_TXI3
                                  fff80755         2   func ,g         0
  _Excep_SCI3_TEI3
                                  fff80757         2   func ,g         0
  _Excep_GPT0_GTCIA0
                                  fff80759         2   func ,g         0
  _Excep_GPT0_GTCIB0
                                  fff8075b         2   func ,g         0
  _Excep_GPT0_GTCIC0
                                  fff8075d         2   func ,g         0
  _Excep_GPT0_GTCIE0
                                  fff8075f         2   func ,g         0
  _Excep_GPT0_GTCIV0
                                  fff80761         2   func ,g         0
  _Excep_GPT0_LOCOI0
                                  fff80763         2   func ,g         0
  _Excep_GPT1_GTCIA1
                                  fff80765         2   func ,g         0
  _Excep_GPT1_GTCIB1
                                  fff80767         2   func ,g         0
  _Excep_GPT1_GTCIC1
                                  fff80769         2   func ,g         0
  _Excep_GPT1_GTCIE1
                                  fff8076b         2   func ,g         0
  _Excep_GPT1_GTCIV1
                                  fff8076d         2   func ,g         0
  _Excep_GPT2_GTCIA2
                                  fff8076f         2   func ,g         0
  _Excep_GPT2_GTCIB2
                                  fff80771         2   func ,g         0
  _Excep_GPT2_GTCIC2
                                  fff80773         2   func ,g         0
  _Excep_GPT2_GTCIE2
                                  fff80775         2   func ,g         0
  _Excep_GPT2_GTCIV2
                                  fff80777         2   func ,g         0
  _Excep_GPT3_GTCIA3
                                  fff80779         2   func ,g         0
  _Excep_GPT3_GTCIB3
                                  fff8077b         2   func ,g         0
  _Excep_GPT3_GTCIC3
                                  fff8077d         2   func ,g         0
  _Excep_GPT3_GTCIE3
                                  fff8077f         2   func ,g         0
  _Excep_GPT3_GTCIV3
                                  fff80781         2   func ,g         0
  _Excep_SCI12_RXI12
                                  fff80783         2   func ,g         0
  _Excep_SCI12_TXI12
                                  fff80785         2   func ,g         0
  _Excep_SCI12_TEI12
                                  fff80787         2   func ,g         0

SECTION=P
FILE=.\src\startup\hardware_setup.obj
                                  fff80789  fff808f0       168
  _HardwareSetup
                                  fff80789        a3   func ,g         1
  _wait
                                  fff8082c        c5   func ,g         2
FILE=.\src\startup\sbrk.obj
                                  fff808f1  fff8092c        3c
  _sbrk
                                  fff808f1        3c   func ,g         0
FILE=.\src\matSystem\BatteryCheck.obj
                                  fff8092d  fff809e0        b4
  BatteryCheck()
                                  fff8092d        b4   func ,g         1
FILE=.\src\matSystem\Connecter.obj
                                  fff809e1  fff80f31       551
  __Connecter_Activate
                                  fff809e1         5   func ,g         1
  __Connecter_Recieve
                                  fff809e6       323   func ,g         1
  __Connecter_Transmit
                                  fff80d09        6f   func ,g         1
  _Connecter_Send
                                  fff80d78        a2   func ,g         a
  _Connecter_SendFloat
                                  fff80e1a        32   func ,g         c
  _Connecter_SendInt
                                  fff80e4c        32   func ,g         0
  _Execute
                                  fff80e7e        8a   func ,l         1
  _Connecter_InputToHardwarePort
                                  fff80f08        17   func ,g         1
  _Connecter_RegistHardwarePort
                                  fff80f1f        13   func ,g         1
FILE=.\src\matSystem\Main.obj
                                  fff80f32  fff80fb0        7f
  _main
                                  fff80f32        33   func ,g         1
  Timer1_Callback()
                                  fff80f65        4b   func ,l         1
  _abort
                                  fff80fb0         1   func ,g         1
FILE=.\src\matSystem\System.obj
                                  fff80fb1  fff80fdb        2b
  _System_ClockStart()
                                  fff80fb1         a   func ,g         1
  _System_Loop()
                                  fff80fbb        1b   func ,g         1
  System_Log(unsigned short)
                                  fff80fd6         6   func ,g         0
FILE=.\src\UserApplication\App.obj
                                  fff80fdc  fff8166b       690
  _Initialize
                                  fff80fdc        58   func ,g         1
  _MainLoop
                                  fff81034         1   func ,g         1
  __SystemClockCallBack
                                  fff81035        52   func ,g         1
  Timer2Callback()
                                  fff81087       1d5   func ,l         1
  BluetoothCallback(DUALSHOCK3)
                                  fff8125c       3e8   func ,l         1
  StartAimMode()
                                  fff81644        16   func ,l         1
  EndAimMode()
                                  fff8165a        12   func ,l         3
FILE=.\src\Modules\micon\CMT.obj
                                  fff8166c  fff817be       153
  _CMT_init
                                  fff8166c        2d   func ,g         1
  _CMT0_Set
                                  fff81699        5d   func ,g         4
  _CMT0_Start
                                  fff816f6         c   func ,g         1
  _Excep_CMT0_CMI0
                                  fff81702        1b   func ,g         0
  _CMT0_Stop
                                  fff8171d         f   func ,g         1
  _CMT1_Set
                                  fff8172c        5d   func ,g         4
  _CMT1_Start
                                  fff81789         c   func ,g         1
  _Excep_CMT1_CMI1
                                  fff81795        1b   func ,g         0
  _CMT1_Stop
                                  fff817b0         f   func ,g         1
FILE=.\src\Modules\micon\DAa.obj
                                  fff817bf  fff8182d        6f
  _DAa_init
                                  fff817bf        55   func ,g         1
  _DA0_SetValue
                                  fff81814         d   func ,g         1
  _DA1_SetValue
                                  fff81821         d   func ,g         1
FILE=.\src\Modules\micon\GPT012.obj
                                  fff8182e  fff81bd7       3aa
  _GPT012_init
                                  fff8182e       2c0   func ,g         1
  _PWM_M1_set
                                  fff81aee        27   func ,g         1
  _PWM_M2_set
                                  fff81b15        27   func ,g         1
  _PWM_M3_set
                                  fff81b3c        27   func ,g         1
  _PWM_M4_set
                                  fff81b63        27   func ,g         1
  _PWM_M5_set
                                  fff81b8a        27   func ,g         1
  _PWM_M6_set
                                  fff81bb1        27   func ,g         1
FILE=.\src\Modules\micon\GPT46.obj
                                  fff81bd8  fff81e0f       238
  _GPT46_init
                                  fff81bd8       167   func ,g         1
  _PWM1_set
                                  fff81d3f        4e   func ,g         2
  _PWM1_On
                                  fff81d8d         c   func ,g         2
  _PWM1_Off
                                  fff81d99         f   func ,g         0
  _BUZZER_set
                                  fff81da8        4e   func ,g         e
  _BUZZER_On
                                  fff81df6         c   func ,g         a
  _BUZZER_Off
                                  fff81e02         e   func ,g         6
FILE=.\src\Modules\micon\IO.obj
                                  fff81e10  fff820be       2af
  _IO_LED_init
                                  fff81e10         9   func ,g         1
  _LED_STATUS_R
                                  fff81e19        18   func ,g         2
  _LED_STATUS_G
                                  fff81e31        18   func ,g         2
  _LED_STATUS_B
                                  fff81e49        19   func ,g         2
  _LED_INFO
                                  fff81e62        19   func ,g         2
  _LED_ERROR
                                  fff81e7b        19   func ,g         4
  _IO_Motor_Init
                                  fff81e94        26   func ,g         1
  _ALERT
                                  fff81eba        13   func ,g         0
  _STBY
                                  fff81ecd        19   func ,g         2
  _Motor1_MODE
                                  fff81ee6        30   func ,g         4
  _Motor2_MODE
                                  fff81f16        2e   func ,g         4
  _Motor3_MODE
                                  fff81f44        32   func ,g         4
  _Motor4_MODE
                                  fff81f76        31   func ,g         4
  _Motor5_MODE
                                  fff81fa7        30   func ,g         4
  _Motor6_MODE
                                  fff81fd7        2f   func ,g         4
  _IO_DIO_Init
                                  fff82006        5b   func ,g         1
  _DIO_1_Out
                                  fff82061        18   func ,g         2
  _DIO_2_Out
                                  fff82079        18   func ,g         2
  _DIO_3_Out
                                  fff82091        16   func ,g         2
  _DIO_4_Out
                                  fff820a7        18   func ,g         2
FILE=.\src\Modules\micon\S12ADB.obj
                                  fff820bf  fff82325       267
  _S12AD_init
                                  fff820bf        ad   func ,g         1
  _S12AD_Sample
                                  fff8216c        1f   func ,g         1
  _Excep_S12AD_S12ADI
                                  fff8218b        38   func ,g         0
  _S12ADB_GetVoltage
                                  fff821c3        24   func ,g         3
  _S12AD1_init
                                  fff821e7        b5   func ,g         1
  _S12AD1_Sample
                                  fff8229c        1f   func ,g         1
  _Excep_S12AD1_S12ADI1
                                  fff822bb        47   func ,g         0
  _S12AD1_GetVoltage
                                  fff82302        24   func ,g         1
FILE=.\src\Modules\micon\SCIc.obj
                                  fff82326  fff8297c       657
  _uart1_init
                                  fff82326        d1   func ,g         1
  _uart1_read
                                  fff823f7        61   func ,g         1
  _uart1_send
                                  fff82458        53   func ,g         1
  _Excep_SCI1_RXI1
                                  fff824ab        c8   func ,g         0
  _Excep_SCI1_TXI1
                                  fff82573        6c   func ,g         0
  _uart1_set
                                  fff825df        5f   func ,l         2
  _uart1_clear_errorFlag
                                  fff8263e        16   func ,l         2
  _uart0_init
                                  fff82654        cc   func ,g         2
  _uart0_read
                                  fff82720        61   func ,g         2
  _uart0_send
                                  fff82781        53   func ,g         4
  _Excep_SCI0_RXI0
                                  fff827d4        c8   func ,g         0
  _Excep_SCI0_TXI0
                                  fff8289c        6c   func ,g         0
  _uart0_set
                                  fff82908        5f   func ,l         2
  _uart0_clear_errorFlag
                                  fff82967        16   func ,l         2
FILE=.\src\Modules\AnalogIN.obj
                                  fff8297d  fff829aa        2e
  _AnalogIN_Activate
                                  fff8297d         5   func ,g         1
  _AnalogIN_Sample
                                  fff82982         5   func ,g         1
  _AnalogIN_GetVoltage
                                  fff82987        24   func ,g         1
FILE=.\src\Modules\AnalogOUT.obj
                                  fff829ab  fff829ff        55
  _AnalogOUT_Activate
                                  fff829ab         5   func ,g         1
  _AnalogOUT1_SetVoltage
                                  fff829b0        28   func ,g         0
  _AnalogOUT2_SetVoltage
                                  fff829d8        28   func ,g         0
FILE=.\src\Modules\Battery.obj
                                  fff82a00  fff82a63        64
  __Battery_Activate
                                  fff82a00         5   func ,g         1
  __Battery_Sample
                                  fff82a05         5   func ,g         1
  __Battery_GetVoltage1
                                  fff82a0a        1e   func ,g         1
  __Battery_GetVoltage2
                                  fff82a28        1e   func ,g         1
  __Battery_GetVoltage3
                                  fff82a46        1e   func ,g         1
FILE=.\src\Modules\Bluetooth.obj
                                  fff82a64  fff82d01       29e
  _Bluetooth_Activate
                                  fff82a64        12   func ,g         1
  __Bluetooth_Loop
                                  fff82a76       177   func ,g         1
  _Bluetooth_CommandIn
                                  fff82bed        16   func ,g         1
  _Bluetooth_CommandOut
                                  fff82c03        6f   func ,l         2
  __Bluetooth_Do
                                  fff82c72        6c   func ,g         1
  _Bluetooth_Vibrate1
                                  fff82cde         d   func ,g         1
  _Bluetooth_Vibrate1Long
                                  fff82ceb         a   func ,g         1
  _Bluetooth_Vibrate2
                                  fff82cf5         d   func ,g         1
FILE=.\src\Modules\Buzzer.obj
                                  fff82d02  fff830d3       3d2
  _Buzzer_Activate
                                  fff82d02         5   func ,g         1
  __Buzzer_Loop
                                  fff82d07       258   func ,g         1
  _Buzzer_On
                                  fff82f5f        13   func ,g         0
  _Buzzer_Off
                                  fff82f72        5d   func ,g         0
  _Buzzer_OneTime
                                  fff82fcf        36   func ,g         4
  _Buzzer_StepUp
                                  fff83005        29   func ,g         2
  _Buzzer_StepDown
                                  fff8302e        29   func ,g         1
  _Buzzer_Siren1
                                  fff83057        29   func ,g         1
  _Buzzer_Siren2
                                  fff83080        2a   func ,g         2
  _Buzzer_LowBattery
                                  fff830aa        2a   func ,g         1
FILE=.\src\Modules\DataLogger.obj
                                  fff830d4  fff831d4       101
  _DataLogger_Activate
                                  fff830d4         d   func ,g         1
  __DataLogger_Loop
                                  fff830e1        1a   func ,g         1
  __DataLogger_Do
                                  fff830fb        19   func ,g         0
  _dataLogger1_Do
                                  fff83114         8   func ,l         1
  _DataLogger1_DataIn
                                  fff8311c        94   func ,g         1
  _DataLogger1_LoggingStart
                                  fff831b0        13   func ,g         1
  _DataLogger1_LoggingStop
                                  fff831c3         a   func ,g         2
  _DataLogger_Log
                                  fff831cd         8   func ,g         0
FILE=.\src\Modules\DigitalIO.obj
                                  fff831d5  fff83223        4f
  _DIO_Activate
                                  fff831d5        17   func ,g         1
  _DIO1_On
                                  fff831ec         7   func ,g         1
  _DIO1_Off
                                  fff831f3         7   func ,g         1
  _DIO2_On
                                  fff831fa         7   func ,g         1
  _DIO2_Off
                                  fff83201         7   func ,g         1
  _DIO3_On
                                  fff83208         7   func ,g         0
  _DIO3_Off
                                  fff8320f         7   func ,g         0
  _DIO4_On
                                  fff83216         7   func ,g         0
  _DIO4_Off
                                  fff8321d         7   func ,g         0
FILE=.\src\Modules\LED.obj
                                  fff83224  fff8326e        4b
  __LED_Activate
                                  fff83224         5   func ,g         1
  __LED_R_On
                                  fff83229         7   func ,g         1
  __LED_G_On
                                  fff83230         7   func ,g         1
  __LED_B_On
                                  fff83237         7   func ,g         2
  __LED_Info_On
                                  fff8323e         7   func ,g         1
  __LED_Error_On
                                  fff83245         7   func ,g         3
  __LED_R_Off
                                  fff8324c         7   func ,g         1
  __LED_G_Off
                                  fff83253         7   func ,g         0
  __LED_B_Off
                                  fff8325a         7   func ,g         1
  __LED_Info_Off
                                  fff83261         7   func ,g         1
  __LED_Error_Off
                                  fff83268         7   func ,g         0
FILE=.\src\Modules\Motor.obj
                                  fff8326f  fff83e3b       bcd
  _Motor_Activate
                                  fff8326f         9   func ,g         1
  _Motor_UnlockSTBY
                                  fff83278         7   func ,g         1
  _Motor_LockSTBY
                                  fff8327f         7   func ,g         1
  __Motor_Loop
                                  fff83286       35a   func ,g         1
  _Motor1_DutyIn
                                  fff835e0        11   func ,g         3
  _Motor1_AccelerationIn
                                  fff835f1        58   func ,g         0
  _Motor1_DutyOut
                                  fff83649        5e   func ,l         1
  _Motor2_DutyIn
                                  fff836a7        12   func ,g         3
  _Motor2_AccelerationIn
                                  fff836b9        5a   func ,g         0
  _Motor2_DutyOut
                                  fff83713        40   func ,l         1
  _Motor3_DutyIn
                                  fff83753        12   func ,g         3
  _Motor3_AccelerationIn
                                  fff83765        5a   func ,g         0
  _Motor3_DutyOut
                                  fff837bf        40   func ,l         1
  _Motor4_DutyIn
                                  fff837ff        12   func ,g         3
  _Motor4_AccelerationIn
                                  fff83811        5a   func ,g         0
  _Motor4_DutyOut
                                  fff8386b        40   func ,l         1
  _Motor5_DutyIn
                                  fff838ab        12   func ,g         a
  _Motor5_AccelerationIn
                                  fff838bd        5a   func ,g         6
  _Motor5_DutyOut
                                  fff83917        40   func ,l         1
  _Motor6_DutyIn
                                  fff83957        12   func ,g         1
  _Motor6_AccelerationIn
                                  fff83969        5a   func ,g         0
  _Motor6_DutyOut
                                  fff839c3        40   func ,l         1
  _motor1_SetMode
                                  fff83a03        3e   func ,l         3
  _motor2_SetMode
                                  fff83a41        3e   func ,l         3
  _motor3_SetMode
                                  fff83a7f        3e   func ,l         3
  _motor4_SetMode
                                  fff83abd        3e   func ,l         3
  _motor5_SetMode
                                  fff83afb        3e   func ,l         3
  _motor6_SetMode
                                  fff83b39        3e   func ,l         3
  _norm
                                  fff83b77        42   func ,l         6
  __Motor_Do
                                  fff83bb9        54   func ,g         1
  _motor1_Do
                                  fff83c0d        7c   func ,l         1
  _motor2_Do
                                  fff83c89        57   func ,l         1
  _motor3_Do
                                  fff83ce0        57   func ,l         1
  _motor4_Do
                                  fff83d37        57   func ,l         1
  _motor5_Do
                                  fff83d8e        57   func ,l         1
  _motor6_Do
                                  fff83de5        57   func ,l         1
FILE=.\src\Modules\Servo.obj
                                  fff83e3c  fff83e86        4b
  _Servo_Activate
                                  fff83e3c        12   func ,g         1
  _Servo1_RotationIn
                                  fff83e4e        39   func ,g         0
FILE=.\src\Modules\Timer.obj
                                  fff83e87  fff83feb       165
  __Timer_Activate
                                  fff83e87         5   func ,g         1
  __Timer1_Set
                                  fff83e8c        a6   func ,g         1
  __Timer1_Start
                                  fff83f32         5   func ,g         1
  __Timer1_Stop
                                  fff83f37         5   func ,g         0
  _Timer2_Set
                                  fff83f3c        a6   func ,g         1
  _Timer2_Start
                                  fff83fe2         5   func ,g         1
  _Timer2_Stop
                                  fff83fe7         5   func ,g         0
FILE=.\src\Modules\UART.obj
                                  fff83fec  fff84035        4a
  __UART1_Activate
                                  fff83fec         5   func ,g         1
  __UART1_GetRecievedData
                                  fff83ff1        10   func ,g         1
  __UART1_TransmitData
                                  fff84001        10   func ,g         2
  __UART0_Activate
                                  fff84011         5   func ,g         0
  __UART0_GetRecievedData
                                  fff84016        10   func ,g         0
  __UART0_TransmitData
                                  fff84026        10   func ,g         0
FILE=.\src\DataConverter.obj
                                  fff84036  fff8420d       1d8
  IntParse(unsigned char)
                                  fff84036        53   func ,l         1
  _StringToWORD
                                  fff84089        45   func ,g         2
  _BitsToFloat
                                  fff840ce        3a   func ,g         6
  _BitsToInt
                                  fff84108        40   func ,g         1
  _BitsToDUALSHOCK3
                                  fff84148        4f   func ,g         1
  _FloatToBits
                                  fff84197        3c   func ,g         1
  _IntToBits
                                  fff841d3        3b   func ,g         1
FILE=cppinit
                                  fff8420e  fff8422d        20
  __CALL_INIT
                                  fff8420e        1c   func ,g         1
  __CALL_END
                                  fff8422a         4   func ,g         1
FILE=__initsct
                                  fff8422e  fff84277        4a
  __INITSCT
                                  fff8422e         0   none ,g         1
  loop1
                                  fff84240         0   none ,l         1
  next_loop1
                                  fff8424e         0   none ,l         2
  loop3
                                  fff84260         0   none ,l         1
  next_loop3
                                  fff84271         0   none ,l         2
FILE=static_init
                                  fff84278  fff842dd        66
  __call_dtors()
                                  fff84278        66   func ,g         1
FILE=dtor_list
                                  fff842de  fff84328        4b
  __process_needed_destructions()
                                  fff842de        26   func ,g         2
  ___already_marked_for_destruction
                                  fff84304         6   func ,g         1
  ___record_needed_destruction
                                  fff8430a        1d   func ,g         0
  ___std__needed_destruction_list
                                  fff84327         2   func ,g         0
FILE=error
                                  fff84329  fff8432c         4
  ___abort_execution
                                  fff84329         4   func ,g         1

SECTION=FIXEDVECT
FILE=.\src\Modules\micon\vector_table.obj
                                  ffffff80  ffffffff        80
  _Fixed_Vectors
                                  ffffff80        80   data ,g         0

*** Unfilled Areas ***

AREA                                START    END

*** Delete Symbols ***

SYMBOL                                SIZE    INFO
