Renesas Optimizing Linker (W2.04.00 )             09-Sep-2016 18:19:42

*** Options ***

-subcommand=LinkerSubCommand.tmp
-input="./src/startup/dbsct.obj"
-input="./src/startup/hardware_setup.obj"
-input="./src/startup/reset_program.obj"
-input="./src/startup/sbrk.obj"
-input="./src/matSystem/BatteryCheck.obj"
-input="./src/matSystem/Connecter.obj"
-input="./src/matSystem/Main.obj"
-input="./src/UserApplication/App.obj"
-input="./src/Modules/micon/CMT.obj"
-input="./src/Modules/micon/DAa.obj"
-input="./src/Modules/micon/GPT012.obj"
-input="./src/Modules/micon/GPT46.obj"
-input="./src/Modules/micon/IO.obj"
-input="./src/Modules/micon/S12ADB.obj"
-input="./src/Modules/micon/SCIc.obj"
-input="./src/Modules/micon/interrupt_handlers.obj"
-input="./src/Modules/micon/vector_table.obj"
-input="./src/Modules/AnalogIN.obj"
-input="./src/Modules/AnalogOUT.obj"
-input="./src/Modules/Battery.obj"
-input="./src/Modules/Bluetooth.obj"
-input="./src/Modules/Buzzer.obj"
-input="./src/Modules/DataLogger.obj"
-input="./src/Modules/LED.obj"
-input="./src/Modules/Motor.obj"
-input="./src/Modules/Servo.obj"
-input="./src/Modules/Timer.obj"
-input="./src/Modules/UART.obj"
-input="./src/DataConverter.obj"
-start=SU,SI,B_1,R_1,B_2,R_2,B,R/04,PResetPRG,C_1,C_2,C,C$*,D*,W*,L,PIntPRG,P/0FFF80000,FIXEDVECT/0FFFFFF80
-library=C:\Users\MATSUT~1\DOCUME~1\GitHub\ROBOTC~1\HARDWA~2\RobotCore1Framework.lib
-list=RobotCore1Framework.map
-show
-nooptimize
-debug
-output=C:\Users\Matsutomo2\Documents\GitHub\RobotCore1Frameware\HardwareDebug\RobotCore1Framework.abs
-rom=D=R,D_1=R_1,D_2=R_2
-nocompress
-nomessage
-nologo

*** Error information ***

*** Mapping List ***

SECTION                            START      END         SIZE   ALIGN

SU
                                  00000004  00000103       100   4
SI
                                  00000104  00000403       300   4
B_1
                                  00000404  00001651      124e   1
R_1
                                  00001652  0000165c         b   1
B_2
                                  0000165e  0000166b         e   2
R_2
                                  0000166c  0000169d        32   2
B
                                  000016a0  00005b6b      44cc   4
R
                                  00005b6c  00005bbb        50   4
PResetPRG
                                  fff80000  fff80038        39   1
C_1
                                  fff80039  fff80039         0   1
C_2
                                  fff80039  fff80039         0   1
C
                                  fff8003c  fff8006f        34   4
C$DSEC
                                  fff80070  fff80093        24   4
C$BSEC
                                  fff80094  fff800ab        18   4
C$INIT
                                  fff800ac  fff800ac         0   1
C$VECT
                                  fff800ac  fff804ab       400   4
C$VTBL
                                  fff804ac  fff804ac         0   1
D
                                  fff804ac  fff804fb        50   4
D_1
                                  fff804fc  fff80506         b   1
D_2
                                  fff80508  fff80539        32   2
W
                                  fff8053c  fff8053c         0   4
W_1
                                  fff8053c  fff8054b        10   1
W_2
                                  fff8054c  fff8054c         0   2
L
                                  fff8054c  fff80585        3a   4
PIntPRG
                                  fff80586  fff806e2       15d   1
P
                                  fff806e3  fff8359b      2eb9   1
FIXEDVECT
                                  ffffff80  ffffffff        80   4

*** Symbol List ***

SECTION=
FILE=                               START        END    SIZE
  SYMBOL                            ADDR        SIZE    INFO      COUNTS  OPT

SECTION=SU
FILE=.\src\startup\reset_program.obj
                                  00000004  00000103       100

SECTION=SI
FILE=.\src\startup\reset_program.obj
                                  00000104  00000403       300

SECTION=B_1
FILE=.\src\matSystem\Connecter.obj
                                  00000404  00000c43       840
  _line
                                  00000404        40   data ,g         a
  _TransmitDataBufferA
                                  00000444       400   data ,g         3
  _TransmitDataBufferB
                                  00000844       400   data ,g         3
FILE=.\src\Modules\micon\SCIc.obj
                                  00000c44  00001643       a00
  _uart1_bufR_A
                                  00000c44       400   data ,g         2
  _uart1_bufR_B
                                  00001044       400   data ,g         2
  _uart0_bufR_A
                                  00001444       100   data ,g         2
  _uart0_bufR_B
                                  00001544       100   data ,g         2
FILE=.\src\Modules\Motor.obj
                                  00001644  00001649         6
  _direction
                                  00001644         6   data ,g        12
FILE=.\src\DataConverter.obj
                                  0000164a  00001651         8
  _bytes
                                  0000164a         4   data ,g         5
  _intBytes
                                  0000164e         4   data ,g         5

SECTION=R_1
FILE=.\src\matSystem\Connecter.obj
                                  00001652  00001655         4
  _line_index
                                  00001652         1   data ,g         5
  _BufferA_Count
                                  00001653         1   data ,g         7
  _BufferB_Count
                                  00001654         1   data ,g         7
  _BufferAisSelected
                                  00001655         1   data ,g         5
FILE=.\src\Modules\micon\SCIc.obj
                                  00001656  00001659         4
  _flag_RXI0
                                  00001656         1   data ,g         0
  _flag_TXI0
                                  00001657         1   data ,g         0
  _uart1_bufSelect
                                  00001658         1   data ,g         3
  _uart0_bufSelect
                                  00001659         1   data ,g         3
FILE=.\src\Modules\Bluetooth.obj
                                  0000165a  0000165a         1
  _i
                                  0000165a         1   data ,g         8
FILE=.\src\Modules\DataLogger.obj
                                  0000165b  0000165b         1
  _log1_count
                                  0000165b         1   data ,g         3
FILE=.\src\Modules\Motor.obj
                                  0000165c  0000165c         1
  _motor1_DutyIn_HardwarePortAdress
                                  0000165c         1   data ,g         3

SECTION=B_2
FILE=.\src\Modules\micon\S12ADB.obj
                                  0000165e  0000166b         e
  _values
                                  0000165e         6   data ,g         4
  _values1
                                  00001664         8   data ,g         5

SECTION=R_2
FILE=.\src\Modules\micon\SCIc.obj
                                  0000166c  0000167b        10
  _uart1_bufR_index_A
                                  0000166c         2   data ,g         4
  _uart1_bufR_index_B
                                  0000166e         2   data ,g         4
  _uart1_bufT_index
                                  00001670         2   data ,g         6
  _uart1_bufT_maxCount
                                  00001672         2   data ,g         5
  _uart0_bufR_index_A
                                  00001674         2   data ,g         4
  _uart0_bufR_index_B
                                  00001676         2   data ,g         4
  _uart0_bufT_index
                                  00001678         2   data ,g         6
  _uart0_bufT_maxCount
                                  0000167a         2   data ,g         5
FILE=.\src\Modules\Bluetooth.obj
                                  0000167c  0000168b        10
  _orderBuffer
                                  0000167c        10   data ,g         9
FILE=.\src\Modules\Buzzer.obj
                                  0000168c  00001699         e
  _oneTime
                                  0000168c         2   data ,g         6
  _stepUp
                                  0000168e         2   data ,g         6
  _stepDown
                                  00001690         2   data ,g         6
  _siren1
                                  00001692         2   data ,g         7
  _siren1Fq
                                  00001694         2   data ,g         4
  _siren2
                                  00001696         2   data ,g         6
  _siren2Fq
                                  00001698         2   data ,g         4
FILE=.\src\Modules\DataLogger.obj
                                  0000169a  0000169d         4
  _log1_time
                                  0000169a         2   data ,g         2
  _log1_index
                                  0000169c         2   data ,g         5

SECTION=B
FILE=.\src\startup\sbrk.obj
                                  000016a0  00001a9f       400
  _heap_area
                                  000016a0       400   data ,l         2
FILE=.\src\matSystem\Connecter.obj
                                  00001aa0  00001b23        84
  _uart1RecievedData
                                  00001aa0         4   data ,g         2
  _Inputs
                                  00001aa4        80   data ,g         2
FILE=.\src\Modules\micon\CMT.obj
                                  00001b24  00001b27         4
  _callback1
                                  00001b24         4   data ,g         2
FILE=.\src\Modules\micon\SCIc.obj
                                  00001b28  00001b2f         8
  _uart1_bufT
                                  00001b28         4   data ,g         3
  _uart0_bufT
                                  00001b2c         4   data ,g         3
FILE=.\src\Modules\Bluetooth.obj
                                  00001b30  00001b37         8
  _bluetoothRecievedData
                                  00001b30         4   data ,g         4
  _Callback
                                  00001b34         4   data ,g         2
FILE=.\src\Modules\DataLogger.obj
                                  00001b38  00005b37      4000
  _log1
                                  00001b38      4000   data ,g         2
FILE=.\src\Modules\Motor.obj
                                  00005b38  00005b67        30
  _trgDuty
                                  00005b38        18   data ,g        13
  _actualDuty
                                  00005b50        18   data ,g        16
FILE=dtor_list
                                  00005b68  00005b6b         4
  _needed_destruction_head
                                  00005b68         4   data ,l         2

SECTION=R
FILE=.\src\startup\sbrk.obj
                                  00005b6c  00005b6f         4
  _brk
                                  00005b6c         4   data ,l         3
FILE=.\src\Modules\Bluetooth.obj
                                  00005b70  00005b73         4
  _commandOut_State
                                  00005b70         4   data ,g         3
FILE=.\src\Modules\DataLogger.obj
                                  00005b74  00005b77         4
  _log1_isLoging
                                  00005b74         4   data ,g         4
FILE=.\src\Modules\Motor.obj
                                  00005b78  00005ba7        30
  _motor1_DutyIn_State
                                  00005b78         4   data ,g         2
  _motor2_DutyIn_State
                                  00005b7c         4   data ,g         2
  _motor3_DutyIn_State
                                  00005b80         4   data ,g         2
  _motor4_DutyIn_State
                                  00005b84         4   data ,g         2
  _motor5_DutyIn_State
                                  00005b88         4   data ,g         2
  _motor6_DutyIn_State
                                  00005b8c         4   data ,g         2
  _motor1_DutyOut_State
                                  00005b90         4   data ,g         3
  _motor2_DutyOut_State
                                  00005b94         4   data ,g         3
  _motor3_DutyOut_State
                                  00005b98         4   data ,g         3
  _motor4_DutyOut_State
                                  00005b9c         4   data ,g         3
  _motor5_DutyOut_State
                                  00005ba0         4   data ,g         3
  _motor6_DutyOut_State
                                  00005ba4         4   data ,g         3
FILE=static_init
                                  00005ba8  00005baf         8
  _use_patch_info
                                  00005ba8         4   data ,l         1
  _dtors_done$1
                                  00005bac         4   data ,l         1
FILE=munch_dtors
                                  00005bb0  00005bb3         4
  __dtors
                                  00005bb0         4   data ,g         1
FILE=vars
                                  00005bb4  00005bbb         8
  __new_handler
                                  00005bb4         4   data ,g         0
  ___head
                                  00005bb8         4   data ,g         1

SECTION=PResetPRG
FILE=.\src\startup\reset_program.obj
                                  fff80000  fff80038        39
  _PowerON_Reset_PC
                                  fff80000        39   entry,g         1

SECTION=C
FILE=.\src\startup\dbsct.obj
                                  fff8003c  fff8006f        34
  __CTBL
                                  fff8003c        34   data ,g         0

SECTION=C$DSEC
FILE=.\src\startup\dbsct.obj
                                  fff80070  fff80093        24
  __DTBL
                                  fff80070        24   data ,g         0

SECTION=C$BSEC
FILE=.\src\startup\dbsct.obj
                                  fff80094  fff800ab        18
  __BTBL
                                  fff80094        18   data ,g         0

SECTION=C$VECT
FILE=.\src\startup\dbsct.obj
                                  fff800ac  fff804ab       400

SECTION=D
FILE=.\src\startup\sbrk.obj
                                  fff804ac  fff804af         4
FILE=.\src\Modules\Bluetooth.obj
                                  fff804b0  fff804b3         4
FILE=.\src\Modules\DataLogger.obj
                                  fff804b4  fff804b7         4
FILE=.\src\Modules\Motor.obj
                                  fff804b8  fff804e7        30
FILE=static_init
                                  fff804e8  fff804ef         8
FILE=munch_dtors
                                  fff804f0  fff804f3         4
FILE=vars
                                  fff804f4  fff804fb         8

SECTION=D_1
FILE=.\src\matSystem\Connecter.obj
                                  fff804fc  fff804ff         4
FILE=.\src\Modules\micon\SCIc.obj
                                  fff80500  fff80503         4
FILE=.\src\Modules\Bluetooth.obj
                                  fff80504  fff80504         1
FILE=.\src\Modules\DataLogger.obj
                                  fff80505  fff80505         1
FILE=.\src\Modules\Motor.obj
                                  fff80506  fff80506         1

SECTION=D_2
FILE=.\src\Modules\micon\SCIc.obj
                                  fff80508  fff80517        10
FILE=.\src\Modules\Bluetooth.obj
                                  fff80518  fff80527        10
FILE=.\src\Modules\Buzzer.obj
                                  fff80528  fff80535         e
FILE=.\src\Modules\DataLogger.obj
                                  fff80536  fff80539         4

SECTION=W_1
FILE=.\src\Modules\Motor.obj
                                  fff8053c  fff80541         6
FILE=.\src\DataConverter.obj
                                  fff80542  fff8054b         a

SECTION=L
FILE=.\src\matSystem\Connecter.obj
                                  fff8054c  fff8054d         2
FILE=.\src\Modules\Bluetooth.obj
                                  fff80550  fff8055a         b
FILE=.\src\Modules\Motor.obj
                                  fff8055c  fff80585        2a

SECTION=PIntPRG
FILE=.\src\Modules\micon\interrupt_handlers.obj
                                  fff80586  fff806e2       15d
  _Excep_SuperVisorInst
                                  fff80586         2   func ,g         1
  _Excep_AccessInst
                                  fff80588         2   func ,g         1
  _Excep_UndefinedInst
                                  fff8058a         2   func ,g         1
  _Excep_FloatingPoint
                                  fff8058c         2   func ,g         1
  _NonMaskableInterrupt
                                  fff8058e         2   func ,g         1
  _Dummy
                                  fff80590         2   func ,g        13
  _Excep_BRK
                                  fff80592         f   func ,g         0
  _Excep_BSC_BUSERR
                                  fff805a1         2   func ,g         0
  _Excep_FCU_FIFERR
                                  fff805a3         2   func ,g         0
  _Excep_FCU_FRDYI
                                  fff805a5         2   func ,g         0
  _Excep_ICU_SWINT
                                  fff805a7         2   func ,g         0
  _Excep_CMT1_CMI1
                                  fff805a9         2   func ,g         0
  _Excep_CMT2_CMI2
                                  fff805ab         2   func ,g         0
  _Excep_CMT3_CMI3
                                  fff805ad         2   func ,g         0
  _Excep_USB0_D0FIFO0
                                  fff805af         2   func ,g         0
  _Excep_USB0_D1FIFO0
                                  fff805b1         2   func ,g         0
  _Excep_USB0_USBI0
                                  fff805b3         2   func ,g         0
  _Excep_CAC_FERRF
                                  fff805b5         2   func ,g         0
  _Excep_CAC_MENDF
                                  fff805b7         2   func ,g         0
  _Excep_CAC_OVFF
                                  fff805b9         2   func ,g         0
  _Excep_RSPI0_SPRI0
                                  fff805bb         2   func ,g         0
  _Excep_RSPI0_SPTI0
                                  fff805bd         2   func ,g         0
  _Excep_RSPI0_SPII0
                                  fff805bf         2   func ,g         0
  _Excep_RSPI1_SPRI1
                                  fff805c1         2   func ,g         0
  _Excep_RSPI1_SPTI1
                                  fff805c3         2   func ,g         0
  _Excep_RSPI1_SPII1
                                  fff805c5         2   func ,g         0
  _Excep_CAN1_RXF1
                                  fff805c7         2   func ,g         0
  _Excep_CAN1_TXF1
                                  fff805c9         2   func ,g         0
  _Excep_CAN1_RXM1
                                  fff805cb         2   func ,g         0
  _Excep_CAN1_TXM1
                                  fff805cd         2   func ,g         0
  _Excep_GPT7_GTCIA7
                                  fff805cf         2   func ,g         0
  _Excep_GPT7_GTCIB7
                                  fff805d1         2   func ,g         0
  _Excep_GPT7_GTCIC7
                                  fff805d3         2   func ,g         0
  _Excep_GPT7_GTCIE7
                                  fff805d5         2   func ,g         0
  _Excep_GPT7_GTCIV7
                                  fff805d7         2   func ,g         0
  _Excep_CMP_CMP4
                                  fff805d9         2   func ,g         0
  _Excep_CMP_CMP5
                                  fff805db         2   func ,g         0
  _Excep_CMP_CMP6
                                  fff805dd         2   func ,g         0
  _Excep_DOC_DOPCF
                                  fff805df         2   func ,g         0
  _Excep_DPC_RBI0
                                  fff805e1         2   func ,g         0
  _Excep_DPC_RBI1
                                  fff805e3         2   func ,g         0
  _Excep_DPC_RBI2
                                  fff805e5         2   func ,g         0
  _Excep_DPC_RBI3
                                  fff805e7         2   func ,g         0
  _Excep_DPC_RBI4
                                  fff805e9         2   func ,g         0
  _Excep_ICU_IRQ0
                                  fff805eb         2   func ,g         0
  _Excep_ICU_IRQ1
                                  fff805ed         2   func ,g         0
  _Excep_ICU_IRQ2
                                  fff805ef         2   func ,g         0
  _Excep_ICU_IRQ3
                                  fff805f1         2   func ,g         0
  _Excep_ICU_IRQ4
                                  fff805f3         2   func ,g         0
  _Excep_ICU_IRQ5
                                  fff805f5         2   func ,g         0
  _Excep_ICU_IRQ6
                                  fff805f7         2   func ,g         0
  _Excep_ICU_IRQ7
                                  fff805f9         2   func ,g         0
  _Excep_USB_USBR0
                                  fff805fb         2   func ,g         0
  _Excep_AD_ADI0
                                  fff805fd         2   func ,g         0
  _Excep_S12AD_S12GBADI
                                  fff805ff         2   func ,g         0
  _Excep_S12AD1_S12GBADI1
                                  fff80601         2   func ,g         0
  _Excep_ICU_GROUP0
                                  fff80603         2   func ,g         0
  _Excep_ICU_GROUP12
                                  fff80605         2   func ,g         0
  _Excep_SCI12_SCIX0
                                  fff80607         2   func ,g         0
  _Excep_SCI12_SCIX1
                                  fff80609         2   func ,g         0
  _Excep_SCI12_SCIX2
                                  fff8060b         2   func ,g         0
  _Excep_SCI12_SCIX3
                                  fff8060d         2   func ,g         0
  _Excep_MTU0_TGIA0
                                  fff8060f         2   func ,g         0
  _Excep_MTU0_TGIB0
                                  fff80611         2   func ,g         0
  _Excep_MTU0_TGIC0
                                  fff80613         2   func ,g         0
  _Excep_MTU0_TGID0
                                  fff80615         2   func ,g         0
  _Excep_MTU0_TCIV0
                                  fff80617         2   func ,g         0
  _Excep_MTU0_TGIE0
                                  fff80619         2   func ,g         0
  _Excep_MTU0_TGIF0
                                  fff8061b         2   func ,g         0
  _Excep_MTU1_TGIA1
                                  fff8061d         2   func ,g         0
  _Excep_MTU1_TGIB1
                                  fff8061f         2   func ,g         0
  _Excep_MTU1_TCIV1
                                  fff80621         2   func ,g         0
  _Excep_MTU1_TCIU1
                                  fff80623         2   func ,g         0
  _Excep_MTU2_TGIA2
                                  fff80625         2   func ,g         0
  _Excep_MTU2_TGIB2
                                  fff80627         2   func ,g         0
  _Excep_MTU2_TCIV2
                                  fff80629         2   func ,g         0
  _Excep_MTU2_TCIU2
                                  fff8062b         2   func ,g         0
  _Excep_MTU3_TGIA3
                                  fff8062d         2   func ,g         0
  _Excep_MTU3_TGIB3
                                  fff8062f         2   func ,g         0
  _Excep_MTU3_TGIC3
                                  fff80631         2   func ,g         0
  _Excep_MTU3_TGID3
                                  fff80633         2   func ,g         0
  _Excep_MTU3_TCIV3
                                  fff80635         2   func ,g         0
  _Excep_MTU4_TGIA4
                                  fff80637         2   func ,g         0
  _Excep_MTU4_TGIB4
                                  fff80639         2   func ,g         0
  _Excep_MTU4_TGIC4
                                  fff8063b         2   func ,g         0
  _Excep_MTU4_TGID4
                                  fff8063d         2   func ,g         0
  _Excep_MTU4_TCIV4
                                  fff8063f         2   func ,g         0
  _Excep_MTU5_TGIU5
                                  fff80641         2   func ,g         0
  _Excep_MTU5_TGIV5
                                  fff80643         2   func ,g         0
  _Excep_MTU5_TGIW5
                                  fff80645         2   func ,g         0
  _Excep_MTU6_TGIA6
                                  fff80647         2   func ,g         0
  _Excep_MTU6_TGIB6
                                  fff80649         2   func ,g         0
  _Excep_MTU6_TGIC6
                                  fff8064b         2   func ,g         0
  _Excep_MTU6_TGID6
                                  fff8064d         2   func ,g         0
  _Excep_MTU6_TCIV6
                                  fff8064f         2   func ,g         0
  _Excep_MTU7_TGIA7
                                  fff80651         2   func ,g         0
  _Excep_MTU7_TGIB7
                                  fff80653         2   func ,g         0
  _Excep_MTU7_TGIC7
                                  fff80655         2   func ,g         0
  _Excep_MTU7_TGID7
                                  fff80657         2   func ,g         0
  _Excep_MTU7_TCIV7
                                  fff80659         2   func ,g         0
  _Excep_POE_OEI1
                                  fff8065b         2   func ,g         0
  _Excep_POE_OEI2
                                  fff8065d         2   func ,g         0
  _Excep_POE_OEI3
                                  fff8065f         2   func ,g         0
  _Excep_POE_OEI4
                                  fff80661         2   func ,g         0
  _Excep_POE_OEI5
                                  fff80663         2   func ,g         0
  _Excep_CMP_CMP0
                                  fff80665         2   func ,g         0
  _Excep_CMP_CMP1
                                  fff80667         2   func ,g         0
  _Excep_CMP_CMP2
                                  fff80669         2   func ,g         0
  _Excep_GPT4_GTCIA4
                                  fff8066b         2   func ,g         0
  _Excep_GPT4_GTCIB4
                                  fff8066d         2   func ,g         0
  _Excep_GPT4_GTCIC4
                                  fff8066f         2   func ,g         0
  _Excep_GPT4_GTCIE4
                                  fff80671         2   func ,g         0
  _Excep_GPT4_GTCIV4
                                  fff80673         2   func ,g         0
  _Excep_GPT4_LOCOI4
                                  fff80675         2   func ,g         0
  _Excep_GPT5_GTCIA5
                                  fff80677         2   func ,g         0
  _Excep_GPT5_GTCIB5
                                  fff80679         2   func ,g         0
  _Excep_GPT5_GTCIC5
                                  fff8067b         2   func ,g         0
  _Excep_GPT5_GTCIE5
                                  fff8067d         2   func ,g         0
  _Excep_GPT5_GTCIV5
                                  fff8067f         2   func ,g         0
  _Excep_GPT6_GTCIA6
                                  fff80681         2   func ,g         0
  _Excep_GPT6_GTCIB6
                                  fff80683         2   func ,g         0
  _Excep_GPT6_GTCIC6
                                  fff80685         2   func ,g         0
  _Excep_GPT6_GTCIE6
                                  fff80687         2   func ,g         0
  _Excep_GPT6_GTCIV6
                                  fff80689         2   func ,g         0
  _Excep_RIIC1_EEI1
                                  fff8068b         2   func ,g         0
  _Excep_RIIC1_RXI1
                                  fff8068d         2   func ,g         0
  _Excep_RIIC1_TXI1
                                  fff8068f         2   func ,g         0
  _Excep_RIIC1_TEI1
                                  fff80691         2   func ,g         0
  _Excep_RIIC0_EEI0
                                  fff80693         2   func ,g         0
  _Excep_RIIC0_RXI0
                                  fff80695         2   func ,g         0
  _Excep_RIIC0_TXI0
                                  fff80697         2   func ,g         0
  _Excep_RIIC0_TEI0
                                  fff80699         2   func ,g         0
  _Excep_DMAC_DMAC0I
                                  fff8069b         2   func ,g         0
  _Excep_DMAC_DMAC1I
                                  fff8069d         2   func ,g         0
  _Excep_DMAC_DMAC2I
                                  fff8069f         2   func ,g         0
  _Excep_DMAC_DMAC3I
                                  fff806a1         2   func ,g         0
  _Excep_SCI0_TEI0
                                  fff806a3         2   func ,g         0
  _Excep_SCI1_TEI1
                                  fff806a5         2   func ,g         0
  _Excep_SCI2_RXI2
                                  fff806a7         2   func ,g         0
  _Excep_SCI2_TXI2
                                  fff806a9         2   func ,g         0
  _Excep_SCI2_TEI2
                                  fff806ab         2   func ,g         0
  _Excep_SCI3_RXI3
                                  fff806ad         2   func ,g         0
  _Excep_SCI3_TXI3
                                  fff806af         2   func ,g         0
  _Excep_SCI3_TEI3
                                  fff806b1         2   func ,g         0
  _Excep_GPT0_GTCIA0
                                  fff806b3         2   func ,g         0
  _Excep_GPT0_GTCIB0
                                  fff806b5         2   func ,g         0
  _Excep_GPT0_GTCIC0
                                  fff806b7         2   func ,g         0
  _Excep_GPT0_GTCIE0
                                  fff806b9         2   func ,g         0
  _Excep_GPT0_GTCIV0
                                  fff806bb         2   func ,g         0
  _Excep_GPT0_LOCOI0
                                  fff806bd         2   func ,g         0
  _Excep_GPT1_GTCIA1
                                  fff806bf         2   func ,g         0
  _Excep_GPT1_GTCIB1
                                  fff806c1         2   func ,g         0
  _Excep_GPT1_GTCIC1
                                  fff806c3         2   func ,g         0
  _Excep_GPT1_GTCIE1
                                  fff806c5         2   func ,g         0
  _Excep_GPT1_GTCIV1
                                  fff806c7         2   func ,g         0
  _Excep_GPT2_GTCIA2
                                  fff806c9         2   func ,g         0
  _Excep_GPT2_GTCIB2
                                  fff806cb         2   func ,g         0
  _Excep_GPT2_GTCIC2
                                  fff806cd         2   func ,g         0
  _Excep_GPT2_GTCIE2
                                  fff806cf         2   func ,g         0
  _Excep_GPT2_GTCIV2
                                  fff806d1         2   func ,g         0
  _Excep_GPT3_GTCIA3
                                  fff806d3         2   func ,g         0
  _Excep_GPT3_GTCIB3
                                  fff806d5         2   func ,g         0
  _Excep_GPT3_GTCIC3
                                  fff806d7         2   func ,g         0
  _Excep_GPT3_GTCIE3
                                  fff806d9         2   func ,g         0
  _Excep_GPT3_GTCIV3
                                  fff806db         2   func ,g         0
  _Excep_SCI12_RXI12
                                  fff806dd         2   func ,g         0
  _Excep_SCI12_TXI12
                                  fff806df         2   func ,g         0
  _Excep_SCI12_TEI12
                                  fff806e1         2   func ,g         0

SECTION=P
FILE=.\src\startup\hardware_setup.obj
                                  fff806e3  fff8084a       168
  _HardwareSetup
                                  fff806e3        a3   func ,g         1
  _wait
                                  fff80786        c5   func ,g         2
FILE=.\src\startup\sbrk.obj
                                  fff8084b  fff80886        3c
  _sbrk
                                  fff8084b        3c   func ,g         0
FILE=.\src\matSystem\BatteryCheck.obj
                                  fff80887  fff808f5        6f
  BatteryCheck()
                                  fff80887        6f   func ,g         1
FILE=.\src\matSystem\Connecter.obj
                                  fff808f6  fff80ca3       3ae
  __Connecter_Activate
                                  fff808f6         5   func ,g         1
  __Connecter_Recieve
                                  fff808fb        72   func ,g         1
  __Connecter_Transmit
                                  fff8096d        6f   func ,g         1
  _Decipher
                                  fff809dc       150   func ,l         1
  _Connecter_Send
                                  fff80b2c        7d   func ,g         7
  _Connecter_SendFloat
                                  fff80ba9        6d   func ,g         c
  _Connecter_SendInt
                                  fff80c16        27   func ,g         0
  _Execute
                                  fff80c3d        3d   func ,l         1
  _Connecter_InputToHardwarePort
                                  fff80c7a        17   func ,g         1
  _Connecter_RegistHardwarePort
                                  fff80c91        13   func ,g         1
FILE=.\src\matSystem\Main.obj
                                  fff80ca4  fff80cf4        51
  _main
                                  fff80ca4        2f   func ,g         1
  Timer1_Caooback()
                                  fff80cd3        21   func ,l         1
  _abort
                                  fff80cf4         1   func ,g         1
FILE=.\src\UserApplication\App.obj
                                  fff80cf5  fff80e65       171
  _Initialize
                                  fff80cf5        2b   func ,g         1
  _MainLoop
                                  fff80d20         1   func ,g         1
  BluetoothCallback(DUALSHOCK3)
                                  fff80d21       145   func ,l         1
FILE=.\src\Modules\micon\CMT.obj
                                  fff80e66  fff80f25        c0
  _CMT_init
                                  fff80e66        2d   func ,g         1
  _CMT0_Set
                                  fff80e93        5d   func ,g         4
  _CMT0_Start
                                  fff80ef0         c   func ,g         1
  _Excep_CMT0_CMI0
                                  fff80efc        1b   func ,g         0
  _CMT0_Stop
                                  fff80f17         f   func ,g         1
FILE=.\src\Modules\micon\DAa.obj
                                  fff80f26  fff80f94        6f
  _DAa_init
                                  fff80f26        55   func ,g         1
  _DA0_SetValue
                                  fff80f7b         d   func ,g         1
  _DA1_SetValue
                                  fff80f88         d   func ,g         1
FILE=.\src\Modules\micon\GPT012.obj
                                  fff80f95  fff8133e       3aa
  _GPT012_init
                                  fff80f95       2c0   func ,g         1
  _PWM_M1_set
                                  fff81255        27   func ,g         1
  _PWM_M2_set
                                  fff8127c        27   func ,g         1
  _PWM_M3_set
                                  fff812a3        27   func ,g         1
  _PWM_M4_set
                                  fff812ca        27   func ,g         1
  _PWM_M5_set
                                  fff812f1        27   func ,g         1
  _PWM_M6_set
                                  fff81318        27   func ,g         1
FILE=.\src\Modules\micon\GPT46.obj
                                  fff8133f  fff81576       238
  _GPT46_init
                                  fff8133f       167   func ,g         1
  _PWM1_set
                                  fff814a6        4e   func ,g         2
  _PWM1_On
                                  fff814f4         c   func ,g         2
  _PWM1_Off
                                  fff81500         f   func ,g         0
  _BUZZER_set
                                  fff8150f        4e   func ,g         c
  _BUZZER_On
                                  fff8155d         c   func ,g         8
  _BUZZER_Off
                                  fff81569         e   func ,g         6
FILE=.\src\Modules\micon\IO.obj
                                  fff81577  fff8176c       1f6
  _IO_LED_init
                                  fff81577         9   func ,g         1
  _LED_STATUS_R
                                  fff81580        19   func ,g         2
  _LED_STATUS_G
                                  fff81599        19   func ,g         2
  _LED_STATUS_B
                                  fff815b2        19   func ,g         2
  _LED_INFO
                                  fff815cb        18   func ,g         2
  _LED_ERROR
                                  fff815e3        18   func ,g         4
  _IO_Motor_Init
                                  fff815fb        26   func ,g         1
  _ALERT
                                  fff81621        13   func ,g         0
  _STBY
                                  fff81634        19   func ,g         2
  _Motor1_MODE
                                  fff8164d        30   func ,g         4
  _Motor2_MODE
                                  fff8167d        2e   func ,g         4
  _Motor3_MODE
                                  fff816ab        32   func ,g         4
  _Motor4_MODE
                                  fff816dd        31   func ,g         4
  _Motor5_MODE
                                  fff8170e        30   func ,g         4
  _Motor6_MODE
                                  fff8173e        2f   func ,g         4
FILE=.\src\Modules\micon\S12ADB.obj
                                  fff8176d  fff819d3       267
  _S12AD_init
                                  fff8176d        ad   func ,g         1
  _S12AD_Sample
                                  fff8181a        1f   func ,g         1
  _Excep_S12AD_S12ADI
                                  fff81839        38   func ,g         0
  _S12ADB_GetVoltage
                                  fff81871        24   func ,g         3
  _S12AD1_init
                                  fff81895        b5   func ,g         1
  _S12AD1_Sample
                                  fff8194a        1f   func ,g         1
  _Excep_S12AD1_S12ADI1
                                  fff81969        47   func ,g         0
  _S12AD1_GetVoltage
                                  fff819b0        24   func ,g         1
FILE=.\src\Modules\micon\SCIc.obj
                                  fff819d4  fff8202a       657
  _uart1_init
                                  fff819d4        d1   func ,g         1
  _uart1_read
                                  fff81aa5        61   func ,g         1
  _uart1_send
                                  fff81b06        53   func ,g         1
  _Excep_SCI1_RXI1
                                  fff81b59        c8   func ,g         0
  _Excep_SCI1_TXI1
                                  fff81c21        6c   func ,g         0
  _uart1_set
                                  fff81c8d        5f   func ,l         2
  _uart1_clear_errorFlag
                                  fff81cec        16   func ,l         2
  _uart0_init
                                  fff81d02        cc   func ,g         2
  _uart0_read
                                  fff81dce        61   func ,g         2
  _uart0_send
                                  fff81e2f        53   func ,g         3
  _Excep_SCI0_RXI0
                                  fff81e82        c8   func ,g         0
  _Excep_SCI0_TXI0
                                  fff81f4a        6c   func ,g         0
  _uart0_set
                                  fff81fb6        5f   func ,l         2
  _uart0_clear_errorFlag
                                  fff82015        16   func ,l         2
FILE=.\src\Modules\AnalogIN.obj
                                  fff8202b  fff82058        2e
  _AnalogIN_Activate
                                  fff8202b         5   func ,g         1
  _AnalogIN_Sample
                                  fff82030         5   func ,g         0
  _AnalogIN_GetVoltage
                                  fff82035        24   func ,g         0
FILE=.\src\Modules\AnalogOUT.obj
                                  fff82059  fff820ad        55
  _AnalogOUT_Activate
                                  fff82059         5   func ,g         1
  _AnalogOUT1_SetVoltage
                                  fff8205e        28   func ,g         0
  _AnalogOUT2_SetVoltage
                                  fff82086        28   func ,g         0
FILE=.\src\Modules\Battery.obj
                                  fff820ae  fff82111        64
  __Battery_Activate
                                  fff820ae         5   func ,g         1
  __Battery_Sample
                                  fff820b3         5   func ,g         1
  __Battery_GetVoltage1
                                  fff820b8        1e   func ,g         1
  __Battery_GetVoltage2
                                  fff820d6        1e   func ,g         2
  __Battery_GetVoltage3
                                  fff820f4        1e   func ,g         2
FILE=.\src\Modules\Bluetooth.obj
                                  fff82112  fff82308       1f7
  _Bluetooth_Activate
                                  fff82112        12   func ,g         1
  __Bluetooth_Loop
                                  fff82124       148   func ,g         1
  _Bluetooth_CommandOut
                                  fff8226c        55   func ,l         1
  __Bluetooth_Do
                                  fff822c1        2e   func ,g         1
  _Bluetooth_Vibrate1
                                  fff822ef         d   func ,g         1
  _Bluetooth_Vibrate2
                                  fff822fc         d   func ,g         1
FILE=.\src\Modules\Buzzer.obj
                                  fff82309  fff82605       2fd
  _Buzzer_Activate
                                  fff82309         5   func ,g         1
  __Buzzer_Loop
                                  fff8230e       1ad   func ,g         1
  _Buzzer_On
                                  fff824bb        13   func ,g         0
  _Buzzer_Off
                                  fff824ce        5d   func ,g         0
  _Buzzer_OneTime
                                  fff8252b        36   func ,g         1
  _Buzzer_StepUp
                                  fff82561        29   func ,g         1
  _Buzzer_StepDown
                                  fff8258a        29   func ,g         1
  _Buzzer_Siren1
                                  fff825b3        29   func ,g         1
  _Buzzer_Siren2
                                  fff825dc        2a   func ,g         2
FILE=.\src\Modules\DataLogger.obj
                                  fff82606  fff82706       101
  _DataLogger_Activate
                                  fff82606         d   func ,g         1
  __DataLogger_Loop
                                  fff82613        1a   func ,g         1
  __DataLogger_Do
                                  fff8262d        19   func ,g         0
  _dataLogger1_Do
                                  fff82646         8   func ,l         1
  _DataLogger1_DataIn
                                  fff8264e        94   func ,g         1
  _DataLogger1_LoggingStart
                                  fff826e2        13   func ,g         1
  _DataLogger1_LoggingStop
                                  fff826f5         a   func ,g         2
  _DataLogger_Log
                                  fff826ff         8   func ,g         0
FILE=.\src\Modules\LED.obj
                                  fff82707  fff82751        4b
  __LED_Activate
                                  fff82707         5   func ,g         1
  __LED_R_On
                                  fff8270c         7   func ,g         0
  __LED_G_On
                                  fff82713         7   func ,g         1
  __LED_B_On
                                  fff8271a         7   func ,g         2
  __LED_Info_On
                                  fff82721         7   func ,g         1
  __LED_Error_On
                                  fff82728         7   func ,g         2
  __LED_R_Off
                                  fff8272f         7   func ,g         0
  __LED_G_Off
                                  fff82736         7   func ,g         1
  __LED_B_Off
                                  fff8273d         7   func ,g         1
  __LED_Info_Off
                                  fff82744         7   func ,g         1
  __LED_Error_Off
                                  fff8274b         7   func ,g         0
FILE=.\src\Modules\Motor.obj
                                  fff82752  fff831a9       a58
  _Motor_Activate
                                  fff82752         9   func ,g         1
  _Motor_UnlockSTBY
                                  fff8275b         7   func ,g         1
  _Motor_LockSTBY
                                  fff82762         7   func ,g         1
  __Motor_Loop
                                  fff82769       354   func ,g         1
  _Motor1_DutyIn
                                  fff82abd        47   func ,g         2
  _Motor1_DutyOut
                                  fff82b04        43   func ,l         1
  _Motor2_DutyIn
                                  fff82b47        49   func ,g         2
  _Motor2_DutyOut
                                  fff82b90        26   func ,l         1
  _Motor3_DutyIn
                                  fff82bb6        49   func ,g         2
  _Motor3_DutyOut
                                  fff82bff        26   func ,l         1
  _Motor4_DutyIn
                                  fff82c25        49   func ,g         2
  _Motor4_DutyOut
                                  fff82c6e        26   func ,l         1
  _Motor5_DutyIn
                                  fff82c94        49   func ,g         4
  _Motor5_DutyOut
                                  fff82cdd        26   func ,l         1
  _Motor6_DutyIn
                                  fff82d03        49   func ,g         1
  _Motor6_DutyOut
                                  fff82d4c        26   func ,l         1
  _motor1_SetMode
                                  fff82d72        3e   func ,l         3
  _motor2_SetMode
                                  fff82db0        3e   func ,l         3
  _motor3_SetMode
                                  fff82dee        3e   func ,l         3
  _motor4_SetMode
                                  fff82e2c        3e   func ,l         3
  _motor5_SetMode
                                  fff82e6a        3e   func ,l         3
  _motor6_SetMode
                                  fff82ea8        3e   func ,l         3
  _norm
                                  fff82ee6        42   func ,l         6
  __Motor_Do
                                  fff82f28        54   func ,g         1
  _motor1_Do
                                  fff82f7c        7b   func ,l         1
  _motor2_Do
                                  fff82ff7        57   func ,l         1
  _motor3_Do
                                  fff8304e        57   func ,l         1
  _motor4_Do
                                  fff830a5        57   func ,l         1
  _motor5_Do
                                  fff830fc        57   func ,l         1
  _motor6_Do
                                  fff83153        57   func ,l         1
FILE=.\src\Modules\Servo.obj
                                  fff831aa  fff831f4        4b
  _Servo_Activate
                                  fff831aa        12   func ,g         1
  _Servo1_RotationIn
                                  fff831bc        39   func ,g         1
FILE=.\src\Modules\Timer.obj
                                  fff831f5  fff832a9        b5
  __Timer_Activate
                                  fff831f5         5   func ,g         1
  __Timer1_Set
                                  fff831fa        a6   func ,g         1
  __Timer1_Start
                                  fff832a0         5   func ,g         1
  __Timer1_Stop
                                  fff832a5         5   func ,g         0
FILE=.\src\Modules\UART.obj
                                  fff832aa  fff832f3        4a
  __UART1_Activate
                                  fff832aa         5   func ,g         1
  __UART1_GetRecievedData
                                  fff832af        10   func ,g         1
  __UART1_TransmitData
                                  fff832bf        10   func ,g         2
  __UART0_Activate
                                  fff832cf         5   func ,g         0
  __UART0_GetRecievedData
                                  fff832d4        10   func ,g         0
  __UART0_TransmitData
                                  fff832e4        10   func ,g         0
FILE=.\src\DataConverter.obj
                                  fff832f4  fff8347c       189
  IntParse(unsigned char)
                                  fff832f4        53   func ,l         1
  _StringToWORD
                                  fff83347        45   func ,g         1
  _BitsToFloat
                                  fff8338c        3a   func ,g         6
  _BitsToInt
                                  fff833c6        40   func ,g         1
  _FloatToBits
                                  fff83406        3c   func ,g         1
  _IntToBits
                                  fff83442        3b   func ,g         1
FILE=cppinit
                                  fff8347d  fff8349c        20
  __CALL_INIT
                                  fff8347d        1c   func ,g         1
  __CALL_END
                                  fff83499         4   func ,g         1
FILE=__initsct
                                  fff8349d  fff834e6        4a
  __INITSCT
                                  fff8349d         0   none ,g         1
  loop1
                                  fff834af         0   none ,l         1
  next_loop1
                                  fff834bd         0   none ,l         2
  loop3
                                  fff834cf         0   none ,l         1
  next_loop3
                                  fff834e0         0   none ,l         2
FILE=static_init
                                  fff834e7  fff8354d        67
  __call_dtors()
                                  fff834e7        67   func ,g         1
FILE=dtor_list
                                  fff8354e  fff83597        4a
  __process_needed_destructions()
                                  fff8354e        25   func ,g         2
  ___already_marked_for_destruction
                                  fff83573         6   func ,g         1
  ___record_needed_destruction
                                  fff83579        1d   func ,g         0
  ___std__needed_destruction_list
                                  fff83596         2   func ,g         0
FILE=error
                                  fff83598  fff8359b         4
  ___abort_execution
                                  fff83598         4   func ,g         1

SECTION=FIXEDVECT
FILE=.\src\Modules\micon\vector_table.obj
                                  ffffff80  ffffffff        80
  _Fixed_Vectors
                                  ffffff80        80   data ,g         0

*** Unfilled Areas ***

AREA                                START    END

*** Delete Symbols ***

SYMBOL                                SIZE    INFO
