Renesas Optimizing Linker (W2.04.00 )             05-Sep-2016 18:28:27

*** Options ***

-subcommand=LinkerSubCommand.tmp
-input="./src/startup/dbsct.obj"
-input="./src/startup/hardware_setup.obj"
-input="./src/startup/reset_program.obj"
-input="./src/startup/sbrk.obj"
-input="./src/matSystem/BatteryCheck.obj"
-input="./src/matSystem/Connecter.obj"
-input="./src/matSystem/Main.obj"
-input="./src/UserApplication/App.obj"
-input="./src/Modules/micon/CMT.obj"
-input="./src/Modules/micon/DAa.obj"
-input="./src/Modules/micon/GPT012.obj"
-input="./src/Modules/micon/GPT46.obj"
-input="./src/Modules/micon/IO.obj"
-input="./src/Modules/micon/S12ADB.obj"
-input="./src/Modules/micon/SCIc.obj"
-input="./src/Modules/micon/interrupt_handlers.obj"
-input="./src/Modules/micon/vector_table.obj"
-input="./src/Modules/AnalogIN.obj"
-input="./src/Modules/AnalogOUT.obj"
-input="./src/Modules/Battery.obj"
-input="./src/Modules/Bluetooth.obj"
-input="./src/Modules/Buzzer.obj"
-input="./src/Modules/LED.obj"
-input="./src/Modules/Motor.obj"
-input="./src/Modules/Timer.obj"
-input="./src/Modules/UART.obj"
-input="./src/DataConverter.obj"
-start=SU,SI,B_1,R_1,B_2,R_2,B,R/04,PResetPRG,C_1,C_2,C,C$*,D*,W*,L,PIntPRG,P/0FFF80000,FIXEDVECT/0FFFFFF80
-library=C:\Users\MATSUT~1\DOCUME~1\GitHub\ROBOTC~1\HARDWA~2\RobotCore1Framework.lib
-list=RobotCore1Framework.map
-show
-nooptimize
-debug
-output=C:\Users\Matsutomo2\Documents\GitHub\RobotCore1Frameware\HardwareDebug\RobotCore1Framework.abs
-rom=D=R,D_1=R_1,D_2=R_2
-nocompress
-nomessage
-nologo

*** Error information ***

*** Mapping List ***

SECTION                            START      END         SIZE   ALIGN

SU
                                  00000004  00000103       100   4
SI
                                  00000104  00000403       300   4
B_1
                                  00000404  00000c4a       847   1
R_1
                                  00000c4b  00000c4e         4   1
B_2
                                  00000c50  00000c5d         e   2
R_2
                                  00000c5e  00000c7d        20   2
B
                                  00000c80  000010bf       440   4
R
                                  000010c0  000010d7        18   4
PResetPRG
                                  fff80000  fff80038        39   1
C_1
                                  fff80039  fff80039         0   1
C_2
                                  fff80039  fff80039         0   1
C
                                  fff8003c  fff8006f        34   4
C$DSEC
                                  fff80070  fff80093        24   4
C$BSEC
                                  fff80094  fff800ab        18   4
C$INIT
                                  fff800ac  fff800ac         0   1
C$VECT
                                  fff800ac  fff804ab       400   4
C$VTBL
                                  fff804ac  fff804ac         0   1
D
                                  fff804ac  fff804c3        18   4
D_1
                                  fff804c4  fff804c7         4   1
D_2
                                  fff804c8  fff804e7        20   2
W
                                  fff804e8  fff804e8         0   4
W_1
                                  fff804e8  fff804f1         a   1
W_2
                                  fff804f2  fff804f2         0   2
L
                                  fff804f2  fff804f2         0   1
PIntPRG
                                  fff804f2  fff8064e       15d   1
P
                                  fff8064f  fff8287b      222d   1
FIXEDVECT
                                  ffffff80  ffffffff        80   4

*** Symbol List ***

SECTION=
FILE=                               START        END    SIZE
  SYMBOL                            ADDR        SIZE    INFO      COUNTS  OPT

SECTION=SU
FILE=.\src\startup\reset_program.obj
                                  00000004  00000103       100

SECTION=SI
FILE=.\src\startup\reset_program.obj
                                  00000104  00000403       300

SECTION=B_1
FILE=.\src\matSystem\Connecter.obj
                                  00000404  00000443        40
  _line
                                  00000404        40   data ,g         a
FILE=.\src\Modules\micon\SCIc.obj
                                  00000444  00000c44       801
  _uart1_bufR
                                  00000444       800   data ,g         2
  _uart0_data
                                  00000c44         1   data ,g         2
FILE=.\src\Modules\Motor.obj
                                  00000c45  00000c4a         6
  _direction
                                  00000c45         6   data ,g        12

SECTION=R_1
FILE=.\src\matSystem\Connecter.obj
                                  00000c4b  00000c4b         1
  _line_index
                                  00000c4b         1   data ,g         5
FILE=.\src\UserApplication\App.obj
                                  00000c4c  00000c4c         1
  _i
                                  00000c4c         1   data ,g         5
FILE=.\src\Modules\micon\SCIc.obj
                                  00000c4d  00000c4e         2
  _flag_RXI0
                                  00000c4d         1   data ,g         4
  _flag_TXI0
                                  00000c4e         1   data ,g         1

SECTION=B_2
FILE=.\src\Modules\micon\S12ADB.obj
                                  00000c50  00000c5d         e
  _values
                                  00000c50         6   data ,g         4
  _values1
                                  00000c56         8   data ,g         5

SECTION=R_2
FILE=.\src\UserApplication\App.obj
                                  00000c5e  00000c6d        10
  _orderBuffer
                                  00000c5e        10   data ,g         2
FILE=.\src\Modules\micon\SCIc.obj
                                  00000c6e  00000c73         6
  _uart1_bufR_index
                                  00000c6e         2   data ,g         4
  _uart1_bufT_index
                                  00000c70         2   data ,g         5
  _uart1_bufT_maxCount
                                  00000c72         2   data ,g         2
FILE=.\src\Modules\Buzzer.obj
                                  00000c74  00000c7d         a
  _oneTime
                                  00000c74         2   data ,g         6
  _stepUp
                                  00000c76         2   data ,g         6
  _stepDown
                                  00000c78         2   data ,g         6
  _siren1
                                  00000c7a         2   data ,g         7
  _siren1Fq
                                  00000c7c         2   data ,g         4

SECTION=B
FILE=.\src\startup\sbrk.obj
                                  00000c80  0000107f       400
  _heap_area
                                  00000c80       400   data ,l         2
FILE=.\src\matSystem\Connecter.obj
                                  00001080  00001083         4
  _RecievedData
                                  00001080         4   data ,g         2
FILE=.\src\Modules\micon\CMT.obj
                                  00001084  00001087         4
  _callback1
                                  00001084         4   data ,g         2
FILE=.\src\Modules\micon\SCIc.obj
                                  00001088  0000108b         4
  _uart1_bufT
                                  00001088         4   data ,g         2
FILE=.\src\Modules\Motor.obj
                                  0000108c  000010bb        30
  _trgDuty
                                  0000108c        18   data ,g         7
  _actualDuty
                                  000010a4        18   data ,g        16
FILE=dtor_list
                                  000010bc  000010bf         4
  _needed_destruction_head
                                  000010bc         4   data ,l         2

SECTION=R
FILE=.\src\startup\sbrk.obj
                                  000010c0  000010c3         4
  _brk
                                  000010c0         4   data ,l         3
FILE=static_init
                                  000010c4  000010cb         8
  _use_patch_info
                                  000010c4         4   data ,l         1
  _dtors_done$1
                                  000010c8         4   data ,l         1
FILE=munch_dtors
                                  000010cc  000010cf         4
  __dtors
                                  000010cc         4   data ,g         1
FILE=vars
                                  000010d0  000010d7         8
  __new_handler
                                  000010d0         4   data ,g         0
  ___head
                                  000010d4         4   data ,g         1

SECTION=PResetPRG
FILE=.\src\startup\reset_program.obj
                                  fff80000  fff80038        39
  _PowerON_Reset_PC
                                  fff80000        39   entry,g         1

SECTION=C
FILE=.\src\startup\dbsct.obj
                                  fff8003c  fff8006f        34
  __CTBL
                                  fff8003c        34   data ,g         0

SECTION=C$DSEC
FILE=.\src\startup\dbsct.obj
                                  fff80070  fff80093        24
  __DTBL
                                  fff80070        24   data ,g         0

SECTION=C$BSEC
FILE=.\src\startup\dbsct.obj
                                  fff80094  fff800ab        18
  __BTBL
                                  fff80094        18   data ,g         0

SECTION=C$VECT
FILE=.\src\startup\dbsct.obj
                                  fff800ac  fff804ab       400

SECTION=D
FILE=.\src\startup\sbrk.obj
                                  fff804ac  fff804af         4
FILE=static_init
                                  fff804b0  fff804b7         8
FILE=munch_dtors
                                  fff804b8  fff804bb         4
FILE=vars
                                  fff804bc  fff804c3         8

SECTION=D_1
FILE=.\src\matSystem\Connecter.obj
                                  fff804c4  fff804c4         1
FILE=.\src\UserApplication\App.obj
                                  fff804c5  fff804c5         1
FILE=.\src\Modules\micon\SCIc.obj
                                  fff804c6  fff804c7         2

SECTION=D_2
FILE=.\src\UserApplication\App.obj
                                  fff804c8  fff804d7        10
FILE=.\src\Modules\micon\SCIc.obj
                                  fff804d8  fff804dd         6
FILE=.\src\Modules\Buzzer.obj
                                  fff804de  fff804e7         a

SECTION=W_1
FILE=.\src\DataConverter.obj
                                  fff804e8  fff804f1         a

SECTION=PIntPRG
FILE=.\src\Modules\micon\interrupt_handlers.obj
                                  fff804f2  fff8064e       15d
  _Excep_SuperVisorInst
                                  fff804f2         2   func ,g         1
  _Excep_AccessInst
                                  fff804f4         2   func ,g         1
  _Excep_UndefinedInst
                                  fff804f6         2   func ,g         1
  _Excep_FloatingPoint
                                  fff804f8         2   func ,g         1
  _NonMaskableInterrupt
                                  fff804fa         2   func ,g         1
  _Dummy
                                  fff804fc         2   func ,g        13
  _Excep_BRK
                                  fff804fe         f   func ,g         0
  _Excep_BSC_BUSERR
                                  fff8050d         2   func ,g         0
  _Excep_FCU_FIFERR
                                  fff8050f         2   func ,g         0
  _Excep_FCU_FRDYI
                                  fff80511         2   func ,g         0
  _Excep_ICU_SWINT
                                  fff80513         2   func ,g         0
  _Excep_CMT1_CMI1
                                  fff80515         2   func ,g         0
  _Excep_CMT2_CMI2
                                  fff80517         2   func ,g         0
  _Excep_CMT3_CMI3
                                  fff80519         2   func ,g         0
  _Excep_USB0_D0FIFO0
                                  fff8051b         2   func ,g         0
  _Excep_USB0_D1FIFO0
                                  fff8051d         2   func ,g         0
  _Excep_USB0_USBI0
                                  fff8051f         2   func ,g         0
  _Excep_CAC_FERRF
                                  fff80521         2   func ,g         0
  _Excep_CAC_MENDF
                                  fff80523         2   func ,g         0
  _Excep_CAC_OVFF
                                  fff80525         2   func ,g         0
  _Excep_RSPI0_SPRI0
                                  fff80527         2   func ,g         0
  _Excep_RSPI0_SPTI0
                                  fff80529         2   func ,g         0
  _Excep_RSPI0_SPII0
                                  fff8052b         2   func ,g         0
  _Excep_RSPI1_SPRI1
                                  fff8052d         2   func ,g         0
  _Excep_RSPI1_SPTI1
                                  fff8052f         2   func ,g         0
  _Excep_RSPI1_SPII1
                                  fff80531         2   func ,g         0
  _Excep_CAN1_RXF1
                                  fff80533         2   func ,g         0
  _Excep_CAN1_TXF1
                                  fff80535         2   func ,g         0
  _Excep_CAN1_RXM1
                                  fff80537         2   func ,g         0
  _Excep_CAN1_TXM1
                                  fff80539         2   func ,g         0
  _Excep_GPT7_GTCIA7
                                  fff8053b         2   func ,g         0
  _Excep_GPT7_GTCIB7
                                  fff8053d         2   func ,g         0
  _Excep_GPT7_GTCIC7
                                  fff8053f         2   func ,g         0
  _Excep_GPT7_GTCIE7
                                  fff80541         2   func ,g         0
  _Excep_GPT7_GTCIV7
                                  fff80543         2   func ,g         0
  _Excep_CMP_CMP4
                                  fff80545         2   func ,g         0
  _Excep_CMP_CMP5
                                  fff80547         2   func ,g         0
  _Excep_CMP_CMP6
                                  fff80549         2   func ,g         0
  _Excep_DOC_DOPCF
                                  fff8054b         2   func ,g         0
  _Excep_DPC_RBI0
                                  fff8054d         2   func ,g         0
  _Excep_DPC_RBI1
                                  fff8054f         2   func ,g         0
  _Excep_DPC_RBI2
                                  fff80551         2   func ,g         0
  _Excep_DPC_RBI3
                                  fff80553         2   func ,g         0
  _Excep_DPC_RBI4
                                  fff80555         2   func ,g         0
  _Excep_ICU_IRQ0
                                  fff80557         2   func ,g         0
  _Excep_ICU_IRQ1
                                  fff80559         2   func ,g         0
  _Excep_ICU_IRQ2
                                  fff8055b         2   func ,g         0
  _Excep_ICU_IRQ3
                                  fff8055d         2   func ,g         0
  _Excep_ICU_IRQ4
                                  fff8055f         2   func ,g         0
  _Excep_ICU_IRQ5
                                  fff80561         2   func ,g         0
  _Excep_ICU_IRQ6
                                  fff80563         2   func ,g         0
  _Excep_ICU_IRQ7
                                  fff80565         2   func ,g         0
  _Excep_USB_USBR0
                                  fff80567         2   func ,g         0
  _Excep_AD_ADI0
                                  fff80569         2   func ,g         0
  _Excep_S12AD_S12GBADI
                                  fff8056b         2   func ,g         0
  _Excep_S12AD1_S12GBADI1
                                  fff8056d         2   func ,g         0
  _Excep_ICU_GROUP0
                                  fff8056f         2   func ,g         0
  _Excep_ICU_GROUP12
                                  fff80571         2   func ,g         0
  _Excep_SCI12_SCIX0
                                  fff80573         2   func ,g         0
  _Excep_SCI12_SCIX1
                                  fff80575         2   func ,g         0
  _Excep_SCI12_SCIX2
                                  fff80577         2   func ,g         0
  _Excep_SCI12_SCIX3
                                  fff80579         2   func ,g         0
  _Excep_MTU0_TGIA0
                                  fff8057b         2   func ,g         0
  _Excep_MTU0_TGIB0
                                  fff8057d         2   func ,g         0
  _Excep_MTU0_TGIC0
                                  fff8057f         2   func ,g         0
  _Excep_MTU0_TGID0
                                  fff80581         2   func ,g         0
  _Excep_MTU0_TCIV0
                                  fff80583         2   func ,g         0
  _Excep_MTU0_TGIE0
                                  fff80585         2   func ,g         0
  _Excep_MTU0_TGIF0
                                  fff80587         2   func ,g         0
  _Excep_MTU1_TGIA1
                                  fff80589         2   func ,g         0
  _Excep_MTU1_TGIB1
                                  fff8058b         2   func ,g         0
  _Excep_MTU1_TCIV1
                                  fff8058d         2   func ,g         0
  _Excep_MTU1_TCIU1
                                  fff8058f         2   func ,g         0
  _Excep_MTU2_TGIA2
                                  fff80591         2   func ,g         0
  _Excep_MTU2_TGIB2
                                  fff80593         2   func ,g         0
  _Excep_MTU2_TCIV2
                                  fff80595         2   func ,g         0
  _Excep_MTU2_TCIU2
                                  fff80597         2   func ,g         0
  _Excep_MTU3_TGIA3
                                  fff80599         2   func ,g         0
  _Excep_MTU3_TGIB3
                                  fff8059b         2   func ,g         0
  _Excep_MTU3_TGIC3
                                  fff8059d         2   func ,g         0
  _Excep_MTU3_TGID3
                                  fff8059f         2   func ,g         0
  _Excep_MTU3_TCIV3
                                  fff805a1         2   func ,g         0
  _Excep_MTU4_TGIA4
                                  fff805a3         2   func ,g         0
  _Excep_MTU4_TGIB4
                                  fff805a5         2   func ,g         0
  _Excep_MTU4_TGIC4
                                  fff805a7         2   func ,g         0
  _Excep_MTU4_TGID4
                                  fff805a9         2   func ,g         0
  _Excep_MTU4_TCIV4
                                  fff805ab         2   func ,g         0
  _Excep_MTU5_TGIU5
                                  fff805ad         2   func ,g         0
  _Excep_MTU5_TGIV5
                                  fff805af         2   func ,g         0
  _Excep_MTU5_TGIW5
                                  fff805b1         2   func ,g         0
  _Excep_MTU6_TGIA6
                                  fff805b3         2   func ,g         0
  _Excep_MTU6_TGIB6
                                  fff805b5         2   func ,g         0
  _Excep_MTU6_TGIC6
                                  fff805b7         2   func ,g         0
  _Excep_MTU6_TGID6
                                  fff805b9         2   func ,g         0
  _Excep_MTU6_TCIV6
                                  fff805bb         2   func ,g         0
  _Excep_MTU7_TGIA7
                                  fff805bd         2   func ,g         0
  _Excep_MTU7_TGIB7
                                  fff805bf         2   func ,g         0
  _Excep_MTU7_TGIC7
                                  fff805c1         2   func ,g         0
  _Excep_MTU7_TGID7
                                  fff805c3         2   func ,g         0
  _Excep_MTU7_TCIV7
                                  fff805c5         2   func ,g         0
  _Excep_POE_OEI1
                                  fff805c7         2   func ,g         0
  _Excep_POE_OEI2
                                  fff805c9         2   func ,g         0
  _Excep_POE_OEI3
                                  fff805cb         2   func ,g         0
  _Excep_POE_OEI4
                                  fff805cd         2   func ,g         0
  _Excep_POE_OEI5
                                  fff805cf         2   func ,g         0
  _Excep_CMP_CMP0
                                  fff805d1         2   func ,g         0
  _Excep_CMP_CMP1
                                  fff805d3         2   func ,g         0
  _Excep_CMP_CMP2
                                  fff805d5         2   func ,g         0
  _Excep_GPT4_GTCIA4
                                  fff805d7         2   func ,g         0
  _Excep_GPT4_GTCIB4
                                  fff805d9         2   func ,g         0
  _Excep_GPT4_GTCIC4
                                  fff805db         2   func ,g         0
  _Excep_GPT4_GTCIE4
                                  fff805dd         2   func ,g         0
  _Excep_GPT4_GTCIV4
                                  fff805df         2   func ,g         0
  _Excep_GPT4_LOCOI4
                                  fff805e1         2   func ,g         0
  _Excep_GPT5_GTCIA5
                                  fff805e3         2   func ,g         0
  _Excep_GPT5_GTCIB5
                                  fff805e5         2   func ,g         0
  _Excep_GPT5_GTCIC5
                                  fff805e7         2   func ,g         0
  _Excep_GPT5_GTCIE5
                                  fff805e9         2   func ,g         0
  _Excep_GPT5_GTCIV5
                                  fff805eb         2   func ,g         0
  _Excep_GPT6_GTCIA6
                                  fff805ed         2   func ,g         0
  _Excep_GPT6_GTCIB6
                                  fff805ef         2   func ,g         0
  _Excep_GPT6_GTCIC6
                                  fff805f1         2   func ,g         0
  _Excep_GPT6_GTCIE6
                                  fff805f3         2   func ,g         0
  _Excep_GPT6_GTCIV6
                                  fff805f5         2   func ,g         0
  _Excep_RIIC1_EEI1
                                  fff805f7         2   func ,g         0
  _Excep_RIIC1_RXI1
                                  fff805f9         2   func ,g         0
  _Excep_RIIC1_TXI1
                                  fff805fb         2   func ,g         0
  _Excep_RIIC1_TEI1
                                  fff805fd         2   func ,g         0
  _Excep_RIIC0_EEI0
                                  fff805ff         2   func ,g         0
  _Excep_RIIC0_RXI0
                                  fff80601         2   func ,g         0
  _Excep_RIIC0_TXI0
                                  fff80603         2   func ,g         0
  _Excep_RIIC0_TEI0
                                  fff80605         2   func ,g         0
  _Excep_DMAC_DMAC0I
                                  fff80607         2   func ,g         0
  _Excep_DMAC_DMAC1I
                                  fff80609         2   func ,g         0
  _Excep_DMAC_DMAC2I
                                  fff8060b         2   func ,g         0
  _Excep_DMAC_DMAC3I
                                  fff8060d         2   func ,g         0
  _Excep_SCI0_TEI0
                                  fff8060f         2   func ,g         0
  _Excep_SCI1_TEI1
                                  fff80611         2   func ,g         0
  _Excep_SCI2_RXI2
                                  fff80613         2   func ,g         0
  _Excep_SCI2_TXI2
                                  fff80615         2   func ,g         0
  _Excep_SCI2_TEI2
                                  fff80617         2   func ,g         0
  _Excep_SCI3_RXI3
                                  fff80619         2   func ,g         0
  _Excep_SCI3_TXI3
                                  fff8061b         2   func ,g         0
  _Excep_SCI3_TEI3
                                  fff8061d         2   func ,g         0
  _Excep_GPT0_GTCIA0
                                  fff8061f         2   func ,g         0
  _Excep_GPT0_GTCIB0
                                  fff80621         2   func ,g         0
  _Excep_GPT0_GTCIC0
                                  fff80623         2   func ,g         0
  _Excep_GPT0_GTCIE0
                                  fff80625         2   func ,g         0
  _Excep_GPT0_GTCIV0
                                  fff80627         2   func ,g         0
  _Excep_GPT0_LOCOI0
                                  fff80629         2   func ,g         0
  _Excep_GPT1_GTCIA1
                                  fff8062b         2   func ,g         0
  _Excep_GPT1_GTCIB1
                                  fff8062d         2   func ,g         0
  _Excep_GPT1_GTCIC1
                                  fff8062f         2   func ,g         0
  _Excep_GPT1_GTCIE1
                                  fff80631         2   func ,g         0
  _Excep_GPT1_GTCIV1
                                  fff80633         2   func ,g         0
  _Excep_GPT2_GTCIA2
                                  fff80635         2   func ,g         0
  _Excep_GPT2_GTCIB2
                                  fff80637         2   func ,g         0
  _Excep_GPT2_GTCIC2
                                  fff80639         2   func ,g         0
  _Excep_GPT2_GTCIE2
                                  fff8063b         2   func ,g         0
  _Excep_GPT2_GTCIV2
                                  fff8063d         2   func ,g         0
  _Excep_GPT3_GTCIA3
                                  fff8063f         2   func ,g         0
  _Excep_GPT3_GTCIB3
                                  fff80641         2   func ,g         0
  _Excep_GPT3_GTCIC3
                                  fff80643         2   func ,g         0
  _Excep_GPT3_GTCIE3
                                  fff80645         2   func ,g         0
  _Excep_GPT3_GTCIV3
                                  fff80647         2   func ,g         0
  _Excep_SCI12_RXI12
                                  fff80649         2   func ,g         0
  _Excep_SCI12_TXI12
                                  fff8064b         2   func ,g         0
  _Excep_SCI12_TEI12
                                  fff8064d         2   func ,g         0

SECTION=P
FILE=.\src\startup\hardware_setup.obj
                                  fff8064f  fff807b6       168
  _HardwareSetup
                                  fff8064f        a3   func ,g         1
  _wait
                                  fff806f2        c5   func ,g         2
FILE=.\src\startup\sbrk.obj
                                  fff807b7  fff807f2        3c
  _sbrk
                                  fff807b7        3c   func ,g         0
FILE=.\src\matSystem\BatteryCheck.obj
                                  fff807f3  fff80861        6f
  BatteryCheck()
                                  fff807f3        6f   func ,g         1
FILE=.\src\matSystem\Connecter.obj
                                  fff80862  fff80a65       204
  Connecter_Activate()
                                  fff80862         5   func ,g         1
  Connecter_Recieve()
                                  fff80867        72   func ,g         1
  Decipher()
                                  fff808d9       163   func ,l         1
  Execute(unsigned char *, unsigned char, unsigned char *)
                                  fff80a3c        2a   func ,l         1
FILE=.\src\matSystem\Main.obj
                                  fff80a66  fff80aaa        45
  _main
                                  fff80a66        2f   func ,g         1
  Timer1_Caooback()
                                  fff80a95        15   func ,l         1
  _abort
                                  fff80aaa         1   func ,g         1
FILE=.\src\UserApplication\App.obj
                                  fff80aab  fff80c72       1c8
  _Initialize
                                  fff80aab        1d   func ,g         1
  _MainLoop
                                  fff80ac8        6f   func ,g         1
  DecipherAndExecute(short *)
                                  fff80b37       13c   func ,l         1
FILE=.\src\Modules\micon\CMT.obj
                                  fff80c73  fff80d32        c0
  _CMT_init
                                  fff80c73        2d   func ,g         1
  _CMT0_Set
                                  fff80ca0        5d   func ,g         4
  _CMT0_Start
                                  fff80cfd         c   func ,g         1
  _Excep_CMT0_CMI0
                                  fff80d09        1b   func ,g         0
  _CMT0_Stop
                                  fff80d24         f   func ,g         1
FILE=.\src\Modules\micon\DAa.obj
                                  fff80d33  fff80da1        6f
  _DAa_init
                                  fff80d33        55   func ,g         1
  _DA0_SetValue
                                  fff80d88         d   func ,g         1
  _DA1_SetValue
                                  fff80d95         d   func ,g         1
FILE=.\src\Modules\micon\GPT012.obj
                                  fff80da2  fff8114b       3aa
  _GPT012_init
                                  fff80da2       2c0   func ,g         1
  _PWM_M1_set
                                  fff81062        27   func ,g         2
  _PWM_M2_set
                                  fff81089        27   func ,g         1
  _PWM_M3_set
                                  fff810b0        27   func ,g         1
  _PWM_M4_set
                                  fff810d7        27   func ,g         1
  _PWM_M5_set
                                  fff810fe        27   func ,g         1
  _PWM_M6_set
                                  fff81125        27   func ,g         1
FILE=.\src\Modules\micon\GPT46.obj
                                  fff8114c  fff81385       23a
  _GPT46_init
                                  fff8114c       167   func ,g         1
  _PWM1_set
                                  fff812b3        4f   func ,g         0
  _PWM1_On
                                  fff81302         c   func ,g         0
  _PWM1_Off
                                  fff8130e         f   func ,g         0
  _BUZZER_set
                                  fff8131d        4f   func ,g         a
  _BUZZER_On
                                  fff8136c         c   func ,g         6
  _BUZZER_Off
                                  fff81378         e   func ,g         5
FILE=.\src\Modules\micon\IO.obj
                                  fff81386  fff8157b       1f6
  _IO_LED_init
                                  fff81386         9   func ,g         1
  _LED_STATUS_R
                                  fff8138f        19   func ,g         2
  _LED_STATUS_G
                                  fff813a8        19   func ,g         2
  _LED_STATUS_B
                                  fff813c1        19   func ,g         2
  _LED_INFO
                                  fff813da        18   func ,g         2
  _LED_ERROR
                                  fff813f2        18   func ,g         2
  _IO_Motor_Init
                                  fff8140a        26   func ,g         1
  _ALERT
                                  fff81430        13   func ,g         0
  _STBY
                                  fff81443        19   func ,g         2
  _Motor1_MODE
                                  fff8145c        30   func ,g         4
  _Motor2_MODE
                                  fff8148c        2e   func ,g         4
  _Motor3_MODE
                                  fff814ba        32   func ,g         4
  _Motor4_MODE
                                  fff814ec        31   func ,g         4
  _Motor5_MODE
                                  fff8151d        30   func ,g         4
  _Motor6_MODE
                                  fff8154d        2f   func ,g         4
FILE=.\src\Modules\micon\S12ADB.obj
                                  fff8157c  fff817e2       267
  _S12AD_init
                                  fff8157c        ad   func ,g         1
  _S12AD_Sample
                                  fff81629        1f   func ,g         1
  _Excep_S12AD_S12ADI
                                  fff81648        38   func ,g         0
  _S12ADB_GetVoltage
                                  fff81680        24   func ,g         3
  _S12AD1_init
                                  fff816a4        b5   func ,g         1
  _S12AD1_Sample
                                  fff81759        1f   func ,g         1
  _Excep_S12AD1_S12ADI1
                                  fff81778        47   func ,g         0
  _S12AD1_GetVoltage
                                  fff817bf        24   func ,g         1
FILE=.\src\Modules\micon\SCIc.obj
                                  fff817e3  fff81c62       480
  _uart1_init
                                  fff817e3        d1   func ,g         1
  _uart1_read
                                  fff818b4        1f   func ,g         1
  _uart1_send
                                  fff818d3        1a   func ,g         1
  _Excep_SCI1_RXI1
                                  fff818ed        91   func ,g         0
  _Excep_SCI1_TXI1
                                  fff8197e        65   func ,g         0
  _uart1_set
                                  fff819e3        5f   func ,l         2
  _uart1_clear_errorFlag
                                  fff81a42        16   func ,l         3
  _uart0_init
                                  fff81a58        cc   func ,g         1
  _uart0_read
                                  fff81b24        9e   func ,g         1
  _Excep_SCI0_RXI0
                                  fff81bc2        16   func ,g         0
  _Excep_SCI0_TXI0
                                  fff81bd8        16   func ,g         0
  _uart0_set
                                  fff81bee        5f   func ,l         2
  _uart0_clear_errorFlag
                                  fff81c4d        16   func ,l         1
FILE=.\src\Modules\AnalogIN.obj
                                  fff81c63  fff81c90        2e
  _AnalogIN_Activate
                                  fff81c63         5   func ,g         1
  _AnalogIN_Sample
                                  fff81c68         5   func ,g         0
  _AnalogIN_GetVoltage
                                  fff81c6d        24   func ,g         0
FILE=.\src\Modules\AnalogOUT.obj
                                  fff81c91  fff81ce5        55
  _AnalogOUT_Activate
                                  fff81c91         5   func ,g         1
  _AnalogOUT1_SetVoltage
                                  fff81c96        28   func ,g         0
  _AnalogOUT2_SetVoltage
                                  fff81cbe        28   func ,g         0
FILE=.\src\Modules\Battery.obj
                                  fff81ce6  fff81d49        64
  __Battery_Activate
                                  fff81ce6         5   func ,g         1
  __Battery_Sample
                                  fff81ceb         5   func ,g         1
  __Battery_GetVoltage1
                                  fff81cf0        1e   func ,g         1
  __Battery_GetVoltage2
                                  fff81d0e        1e   func ,g         2
  __Battery_GetVoltage3
                                  fff81d2c        1e   func ,g         2
FILE=.\src\Modules\Bluetooth.obj
                                  fff81d4a  fff81d5c        13
  _Bluetooth_Activate
                                  fff81d4a         5   func ,g         1
  _Bluetooth_GetRecieveData
                                  fff81d4f         e   func ,g         1
FILE=.\src\Modules\Buzzer.obj
                                  fff81d5d  fff81fb7       25b
  _Buzzer_Activate
                                  fff81d5d         5   func ,g         1
  __Buzzer_Loop
                                  fff81d62       135   func ,g         1
  _Buzzer_On
                                  fff81e97        13   func ,g         1
  _Buzzer_Off
                                  fff81eaa        5d   func ,g         1
  _Buzzer_OneTime
                                  fff81f07        36   func ,g         0
  _Buzzer_StepUp
                                  fff81f3d        29   func ,g         1
  _Buzzer_StepDown
                                  fff81f66        29   func ,g         1
  _Buzzer_Siren1
                                  fff81f8f        29   func ,g         1
FILE=.\src\Modules\LED.obj
                                  fff81fb8  fff82002        4b
  __LED_Activate
                                  fff81fb8         5   func ,g         1
  __LED_R_On
                                  fff81fbd         7   func ,g         1
  __LED_G_On
                                  fff81fc4         7   func ,g         1
  __LED_B_On
                                  fff81fcb         7   func ,g         2
  __LED_Info_On
                                  fff81fd2         7   func ,g         1
  __LED_Error_On
                                  fff81fd9         7   func ,g         2
  __LED_R_Off
                                  fff81fe0         7   func ,g         1
  __LED_G_Off
                                  fff81fe7         7   func ,g         1
  __LED_B_Off
                                  fff81fee         7   func ,g         1
  __LED_Info_Off
                                  fff81ff5         7   func ,g         1
  __LED_Error_Off
                                  fff81ffc         7   func ,g         0
FILE=.\src\Modules\Motor.obj
                                  fff82003  fff825b0       5ae
  _Motor_Activate
                                  fff82003         9   func ,g         1
  _Motor_UnlockSTBY
                                  fff8200c         7   func ,g         1
  _Motor_LockSTBY
                                  fff82013         7   func ,g         1
  __Motor_Loop
                                  fff8201a       35a   func ,g         1
  _Motor1_SetPWM
                                  fff82374         e   func ,g         1
  _Motor2_SetPWM
                                  fff82382         e   func ,g         1
  _Motor3_SetPWM
                                  fff82390         e   func ,g         1
  _Motor4_SetPWM
                                  fff8239e         e   func ,g         1
  _Motor5_SetPWM
                                  fff823ac         e   func ,g         3
  _Motor6_SetPWM
                                  fff823ba         e   func ,g         0
  _motor1_SetMode
                                  fff823c8        3e   func ,l         3
  _motor2_SetMode
                                  fff82406        3e   func ,l         3
  _motor3_SetMode
                                  fff82444        3e   func ,l         3
  _motor4_SetMode
                                  fff82482        3e   func ,l         3
  _motor5_SetMode
                                  fff824c0        3e   func ,l         3
  _motor6_SetMode
                                  fff824fe        3e   func ,l         3
  _norm
                                  fff8253c        42   func ,l         6
  __Motor_Do
                                  fff8257e        19   func ,g         1
  _motor1_Do
                                  fff82597        1a   func ,l         1
FILE=.\src\Modules\Timer.obj
                                  fff825b1  fff82665        b5
  __Timer_Activate
                                  fff825b1         5   func ,g         1
  __Timer1_Set
                                  fff825b6        a6   func ,g         1
  __Timer1_Start
                                  fff8265c         5   func ,g         1
  __Timer1_Stop
                                  fff82661         5   func ,g         0
FILE=.\src\Modules\UART.obj
                                  fff82666  fff8268a        25
  _UART1_Activate
                                  fff82666         5   func ,g         1
  _UART1_GetRecievedData
                                  fff8266b        10   func ,g         1
  _UART1_TransmitData
                                  fff8267b        10   func ,g         0
FILE=.\src\DataConverter.obj
                                  fff8268b  fff8275c        d2
  IntParse(unsigned char)
                                  fff8268b        53   func ,l         1
  _StringToWORD
                                  fff826de        45   func ,g         1
  _BitsToFloat
                                  fff82723        3a   func ,g         1
FILE=cppinit
                                  fff8275d  fff8277c        20
  __CALL_INIT
                                  fff8275d        1c   func ,g         1
  __CALL_END
                                  fff82779         4   func ,g         1
FILE=__initsct
                                  fff8277d  fff827c6        4a
  __INITSCT
                                  fff8277d         0   none ,g         1
  loop1
                                  fff8278f         0   none ,l         1
  next_loop1
                                  fff8279d         0   none ,l         2
  loop3
                                  fff827af         0   none ,l         1
  next_loop3
                                  fff827c0         0   none ,l         2
FILE=static_init
                                  fff827c7  fff8282c        66
  __call_dtors()
                                  fff827c7        66   func ,g         1
FILE=dtor_list
                                  fff8282d  fff82877        4b
  __process_needed_destructions()
                                  fff8282d        26   func ,g         2
  ___already_marked_for_destruction
                                  fff82853         6   func ,g         1
  ___record_needed_destruction
                                  fff82859        1d   func ,g         0
  ___std__needed_destruction_list
                                  fff82876         2   func ,g         0
FILE=error
                                  fff82878  fff8287b         4
  ___abort_execution
                                  fff82878         4   func ,g         1

SECTION=FIXEDVECT
FILE=.\src\Modules\micon\vector_table.obj
                                  ffffff80  ffffffff        80
  _Fixed_Vectors
                                  ffffff80        80   data ,g         0

*** Unfilled Areas ***

AREA                                START    END

*** Delete Symbols ***

SYMBOL                                SIZE    INFO
