Renesas Optimizing Linker (W2.04.00 )             16-Oct-2016 21:40:30

*** Options ***

-subcommand=LinkerSubCommand.tmp
-input="./src/startup/dbsct.obj"
-input="./src/startup/hardware_setup.obj"
-input="./src/startup/reset_program.obj"
-input="./src/startup/sbrk.obj"
-input="./src/matSystem/BatteryCheck.obj"
-input="./src/matSystem/Connecter.obj"
-input="./src/matSystem/Main.obj"
-input="./src/matSystem/System.obj"
-input="./src/UserApplication/App.obj"
-input="./src/Modules/micon/CMT.obj"
-input="./src/Modules/micon/DAa.obj"
-input="./src/Modules/micon/GPT012.obj"
-input="./src/Modules/micon/GPT456.obj"
-input="./src/Modules/micon/IO.obj"
-input="./src/Modules/micon/S12ADB.obj"
-input="./src/Modules/micon/SCIc.obj"
-input="./src/Modules/micon/interrupt_handlers.obj"
-input="./src/Modules/micon/vector_table.obj"
-input="./src/Modules/AnalogIN.obj"
-input="./src/Modules/AnalogOUT.obj"
-input="./src/Modules/Battery.obj"
-input="./src/Modules/Bluetooth.obj"
-input="./src/Modules/Buzzer.obj"
-input="./src/Modules/DataLogger.obj"
-input="./src/Modules/DigitalIO.obj"
-input="./src/Modules/LED.obj"
-input="./src/Modules/Motor.obj"
-input="./src/Modules/Servo.obj"
-input="./src/Modules/Timer.obj"
-input="./src/Modules/UART.obj"
-input="./src/DataConverter.obj"
-start=SU,SI,B_1,R_1,B_2,R_2,B,R/04,PResetPRG,C_1,C_2,C,C$*,D*,W*,L,PIntPRG,P/0FFF80000,FIXEDVECT/0FFFFFF80
-library=C:\Users\Reiji\DOCUME~1\GitHub\ROBOTC~1\HARDWA~2\RobotCore1Framework.lib
-list=RobotCore1Framework.map
-show
-nooptimize
-debug
-output=C:\Users\Reiji\Documents\GitHub\RobotCore1Frameware\HardwareDebug\RobotCore1Framework.abs
-rom=D=R,D_1=R_1,D_2=R_2
-nocompress
-nomessage
-nologo

*** Error information ***

*** Mapping List ***

SECTION                            START      END         SIZE   ALIGN

SU
                                  00000004  00000103       100   4
SI
                                  00000104  00000403       300   4
B_1
                                  00000404  0000162f      122c   1
R_1
                                  00001630  00001651        22   1
B_2
                                  00001652  0000165f         e   2
R_2
                                  00001660  00001699        3a   2
B
                                  0000169c  00005d17      467c   4
R
                                  00005d18  00005e13        fc   4
PResetPRG
                                  fff80000  fff80038        39   1
C_1
                                  fff80039  fff80039         0   1
C_2
                                  fff80039  fff80039         0   1
C
                                  fff8003c  fff8006f        34   4
C$DSEC
                                  fff80070  fff80093        24   4
C$BSEC
                                  fff80094  fff800ab        18   4
C$INIT
                                  fff800ac  fff800ac         0   1
C$VECT
                                  fff800ac  fff804ab       400   4
C$VTBL
                                  fff804ac  fff804ac         0   1
D
                                  fff804ac  fff805a7        fc   4
D_1
                                  fff805a8  fff805c9        22   1
D_2
                                  fff805ca  fff80603        3a   2
W
                                  fff80604  fff80604         0   4
W_1
                                  fff80604  fff80613        10   1
W_2
                                  fff80614  fff80614         0   2
L
                                  fff80614  fff80655        42   4
PIntPRG
                                  fff80656  fff807b0       15b   1
P
                                  fff807b1  fff847fc      404c   1
FIXEDVECT
                                  ffffff80  ffffffff        80   4

*** Symbol List ***

SECTION=
FILE=                               START        END    SIZE
  SYMBOL                            ADDR        SIZE    INFO      COUNTS  OPT

SECTION=SU
FILE=.\src\startup\reset_program.obj
                                  00000004  00000103       100

SECTION=SI
FILE=.\src\startup\reset_program.obj
                                  00000104  00000403       300

SECTION=B_1
FILE=.\src\matSystem\Connecter.obj
                                  00000404  00000c21       81e
  _trg
                                  00000404         5   data ,g         2
  _command
                                  00000409         5   data ,g         2
  _valueLength
                                  0000040e         5   data ,g         2
  _value
                                  00000413         f   data ,g         2
  _TransmitDataBufferA
                                  00000422       400   data ,g         2
  _TransmitDataBufferB
                                  00000822       400   data ,g         2
FILE=.\src\Modules\micon\SCIc.obj
                                  00000c22  00001621       a00
  _uart1_bufR_A
                                  00000c22       400   data ,g         2
  _uart1_bufR_B
                                  00001022       400   data ,g         2
  _uart0_bufR_A
                                  00001422       100   data ,g         2
  _uart0_bufR_B
                                  00001522       100   data ,g         2
FILE=.\src\Modules\Motor.obj
                                  00001622  00001627         6
  _direction
                                  00001622         6   data ,g        12
FILE=.\src\DataConverter.obj
                                  00001628  0000162f         8
  _bytes
                                  00001628         4   data ,g         5
  _intBytes
                                  0000162c         4   data ,g         5

SECTION=R_1
FILE=.\src\matSystem\Connecter.obj
                                  00001630  00001637         8
  _trg_index
                                  00001630         1   data ,g         4
  _command_index
                                  00001631         1   data ,g         5
  _valueLength_index
                                  00001632         1   data ,g         5
  _lengthOfValue
                                  00001633         1   data ,g         2
  _value_index
                                  00001634         1   data ,g         5
  _BufferA_Count
                                  00001635         1   data ,g         5
  _BufferB_Count
                                  00001636         1   data ,g         5
  _BufferAisSelected
                                  00001637         1   data ,g         4
FILE=.\src\matSystem\Main.obj
                                  00001638  00001638         1
  _timer1_callbackRunning
                                  00001638         1   data ,g         3
FILE=.\src\matSystem\System.obj
                                  00001639  00001639         1
  _count
                                  00001639         1   data ,g         0
FILE=.\src\UserApplication\App.obj
                                  0000163a  0000164a        11
  _dualshockConnecting
                                  0000163a         1   data ,g         3
  _actCount
                                  0000163b         1   data ,g         5
  _sumpleCount
                                  0000163c         1   data ,g         3
  _isStandby
                                  0000163d         1   data ,g         3
  _ArmDown
                                  0000163e         1   data ,g         6
  _ArmUpForce
                                  0000163f         1   data ,g         6
  _waitingForStop
                                  00001640         1   data ,g         4
  _motorMoving
                                  00001641         1   data ,g         3
  _pumpOnL
                                  00001642         1   data ,g         5
  _pumpOnR
                                  00001643         1   data ,g         5
  _pumpHold
                                  00001644         1   data ,g         8
  _autoUpCount
                                  00001645         1   data ,g         6
  _isAimMode
                                  00001646         1   data ,g         6
  _dollyL_turned
                                  00001647         1   data ,g         0
  _dollyL_clicked
                                  00001648         1   data ,g         0
  _currentFloor
                                  00001649         1   data ,g         0
  _targetFloor
                                  0000164a         1   data ,g         0
FILE=.\src\Modules\micon\SCIc.obj
                                  0000164b  0000164e         4
  _flag_RXI0
                                  0000164b         1   data ,g         0
  _flag_TXI0
                                  0000164c         1   data ,g         0
  _uart1_bufSelect
                                  0000164d         1   data ,g         3
  _uart0_bufSelect
                                  0000164e         1   data ,g         3
FILE=.\src\Modules\Bluetooth.obj
                                  0000164f  0000164f         1
  _i
                                  0000164f         1   data ,g         8
FILE=.\src\Modules\DataLogger.obj
                                  00001650  00001650         1
  _log1_count
                                  00001650         1   data ,g         3
FILE=.\src\Modules\Motor.obj
                                  00001651  00001651         1
  _motor1_DutyIn_HardwarePortAdress
                                  00001651         1   data ,g         3

SECTION=B_2
FILE=.\src\Modules\micon\S12ADB.obj
                                  00001652  0000165f         e
  _values
                                  00001652         6   data ,g         4
  _values1
                                  00001658         8   data ,g         5

SECTION=R_2
FILE=.\src\Modules\micon\SCIc.obj
                                  00001660  0000166f        10
  _uart1_bufR_index_A
                                  00001660         2   data ,g         4
  _uart1_bufR_index_B
                                  00001662         2   data ,g         4
  _uart1_bufT_index
                                  00001664         2   data ,g         6
  _uart1_bufT_maxCount
                                  00001666         2   data ,g         5
  _uart0_bufR_index_A
                                  00001668         2   data ,g         4
  _uart0_bufR_index_B
                                  0000166a         2   data ,g         4
  _uart0_bufT_index
                                  0000166c         2   data ,g         6
  _uart0_bufT_maxCount
                                  0000166e         2   data ,g         5
FILE=.\src\Modules\Bluetooth.obj
                                  00001670  00001681        12
  _orderBuffer
                                  00001670        10   data ,g         9
  _vibration1count
                                  00001680         2   data ,g         3
FILE=.\src\Modules\Buzzer.obj
                                  00001682  00001695        14
  _oneTime
                                  00001682         2   data ,g         6
  _stepUp
                                  00001684         2   data ,g         6
  _stepDown
                                  00001686         2   data ,g         6
  _siren1
                                  00001688         2   data ,g         7
  _siren1Fq
                                  0000168a         2   data ,g         4
  _siren2
                                  0000168c         2   data ,g         6
  _siren2Fq
                                  0000168e         2   data ,g         4
  _lowBattery
                                  00001690         2   data ,g         7
  _lowBatteryFq
                                  00001692         2   data ,g         5
  _flag
                                  00001694         2   data ,g         3
FILE=.\src\Modules\DataLogger.obj
                                  00001696  00001699         4
  _log1_time
                                  00001696         2   data ,g         2
  _log1_index
                                  00001698         2   data ,g         5

SECTION=B
FILE=.\src\startup\sbrk.obj
                                  0000169c  00001a9b       400
  _heap_area
                                  0000169c       400   data ,l         2
FILE=.\src\matSystem\Connecter.obj
                                  00001a9c  00001b1b        80
  _Inputs
                                  00001a9c        80   data ,g         2
FILE=.\src\UserApplication\App.obj
                                  00001b1c  00001cfb       1e0
  _buffer
                                  00001b1c       190   data ,g         4
  _buffer2
                                  00001cac        28   data ,g         3
  _buffer3
                                  00001cd4        28   data ,g         3
FILE=.\src\Modules\micon\CMT.obj
                                  00001cfc  00001d03         8
  _callback1
                                  00001cfc         4   data ,g         2
  _callback2
                                  00001d00         4   data ,g         2
FILE=.\src\Modules\micon\SCIc.obj
                                  00001d04  00001d0b         8
  _uart1_bufT
                                  00001d04         4   data ,g         3
  _uart0_bufT
                                  00001d08         4   data ,g         3
FILE=.\src\Modules\Bluetooth.obj
                                  00001d0c  00001d13         8
  _bluetoothRecievedData
                                  00001d0c         4   data ,g         4
  _Callback
                                  00001d10         4   data ,g         2
FILE=.\src\Modules\DataLogger.obj
                                  00001d14  00005d13      4000
  _log1
                                  00001d14      4000   data ,g         2
FILE=dtor_list
                                  00005d14  00005d17         4
  _needed_destruction_head
                                  00005d14         4   data ,l         2

SECTION=R
FILE=.\src\startup\sbrk.obj
                                  00005d18  00005d1b         4
  _brk
                                  00005d18         4   data ,l         3
FILE=.\src\matSystem\Connecter.obj
                                  00005d1c  00005d3b        20
  _Connecter_isConnecting
                                  00005d1c         4   data ,g         3
  _trgRecieved
                                  00005d20         4   data ,g         5
  _commandRecieved
                                  00005d24         4   data ,g         5
  _valueLengthRecieved
                                  00005d28         4   data ,g         5
  _valueRecieved
                                  00005d2c         4   data ,g         5
  _lineRecieved
                                  00005d30         4   data ,g         4
  _connecter_Recieve_running
                                  00005d34         4   data ,g         3
  _connecter_send_running
                                  00005d38         4   data ,g         3
FILE=.\src\matSystem\System.obj
                                  00005d3c  00005d43         8
  _System_CurrentTime
                                  00005d3c         4   data ,g         3
  _isCounting
                                  00005d40         4   data ,g         3
FILE=.\src\UserApplication\App.obj
                                  00005d44  00005d63        20
  _floors
                                  00005d44         8   data ,g         0
  _deltaL
                                  00005d4c         8   data ,g         5
  _deltaR
                                  00005d54         8   data ,g         5
  _integralL
                                  00005d5c         4   data ,g         2
  _integralR
                                  00005d60         4   data ,g         2
FILE=.\src\Modules\Bluetooth.obj
                                  00005d64  00005d6b         8
  _commandOut_State
                                  00005d64         4   data ,g         3
  _commandIn_State
                                  00005d68         4   data ,g         2
FILE=.\src\Modules\DataLogger.obj
                                  00005d6c  00005d6f         4
  _log1_isLoging
                                  00005d6c         4   data ,g         4
FILE=.\src\Modules\Motor.obj
                                  00005d70  00005dff        90
  _motor1_DutyIn_State
                                  00005d70         4   data ,g         0
  _motor2_DutyIn_State
                                  00005d74         4   data ,g         0
  _motor3_DutyIn_State
                                  00005d78         4   data ,g         0
  _motor4_DutyIn_State
                                  00005d7c         4   data ,g         0
  _motor5_DutyIn_State
                                  00005d80         4   data ,g         0
  _motor6_DutyIn_State
                                  00005d84         4   data ,g         0
  _motor1_AccelerationIn_State
                                  00005d88         4   data ,g         7
  _motor2_AccelerationIn_State
                                  00005d8c         4   data ,g         1
  _motor3_AccelerationIn_State
                                  00005d90         4   data ,g         1
  _motor4_AccelerationIn_State
                                  00005d94         4   data ,g         1
  _motor5_AccelerationIn_State
                                  00005d98         4   data ,g         1
  _motor6_AccelerationIn_State
                                  00005d9c         4   data ,g         1
  _motor1_DutyOut_State
                                  00005da0         4   data ,g         3
  _motor2_DutyOut_State
                                  00005da4         4   data ,g         3
  _motor3_DutyOut_State
                                  00005da8         4   data ,g         3
  _motor4_DutyOut_State
                                  00005dac         4   data ,g         3
  _motor5_DutyOut_State
                                  00005db0         4   data ,g         3
  _motor6_DutyOut_State
                                  00005db4         4   data ,g         3
  _trgDuty
                                  00005db8        18   data ,g         d
  _acceleration
                                  00005dd0        18   data ,g         d
  _actualDuty
                                  00005de8        18   data ,g        16
FILE=static_init
                                  00005e00  00005e07         8
  _use_patch_info
                                  00005e00         4   data ,l         1
  _dtors_done$1
                                  00005e04         4   data ,l         1
FILE=munch_dtors
                                  00005e08  00005e0b         4
  __dtors
                                  00005e08         4   data ,g         1
FILE=vars
                                  00005e0c  00005e13         8
  __new_handler
                                  00005e0c         4   data ,g         0
  ___head
                                  00005e10         4   data ,g         1

SECTION=PResetPRG
FILE=.\src\startup\reset_program.obj
                                  fff80000  fff80038        39
  _PowerON_Reset_PC
                                  fff80000        39   entry,g         1

SECTION=C
FILE=.\src\startup\dbsct.obj
                                  fff8003c  fff8006f        34
  __CTBL
                                  fff8003c        34   data ,g         0

SECTION=C$DSEC
FILE=.\src\startup\dbsct.obj
                                  fff80070  fff80093        24
  __DTBL
                                  fff80070        24   data ,g         0

SECTION=C$BSEC
FILE=.\src\startup\dbsct.obj
                                  fff80094  fff800ab        18
  __BTBL
                                  fff80094        18   data ,g         0

SECTION=C$VECT
FILE=.\src\startup\dbsct.obj
                                  fff800ac  fff804ab       400

SECTION=D
FILE=.\src\startup\sbrk.obj
                                  fff804ac  fff804af         4
FILE=.\src\matSystem\Connecter.obj
                                  fff804b0  fff804cf        20
FILE=.\src\matSystem\System.obj
                                  fff804d0  fff804d7         8
FILE=.\src\UserApplication\App.obj
                                  fff804d8  fff804f7        20
FILE=.\src\Modules\Bluetooth.obj
                                  fff804f8  fff804ff         8
FILE=.\src\Modules\DataLogger.obj
                                  fff80500  fff80503         4
FILE=.\src\Modules\Motor.obj
                                  fff80504  fff80593        90
FILE=static_init
                                  fff80594  fff8059b         8
FILE=munch_dtors
                                  fff8059c  fff8059f         4
FILE=vars
                                  fff805a0  fff805a7         8

SECTION=D_1
FILE=.\src\matSystem\Connecter.obj
                                  fff805a8  fff805af         8
FILE=.\src\matSystem\Main.obj
                                  fff805b0  fff805b0         1
FILE=.\src\matSystem\System.obj
                                  fff805b1  fff805b1         1
FILE=.\src\UserApplication\App.obj
                                  fff805b2  fff805c2        11
FILE=.\src\Modules\micon\SCIc.obj
                                  fff805c3  fff805c6         4
FILE=.\src\Modules\Bluetooth.obj
                                  fff805c7  fff805c7         1
FILE=.\src\Modules\DataLogger.obj
                                  fff805c8  fff805c8         1
FILE=.\src\Modules\Motor.obj
                                  fff805c9  fff805c9         1

SECTION=D_2
FILE=.\src\Modules\micon\SCIc.obj
                                  fff805ca  fff805d9        10
FILE=.\src\Modules\Bluetooth.obj
                                  fff805da  fff805eb        12
FILE=.\src\Modules\Buzzer.obj
                                  fff805ec  fff805ff        14
FILE=.\src\Modules\DataLogger.obj
                                  fff80600  fff80603         4

SECTION=W_1
FILE=.\src\Modules\Motor.obj
                                  fff80604  fff80609         6
FILE=.\src\DataConverter.obj
                                  fff8060a  fff80613         a

SECTION=L
FILE=.\src\matSystem\Connecter.obj
                                  fff80614  fff80618         5
FILE=.\src\Modules\Bluetooth.obj
                                  fff8061c  fff80629         e
FILE=.\src\Modules\Motor.obj
                                  fff8062c  fff80655        2a

SECTION=PIntPRG
FILE=.\src\Modules\micon\interrupt_handlers.obj
                                  fff80656  fff807b0       15b
  _Excep_SuperVisorInst
                                  fff80656         2   func ,g         1
  _Excep_AccessInst
                                  fff80658         2   func ,g         1
  _Excep_UndefinedInst
                                  fff8065a         2   func ,g         1
  _Excep_FloatingPoint
                                  fff8065c         2   func ,g         1
  _NonMaskableInterrupt
                                  fff8065e         2   func ,g         1
  _Dummy
                                  fff80660         2   func ,g        13
  _Excep_BRK
                                  fff80662         f   func ,g         0
  _Excep_BSC_BUSERR
                                  fff80671         2   func ,g         0
  _Excep_FCU_FIFERR
                                  fff80673         2   func ,g         0
  _Excep_FCU_FRDYI
                                  fff80675         2   func ,g         0
  _Excep_ICU_SWINT
                                  fff80677         2   func ,g         0
  _Excep_CMT2_CMI2
                                  fff80679         2   func ,g         0
  _Excep_CMT3_CMI3
                                  fff8067b         2   func ,g         0
  _Excep_USB0_D0FIFO0
                                  fff8067d         2   func ,g         0
  _Excep_USB0_D1FIFO0
                                  fff8067f         2   func ,g         0
  _Excep_USB0_USBI0
                                  fff80681         2   func ,g         0
  _Excep_CAC_FERRF
                                  fff80683         2   func ,g         0
  _Excep_CAC_MENDF
                                  fff80685         2   func ,g         0
  _Excep_CAC_OVFF
                                  fff80687         2   func ,g         0
  _Excep_RSPI0_SPRI0
                                  fff80689         2   func ,g         0
  _Excep_RSPI0_SPTI0
                                  fff8068b         2   func ,g         0
  _Excep_RSPI0_SPII0
                                  fff8068d         2   func ,g         0
  _Excep_RSPI1_SPRI1
                                  fff8068f         2   func ,g         0
  _Excep_RSPI1_SPTI1
                                  fff80691         2   func ,g         0
  _Excep_RSPI1_SPII1
                                  fff80693         2   func ,g         0
  _Excep_CAN1_RXF1
                                  fff80695         2   func ,g         0
  _Excep_CAN1_TXF1
                                  fff80697         2   func ,g         0
  _Excep_CAN1_RXM1
                                  fff80699         2   func ,g         0
  _Excep_CAN1_TXM1
                                  fff8069b         2   func ,g         0
  _Excep_GPT7_GTCIA7
                                  fff8069d         2   func ,g         0
  _Excep_GPT7_GTCIB7
                                  fff8069f         2   func ,g         0
  _Excep_GPT7_GTCIC7
                                  fff806a1         2   func ,g         0
  _Excep_GPT7_GTCIE7
                                  fff806a3         2   func ,g         0
  _Excep_GPT7_GTCIV7
                                  fff806a5         2   func ,g         0
  _Excep_CMP_CMP4
                                  fff806a7         2   func ,g         0
  _Excep_CMP_CMP5
                                  fff806a9         2   func ,g         0
  _Excep_CMP_CMP6
                                  fff806ab         2   func ,g         0
  _Excep_DOC_DOPCF
                                  fff806ad         2   func ,g         0
  _Excep_DPC_RBI0
                                  fff806af         2   func ,g         0
  _Excep_DPC_RBI1
                                  fff806b1         2   func ,g         0
  _Excep_DPC_RBI2
                                  fff806b3         2   func ,g         0
  _Excep_DPC_RBI3
                                  fff806b5         2   func ,g         0
  _Excep_DPC_RBI4
                                  fff806b7         2   func ,g         0
  _Excep_ICU_IRQ0
                                  fff806b9         2   func ,g         0
  _Excep_ICU_IRQ1
                                  fff806bb         2   func ,g         0
  _Excep_ICU_IRQ2
                                  fff806bd         2   func ,g         0
  _Excep_ICU_IRQ3
                                  fff806bf         2   func ,g         0
  _Excep_ICU_IRQ4
                                  fff806c1         2   func ,g         0
  _Excep_ICU_IRQ5
                                  fff806c3         2   func ,g         0
  _Excep_ICU_IRQ6
                                  fff806c5         2   func ,g         0
  _Excep_ICU_IRQ7
                                  fff806c7         2   func ,g         0
  _Excep_USB_USBR0
                                  fff806c9         2   func ,g         0
  _Excep_AD_ADI0
                                  fff806cb         2   func ,g         0
  _Excep_S12AD_S12GBADI
                                  fff806cd         2   func ,g         0
  _Excep_S12AD1_S12GBADI1
                                  fff806cf         2   func ,g         0
  _Excep_ICU_GROUP0
                                  fff806d1         2   func ,g         0
  _Excep_ICU_GROUP12
                                  fff806d3         2   func ,g         0
  _Excep_SCI12_SCIX0
                                  fff806d5         2   func ,g         0
  _Excep_SCI12_SCIX1
                                  fff806d7         2   func ,g         0
  _Excep_SCI12_SCIX2
                                  fff806d9         2   func ,g         0
  _Excep_SCI12_SCIX3
                                  fff806db         2   func ,g         0
  _Excep_MTU0_TGIA0
                                  fff806dd         2   func ,g         0
  _Excep_MTU0_TGIB0
                                  fff806df         2   func ,g         0
  _Excep_MTU0_TGIC0
                                  fff806e1         2   func ,g         0
  _Excep_MTU0_TGID0
                                  fff806e3         2   func ,g         0
  _Excep_MTU0_TCIV0
                                  fff806e5         2   func ,g         0
  _Excep_MTU0_TGIE0
                                  fff806e7         2   func ,g         0
  _Excep_MTU0_TGIF0
                                  fff806e9         2   func ,g         0
  _Excep_MTU1_TGIA1
                                  fff806eb         2   func ,g         0
  _Excep_MTU1_TGIB1
                                  fff806ed         2   func ,g         0
  _Excep_MTU1_TCIV1
                                  fff806ef         2   func ,g         0
  _Excep_MTU1_TCIU1
                                  fff806f1         2   func ,g         0
  _Excep_MTU2_TGIA2
                                  fff806f3         2   func ,g         0
  _Excep_MTU2_TGIB2
                                  fff806f5         2   func ,g         0
  _Excep_MTU2_TCIV2
                                  fff806f7         2   func ,g         0
  _Excep_MTU2_TCIU2
                                  fff806f9         2   func ,g         0
  _Excep_MTU3_TGIA3
                                  fff806fb         2   func ,g         0
  _Excep_MTU3_TGIB3
                                  fff806fd         2   func ,g         0
  _Excep_MTU3_TGIC3
                                  fff806ff         2   func ,g         0
  _Excep_MTU3_TGID3
                                  fff80701         2   func ,g         0
  _Excep_MTU3_TCIV3
                                  fff80703         2   func ,g         0
  _Excep_MTU4_TGIA4
                                  fff80705         2   func ,g         0
  _Excep_MTU4_TGIB4
                                  fff80707         2   func ,g         0
  _Excep_MTU4_TGIC4
                                  fff80709         2   func ,g         0
  _Excep_MTU4_TGID4
                                  fff8070b         2   func ,g         0
  _Excep_MTU4_TCIV4
                                  fff8070d         2   func ,g         0
  _Excep_MTU5_TGIU5
                                  fff8070f         2   func ,g         0
  _Excep_MTU5_TGIV5
                                  fff80711         2   func ,g         0
  _Excep_MTU5_TGIW5
                                  fff80713         2   func ,g         0
  _Excep_MTU6_TGIA6
                                  fff80715         2   func ,g         0
  _Excep_MTU6_TGIB6
                                  fff80717         2   func ,g         0
  _Excep_MTU6_TGIC6
                                  fff80719         2   func ,g         0
  _Excep_MTU6_TGID6
                                  fff8071b         2   func ,g         0
  _Excep_MTU6_TCIV6
                                  fff8071d         2   func ,g         0
  _Excep_MTU7_TGIA7
                                  fff8071f         2   func ,g         0
  _Excep_MTU7_TGIB7
                                  fff80721         2   func ,g         0
  _Excep_MTU7_TGIC7
                                  fff80723         2   func ,g         0
  _Excep_MTU7_TGID7
                                  fff80725         2   func ,g         0
  _Excep_MTU7_TCIV7
                                  fff80727         2   func ,g         0
  _Excep_POE_OEI1
                                  fff80729         2   func ,g         0
  _Excep_POE_OEI2
                                  fff8072b         2   func ,g         0
  _Excep_POE_OEI3
                                  fff8072d         2   func ,g         0
  _Excep_POE_OEI4
                                  fff8072f         2   func ,g         0
  _Excep_POE_OEI5
                                  fff80731         2   func ,g         0
  _Excep_CMP_CMP0
                                  fff80733         2   func ,g         0
  _Excep_CMP_CMP1
                                  fff80735         2   func ,g         0
  _Excep_CMP_CMP2
                                  fff80737         2   func ,g         0
  _Excep_GPT4_GTCIA4
                                  fff80739         2   func ,g         0
  _Excep_GPT4_GTCIB4
                                  fff8073b         2   func ,g         0
  _Excep_GPT4_GTCIC4
                                  fff8073d         2   func ,g         0
  _Excep_GPT4_GTCIE4
                                  fff8073f         2   func ,g         0
  _Excep_GPT4_GTCIV4
                                  fff80741         2   func ,g         0
  _Excep_GPT4_LOCOI4
                                  fff80743         2   func ,g         0
  _Excep_GPT5_GTCIA5
                                  fff80745         2   func ,g         0
  _Excep_GPT5_GTCIB5
                                  fff80747         2   func ,g         0
  _Excep_GPT5_GTCIC5
                                  fff80749         2   func ,g         0
  _Excep_GPT5_GTCIE5
                                  fff8074b         2   func ,g         0
  _Excep_GPT5_GTCIV5
                                  fff8074d         2   func ,g         0
  _Excep_GPT6_GTCIA6
                                  fff8074f         2   func ,g         0
  _Excep_GPT6_GTCIB6
                                  fff80751         2   func ,g         0
  _Excep_GPT6_GTCIC6
                                  fff80753         2   func ,g         0
  _Excep_GPT6_GTCIE6
                                  fff80755         2   func ,g         0
  _Excep_GPT6_GTCIV6
                                  fff80757         2   func ,g         0
  _Excep_RIIC1_EEI1
                                  fff80759         2   func ,g         0
  _Excep_RIIC1_RXI1
                                  fff8075b         2   func ,g         0
  _Excep_RIIC1_TXI1
                                  fff8075d         2   func ,g         0
  _Excep_RIIC1_TEI1
                                  fff8075f         2   func ,g         0
  _Excep_RIIC0_EEI0
                                  fff80761         2   func ,g         0
  _Excep_RIIC0_RXI0
                                  fff80763         2   func ,g         0
  _Excep_RIIC0_TXI0
                                  fff80765         2   func ,g         0
  _Excep_RIIC0_TEI0
                                  fff80767         2   func ,g         0
  _Excep_DMAC_DMAC0I
                                  fff80769         2   func ,g         0
  _Excep_DMAC_DMAC1I
                                  fff8076b         2   func ,g         0
  _Excep_DMAC_DMAC2I
                                  fff8076d         2   func ,g         0
  _Excep_DMAC_DMAC3I
                                  fff8076f         2   func ,g         0
  _Excep_SCI0_TEI0
                                  fff80771         2   func ,g         0
  _Excep_SCI1_TEI1
                                  fff80773         2   func ,g         0
  _Excep_SCI2_RXI2
                                  fff80775         2   func ,g         0
  _Excep_SCI2_TXI2
                                  fff80777         2   func ,g         0
  _Excep_SCI2_TEI2
                                  fff80779         2   func ,g         0
  _Excep_SCI3_RXI3
                                  fff8077b         2   func ,g         0
  _Excep_SCI3_TXI3
                                  fff8077d         2   func ,g         0
  _Excep_SCI3_TEI3
                                  fff8077f         2   func ,g         0
  _Excep_GPT0_GTCIA0
                                  fff80781         2   func ,g         0
  _Excep_GPT0_GTCIB0
                                  fff80783         2   func ,g         0
  _Excep_GPT0_GTCIC0
                                  fff80785         2   func ,g         0
  _Excep_GPT0_GTCIE0
                                  fff80787         2   func ,g         0
  _Excep_GPT0_GTCIV0
                                  fff80789         2   func ,g         0
  _Excep_GPT0_LOCOI0
                                  fff8078b         2   func ,g         0
  _Excep_GPT1_GTCIA1
                                  fff8078d         2   func ,g         0
  _Excep_GPT1_GTCIB1
                                  fff8078f         2   func ,g         0
  _Excep_GPT1_GTCIC1
                                  fff80791         2   func ,g         0
  _Excep_GPT1_GTCIE1
                                  fff80793         2   func ,g         0
  _Excep_GPT1_GTCIV1
                                  fff80795         2   func ,g         0
  _Excep_GPT2_GTCIA2
                                  fff80797         2   func ,g         0
  _Excep_GPT2_GTCIB2
                                  fff80799         2   func ,g         0
  _Excep_GPT2_GTCIC2
                                  fff8079b         2   func ,g         0
  _Excep_GPT2_GTCIE2
                                  fff8079d         2   func ,g         0
  _Excep_GPT2_GTCIV2
                                  fff8079f         2   func ,g         0
  _Excep_GPT3_GTCIA3
                                  fff807a1         2   func ,g         0
  _Excep_GPT3_GTCIB3
                                  fff807a3         2   func ,g         0
  _Excep_GPT3_GTCIC3
                                  fff807a5         2   func ,g         0
  _Excep_GPT3_GTCIE3
                                  fff807a7         2   func ,g         0
  _Excep_GPT3_GTCIV3
                                  fff807a9         2   func ,g         0
  _Excep_SCI12_RXI12
                                  fff807ab         2   func ,g         0
  _Excep_SCI12_TXI12
                                  fff807ad         2   func ,g         0
  _Excep_SCI12_TEI12
                                  fff807af         2   func ,g         0

SECTION=P
FILE=.\src\startup\hardware_setup.obj
                                  fff807b1  fff80918       168
  _HardwareSetup
                                  fff807b1        a3   func ,g         1
  _wait
                                  fff80854        c5   func ,g         2
FILE=.\src\startup\sbrk.obj
                                  fff80919  fff80954        3c
  _sbrk
                                  fff80919        3c   func ,g         0
FILE=.\src\matSystem\BatteryCheck.obj
                                  fff80955  fff80a08        b4
  BatteryCheck()
                                  fff80955        b4   func ,g         1
FILE=.\src\matSystem\Connecter.obj
                                  fff80a09  fff80f7e       576
  __Connecter_Activate
                                  fff80a09         5   func ,g         1
  __Connecter_Recieve
                                  fff80a0e       323   func ,g         1
  __Connecter_Transmit
                                  fff80d31        6f   func ,g         1
  _Connecter_Send
                                  fff80da0        a2   func ,g         a
  _Connecter_SendFloat
                                  fff80e42        32   func ,g         c
  _Connecter_SendInt
                                  fff80e74        32   func ,g         0
  _Execute
                                  fff80ea6        af   func ,l         1
  _Connecter_InputToHardwarePort
                                  fff80f55        17   func ,g         1
  _Connecter_RegistHardwarePort
                                  fff80f6c        13   func ,g         1
FILE=.\src\matSystem\Main.obj
                                  fff80f7f  fff80ffd        7f
  _main
                                  fff80f7f        33   func ,g         1
  Timer1_Callback()
                                  fff80fb2        4b   func ,l         1
  _abort
                                  fff80ffd         1   func ,g         1
FILE=.\src\matSystem\System.obj
                                  fff80ffe  fff81040        43
  __System_ClockStart
                                  fff80ffe         a   func ,g         2
  __System_ClockStop
                                  fff81008         a   func ,g         1
  __System_SetTime
                                  fff81012         e   func ,g         1
  __System_Loop
                                  fff81020        1b   func ,g         1
  _System_Log
                                  fff8103b         6   func ,g         0
FILE=.\src\UserApplication\App.obj
                                  fff81041  fff81a5d       a1d
  _Initialize
                                  fff81041        6b   func ,g         1
  _MainLoop
                                  fff810ac         1   func ,g         1
  __SystemClockCallBack
                                  fff810ad        93   func ,g         1
  Timer2Callback()
                                  fff81140       1e4   func ,l         1
  BluetoothCallback(DUALSHOCK3)
                                  fff81324       685   func ,l         1
  StartAimMode()
                                  fff819a9        46   func ,l         1
  EndAimMode()
                                  fff819ef        42   func ,l         4
  Sleep()
                                  fff81a31        2d   func ,l         2
FILE=.\src\Modules\micon\CMT.obj
                                  fff81a5e  fff81bb0       153
  _CMT_init
                                  fff81a5e        2d   func ,g         1
  _CMT0_Set
                                  fff81a8b        5d   func ,g         4
  _CMT0_Start
                                  fff81ae8         c   func ,g         1
  _Excep_CMT0_CMI0
                                  fff81af4        1b   func ,g         0
  _CMT0_Stop
                                  fff81b0f         f   func ,g         1
  _CMT1_Set
                                  fff81b1e        5d   func ,g         4
  _CMT1_Start
                                  fff81b7b         c   func ,g         1
  _Excep_CMT1_CMI1
                                  fff81b87        1b   func ,g         0
  _CMT1_Stop
                                  fff81ba2         f   func ,g         1
FILE=.\src\Modules\micon\DAa.obj
                                  fff81bb1  fff81c1f        6f
  _DAa_init
                                  fff81bb1        55   func ,g         1
  _DA0_SetValue
                                  fff81c06         d   func ,g         1
  _DA1_SetValue
                                  fff81c13         d   func ,g         1
FILE=.\src\Modules\micon\GPT012.obj
                                  fff81c20  fff81fc9       3aa
  _GPT012_init
                                  fff81c20       2c0   func ,g         1
  _PWM_M1_set
                                  fff81ee0        27   func ,g         1
  _PWM_M2_set
                                  fff81f07        27   func ,g         1
  _PWM_M3_set
                                  fff81f2e        27   func ,g         1
  _PWM_M4_set
                                  fff81f55        27   func ,g         1
  _PWM_M5_set
                                  fff81f7c        27   func ,g         1
  _PWM_M6_set
                                  fff81fa3        27   func ,g         1
FILE=.\src\Modules\micon\GPT456.obj
                                  fff81fca  fff822ff       336
  _GPT456_init
                                  fff81fca       1fc   func ,g         1
  _Servo1_set
                                  fff821c6        4e   func ,g         2
  _Servo1_On
                                  fff82214         c   func ,g         2
  _Servo1_Off
                                  fff82220         f   func ,g         0
  _Servo2_set
                                  fff8222f        4e   func ,g         2
  _Servo2_On
                                  fff8227d         c   func ,g         2
  _PWM1_Off
                                  fff82289         f   func ,g         0
  _BUZZER_set
                                  fff82298        4e   func ,g         e
  _BUZZER_On
                                  fff822e6         c   func ,g         a
  _BUZZER_Off
                                  fff822f2         e   func ,g         6
FILE=.\src\Modules\micon\IO.obj
                                  fff82300  fff825ae       2af
  _IO_LED_init
                                  fff82300         9   func ,g         1
  _LED_STATUS_R
                                  fff82309        18   func ,g         2
  _LED_STATUS_G
                                  fff82321        18   func ,g         2
  _LED_STATUS_B
                                  fff82339        19   func ,g         2
  _LED_INFO
                                  fff82352        19   func ,g         2
  _LED_ERROR
                                  fff8236b        19   func ,g         4
  _IO_Motor_Init
                                  fff82384        26   func ,g         1
  _ALERT
                                  fff823aa        13   func ,g         0
  _STBY
                                  fff823bd        19   func ,g         2
  _Motor1_MODE
                                  fff823d6        30   func ,g         4
  _Motor2_MODE
                                  fff82406        2e   func ,g         4
  _Motor3_MODE
                                  fff82434        32   func ,g         4
  _Motor4_MODE
                                  fff82466        31   func ,g         4
  _Motor5_MODE
                                  fff82497        30   func ,g         4
  _Motor6_MODE
                                  fff824c7        2f   func ,g         4
  _IO_DIO_Init
                                  fff824f6        5b   func ,g         1
  _DIO_1_Out
                                  fff82551        18   func ,g         2
  _DIO_2_Out
                                  fff82569        18   func ,g         2
  _DIO_3_Out
                                  fff82581        16   func ,g         2
  _DIO_4_Out
                                  fff82597        18   func ,g         2
FILE=.\src\Modules\micon\S12ADB.obj
                                  fff825af  fff82815       267
  _S12AD_init
                                  fff825af        ad   func ,g         1
  _S12AD_Sample
                                  fff8265c        1f   func ,g         1
  _Excep_S12AD_S12ADI
                                  fff8267b        38   func ,g         0
  _S12ADB_GetVoltage
                                  fff826b3        24   func ,g         3
  _S12AD1_init
                                  fff826d7        b5   func ,g         1
  _S12AD1_Sample
                                  fff8278c        1f   func ,g         1
  _Excep_S12AD1_S12ADI1
                                  fff827ab        47   func ,g         0
  _S12AD1_GetVoltage
                                  fff827f2        24   func ,g         1
FILE=.\src\Modules\micon\SCIc.obj
                                  fff82816  fff82e6c       657
  _uart1_init
                                  fff82816        d1   func ,g         1
  _uart1_read
                                  fff828e7        61   func ,g         1
  _uart1_send
                                  fff82948        53   func ,g         1
  _Excep_SCI1_RXI1
                                  fff8299b        c8   func ,g         0
  _Excep_SCI1_TXI1
                                  fff82a63        6c   func ,g         0
  _uart1_set
                                  fff82acf        5f   func ,l         2
  _uart1_clear_errorFlag
                                  fff82b2e        16   func ,l         2
  _uart0_init
                                  fff82b44        cc   func ,g         2
  _uart0_read
                                  fff82c10        61   func ,g         2
  _uart0_send
                                  fff82c71        53   func ,g         4
  _Excep_SCI0_RXI0
                                  fff82cc4        c8   func ,g         0
  _Excep_SCI0_TXI0
                                  fff82d8c        6c   func ,g         0
  _uart0_set
                                  fff82df8        5f   func ,l         2
  _uart0_clear_errorFlag
                                  fff82e57        16   func ,l         2
FILE=.\src\Modules\AnalogIN.obj
                                  fff82e6d  fff82e9a        2e
  _AnalogIN_Activate
                                  fff82e6d         5   func ,g         1
  _AnalogIN_Sample
                                  fff82e72         5   func ,g         1
  _AnalogIN_GetVoltage
                                  fff82e77        24   func ,g         3
FILE=.\src\Modules\AnalogOUT.obj
                                  fff82e9b  fff82eef        55
  _AnalogOUT_Activate
                                  fff82e9b         5   func ,g         1
  _AnalogOUT1_SetVoltage
                                  fff82ea0        28   func ,g         0
  _AnalogOUT2_SetVoltage
                                  fff82ec8        28   func ,g         0
FILE=.\src\Modules\Battery.obj
                                  fff82ef0  fff82f53        64
  __Battery_Activate
                                  fff82ef0         5   func ,g         1
  __Battery_Sample
                                  fff82ef5         5   func ,g         1
  __Battery_GetVoltage1
                                  fff82efa        1e   func ,g         1
  __Battery_GetVoltage2
                                  fff82f18        1e   func ,g         1
  __Battery_GetVoltage3
                                  fff82f36        1e   func ,g         1
FILE=.\src\Modules\Bluetooth.obj
                                  fff82f54  fff831f1       29e
  _Bluetooth_Activate
                                  fff82f54        12   func ,g         1
  __Bluetooth_Loop
                                  fff82f66       177   func ,g         1
  _Bluetooth_CommandIn
                                  fff830dd        16   func ,g         1
  _Bluetooth_CommandOut
                                  fff830f3        6f   func ,l         2
  __Bluetooth_Do
                                  fff83162        6c   func ,g         1
  _Bluetooth_Vibrate1
                                  fff831ce         d   func ,g         1
  _Bluetooth_Vibrate1Long
                                  fff831db         a   func ,g         1
  _Bluetooth_Vibrate2
                                  fff831e5         d   func ,g         1
FILE=.\src\Modules\Buzzer.obj
                                  fff831f2  fff835c3       3d2
  _Buzzer_Activate
                                  fff831f2         5   func ,g         1
  __Buzzer_Loop
                                  fff831f7       258   func ,g         1
  _Buzzer_On
                                  fff8344f        13   func ,g         0
  _Buzzer_Off
                                  fff83462        5d   func ,g         0
  _Buzzer_OneTime
                                  fff834bf        36   func ,g         4
  _Buzzer_StepUp
                                  fff834f5        29   func ,g         2
  _Buzzer_StepDown
                                  fff8351e        29   func ,g         1
  _Buzzer_Siren1
                                  fff83547        29   func ,g         1
  _Buzzer_Siren2
                                  fff83570        2a   func ,g         3
  _Buzzer_LowBattery
                                  fff8359a        2a   func ,g         1
FILE=.\src\Modules\DataLogger.obj
                                  fff835c4  fff836c4       101
  _DataLogger_Activate
                                  fff835c4         d   func ,g         1
  __DataLogger_Loop
                                  fff835d1        1a   func ,g         1
  __DataLogger_Do
                                  fff835eb        19   func ,g         0
  _dataLogger1_Do
                                  fff83604         8   func ,l         1
  _DataLogger1_DataIn
                                  fff8360c        94   func ,g         1
  _DataLogger1_LoggingStart
                                  fff836a0        13   func ,g         1
  _DataLogger1_LoggingStop
                                  fff836b3         a   func ,g         2
  _DataLogger_Log
                                  fff836bd         8   func ,g         0
FILE=.\src\Modules\DigitalIO.obj
                                  fff836c5  fff83713        4f
  _DIO_Activate
                                  fff836c5        17   func ,g         1
  _DIO1_On
                                  fff836dc         7   func ,g         1
  _DIO1_Off
                                  fff836e3         7   func ,g         1
  _DIO2_On
                                  fff836ea         7   func ,g         1
  _DIO2_Off
                                  fff836f1         7   func ,g         1
  _DIO3_On
                                  fff836f8         7   func ,g         0
  _DIO3_Off
                                  fff836ff         7   func ,g         0
  _DIO4_On
                                  fff83706         7   func ,g         0
  _DIO4_Off
                                  fff8370d         7   func ,g         0
FILE=.\src\Modules\LED.obj
                                  fff83714  fff8375e        4b
  __LED_Activate
                                  fff83714         5   func ,g         1
  __LED_R_On
                                  fff83719         7   func ,g         2
  __LED_G_On
                                  fff83720         7   func ,g         1
  __LED_B_On
                                  fff83727         7   func ,g         2
  __LED_Info_On
                                  fff8372e         7   func ,g         1
  __LED_Error_On
                                  fff83735         7   func ,g         3
  __LED_R_Off
                                  fff8373c         7   func ,g         1
  __LED_G_Off
                                  fff83743         7   func ,g         0
  __LED_B_Off
                                  fff8374a         7   func ,g         1
  __LED_Info_Off
                                  fff83751         7   func ,g         1
  __LED_Error_Off
                                  fff83758         7   func ,g         0
FILE=.\src\Modules\Motor.obj
                                  fff8375f  fff842d7       b79
  _Motor_Activate
                                  fff8375f         9   func ,g         1
  _Motor_UnlockSTBY
                                  fff83768         7   func ,g         1
  _Motor_LockSTBY
                                  fff8376f         7   func ,g         1
  __Motor_Loop
                                  fff83776       35a   func ,g         1
  _Motor1_DutyIn
                                  fff83ad0        11   func ,g         4
  _Motor1_AccelerationIn
                                  fff83ae1        58   func ,g         2
  _Motor1_DutyOut
                                  fff83b39        50   func ,l         1
  _Motor2_DutyIn
                                  fff83b89        12   func ,g         4
  _Motor2_AccelerationIn
                                  fff83b9b        5a   func ,g         2
  _Motor2_DutyOut
                                  fff83bf5        32   func ,l         1
  _Motor3_DutyIn
                                  fff83c27        12   func ,g         4
  _Motor3_AccelerationIn
                                  fff83c39        5a   func ,g         2
  _Motor3_DutyOut
                                  fff83c93        32   func ,l         1
  _Motor4_DutyIn
                                  fff83cc5        12   func ,g         4
  _Motor4_AccelerationIn
                                  fff83cd7        5a   func ,g         2
  _Motor4_DutyOut
                                  fff83d31        32   func ,l         1
  _Motor5_DutyIn
                                  fff83d63        12   func ,g         a
  _Motor5_AccelerationIn
                                  fff83d75        5a   func ,g         6
  _Motor5_DutyOut
                                  fff83dcf        32   func ,l         1
  _Motor6_DutyIn
                                  fff83e01        12   func ,g         1
  _Motor6_AccelerationIn
                                  fff83e13        5a   func ,g         0
  _Motor6_DutyOut
                                  fff83e6d        32   func ,l         1
  _motor1_SetMode
                                  fff83e9f        3e   func ,l         3
  _motor2_SetMode
                                  fff83edd        3e   func ,l         3
  _motor3_SetMode
                                  fff83f1b        3e   func ,l         3
  _motor4_SetMode
                                  fff83f59        3e   func ,l         3
  _motor5_SetMode
                                  fff83f97        3e   func ,l         3
  _motor6_SetMode
                                  fff83fd5        3e   func ,l         3
  _norm
                                  fff84013        42   func ,l         6
  __Motor_Do
                                  fff84055        54   func ,g         1
  _motor1_Do
                                  fff840a9        7c   func ,l         1
  _motor2_Do
                                  fff84125        57   func ,l         1
  _motor3_Do
                                  fff8417c        57   func ,l         1
  _motor4_Do
                                  fff841d3        57   func ,l         1
  _motor5_Do
                                  fff8422a        57   func ,l         1
  _motor6_Do
                                  fff84281        57   func ,l         1
FILE=.\src\Modules\Servo.obj
                                  fff842d8  fff8435a        83
  _Servo_Activate
                                  fff842d8        23   func ,g         1
  _Servo1_RotationIn
                                  fff842fb        30   func ,g         1
  _Servo2_RotationIn
                                  fff8432b        30   func ,g         1
FILE=.\src\Modules\Timer.obj
                                  fff8435b  fff844bf       165
  __Timer_Activate
                                  fff8435b         5   func ,g         1
  __Timer1_Set
                                  fff84360        a6   func ,g         1
  __Timer1_Start
                                  fff84406         5   func ,g         1
  __Timer1_Stop
                                  fff8440b         5   func ,g         0
  _Timer2_Set
                                  fff84410        a6   func ,g         1
  _Timer2_Start
                                  fff844b6         5   func ,g         1
  _Timer2_Stop
                                  fff844bb         5   func ,g         0
FILE=.\src\Modules\UART.obj
                                  fff844c0  fff84509        4a
  __UART1_Activate
                                  fff844c0         5   func ,g         1
  __UART1_GetRecievedData
                                  fff844c5        10   func ,g         1
  __UART1_TransmitData
                                  fff844d5        10   func ,g         2
  __UART0_Activate
                                  fff844e5         5   func ,g         0
  __UART0_GetRecievedData
                                  fff844ea        10   func ,g         0
  __UART0_TransmitData
                                  fff844fa        10   func ,g         0
FILE=.\src\DataConverter.obj
                                  fff8450a  fff846dd       1d4
  IntParse(unsigned char)
                                  fff8450a        53   func ,l         1
  _StringToWORD
                                  fff8455d        45   func ,g         2
  _BitsToFloat
                                  fff845a2        3a   func ,g         6
  _BitsToInt
                                  fff845dc        3c   func ,g         2
  _BitsToDUALSHOCK3
                                  fff84618        4f   func ,g         1
  _FloatToBits
                                  fff84667        3c   func ,g         1
  _IntToBits
                                  fff846a3        3b   func ,g         1
FILE=cppinit
                                  fff846de  fff846fd        20
  __CALL_INIT
                                  fff846de        1c   func ,g         1
  __CALL_END
                                  fff846fa         4   func ,g         1
FILE=__initsct
                                  fff846fe  fff84747        4a
  __INITSCT
                                  fff846fe         0   none ,g         1
  loop1
                                  fff84710         0   none ,l         1
  next_loop1
                                  fff8471e         0   none ,l         2
  loop3
                                  fff84730         0   none ,l         1
  next_loop3
                                  fff84741         0   none ,l         2
FILE=static_init
                                  fff84748  fff847ad        66
  __call_dtors()
                                  fff84748        66   func ,g         1
FILE=dtor_list
                                  fff847ae  fff847f8        4b
  __process_needed_destructions()
                                  fff847ae        26   func ,g         2
  ___already_marked_for_destruction
                                  fff847d4         6   func ,g         1
  ___record_needed_destruction
                                  fff847da        1d   func ,g         0
  ___std__needed_destruction_list
                                  fff847f7         2   func ,g         0
FILE=error
                                  fff847f9  fff847fc         4
  ___abort_execution
                                  fff847f9         4   func ,g         1

SECTION=FIXEDVECT
FILE=.\src\Modules\micon\vector_table.obj
                                  ffffff80  ffffffff        80
  _Fixed_Vectors
                                  ffffff80        80   data ,g         0

*** Unfilled Areas ***

AREA                                START    END

*** Delete Symbols ***

SYMBOL                                SIZE    INFO
