Renesas Optimizing Linker (W2.04.00 )             26-Sep-2016 16:20:30

*** Options ***

-subcommand=LinkerSubCommand.tmp
-input="./src/startup/dbsct.obj"
-input="./src/startup/hardware_setup.obj"
-input="./src/startup/reset_program.obj"
-input="./src/startup/sbrk.obj"
-input="./src/matSystem/BatteryCheck.obj"
-input="./src/matSystem/Connecter.obj"
-input="./src/matSystem/Main.obj"
-input="./src/matSystem/System.obj"
-input="./src/UserApplication/App.obj"
-input="./src/Modules/micon/CMT.obj"
-input="./src/Modules/micon/DAa.obj"
-input="./src/Modules/micon/GPT012.obj"
-input="./src/Modules/micon/GPT46.obj"
-input="./src/Modules/micon/IO.obj"
-input="./src/Modules/micon/S12ADB.obj"
-input="./src/Modules/micon/SCIc.obj"
-input="./src/Modules/micon/interrupt_handlers.obj"
-input="./src/Modules/micon/vector_table.obj"
-input="./src/Modules/AnalogIN.obj"
-input="./src/Modules/AnalogOUT.obj"
-input="./src/Modules/Battery.obj"
-input="./src/Modules/Bluetooth.obj"
-input="./src/Modules/Buzzer.obj"
-input="./src/Modules/DataLogger.obj"
-input="./src/Modules/DigitalIO.obj"
-input="./src/Modules/LED.obj"
-input="./src/Modules/Motor.obj"
-input="./src/Modules/Servo.obj"
-input="./src/Modules/Timer.obj"
-input="./src/Modules/UART.obj"
-input="./src/DataConverter.obj"
-start=SU,SI,B_1,R_1,B_2,R_2,B,R/04,PResetPRG,C_1,C_2,C,C$*,D*,W*,L,PIntPRG,P/0FFF80000,FIXEDVECT/0FFFFFF80
-library=C:\Users\Reiji\DOCUME~1\GitHub\ROBOTC~1\HARDWA~2\RobotCore1Framework.lib
-list=RobotCore1Framework.map
-show
-nooptimize
-debug
-output=C:\Users\Reiji\Documents\GitHub\RobotCore1Frameware\HardwareDebug\RobotCore1Framework.abs
-rom=D=R,D_1=R_1,D_2=R_2
-nocompress
-nomessage
-nologo

*** Error information ***

*** Mapping List ***

SECTION                            START      END         SIZE   ALIGN

SU
                                  00000004  00000103       100   4
SI
                                  00000104  00000403       300   4
B_1
                                  00000404  00001651      124e   1
R_1
                                  00001652  00001666        15   1
B_2
                                  00001668  00001675         e   2
R_2
                                  00001676  000016af        3a   2
B
                                  000016b0  00005cdf      4630   4
R
                                  00005ce0  00005da3        c4   4
PResetPRG
                                  fff80000  fff80038        39   1
C_1
                                  fff80039  fff80039         0   1
C_2
                                  fff80039  fff80039         0   1
C
                                  fff8003c  fff8006f        34   4
C$DSEC
                                  fff80070  fff80093        24   4
C$BSEC
                                  fff80094  fff800ab        18   4
C$INIT
                                  fff800ac  fff800ac         0   1
C$VECT
                                  fff800ac  fff804ab       400   4
C$VTBL
                                  fff804ac  fff804ac         0   1
D
                                  fff804ac  fff8056f        c4   4
D_1
                                  fff80570  fff80584        15   1
D_2
                                  fff80586  fff805bf        3a   2
W
                                  fff805c0  fff805c0         0   4
W_1
                                  fff805c0  fff805cf        10   1
W_2
                                  fff805d0  fff805d0         0   2
L
                                  fff805d0  fff80611        42   4
PIntPRG
                                  fff80612  fff8076c       15b   1
P
                                  fff8076d  fff842c6      3b5a   1
FIXEDVECT
                                  ffffff80  ffffffff        80   4

*** Symbol List ***

SECTION=
FILE=                               START        END    SIZE
  SYMBOL                            ADDR        SIZE    INFO      COUNTS  OPT

SECTION=SU
FILE=.\src\startup\reset_program.obj
                                  00000004  00000103       100

SECTION=SI
FILE=.\src\startup\reset_program.obj
                                  00000104  00000403       300

SECTION=B_1
FILE=.\src\matSystem\Connecter.obj
                                  00000404  00000c43       840
  _line
                                  00000404        40   data ,g         a
  _TransmitDataBufferA
                                  00000444       400   data ,g         2
  _TransmitDataBufferB
                                  00000844       400   data ,g         2
FILE=.\src\Modules\micon\SCIc.obj
                                  00000c44  00001643       a00
  _uart1_bufR_A
                                  00000c44       400   data ,g         2
  _uart1_bufR_B
                                  00001044       400   data ,g         2
  _uart0_bufR_A
                                  00001444       100   data ,g         2
  _uart0_bufR_B
                                  00001544       100   data ,g         2
FILE=.\src\Modules\Motor.obj
                                  00001644  00001649         6
  _direction
                                  00001644         6   data ,g        12
FILE=.\src\DataConverter.obj
                                  0000164a  00001651         8
  _bytes
                                  0000164a         4   data ,g         5
  _intBytes
                                  0000164e         4   data ,g         5

SECTION=R_1
FILE=.\src\matSystem\Connecter.obj
                                  00001652  00001655         4
  _line_index
                                  00001652         1   data ,g         5
  _BufferA_Count
                                  00001653         1   data ,g         5
  _BufferB_Count
                                  00001654         1   data ,g         5
  _BufferAisSelected
                                  00001655         1   data ,g         4
FILE=.\src\matSystem\Main.obj
                                  00001656  00001656         1
  _timer1_callbackRunning
                                  00001656         1   data ,g         3
FILE=.\src\UserApplication\App.obj
                                  00001657  0000165f         9
  _sumpleCount
                                  00001657         1   data ,g         3
  _ArmDown
                                  00001658         1   data ,g         6
  _ArmUpForce
                                  00001659         1   data ,g         6
  _waitingForStop
                                  0000165a         1   data ,g         4
  _pumpOnL
                                  0000165b         1   data ,g         6
  _pumpOnR
                                  0000165c         1   data ,g         6
  _pumpHold
                                  0000165d         1   data ,g         7
  _autoUpCount
                                  0000165e         1   data ,g         6
  _isAimMode
                                  0000165f         1   data ,g         6
FILE=.\src\Modules\micon\SCIc.obj
                                  00001660  00001663         4
  _flag_RXI0
                                  00001660         1   data ,g         0
  _flag_TXI0
                                  00001661         1   data ,g         0
  _uart1_bufSelect
                                  00001662         1   data ,g         3
  _uart0_bufSelect
                                  00001663         1   data ,g         3
FILE=.\src\Modules\Bluetooth.obj
                                  00001664  00001664         1
  _i
                                  00001664         1   data ,g         8
FILE=.\src\Modules\DataLogger.obj
                                  00001665  00001665         1
  _log1_count
                                  00001665         1   data ,g         3
FILE=.\src\Modules\Motor.obj
                                  00001666  00001666         1
  _motor1_DutyIn_HardwarePortAdress
                                  00001666         1   data ,g         3

SECTION=B_2
FILE=.\src\Modules\micon\S12ADB.obj
                                  00001668  00001675         e
  _values
                                  00001668         6   data ,g         4
  _values1
                                  0000166e         8   data ,g         5

SECTION=R_2
FILE=.\src\Modules\micon\SCIc.obj
                                  00001676  00001685        10
  _uart1_bufR_index_A
                                  00001676         2   data ,g         4
  _uart1_bufR_index_B
                                  00001678         2   data ,g         4
  _uart1_bufT_index
                                  0000167a         2   data ,g         6
  _uart1_bufT_maxCount
                                  0000167c         2   data ,g         5
  _uart0_bufR_index_A
                                  0000167e         2   data ,g         4
  _uart0_bufR_index_B
                                  00001680         2   data ,g         4
  _uart0_bufT_index
                                  00001682         2   data ,g         6
  _uart0_bufT_maxCount
                                  00001684         2   data ,g         5
FILE=.\src\Modules\Bluetooth.obj
                                  00001686  00001697        12
  _orderBuffer
                                  00001686        10   data ,g         9
  _vibration1count
                                  00001696         2   data ,g         3
FILE=.\src\Modules\Buzzer.obj
                                  00001698  000016ab        14
  _oneTime
                                  00001698         2   data ,g         6
  _stepUp
                                  0000169a         2   data ,g         6
  _stepDown
                                  0000169c         2   data ,g         6
  _siren1
                                  0000169e         2   data ,g         7
  _siren1Fq
                                  000016a0         2   data ,g         4
  _siren2
                                  000016a2         2   data ,g         6
  _siren2Fq
                                  000016a4         2   data ,g         4
  _lowBattery
                                  000016a6         2   data ,g         7
  _lowBatteryFq
                                  000016a8         2   data ,g         5
  _flag
                                  000016aa         2   data ,g         3
FILE=.\src\Modules\DataLogger.obj
                                  000016ac  000016af         4
  _log1_time
                                  000016ac         2   data ,g         2
  _log1_index
                                  000016ae         2   data ,g         5

SECTION=B
FILE=.\src\startup\sbrk.obj
                                  000016b0  00001aaf       400
  _heap_area
                                  000016b0       400   data ,l         2
FILE=.\src\matSystem\Connecter.obj
                                  00001ab0  00001b33        84
  _uart1RecievedData
                                  00001ab0         4   data ,g         2
  _Inputs
                                  00001ab4        80   data ,g         2
FILE=.\src\UserApplication\App.obj
                                  00001b34  00001cc3       190
  _buffer
                                  00001b34       190   data ,g         4
FILE=.\src\Modules\micon\CMT.obj
                                  00001cc4  00001ccb         8
  _callback1
                                  00001cc4         4   data ,g         2
  _callback2
                                  00001cc8         4   data ,g         2
FILE=.\src\Modules\micon\SCIc.obj
                                  00001ccc  00001cd3         8
  _uart1_bufT
                                  00001ccc         4   data ,g         3
  _uart0_bufT
                                  00001cd0         4   data ,g         3
FILE=.\src\Modules\Bluetooth.obj
                                  00001cd4  00001cdb         8
  _bluetoothRecievedData
                                  00001cd4         4   data ,g         4
  _Callback
                                  00001cd8         4   data ,g         2
FILE=.\src\Modules\DataLogger.obj
                                  00001cdc  00005cdb      4000
  _log1
                                  00001cdc      4000   data ,g         2
FILE=dtor_list
                                  00005cdc  00005cdf         4
  _needed_destruction_head
                                  00005cdc         4   data ,l         2

SECTION=R
FILE=.\src\startup\sbrk.obj
                                  00005ce0  00005ce3         4
  _brk
                                  00005ce0         4   data ,l         3
FILE=.\src\matSystem\Connecter.obj
                                  00005ce4  00005ceb         8
  _Connecter_isConnecting
                                  00005ce4         4   data ,g         3
  _connecter_send_running
                                  00005ce8         4   data ,g         3
FILE=.\src\matSystem\System.obj
                                  00005cec  00005cf3         8
  _System_CurrentTime
                                  00005cec         4   data ,g         2
  _isCounting
                                  00005cf0         4   data ,g         2
FILE=.\src\Modules\Bluetooth.obj
                                  00005cf4  00005cfb         8
  _commandOut_State
                                  00005cf4         4   data ,g         3
  _commandIn_State
                                  00005cf8         4   data ,g         2
FILE=.\src\Modules\DataLogger.obj
                                  00005cfc  00005cff         4
  _log1_isLoging
                                  00005cfc         4   data ,g         4
FILE=.\src\Modules\Motor.obj
                                  00005d00  00005d8f        90
  _motor1_DutyIn_State
                                  00005d00         4   data ,g         2
  _motor2_DutyIn_State
                                  00005d04         4   data ,g         2
  _motor3_DutyIn_State
                                  00005d08         4   data ,g         2
  _motor4_DutyIn_State
                                  00005d0c         4   data ,g         2
  _motor5_DutyIn_State
                                  00005d10         4   data ,g         2
  _motor6_DutyIn_State
                                  00005d14         4   data ,g         2
  _motor1_AccelerationIn_State
                                  00005d18         4   data ,g         7
  _motor2_AccelerationIn_State
                                  00005d1c         4   data ,g         1
  _motor3_AccelerationIn_State
                                  00005d20         4   data ,g         1
  _motor4_AccelerationIn_State
                                  00005d24         4   data ,g         1
  _motor5_AccelerationIn_State
                                  00005d28         4   data ,g         1
  _motor6_AccelerationIn_State
                                  00005d2c         4   data ,g         1
  _motor1_DutyOut_State
                                  00005d30         4   data ,g         3
  _motor2_DutyOut_State
                                  00005d34         4   data ,g         3
  _motor3_DutyOut_State
                                  00005d38         4   data ,g         3
  _motor4_DutyOut_State
                                  00005d3c         4   data ,g         3
  _motor5_DutyOut_State
                                  00005d40         4   data ,g         3
  _motor6_DutyOut_State
                                  00005d44         4   data ,g         3
  _trgDuty
                                  00005d48        18   data ,g         d
  _acceleration
                                  00005d60        18   data ,g         d
  _actualDuty
                                  00005d78        18   data ,g        16
FILE=static_init
                                  00005d90  00005d97         8
  _use_patch_info
                                  00005d90         4   data ,l         1
  _dtors_done$1
                                  00005d94         4   data ,l         1
FILE=munch_dtors
                                  00005d98  00005d9b         4
  __dtors
                                  00005d98         4   data ,g         1
FILE=vars
                                  00005d9c  00005da3         8
  __new_handler
                                  00005d9c         4   data ,g         0
  ___head
                                  00005da0         4   data ,g         1

SECTION=PResetPRG
FILE=.\src\startup\reset_program.obj
                                  fff80000  fff80038        39
  _PowerON_Reset_PC
                                  fff80000        39   entry,g         1

SECTION=C
FILE=.\src\startup\dbsct.obj
                                  fff8003c  fff8006f        34
  __CTBL
                                  fff8003c        34   data ,g         0

SECTION=C$DSEC
FILE=.\src\startup\dbsct.obj
                                  fff80070  fff80093        24
  __DTBL
                                  fff80070        24   data ,g         0

SECTION=C$BSEC
FILE=.\src\startup\dbsct.obj
                                  fff80094  fff800ab        18
  __BTBL
                                  fff80094        18   data ,g         0

SECTION=C$VECT
FILE=.\src\startup\dbsct.obj
                                  fff800ac  fff804ab       400

SECTION=D
FILE=.\src\startup\sbrk.obj
                                  fff804ac  fff804af         4
FILE=.\src\matSystem\Connecter.obj
                                  fff804b0  fff804b7         8
FILE=.\src\matSystem\System.obj
                                  fff804b8  fff804bf         8
FILE=.\src\Modules\Bluetooth.obj
                                  fff804c0  fff804c7         8
FILE=.\src\Modules\DataLogger.obj
                                  fff804c8  fff804cb         4
FILE=.\src\Modules\Motor.obj
                                  fff804cc  fff8055b        90
FILE=static_init
                                  fff8055c  fff80563         8
FILE=munch_dtors
                                  fff80564  fff80567         4
FILE=vars
                                  fff80568  fff8056f         8

SECTION=D_1
FILE=.\src\matSystem\Connecter.obj
                                  fff80570  fff80573         4
FILE=.\src\matSystem\Main.obj
                                  fff80574  fff80574         1
FILE=.\src\UserApplication\App.obj
                                  fff80575  fff8057d         9
FILE=.\src\Modules\micon\SCIc.obj
                                  fff8057e  fff80581         4
FILE=.\src\Modules\Bluetooth.obj
                                  fff80582  fff80582         1
FILE=.\src\Modules\DataLogger.obj
                                  fff80583  fff80583         1
FILE=.\src\Modules\Motor.obj
                                  fff80584  fff80584         1

SECTION=D_2
FILE=.\src\Modules\micon\SCIc.obj
                                  fff80586  fff80595        10
FILE=.\src\Modules\Bluetooth.obj
                                  fff80596  fff805a7        12
FILE=.\src\Modules\Buzzer.obj
                                  fff805a8  fff805bb        14
FILE=.\src\Modules\DataLogger.obj
                                  fff805bc  fff805bf         4

SECTION=W_1
FILE=.\src\Modules\Motor.obj
                                  fff805c0  fff805c5         6
FILE=.\src\DataConverter.obj
                                  fff805c6  fff805cf         a

SECTION=L
FILE=.\src\matSystem\Connecter.obj
                                  fff805d0  fff805d4         5
FILE=.\src\Modules\Bluetooth.obj
                                  fff805d8  fff805e5         e
FILE=.\src\Modules\Motor.obj
                                  fff805e8  fff80611        2a

SECTION=PIntPRG
FILE=.\src\Modules\micon\interrupt_handlers.obj
                                  fff80612  fff8076c       15b
  _Excep_SuperVisorInst
                                  fff80612         2   func ,g         1
  _Excep_AccessInst
                                  fff80614         2   func ,g         1
  _Excep_UndefinedInst
                                  fff80616         2   func ,g         1
  _Excep_FloatingPoint
                                  fff80618         2   func ,g         1
  _NonMaskableInterrupt
                                  fff8061a         2   func ,g         1
  _Dummy
                                  fff8061c         2   func ,g        13
  _Excep_BRK
                                  fff8061e         f   func ,g         0
  _Excep_BSC_BUSERR
                                  fff8062d         2   func ,g         0
  _Excep_FCU_FIFERR
                                  fff8062f         2   func ,g         0
  _Excep_FCU_FRDYI
                                  fff80631         2   func ,g         0
  _Excep_ICU_SWINT
                                  fff80633         2   func ,g         0
  _Excep_CMT2_CMI2
                                  fff80635         2   func ,g         0
  _Excep_CMT3_CMI3
                                  fff80637         2   func ,g         0
  _Excep_USB0_D0FIFO0
                                  fff80639         2   func ,g         0
  _Excep_USB0_D1FIFO0
                                  fff8063b         2   func ,g         0
  _Excep_USB0_USBI0
                                  fff8063d         2   func ,g         0
  _Excep_CAC_FERRF
                                  fff8063f         2   func ,g         0
  _Excep_CAC_MENDF
                                  fff80641         2   func ,g         0
  _Excep_CAC_OVFF
                                  fff80643         2   func ,g         0
  _Excep_RSPI0_SPRI0
                                  fff80645         2   func ,g         0
  _Excep_RSPI0_SPTI0
                                  fff80647         2   func ,g         0
  _Excep_RSPI0_SPII0
                                  fff80649         2   func ,g         0
  _Excep_RSPI1_SPRI1
                                  fff8064b         2   func ,g         0
  _Excep_RSPI1_SPTI1
                                  fff8064d         2   func ,g         0
  _Excep_RSPI1_SPII1
                                  fff8064f         2   func ,g         0
  _Excep_CAN1_RXF1
                                  fff80651         2   func ,g         0
  _Excep_CAN1_TXF1
                                  fff80653         2   func ,g         0
  _Excep_CAN1_RXM1
                                  fff80655         2   func ,g         0
  _Excep_CAN1_TXM1
                                  fff80657         2   func ,g         0
  _Excep_GPT7_GTCIA7
                                  fff80659         2   func ,g         0
  _Excep_GPT7_GTCIB7
                                  fff8065b         2   func ,g         0
  _Excep_GPT7_GTCIC7
                                  fff8065d         2   func ,g         0
  _Excep_GPT7_GTCIE7
                                  fff8065f         2   func ,g         0
  _Excep_GPT7_GTCIV7
                                  fff80661         2   func ,g         0
  _Excep_CMP_CMP4
                                  fff80663         2   func ,g         0
  _Excep_CMP_CMP5
                                  fff80665         2   func ,g         0
  _Excep_CMP_CMP6
                                  fff80667         2   func ,g         0
  _Excep_DOC_DOPCF
                                  fff80669         2   func ,g         0
  _Excep_DPC_RBI0
                                  fff8066b         2   func ,g         0
  _Excep_DPC_RBI1
                                  fff8066d         2   func ,g         0
  _Excep_DPC_RBI2
                                  fff8066f         2   func ,g         0
  _Excep_DPC_RBI3
                                  fff80671         2   func ,g         0
  _Excep_DPC_RBI4
                                  fff80673         2   func ,g         0
  _Excep_ICU_IRQ0
                                  fff80675         2   func ,g         0
  _Excep_ICU_IRQ1
                                  fff80677         2   func ,g         0
  _Excep_ICU_IRQ2
                                  fff80679         2   func ,g         0
  _Excep_ICU_IRQ3
                                  fff8067b         2   func ,g         0
  _Excep_ICU_IRQ4
                                  fff8067d         2   func ,g         0
  _Excep_ICU_IRQ5
                                  fff8067f         2   func ,g         0
  _Excep_ICU_IRQ6
                                  fff80681         2   func ,g         0
  _Excep_ICU_IRQ7
                                  fff80683         2   func ,g         0
  _Excep_USB_USBR0
                                  fff80685         2   func ,g         0
  _Excep_AD_ADI0
                                  fff80687         2   func ,g         0
  _Excep_S12AD_S12GBADI
                                  fff80689         2   func ,g         0
  _Excep_S12AD1_S12GBADI1
                                  fff8068b         2   func ,g         0
  _Excep_ICU_GROUP0
                                  fff8068d         2   func ,g         0
  _Excep_ICU_GROUP12
                                  fff8068f         2   func ,g         0
  _Excep_SCI12_SCIX0
                                  fff80691         2   func ,g         0
  _Excep_SCI12_SCIX1
                                  fff80693         2   func ,g         0
  _Excep_SCI12_SCIX2
                                  fff80695         2   func ,g         0
  _Excep_SCI12_SCIX3
                                  fff80697         2   func ,g         0
  _Excep_MTU0_TGIA0
                                  fff80699         2   func ,g         0
  _Excep_MTU0_TGIB0
                                  fff8069b         2   func ,g         0
  _Excep_MTU0_TGIC0
                                  fff8069d         2   func ,g         0
  _Excep_MTU0_TGID0
                                  fff8069f         2   func ,g         0
  _Excep_MTU0_TCIV0
                                  fff806a1         2   func ,g         0
  _Excep_MTU0_TGIE0
                                  fff806a3         2   func ,g         0
  _Excep_MTU0_TGIF0
                                  fff806a5         2   func ,g         0
  _Excep_MTU1_TGIA1
                                  fff806a7         2   func ,g         0
  _Excep_MTU1_TGIB1
                                  fff806a9         2   func ,g         0
  _Excep_MTU1_TCIV1
                                  fff806ab         2   func ,g         0
  _Excep_MTU1_TCIU1
                                  fff806ad         2   func ,g         0
  _Excep_MTU2_TGIA2
                                  fff806af         2   func ,g         0
  _Excep_MTU2_TGIB2
                                  fff806b1         2   func ,g         0
  _Excep_MTU2_TCIV2
                                  fff806b3         2   func ,g         0
  _Excep_MTU2_TCIU2
                                  fff806b5         2   func ,g         0
  _Excep_MTU3_TGIA3
                                  fff806b7         2   func ,g         0
  _Excep_MTU3_TGIB3
                                  fff806b9         2   func ,g         0
  _Excep_MTU3_TGIC3
                                  fff806bb         2   func ,g         0
  _Excep_MTU3_TGID3
                                  fff806bd         2   func ,g         0
  _Excep_MTU3_TCIV3
                                  fff806bf         2   func ,g         0
  _Excep_MTU4_TGIA4
                                  fff806c1         2   func ,g         0
  _Excep_MTU4_TGIB4
                                  fff806c3         2   func ,g         0
  _Excep_MTU4_TGIC4
                                  fff806c5         2   func ,g         0
  _Excep_MTU4_TGID4
                                  fff806c7         2   func ,g         0
  _Excep_MTU4_TCIV4
                                  fff806c9         2   func ,g         0
  _Excep_MTU5_TGIU5
                                  fff806cb         2   func ,g         0
  _Excep_MTU5_TGIV5
                                  fff806cd         2   func ,g         0
  _Excep_MTU5_TGIW5
                                  fff806cf         2   func ,g         0
  _Excep_MTU6_TGIA6
                                  fff806d1         2   func ,g         0
  _Excep_MTU6_TGIB6
                                  fff806d3         2   func ,g         0
  _Excep_MTU6_TGIC6
                                  fff806d5         2   func ,g         0
  _Excep_MTU6_TGID6
                                  fff806d7         2   func ,g         0
  _Excep_MTU6_TCIV6
                                  fff806d9         2   func ,g         0
  _Excep_MTU7_TGIA7
                                  fff806db         2   func ,g         0
  _Excep_MTU7_TGIB7
                                  fff806dd         2   func ,g         0
  _Excep_MTU7_TGIC7
                                  fff806df         2   func ,g         0
  _Excep_MTU7_TGID7
                                  fff806e1         2   func ,g         0
  _Excep_MTU7_TCIV7
                                  fff806e3         2   func ,g         0
  _Excep_POE_OEI1
                                  fff806e5         2   func ,g         0
  _Excep_POE_OEI2
                                  fff806e7         2   func ,g         0
  _Excep_POE_OEI3
                                  fff806e9         2   func ,g         0
  _Excep_POE_OEI4
                                  fff806eb         2   func ,g         0
  _Excep_POE_OEI5
                                  fff806ed         2   func ,g         0
  _Excep_CMP_CMP0
                                  fff806ef         2   func ,g         0
  _Excep_CMP_CMP1
                                  fff806f1         2   func ,g         0
  _Excep_CMP_CMP2
                                  fff806f3         2   func ,g         0
  _Excep_GPT4_GTCIA4
                                  fff806f5         2   func ,g         0
  _Excep_GPT4_GTCIB4
                                  fff806f7         2   func ,g         0
  _Excep_GPT4_GTCIC4
                                  fff806f9         2   func ,g         0
  _Excep_GPT4_GTCIE4
                                  fff806fb         2   func ,g         0
  _Excep_GPT4_GTCIV4
                                  fff806fd         2   func ,g         0
  _Excep_GPT4_LOCOI4
                                  fff806ff         2   func ,g         0
  _Excep_GPT5_GTCIA5
                                  fff80701         2   func ,g         0
  _Excep_GPT5_GTCIB5
                                  fff80703         2   func ,g         0
  _Excep_GPT5_GTCIC5
                                  fff80705         2   func ,g         0
  _Excep_GPT5_GTCIE5
                                  fff80707         2   func ,g         0
  _Excep_GPT5_GTCIV5
                                  fff80709         2   func ,g         0
  _Excep_GPT6_GTCIA6
                                  fff8070b         2   func ,g         0
  _Excep_GPT6_GTCIB6
                                  fff8070d         2   func ,g         0
  _Excep_GPT6_GTCIC6
                                  fff8070f         2   func ,g         0
  _Excep_GPT6_GTCIE6
                                  fff80711         2   func ,g         0
  _Excep_GPT6_GTCIV6
                                  fff80713         2   func ,g         0
  _Excep_RIIC1_EEI1
                                  fff80715         2   func ,g         0
  _Excep_RIIC1_RXI1
                                  fff80717         2   func ,g         0
  _Excep_RIIC1_TXI1
                                  fff80719         2   func ,g         0
  _Excep_RIIC1_TEI1
                                  fff8071b         2   func ,g         0
  _Excep_RIIC0_EEI0
                                  fff8071d         2   func ,g         0
  _Excep_RIIC0_RXI0
                                  fff8071f         2   func ,g         0
  _Excep_RIIC0_TXI0
                                  fff80721         2   func ,g         0
  _Excep_RIIC0_TEI0
                                  fff80723         2   func ,g         0
  _Excep_DMAC_DMAC0I
                                  fff80725         2   func ,g         0
  _Excep_DMAC_DMAC1I
                                  fff80727         2   func ,g         0
  _Excep_DMAC_DMAC2I
                                  fff80729         2   func ,g         0
  _Excep_DMAC_DMAC3I
                                  fff8072b         2   func ,g         0
  _Excep_SCI0_TEI0
                                  fff8072d         2   func ,g         0
  _Excep_SCI1_TEI1
                                  fff8072f         2   func ,g         0
  _Excep_SCI2_RXI2
                                  fff80731         2   func ,g         0
  _Excep_SCI2_TXI2
                                  fff80733         2   func ,g         0
  _Excep_SCI2_TEI2
                                  fff80735         2   func ,g         0
  _Excep_SCI3_RXI3
                                  fff80737         2   func ,g         0
  _Excep_SCI3_TXI3
                                  fff80739         2   func ,g         0
  _Excep_SCI3_TEI3
                                  fff8073b         2   func ,g         0
  _Excep_GPT0_GTCIA0
                                  fff8073d         2   func ,g         0
  _Excep_GPT0_GTCIB0
                                  fff8073f         2   func ,g         0
  _Excep_GPT0_GTCIC0
                                  fff80741         2   func ,g         0
  _Excep_GPT0_GTCIE0
                                  fff80743         2   func ,g         0
  _Excep_GPT0_GTCIV0
                                  fff80745         2   func ,g         0
  _Excep_GPT0_LOCOI0
                                  fff80747         2   func ,g         0
  _Excep_GPT1_GTCIA1
                                  fff80749         2   func ,g         0
  _Excep_GPT1_GTCIB1
                                  fff8074b         2   func ,g         0
  _Excep_GPT1_GTCIC1
                                  fff8074d         2   func ,g         0
  _Excep_GPT1_GTCIE1
                                  fff8074f         2   func ,g         0
  _Excep_GPT1_GTCIV1
                                  fff80751         2   func ,g         0
  _Excep_GPT2_GTCIA2
                                  fff80753         2   func ,g         0
  _Excep_GPT2_GTCIB2
                                  fff80755         2   func ,g         0
  _Excep_GPT2_GTCIC2
                                  fff80757         2   func ,g         0
  _Excep_GPT2_GTCIE2
                                  fff80759         2   func ,g         0
  _Excep_GPT2_GTCIV2
                                  fff8075b         2   func ,g         0
  _Excep_GPT3_GTCIA3
                                  fff8075d         2   func ,g         0
  _Excep_GPT3_GTCIB3
                                  fff8075f         2   func ,g         0
  _Excep_GPT3_GTCIC3
                                  fff80761         2   func ,g         0
  _Excep_GPT3_GTCIE3
                                  fff80763         2   func ,g         0
  _Excep_GPT3_GTCIV3
                                  fff80765         2   func ,g         0
  _Excep_SCI12_RXI12
                                  fff80767         2   func ,g         0
  _Excep_SCI12_TXI12
                                  fff80769         2   func ,g         0
  _Excep_SCI12_TEI12
                                  fff8076b         2   func ,g         0

SECTION=P
FILE=.\src\startup\hardware_setup.obj
                                  fff8076d  fff808d4       168
  _HardwareSetup
                                  fff8076d        a3   func ,g         1
  _wait
                                  fff80810        c5   func ,g         2
FILE=.\src\startup\sbrk.obj
                                  fff808d5  fff80910        3c
  _sbrk
                                  fff808d5        3c   func ,g         0
FILE=.\src\matSystem\BatteryCheck.obj
                                  fff80911  fff809c4        b4
  BatteryCheck()
                                  fff80911        b4   func ,g         1
FILE=.\src\matSystem\Connecter.obj
                                  fff809c5  fff80db4       3f0
  __Connecter_Activate
                                  fff809c5         5   func ,g         1
  __Connecter_Recieve
                                  fff809ca        72   func ,g         1
  __Connecter_Transmit
                                  fff80a3c        6f   func ,g         1
  _Decipher
                                  fff80aab       150   func ,l         1
  _Connecter_Send
                                  fff80bfb        a2   func ,g         a
  _Connecter_SendFloat
                                  fff80c9d        32   func ,g         c
  _Connecter_SendInt
                                  fff80ccf        32   func ,g         0
  _Execute
                                  fff80d01        8a   func ,l         1
  _Connecter_InputToHardwarePort
                                  fff80d8b        17   func ,g         1
  _Connecter_RegistHardwarePort
                                  fff80da2        13   func ,g         1
FILE=.\src\matSystem\Main.obj
                                  fff80db5  fff80e2f        7b
  _main
                                  fff80db5        2f   func ,g         1
  Timer1_Callback()
                                  fff80de4        4b   func ,l         1
  _abort
                                  fff80e2f         1   func ,g         1
FILE=.\src\matSystem\System.obj
                                  fff80e30  fff80e5a        2b
  System_ClockStart()
                                  fff80e30         a   func ,g         2
  _System_Loop()
                                  fff80e3a        1b   func ,g         1
  System_Log(unsigned short)
                                  fff80e55         6   func ,g         0
FILE=.\src\UserApplication\App.obj
                                  fff80e5b  fff814f2       698
  _Initialize
                                  fff80e5b        58   func ,g         1
  _MainLoop
                                  fff80eb3         1   func ,g         1
  __SystemClockCallBack
                                  fff80eb4        52   func ,g         1
  Timer2Callback()
                                  fff80f06       1d5   func ,l         1
  BluetoothCallback(DUALSHOCK3)
                                  fff810db       3f0   func ,l         1
  StartAimMode()
                                  fff814cb        16   func ,l         1
  EndAimMode()
                                  fff814e1        12   func ,l         3
FILE=.\src\Modules\micon\CMT.obj
                                  fff814f3  fff81645       153
  _CMT_init
                                  fff814f3        2d   func ,g         1
  _CMT0_Set
                                  fff81520        5d   func ,g         4
  _CMT0_Start
                                  fff8157d         c   func ,g         1
  _Excep_CMT0_CMI0
                                  fff81589        1b   func ,g         0
  _CMT0_Stop
                                  fff815a4         f   func ,g         1
  _CMT1_Set
                                  fff815b3        5d   func ,g         4
  _CMT1_Start
                                  fff81610         c   func ,g         1
  _Excep_CMT1_CMI1
                                  fff8161c        1b   func ,g         0
  _CMT1_Stop
                                  fff81637         f   func ,g         1
FILE=.\src\Modules\micon\DAa.obj
                                  fff81646  fff816b4        6f
  _DAa_init
                                  fff81646        55   func ,g         1
  _DA0_SetValue
                                  fff8169b         d   func ,g         1
  _DA1_SetValue
                                  fff816a8         d   func ,g         1
FILE=.\src\Modules\micon\GPT012.obj
                                  fff816b5  fff81a5e       3aa
  _GPT012_init
                                  fff816b5       2c0   func ,g         1
  _PWM_M1_set
                                  fff81975        27   func ,g         1
  _PWM_M2_set
                                  fff8199c        27   func ,g         1
  _PWM_M3_set
                                  fff819c3        27   func ,g         1
  _PWM_M4_set
                                  fff819ea        27   func ,g         1
  _PWM_M5_set
                                  fff81a11        27   func ,g         1
  _PWM_M6_set
                                  fff81a38        27   func ,g         1
FILE=.\src\Modules\micon\GPT46.obj
                                  fff81a5f  fff81c96       238
  _GPT46_init
                                  fff81a5f       167   func ,g         1
  _PWM1_set
                                  fff81bc6        4e   func ,g         2
  _PWM1_On
                                  fff81c14         c   func ,g         2
  _PWM1_Off
                                  fff81c20         f   func ,g         0
  _BUZZER_set
                                  fff81c2f        4e   func ,g         e
  _BUZZER_On
                                  fff81c7d         c   func ,g         a
  _BUZZER_Off
                                  fff81c89         e   func ,g         6
FILE=.\src\Modules\micon\IO.obj
                                  fff81c97  fff81f45       2af
  _IO_LED_init
                                  fff81c97         9   func ,g         1
  _LED_STATUS_R
                                  fff81ca0        18   func ,g         2
  _LED_STATUS_G
                                  fff81cb8        18   func ,g         2
  _LED_STATUS_B
                                  fff81cd0        19   func ,g         2
  _LED_INFO
                                  fff81ce9        19   func ,g         2
  _LED_ERROR
                                  fff81d02        19   func ,g         4
  _IO_Motor_Init
                                  fff81d1b        26   func ,g         1
  _ALERT
                                  fff81d41        13   func ,g         0
  _STBY
                                  fff81d54        19   func ,g         2
  _Motor1_MODE
                                  fff81d6d        30   func ,g         4
  _Motor2_MODE
                                  fff81d9d        2e   func ,g         4
  _Motor3_MODE
                                  fff81dcb        32   func ,g         4
  _Motor4_MODE
                                  fff81dfd        31   func ,g         4
  _Motor5_MODE
                                  fff81e2e        30   func ,g         4
  _Motor6_MODE
                                  fff81e5e        2f   func ,g         4
  _IO_DIO_Init
                                  fff81e8d        5b   func ,g         1
  _DIO_1_Out
                                  fff81ee8        18   func ,g         2
  _DIO_2_Out
                                  fff81f00        18   func ,g         2
  _DIO_3_Out
                                  fff81f18        16   func ,g         2
  _DIO_4_Out
                                  fff81f2e        18   func ,g         2
FILE=.\src\Modules\micon\S12ADB.obj
                                  fff81f46  fff821ac       267
  _S12AD_init
                                  fff81f46        ad   func ,g         1
  _S12AD_Sample
                                  fff81ff3        1f   func ,g         1
  _Excep_S12AD_S12ADI
                                  fff82012        38   func ,g         0
  _S12ADB_GetVoltage
                                  fff8204a        24   func ,g         3
  _S12AD1_init
                                  fff8206e        b5   func ,g         1
  _S12AD1_Sample
                                  fff82123        1f   func ,g         1
  _Excep_S12AD1_S12ADI1
                                  fff82142        47   func ,g         0
  _S12AD1_GetVoltage
                                  fff82189        24   func ,g         1
FILE=.\src\Modules\micon\SCIc.obj
                                  fff821ad  fff82803       657
  _uart1_init
                                  fff821ad        d1   func ,g         1
  _uart1_read
                                  fff8227e        61   func ,g         1
  _uart1_send
                                  fff822df        53   func ,g         1
  _Excep_SCI1_RXI1
                                  fff82332        c8   func ,g         0
  _Excep_SCI1_TXI1
                                  fff823fa        6c   func ,g         0
  _uart1_set
                                  fff82466        5f   func ,l         2
  _uart1_clear_errorFlag
                                  fff824c5        16   func ,l         2
  _uart0_init
                                  fff824db        cc   func ,g         2
  _uart0_read
                                  fff825a7        61   func ,g         2
  _uart0_send
                                  fff82608        53   func ,g         4
  _Excep_SCI0_RXI0
                                  fff8265b        c8   func ,g         0
  _Excep_SCI0_TXI0
                                  fff82723        6c   func ,g         0
  _uart0_set
                                  fff8278f        5f   func ,l         2
  _uart0_clear_errorFlag
                                  fff827ee        16   func ,l         2
FILE=.\src\Modules\AnalogIN.obj
                                  fff82804  fff82831        2e
  _AnalogIN_Activate
                                  fff82804         5   func ,g         1
  _AnalogIN_Sample
                                  fff82809         5   func ,g         1
  _AnalogIN_GetVoltage
                                  fff8280e        24   func ,g         1
FILE=.\src\Modules\AnalogOUT.obj
                                  fff82832  fff82886        55
  _AnalogOUT_Activate
                                  fff82832         5   func ,g         1
  _AnalogOUT1_SetVoltage
                                  fff82837        28   func ,g         0
  _AnalogOUT2_SetVoltage
                                  fff8285f        28   func ,g         0
FILE=.\src\Modules\Battery.obj
                                  fff82887  fff828ea        64
  __Battery_Activate
                                  fff82887         5   func ,g         1
  __Battery_Sample
                                  fff8288c         5   func ,g         1
  __Battery_GetVoltage1
                                  fff82891        1e   func ,g         1
  __Battery_GetVoltage2
                                  fff828af        1e   func ,g         1
  __Battery_GetVoltage3
                                  fff828cd        1e   func ,g         1
FILE=.\src\Modules\Bluetooth.obj
                                  fff828eb  fff82b88       29e
  _Bluetooth_Activate
                                  fff828eb        12   func ,g         1
  __Bluetooth_Loop
                                  fff828fd       177   func ,g         1
  _Bluetooth_CommandIn
                                  fff82a74        16   func ,g         1
  _Bluetooth_CommandOut
                                  fff82a8a        6f   func ,l         2
  __Bluetooth_Do
                                  fff82af9        6c   func ,g         1
  _Bluetooth_Vibrate1
                                  fff82b65         d   func ,g         1
  _Bluetooth_Vibrate1Long
                                  fff82b72         a   func ,g         1
  _Bluetooth_Vibrate2
                                  fff82b7c         d   func ,g         1
FILE=.\src\Modules\Buzzer.obj
                                  fff82b89  fff82f5a       3d2
  _Buzzer_Activate
                                  fff82b89         5   func ,g         1
  __Buzzer_Loop
                                  fff82b8e       258   func ,g         1
  _Buzzer_On
                                  fff82de6        13   func ,g         0
  _Buzzer_Off
                                  fff82df9        5d   func ,g         0
  _Buzzer_OneTime
                                  fff82e56        36   func ,g         2
  _Buzzer_StepUp
                                  fff82e8c        29   func ,g         2
  _Buzzer_StepDown
                                  fff82eb5        29   func ,g         1
  _Buzzer_Siren1
                                  fff82ede        29   func ,g         1
  _Buzzer_Siren2
                                  fff82f07        2a   func ,g         2
  _Buzzer_LowBattery
                                  fff82f31        2a   func ,g         1
FILE=.\src\Modules\DataLogger.obj
                                  fff82f5b  fff8305b       101
  _DataLogger_Activate
                                  fff82f5b         d   func ,g         1
  __DataLogger_Loop
                                  fff82f68        1a   func ,g         1
  __DataLogger_Do
                                  fff82f82        19   func ,g         0
  _dataLogger1_Do
                                  fff82f9b         8   func ,l         1
  _DataLogger1_DataIn
                                  fff82fa3        94   func ,g         1
  _DataLogger1_LoggingStart
                                  fff83037        13   func ,g         1
  _DataLogger1_LoggingStop
                                  fff8304a         a   func ,g         2
  _DataLogger_Log
                                  fff83054         8   func ,g         0
FILE=.\src\Modules\DigitalIO.obj
                                  fff8305c  fff830aa        4f
  _DIO_Activate
                                  fff8305c        17   func ,g         1
  _DIO1_On
                                  fff83073         7   func ,g         1
  _DIO1_Off
                                  fff8307a         7   func ,g         1
  _DIO2_On
                                  fff83081         7   func ,g         1
  _DIO2_Off
                                  fff83088         7   func ,g         1
  _DIO3_On
                                  fff8308f         7   func ,g         0
  _DIO3_Off
                                  fff83096         7   func ,g         0
  _DIO4_On
                                  fff8309d         7   func ,g         0
  _DIO4_Off
                                  fff830a4         7   func ,g         0
FILE=.\src\Modules\LED.obj
                                  fff830ab  fff830f5        4b
  __LED_Activate
                                  fff830ab         5   func ,g         1
  __LED_R_On
                                  fff830b0         7   func ,g         1
  __LED_G_On
                                  fff830b7         7   func ,g         1
  __LED_B_On
                                  fff830be         7   func ,g         2
  __LED_Info_On
                                  fff830c5         7   func ,g         1
  __LED_Error_On
                                  fff830cc         7   func ,g         3
  __LED_R_Off
                                  fff830d3         7   func ,g         1
  __LED_G_Off
                                  fff830da         7   func ,g         0
  __LED_B_Off
                                  fff830e1         7   func ,g         1
  __LED_Info_Off
                                  fff830e8         7   func ,g         1
  __LED_Error_Off
                                  fff830ef         7   func ,g         0
FILE=.\src\Modules\Motor.obj
                                  fff830f6  fff83dd5       ce0
  _Motor_Activate
                                  fff830f6         9   func ,g         1
  _Motor_UnlockSTBY
                                  fff830ff         7   func ,g         1
  _Motor_LockSTBY
                                  fff83106         7   func ,g         1
  __Motor_Loop
                                  fff8310d       35a   func ,g         1
  _Motor1_DutyIn
                                  fff83467        59   func ,g         3
  _Motor1_AccelerationIn
                                  fff834c0        58   func ,g         0
  _Motor1_DutyOut
                                  fff83518        43   func ,l         1
  _Motor2_DutyIn
                                  fff8355b        5a   func ,g         3
  _Motor2_AccelerationIn
                                  fff835b5        5a   func ,g         0
  _Motor2_DutyOut
                                  fff8360f        26   func ,l         1
  _Motor3_DutyIn
                                  fff83635        5a   func ,g         3
  _Motor3_AccelerationIn
                                  fff8368f        5a   func ,g         0
  _Motor3_DutyOut
                                  fff836e9        26   func ,l         1
  _Motor4_DutyIn
                                  fff8370f        5a   func ,g         3
  _Motor4_AccelerationIn
                                  fff83769        5a   func ,g         0
  _Motor4_DutyOut
                                  fff837c3        26   func ,l         1
  _Motor5_DutyIn
                                  fff837e9        5a   func ,g         a
  _Motor5_AccelerationIn
                                  fff83843        5a   func ,g         6
  _Motor5_DutyOut
                                  fff8389d        26   func ,l         1
  _Motor6_DutyIn
                                  fff838c3        5a   func ,g         1
  _Motor6_AccelerationIn
                                  fff8391d        5a   func ,g         0
  _Motor6_DutyOut
                                  fff83977        26   func ,l         1
  _motor1_SetMode
                                  fff8399d        3e   func ,l         3
  _motor2_SetMode
                                  fff839db        3e   func ,l         3
  _motor3_SetMode
                                  fff83a19        3e   func ,l         3
  _motor4_SetMode
                                  fff83a57        3e   func ,l         3
  _motor5_SetMode
                                  fff83a95        3e   func ,l         3
  _motor6_SetMode
                                  fff83ad3        3e   func ,l         3
  _norm
                                  fff83b11        42   func ,l         6
  __Motor_Do
                                  fff83b53        54   func ,g         1
  _motor1_Do
                                  fff83ba7        7c   func ,l         1
  _motor2_Do
                                  fff83c23        57   func ,l         1
  _motor3_Do
                                  fff83c7a        57   func ,l         1
  _motor4_Do
                                  fff83cd1        57   func ,l         1
  _motor5_Do
                                  fff83d28        57   func ,l         1
  _motor6_Do
                                  fff83d7f        57   func ,l         1
FILE=.\src\Modules\Servo.obj
                                  fff83dd6  fff83e20        4b
  _Servo_Activate
                                  fff83dd6        12   func ,g         1
  _Servo1_RotationIn
                                  fff83de8        39   func ,g         0
FILE=.\src\Modules\Timer.obj
                                  fff83e21  fff83f85       165
  __Timer_Activate
                                  fff83e21         5   func ,g         1
  __Timer1_Set
                                  fff83e26        a6   func ,g         1
  __Timer1_Start
                                  fff83ecc         5   func ,g         1
  __Timer1_Stop
                                  fff83ed1         5   func ,g         0
  _Timer2_Set
                                  fff83ed6        a6   func ,g         1
  _Timer2_Start
                                  fff83f7c         5   func ,g         1
  _Timer2_Stop
                                  fff83f81         5   func ,g         0
FILE=.\src\Modules\UART.obj
                                  fff83f86  fff83fcf        4a
  __UART1_Activate
                                  fff83f86         5   func ,g         1
  __UART1_GetRecievedData
                                  fff83f8b        10   func ,g         1
  __UART1_TransmitData
                                  fff83f9b        10   func ,g         2
  __UART0_Activate
                                  fff83fab         5   func ,g         0
  __UART0_GetRecievedData
                                  fff83fb0        10   func ,g         0
  __UART0_TransmitData
                                  fff83fc0        10   func ,g         0
FILE=.\src\DataConverter.obj
                                  fff83fd0  fff841a7       1d8
  IntParse(unsigned char)
                                  fff83fd0        53   func ,l         1
  _StringToWORD
                                  fff84023        45   func ,g         1
  _BitsToFloat
                                  fff84068        3a   func ,g         6
  _BitsToInt
                                  fff840a2        40   func ,g         1
  _BitsToDUALSHOCK3
                                  fff840e2        4f   func ,g         1
  _FloatToBits
                                  fff84131        3c   func ,g         1
  _IntToBits
                                  fff8416d        3b   func ,g         1
FILE=cppinit
                                  fff841a8  fff841c7        20
  __CALL_INIT
                                  fff841a8        1c   func ,g         1
  __CALL_END
                                  fff841c4         4   func ,g         1
FILE=__initsct
                                  fff841c8  fff84211        4a
  __INITSCT
                                  fff841c8         0   none ,g         1
  loop1
                                  fff841da         0   none ,l         1
  next_loop1
                                  fff841e8         0   none ,l         2
  loop3
                                  fff841fa         0   none ,l         1
  next_loop3
                                  fff8420b         0   none ,l         2
FILE=static_init
                                  fff84212  fff84277        66
  __call_dtors()
                                  fff84212        66   func ,g         1
FILE=dtor_list
                                  fff84278  fff842c2        4b
  __process_needed_destructions()
                                  fff84278        26   func ,g         2
  ___already_marked_for_destruction
                                  fff8429e         6   func ,g         1
  ___record_needed_destruction
                                  fff842a4        1d   func ,g         0
  ___std__needed_destruction_list
                                  fff842c1         2   func ,g         0
FILE=error
                                  fff842c3  fff842c6         4
  ___abort_execution
                                  fff842c3         4   func ,g         1

SECTION=FIXEDVECT
FILE=.\src\Modules\micon\vector_table.obj
                                  ffffff80  ffffffff        80
  _Fixed_Vectors
                                  ffffff80        80   data ,g         0

*** Unfilled Areas ***

AREA                                START    END

*** Delete Symbols ***

SYMBOL                                SIZE    INFO
