Renesas Optimizing Linker (W2.04.00 )             31-Aug-2016 19:35:30

*** Options ***

-subcommand=LinkerSubCommand.tmp
-input="./src/startup/dbsct.obj"
-input="./src/startup/hardware_setup.obj"
-input="./src/startup/reset_program.obj"
-input="./src/startup/sbrk.obj"
-input="./src/matSystem/Main.obj"
-input="./src/UserApplication/App.obj"
-input="./src/Modules/micon/GPT012.obj"
-input="./src/Modules/micon/IO.obj"
-input="./src/Modules/micon/SCIc.obj"
-input="./src/Modules/micon/interrupt_handlers.obj"
-input="./src/Modules/micon/vector_table.obj"
-input="./src/Modules/Bluetooth.obj"
-input="./src/Modules/LED.obj"
-input="./src/Modules/Motor.obj"
-start=SU,SI,B_1,R_1,B_2,R_2,B,R/04,PResetPRG,C_1,C_2,C,C$*,D*,W*,L,PIntPRG,P/0FFF80000,FIXEDVECT/0FFFFFF80
-library=C:\Users\MATSUT~1\DOCUME~1\GitHub\ROBOTC~1\HARDWA~2\RobotCore1Framework.lib
-list=RobotCore1Framework.map
-show
-nooptimize
-debug
-output=C:\Users\Matsutomo2\Documents\GitHub\RobotCore1Frameware\HardwareDebug\RobotCore1Framework.abs
-rom=D=R,D_1=R_1,D_2=R_2
-nocompress
-nomessage
-nologo

*** Error information ***

*** Mapping List ***

SECTION                            START      END         SIZE   ALIGN

SU
                                  00000004  00000103       100   4
SI
                                  00000104  00000403       300   4
B_1
                                  00000404  0000040a         7   1
R_1
                                  0000040b  0000040f         5   1
B_2
                                  00000410  00000410         0   1
R_2
                                  00000410  0000041f        10   2
B
                                  00000420  00000853       434   4
R
                                  00000854  0000086b        18   4
PResetPRG
                                  fff80000  fff80038        39   1
C_1
                                  fff80039  fff80039         0   1
C_2
                                  fff80039  fff80039         0   1
C
                                  fff8003c  fff8006f        34   4
C$DSEC
                                  fff80070  fff80093        24   4
C$BSEC
                                  fff80094  fff800ab        18   4
C$INIT
                                  fff800ac  fff800ac         0   1
C$VECT
                                  fff800ac  fff804ab       400   4
C$VTBL
                                  fff804ac  fff804ac         0   1
D
                                  fff804ac  fff804c3        18   4
D_1
                                  fff804c4  fff804c8         5   1
D_2
                                  fff804ca  fff804d9        10   2
W
                                  fff804da  fff804da         0   1
W_1
                                  fff804da  fff804da         0   1
W_2
                                  fff804da  fff804da         0   1
L
                                  fff804da  fff804da         0   1
PIntPRG
                                  fff804da  fff80631       158   1
P
                                  fff80632  fff81a04      13d3   1
FIXEDVECT
                                  ffffff80  ffffffff        80   4

*** Symbol List ***

SECTION=
FILE=                               START        END    SIZE
  SYMBOL                            ADDR        SIZE    INFO      COUNTS  OPT

SECTION=SU
FILE=.\src\startup\reset_program.obj
                                  00000004  00000103       100

SECTION=SI
FILE=.\src\startup\reset_program.obj
                                  00000104  00000403       300

SECTION=B_1
FILE=.\src\Modules\micon\SCIc.obj
                                  00000404  00000404         1
  _uart0_data
                                  00000404         1   data ,g         2
FILE=.\src\Modules\Motor.obj
                                  00000405  0000040a         6
  _direction
                                  00000405         6   data ,g        12

SECTION=R_1
FILE=.\src\UserApplication\App.obj
                                  0000040b  0000040b         1
  _i
                                  0000040b         1   data ,g         5
FILE=.\src\Modules\micon\SCIc.obj
                                  0000040c  0000040f         4
  _flag_RXI0
                                  0000040c         1   data ,g         4
  _flag_TXI0
                                  0000040d         1   data ,g         1
  _flag_RXI1
                                  0000040e         1   data ,g         4
  _flag_TXI1
                                  0000040f         1   data ,g         3

SECTION=R_2
FILE=.\src\UserApplication\App.obj
                                  00000410  0000041f        10
  _orderBuffer
                                  00000410        10   data ,g         2

SECTION=B
FILE=.\src\startup\sbrk.obj
                                  00000420  0000081f       400
  _heap_area
                                  00000420       400   data ,l         2
FILE=.\src\Modules\Motor.obj
                                  00000820  0000084f        30
  _trgDuty
                                  00000820        18   data ,g         7
  _actualDuty
                                  00000838        18   data ,g        17
FILE=dtor_list
                                  00000850  00000853         4
  _needed_destruction_head
                                  00000850         4   data ,l         2

SECTION=R
FILE=.\src\startup\sbrk.obj
                                  00000854  00000857         4
  _brk
                                  00000854         4   data ,l         3
FILE=static_init
                                  00000858  0000085f         8
  _use_patch_info
                                  00000858         4   data ,l         1
  _dtors_done$1
                                  0000085c         4   data ,l         1
FILE=munch_dtors
                                  00000860  00000863         4
  __dtors
                                  00000860         4   data ,g         1
FILE=vars
                                  00000864  0000086b         8
  __new_handler
                                  00000864         4   data ,g         0
  ___head
                                  00000868         4   data ,g         1

SECTION=PResetPRG
FILE=.\src\startup\reset_program.obj
                                  fff80000  fff80038        39
  _PowerON_Reset_PC
                                  fff80000        39   entry,g         1

SECTION=C
FILE=.\src\startup\dbsct.obj
                                  fff8003c  fff8006f        34
  __CTBL
                                  fff8003c        34   data ,g         0

SECTION=C$DSEC
FILE=.\src\startup\dbsct.obj
                                  fff80070  fff80093        24
  __DTBL
                                  fff80070        24   data ,g         0

SECTION=C$BSEC
FILE=.\src\startup\dbsct.obj
                                  fff80094  fff800ab        18
  __BTBL
                                  fff80094        18   data ,g         0

SECTION=C$VECT
FILE=.\src\startup\dbsct.obj
                                  fff800ac  fff804ab       400

SECTION=D
FILE=.\src\startup\sbrk.obj
                                  fff804ac  fff804af         4
FILE=static_init
                                  fff804b0  fff804b7         8
FILE=munch_dtors
                                  fff804b8  fff804bb         4
FILE=vars
                                  fff804bc  fff804c3         8

SECTION=D_1
FILE=.\src\UserApplication\App.obj
                                  fff804c4  fff804c4         1
FILE=.\src\Modules\micon\SCIc.obj
                                  fff804c5  fff804c8         4

SECTION=D_2
FILE=.\src\UserApplication\App.obj
                                  fff804ca  fff804d9        10

SECTION=PIntPRG
FILE=.\src\Modules\micon\interrupt_handlers.obj
                                  fff804da  fff80631       158
  _Excep_SuperVisorInst
                                  fff804da         2   func ,g         1
  _Excep_AccessInst
                                  fff804dc         2   func ,g         1
  _Excep_UndefinedInst
                                  fff804de         2   func ,g         1
  _Excep_FloatingPoint
                                  fff804e0         2   func ,g         1
  _NonMaskableInterrupt
                                  fff804e2         2   func ,g         1
  _Dummy
                                  fff804e4         2   func ,g        13
  _Excep_BRK
                                  fff804e6         4   func ,g         0
  _Excep_BSC_BUSERR
                                  fff804ea         2   func ,g         0
  _Excep_FCU_FIFERR
                                  fff804ec         2   func ,g         0
  _Excep_FCU_FRDYI
                                  fff804ee         2   func ,g         0
  _Excep_ICU_SWINT
                                  fff804f0         2   func ,g         0
  _Excep_CMT0_CMI0
                                  fff804f2         2   func ,g         0
  _Excep_CMT1_CMI1
                                  fff804f4         2   func ,g         0
  _Excep_CMT2_CMI2
                                  fff804f6         2   func ,g         0
  _Excep_CMT3_CMI3
                                  fff804f8         2   func ,g         0
  _Excep_USB0_D0FIFO0
                                  fff804fa         2   func ,g         0
  _Excep_USB0_D1FIFO0
                                  fff804fc         2   func ,g         0
  _Excep_USB0_USBI0
                                  fff804fe         2   func ,g         0
  _Excep_CAC_FERRF
                                  fff80500         2   func ,g         0
  _Excep_CAC_MENDF
                                  fff80502         2   func ,g         0
  _Excep_CAC_OVFF
                                  fff80504         2   func ,g         0
  _Excep_RSPI0_SPRI0
                                  fff80506         2   func ,g         0
  _Excep_RSPI0_SPTI0
                                  fff80508         2   func ,g         0
  _Excep_RSPI0_SPII0
                                  fff8050a         2   func ,g         0
  _Excep_RSPI1_SPRI1
                                  fff8050c         2   func ,g         0
  _Excep_RSPI1_SPTI1
                                  fff8050e         2   func ,g         0
  _Excep_RSPI1_SPII1
                                  fff80510         2   func ,g         0
  _Excep_CAN1_RXF1
                                  fff80512         2   func ,g         0
  _Excep_CAN1_TXF1
                                  fff80514         2   func ,g         0
  _Excep_CAN1_RXM1
                                  fff80516         2   func ,g         0
  _Excep_CAN1_TXM1
                                  fff80518         2   func ,g         0
  _Excep_GPT7_GTCIA7
                                  fff8051a         2   func ,g         0
  _Excep_GPT7_GTCIB7
                                  fff8051c         2   func ,g         0
  _Excep_GPT7_GTCIC7
                                  fff8051e         2   func ,g         0
  _Excep_GPT7_GTCIE7
                                  fff80520         2   func ,g         0
  _Excep_GPT7_GTCIV7
                                  fff80522         2   func ,g         0
  _Excep_CMP_CMP4
                                  fff80524         2   func ,g         0
  _Excep_CMP_CMP5
                                  fff80526         2   func ,g         0
  _Excep_CMP_CMP6
                                  fff80528         2   func ,g         0
  _Excep_DOC_DOPCF
                                  fff8052a         2   func ,g         0
  _Excep_DPC_RBI0
                                  fff8052c         2   func ,g         0
  _Excep_DPC_RBI1
                                  fff8052e         2   func ,g         0
  _Excep_DPC_RBI2
                                  fff80530         2   func ,g         0
  _Excep_DPC_RBI3
                                  fff80532         2   func ,g         0
  _Excep_DPC_RBI4
                                  fff80534         2   func ,g         0
  _Excep_ICU_IRQ0
                                  fff80536         2   func ,g         0
  _Excep_ICU_IRQ1
                                  fff80538         2   func ,g         0
  _Excep_ICU_IRQ2
                                  fff8053a         2   func ,g         0
  _Excep_ICU_IRQ3
                                  fff8053c         2   func ,g         0
  _Excep_ICU_IRQ4
                                  fff8053e         2   func ,g         0
  _Excep_ICU_IRQ5
                                  fff80540         2   func ,g         0
  _Excep_ICU_IRQ6
                                  fff80542         2   func ,g         0
  _Excep_ICU_IRQ7
                                  fff80544         2   func ,g         0
  _Excep_USB_USBR0
                                  fff80546         2   func ,g         0
  _Excep_AD_ADI0
                                  fff80548         2   func ,g         0
  _Excep_S12AD_S12ADI
                                  fff8054a         2   func ,g         0
  _Excep_S12AD_S12GBADI
                                  fff8054c         2   func ,g         0
  _Excep_S12AD1_S12ADI1
                                  fff8054e         2   func ,g         0
  _Excep_S12AD1_S12GBADI1
                                  fff80550         2   func ,g         0
  _Excep_ICU_GROUP0
                                  fff80552         2   func ,g         0
  _Excep_ICU_GROUP12
                                  fff80554         2   func ,g         0
  _Excep_SCI12_SCIX0
                                  fff80556         2   func ,g         0
  _Excep_SCI12_SCIX1
                                  fff80558         2   func ,g         0
  _Excep_SCI12_SCIX2
                                  fff8055a         2   func ,g         0
  _Excep_SCI12_SCIX3
                                  fff8055c         2   func ,g         0
  _Excep_MTU0_TGIA0
                                  fff8055e         2   func ,g         0
  _Excep_MTU0_TGIB0
                                  fff80560         2   func ,g         0
  _Excep_MTU0_TGIC0
                                  fff80562         2   func ,g         0
  _Excep_MTU0_TGID0
                                  fff80564         2   func ,g         0
  _Excep_MTU0_TCIV0
                                  fff80566         2   func ,g         0
  _Excep_MTU0_TGIE0
                                  fff80568         2   func ,g         0
  _Excep_MTU0_TGIF0
                                  fff8056a         2   func ,g         0
  _Excep_MTU1_TGIA1
                                  fff8056c         2   func ,g         0
  _Excep_MTU1_TGIB1
                                  fff8056e         2   func ,g         0
  _Excep_MTU1_TCIV1
                                  fff80570         2   func ,g         0
  _Excep_MTU1_TCIU1
                                  fff80572         2   func ,g         0
  _Excep_MTU2_TGIA2
                                  fff80574         2   func ,g         0
  _Excep_MTU2_TGIB2
                                  fff80576         2   func ,g         0
  _Excep_MTU2_TCIV2
                                  fff80578         2   func ,g         0
  _Excep_MTU2_TCIU2
                                  fff8057a         2   func ,g         0
  _Excep_MTU3_TGIA3
                                  fff8057c         2   func ,g         0
  _Excep_MTU3_TGIB3
                                  fff8057e         2   func ,g         0
  _Excep_MTU3_TGIC3
                                  fff80580         2   func ,g         0
  _Excep_MTU3_TGID3
                                  fff80582         2   func ,g         0
  _Excep_MTU3_TCIV3
                                  fff80584         2   func ,g         0
  _Excep_MTU4_TGIA4
                                  fff80586         2   func ,g         0
  _Excep_MTU4_TGIB4
                                  fff80588         2   func ,g         0
  _Excep_MTU4_TGIC4
                                  fff8058a         2   func ,g         0
  _Excep_MTU4_TGID4
                                  fff8058c         2   func ,g         0
  _Excep_MTU4_TCIV4
                                  fff8058e         2   func ,g         0
  _Excep_MTU5_TGIU5
                                  fff80590         2   func ,g         0
  _Excep_MTU5_TGIV5
                                  fff80592         2   func ,g         0
  _Excep_MTU5_TGIW5
                                  fff80594         2   func ,g         0
  _Excep_MTU6_TGIA6
                                  fff80596         2   func ,g         0
  _Excep_MTU6_TGIB6
                                  fff80598         2   func ,g         0
  _Excep_MTU6_TGIC6
                                  fff8059a         2   func ,g         0
  _Excep_MTU6_TGID6
                                  fff8059c         2   func ,g         0
  _Excep_MTU6_TCIV6
                                  fff8059e         2   func ,g         0
  _Excep_MTU7_TGIA7
                                  fff805a0         2   func ,g         0
  _Excep_MTU7_TGIB7
                                  fff805a2         2   func ,g         0
  _Excep_MTU7_TGIC7
                                  fff805a4         2   func ,g         0
  _Excep_MTU7_TGID7
                                  fff805a6         2   func ,g         0
  _Excep_MTU7_TCIV7
                                  fff805a8         2   func ,g         0
  _Excep_POE_OEI1
                                  fff805aa         2   func ,g         0
  _Excep_POE_OEI2
                                  fff805ac         2   func ,g         0
  _Excep_POE_OEI3
                                  fff805ae         2   func ,g         0
  _Excep_POE_OEI4
                                  fff805b0         2   func ,g         0
  _Excep_POE_OEI5
                                  fff805b2         2   func ,g         0
  _Excep_CMP_CMP0
                                  fff805b4         2   func ,g         0
  _Excep_CMP_CMP1
                                  fff805b6         2   func ,g         0
  _Excep_CMP_CMP2
                                  fff805b8         2   func ,g         0
  _Excep_GPT4_GTCIA4
                                  fff805ba         2   func ,g         0
  _Excep_GPT4_GTCIB4
                                  fff805bc         2   func ,g         0
  _Excep_GPT4_GTCIC4
                                  fff805be         2   func ,g         0
  _Excep_GPT4_GTCIE4
                                  fff805c0         2   func ,g         0
  _Excep_GPT4_GTCIV4
                                  fff805c2         2   func ,g         0
  _Excep_GPT4_LOCOI4
                                  fff805c4         2   func ,g         0
  _Excep_GPT5_GTCIA5
                                  fff805c6         2   func ,g         0
  _Excep_GPT5_GTCIB5
                                  fff805c8         2   func ,g         0
  _Excep_GPT5_GTCIC5
                                  fff805ca         2   func ,g         0
  _Excep_GPT5_GTCIE5
                                  fff805cc         2   func ,g         0
  _Excep_GPT5_GTCIV5
                                  fff805ce         2   func ,g         0
  _Excep_GPT6_GTCIA6
                                  fff805d0         2   func ,g         0
  _Excep_GPT6_GTCIB6
                                  fff805d2         2   func ,g         0
  _Excep_GPT6_GTCIC6
                                  fff805d4         2   func ,g         0
  _Excep_GPT6_GTCIE6
                                  fff805d6         2   func ,g         0
  _Excep_GPT6_GTCIV6
                                  fff805d8         2   func ,g         0
  _Excep_RIIC1_EEI1
                                  fff805da         2   func ,g         0
  _Excep_RIIC1_RXI1
                                  fff805dc         2   func ,g         0
  _Excep_RIIC1_TXI1
                                  fff805de         2   func ,g         0
  _Excep_RIIC1_TEI1
                                  fff805e0         2   func ,g         0
  _Excep_RIIC0_EEI0
                                  fff805e2         2   func ,g         0
  _Excep_RIIC0_RXI0
                                  fff805e4         2   func ,g         0
  _Excep_RIIC0_TXI0
                                  fff805e6         2   func ,g         0
  _Excep_RIIC0_TEI0
                                  fff805e8         2   func ,g         0
  _Excep_DMAC_DMAC0I
                                  fff805ea         2   func ,g         0
  _Excep_DMAC_DMAC1I
                                  fff805ec         2   func ,g         0
  _Excep_DMAC_DMAC2I
                                  fff805ee         2   func ,g         0
  _Excep_DMAC_DMAC3I
                                  fff805f0         2   func ,g         0
  _Excep_SCI0_TEI0
                                  fff805f2         2   func ,g         0
  _Excep_SCI1_TEI1
                                  fff805f4         2   func ,g         0
  _Excep_SCI2_RXI2
                                  fff805f6         2   func ,g         0
  _Excep_SCI2_TXI2
                                  fff805f8         2   func ,g         0
  _Excep_SCI2_TEI2
                                  fff805fa         2   func ,g         0
  _Excep_SCI3_RXI3
                                  fff805fc         2   func ,g         0
  _Excep_SCI3_TXI3
                                  fff805fe         2   func ,g         0
  _Excep_SCI3_TEI3
                                  fff80600         2   func ,g         0
  _Excep_GPT0_GTCIA0
                                  fff80602         2   func ,g         0
  _Excep_GPT0_GTCIB0
                                  fff80604         2   func ,g         0
  _Excep_GPT0_GTCIC0
                                  fff80606         2   func ,g         0
  _Excep_GPT0_GTCIE0
                                  fff80608         2   func ,g         0
  _Excep_GPT0_GTCIV0
                                  fff8060a         2   func ,g         0
  _Excep_GPT0_LOCOI0
                                  fff8060c         2   func ,g         0
  _Excep_GPT1_GTCIA1
                                  fff8060e         2   func ,g         0
  _Excep_GPT1_GTCIB1
                                  fff80610         2   func ,g         0
  _Excep_GPT1_GTCIC1
                                  fff80612         2   func ,g         0
  _Excep_GPT1_GTCIE1
                                  fff80614         2   func ,g         0
  _Excep_GPT1_GTCIV1
                                  fff80616         2   func ,g         0
  _Excep_GPT2_GTCIA2
                                  fff80618         2   func ,g         0
  _Excep_GPT2_GTCIB2
                                  fff8061a         2   func ,g         0
  _Excep_GPT2_GTCIC2
                                  fff8061c         2   func ,g         0
  _Excep_GPT2_GTCIE2
                                  fff8061e         2   func ,g         0
  _Excep_GPT2_GTCIV2
                                  fff80620         2   func ,g         0
  _Excep_GPT3_GTCIA3
                                  fff80622         2   func ,g         0
  _Excep_GPT3_GTCIB3
                                  fff80624         2   func ,g         0
  _Excep_GPT3_GTCIC3
                                  fff80626         2   func ,g         0
  _Excep_GPT3_GTCIE3
                                  fff80628         2   func ,g         0
  _Excep_GPT3_GTCIV3
                                  fff8062a         2   func ,g         0
  _Excep_SCI12_RXI12
                                  fff8062c         2   func ,g         0
  _Excep_SCI12_TXI12
                                  fff8062e         2   func ,g         0
  _Excep_SCI12_TEI12
                                  fff80630         2   func ,g         0

SECTION=P
FILE=.\src\startup\hardware_setup.obj
                                  fff80632  fff80799       168
  _HardwareSetup
                                  fff80632        a3   func ,g         1
  _wait
                                  fff806d5        c5   func ,g         2
FILE=.\src\startup\sbrk.obj
                                  fff8079a  fff807d5        3c
  _sbrk
                                  fff8079a        3c   func ,g         0
FILE=.\src\matSystem\Main.obj
                                  fff807d6  fff807e4         f
  _main
                                  fff807d6         e   func ,g         1
  _abort
                                  fff807e4         1   func ,g         1
FILE=.\src\UserApplication\App.obj
                                  fff807e5  fff8093f       15b
  _Initialize
                                  fff807e5        11   func ,g         1
  _MainLoop
                                  fff807f6        6f   func ,g         1
  DecipherAndExecute(short *)
                                  fff80865        db   func ,l         1
FILE=.\src\Modules\micon\GPT012.obj
                                  fff80940  fff80ce9       3aa
  _GPT012_init
                                  fff80940       2c0   func ,g         1
  _PWM_M1_set
                                  fff80c00        27   func ,g         1
  _PWM_M2_set
                                  fff80c27        27   func ,g         1
  _PWM_M3_set
                                  fff80c4e        27   func ,g         1
  _PWM_M4_set
                                  fff80c75        27   func ,g         1
  _PWM_M5_set
                                  fff80c9c        27   func ,g         1
  _PWM_M6_set
                                  fff80cc3        27   func ,g         1
FILE=.\src\Modules\micon\IO.obj
                                  fff80cea  fff80edf       1f6
  _IO_LED_init
                                  fff80cea         9   func ,g         1
  _LED_STATUS_R
                                  fff80cf3        19   func ,g         2
  _LED_STATUS_G
                                  fff80d0c        19   func ,g         2
  _LED_STATUS_B
                                  fff80d25        19   func ,g         2
  _LED_INFO
                                  fff80d3e        18   func ,g         2
  _LED_ERROR
                                  fff80d56        18   func ,g         2
  _IO_Motor_Init
                                  fff80d6e        26   func ,g         1
  _ALERT
                                  fff80d94        13   func ,g         0
  _STBY
                                  fff80da7        19   func ,g         2
  _Motor1_MODE
                                  fff80dc0        30   func ,g         4
  _Motor2_MODE
                                  fff80df0        2e   func ,g         4
  _Motor3_MODE
                                  fff80e1e        32   func ,g         4
  _Motor4_MODE
                                  fff80e50        31   func ,g         4
  _Motor5_MODE
                                  fff80e81        30   func ,g         4
  _Motor6_MODE
                                  fff80eb1        2f   func ,g         4
FILE=.\src\Modules\micon\SCIc.obj
                                  fff80ee0  fff8130e       42f
  _uart1_init
                                  fff80ee0        d1   func ,g         0
  _uart1_read
                                  fff80fb1        8f   func ,g         0
  _uart1_send
                                  fff81040        23   func ,g         0
  _Excep_SCI1_RXI1
                                  fff81063        16   func ,g         0
  _Excep_SCI1_TXI1
                                  fff81079        16   func ,g         0
  _uart1_set
                                  fff8108f        5f   func ,l         2
  _uart1_clear_errorFlag
                                  fff810ee        16   func ,l         3
  _uart0_init
                                  fff81104        cc   func ,g         1
  _uart0_read
                                  fff811d0        9e   func ,g         1
  _Excep_SCI0_RXI0
                                  fff8126e        16   func ,g         0
  _Excep_SCI0_TXI0
                                  fff81284        16   func ,g         0
  _uart0_set
                                  fff8129a        5f   func ,l         2
  _uart0_clear_errorFlag
                                  fff812f9        16   func ,l         1
FILE=.\src\Modules\Bluetooth.obj
                                  fff8130f  fff81321        13
  _Bluetooth_Activate
                                  fff8130f         5   func ,g         1
  _Bluetooth_GetRecieveData
                                  fff81314         e   func ,g         1
FILE=.\src\Modules\LED.obj
                                  fff81322  fff8136c        4b
  _LED_Activate
                                  fff81322         5   func ,g         1
  _LED_R_On
                                  fff81327         7   func ,g         1
  _LED_G_On
                                  fff8132e         7   func ,g         1
  _LED_B_On
                                  fff81335         7   func ,g         1
  _LED_Info_On
                                  fff8133c         7   func ,g         1
  _LED_Error_On
                                  fff81343         7   func ,g         0
  _LED_R_Off
                                  fff8134a         7   func ,g         1
  _LED_G_Off
                                  fff81351         7   func ,g         0
  _LED_B_Off
                                  fff81358         7   func ,g         1
  _LED_Info_Off
                                  fff8135f         7   func ,g         1
  _LED_Error_Off
                                  fff81366         7   func ,g         0
FILE=.\src\Modules\Motor.obj
                                  fff8136d  fff818e5       579
  _Motor_Activate
                                  fff8136d         9   func ,g         1
  _Motor_UnlockSTBY
                                  fff81376         7   func ,g         1
  _Motor_LockSTBY
                                  fff8137d         7   func ,g         0
  __Motor_Loop
                                  fff81384       358   func ,g         1
  _Motor1_SetPWM
                                  fff816dc         e   func ,g         1
  _Motor2_SetPWM
                                  fff816ea         e   func ,g         1
  _Motor3_SetPWM
                                  fff816f8         e   func ,g         1
  _Motor4_SetPWM
                                  fff81706         e   func ,g         1
  _Motor5_SetPWM
                                  fff81714         e   func ,g         3
  _Motor6_SetPWM
                                  fff81722         e   func ,g         0
  _motor1_SetMode
                                  fff81730        3e   func ,l         3
  _motor2_SetMode
                                  fff8176e        3e   func ,l         3
  _motor3_SetMode
                                  fff817ac        3e   func ,l         3
  _motor4_SetMode
                                  fff817ea        3e   func ,l         3
  _motor5_SetMode
                                  fff81828        3e   func ,l         3
  _motor6_SetMode
                                  fff81866        3e   func ,l         3
  _norm
                                  fff818a4        42   func ,l         6
FILE=cppinit
                                  fff818e6  fff81905        20
  __CALL_INIT
                                  fff818e6        1c   func ,g         1
  __CALL_END
                                  fff81902         4   func ,g         1
FILE=__initsct
                                  fff81906  fff8194f        4a
  __INITSCT
                                  fff81906         0   none ,g         1
  loop1
                                  fff81918         0   none ,l         1
  next_loop1
                                  fff81926         0   none ,l         2
  loop3
                                  fff81938         0   none ,l         1
  next_loop3
                                  fff81949         0   none ,l         2
FILE=static_init
                                  fff81950  fff819b5        66
  __call_dtors()
                                  fff81950        66   func ,g         1
FILE=dtor_list
                                  fff819b6  fff81a00        4b
  __process_needed_destructions()
                                  fff819b6        26   func ,g         2
  ___already_marked_for_destruction
                                  fff819dc         6   func ,g         1
  ___record_needed_destruction
                                  fff819e2        1d   func ,g         0
  ___std__needed_destruction_list
                                  fff819ff         2   func ,g         0
FILE=error
                                  fff81a01  fff81a04         4
  ___abort_execution
                                  fff81a01         4   func ,g         1

SECTION=FIXEDVECT
FILE=.\src\Modules\micon\vector_table.obj
                                  ffffff80  ffffffff        80
  _Fixed_Vectors
                                  ffffff80        80   data ,g         0

*** Unfilled Areas ***

AREA                                START    END

*** Delete Symbols ***

SYMBOL                                SIZE    INFO
