Renesas Optimizing Linker (W2.04.00 )             24-Sep-2016 18:17:43

*** Options ***

-subcommand=LinkerSubCommand.tmp
-input="./src/startup/dbsct.obj"
-input="./src/startup/hardware_setup.obj"
-input="./src/startup/reset_program.obj"
-input="./src/startup/sbrk.obj"
-input="./src/matSystem/BatteryCheck.obj"
-input="./src/matSystem/Connecter.obj"
-input="./src/matSystem/Main.obj"
-input="./src/matSystem/System.obj"
-input="./src/UserApplication/App.obj"
-input="./src/Modules/micon/CMT.obj"
-input="./src/Modules/micon/DAa.obj"
-input="./src/Modules/micon/GPT012.obj"
-input="./src/Modules/micon/GPT46.obj"
-input="./src/Modules/micon/IO.obj"
-input="./src/Modules/micon/S12ADB.obj"
-input="./src/Modules/micon/SCIc.obj"
-input="./src/Modules/micon/interrupt_handlers.obj"
-input="./src/Modules/micon/vector_table.obj"
-input="./src/Modules/AnalogIN.obj"
-input="./src/Modules/AnalogOUT.obj"
-input="./src/Modules/Battery.obj"
-input="./src/Modules/Bluetooth.obj"
-input="./src/Modules/Buzzer.obj"
-input="./src/Modules/DataLogger.obj"
-input="./src/Modules/DigitalIO.obj"
-input="./src/Modules/LED.obj"
-input="./src/Modules/Motor.obj"
-input="./src/Modules/Servo.obj"
-input="./src/Modules/Timer.obj"
-input="./src/Modules/UART.obj"
-input="./src/DataConverter.obj"
-start=SU,SI,B_1,R_1,B_2,R_2,B,R/04,PResetPRG,C_1,C_2,C,C$*,D*,W*,L,PIntPRG,P/0FFF80000,FIXEDVECT/0FFFFFF80
-library=C:\Users\Reiji\DOCUME~1\GitHub\ROBOTC~1\HARDWA~2\RobotCore1Framework.lib
-list=RobotCore1Framework.map
-show
-nooptimize
-debug
-output=C:\Users\Reiji\Documents\GitHub\RobotCore1Frameware\HardwareDebug\RobotCore1Framework.abs
-rom=D=R,D_1=R_1,D_2=R_2
-nocompress
-nomessage
-nologo

*** Error information ***

*** Mapping List ***

SECTION                            START      END         SIZE   ALIGN

SU
                                  00000004  00000103       100   4
SI
                                  00000104  00000403       300   4
B_1
                                  00000404  00001651      124e   1
R_1
                                  00001652  00001666        15   1
B_2
                                  00001668  00001675         e   2
R_2
                                  00001676  000016af        3a   2
B
                                  000016b0  00005cdf      4630   4
R
                                  00005ce0  00005d9f        c0   4
PResetPRG
                                  fff80000  fff80038        39   1
C_1
                                  fff80039  fff80039         0   1
C_2
                                  fff80039  fff80039         0   1
C
                                  fff8003c  fff8006f        34   4
C$DSEC
                                  fff80070  fff80093        24   4
C$BSEC
                                  fff80094  fff800ab        18   4
C$INIT
                                  fff800ac  fff800ac         0   1
C$VECT
                                  fff800ac  fff804ab       400   4
C$VTBL
                                  fff804ac  fff804ac         0   1
D
                                  fff804ac  fff8056b        c0   4
D_1
                                  fff8056c  fff80580        15   1
D_2
                                  fff80582  fff805bb        3a   2
W
                                  fff805bc  fff805bc         0   4
W_1
                                  fff805bc  fff805cb        10   1
W_2
                                  fff805cc  fff805cc         0   2
L
                                  fff805cc  fff80605        3a   4
PIntPRG
                                  fff80606  fff80760       15b   1
P
                                  fff80761  fff8427a      3b1a   1
FIXEDVECT
                                  ffffff80  ffffffff        80   4

*** Symbol List ***

SECTION=
FILE=                               START        END    SIZE
  SYMBOL                            ADDR        SIZE    INFO      COUNTS  OPT

SECTION=SU
FILE=.\src\startup\reset_program.obj
                                  00000004  00000103       100

SECTION=SI
FILE=.\src\startup\reset_program.obj
                                  00000104  00000403       300

SECTION=B_1
FILE=.\src\matSystem\Connecter.obj
                                  00000404  00000c43       840
  _line
                                  00000404        40   data ,g         a
  _TransmitDataBufferA
                                  00000444       400   data ,g         2
  _TransmitDataBufferB
                                  00000844       400   data ,g         2
FILE=.\src\Modules\micon\SCIc.obj
                                  00000c44  00001643       a00
  _uart1_bufR_A
                                  00000c44       400   data ,g         2
  _uart1_bufR_B
                                  00001044       400   data ,g         2
  _uart0_bufR_A
                                  00001444       100   data ,g         2
  _uart0_bufR_B
                                  00001544       100   data ,g         2
FILE=.\src\Modules\Motor.obj
                                  00001644  00001649         6
  _direction
                                  00001644         6   data ,g        12
FILE=.\src\DataConverter.obj
                                  0000164a  00001651         8
  _bytes
                                  0000164a         4   data ,g         5
  _intBytes
                                  0000164e         4   data ,g         5

SECTION=R_1
FILE=.\src\matSystem\Connecter.obj
                                  00001652  00001655         4
  _line_index
                                  00001652         1   data ,g         5
  _BufferA_Count
                                  00001653         1   data ,g         5
  _BufferB_Count
                                  00001654         1   data ,g         5
  _BufferAisSelected
                                  00001655         1   data ,g         4
FILE=.\src\matSystem\Main.obj
                                  00001656  00001656         1
  _timer1_callbackRunning
                                  00001656         1   data ,g         3
FILE=.\src\UserApplication\App.obj
                                  00001657  0000165f         9
  _sumpleCount
                                  00001657         1   data ,g         3
  _ArmDown
                                  00001658         1   data ,g         6
  _ArmUpForce
                                  00001659         1   data ,g         6
  _waitingForStop
                                  0000165a         1   data ,g         4
  _pumpOnL
                                  0000165b         1   data ,g         6
  _pumpOnR
                                  0000165c         1   data ,g         6
  _pumpHold
                                  0000165d         1   data ,g         7
  _autoUpCount
                                  0000165e         1   data ,g         6
  _isAimMode
                                  0000165f         1   data ,g         6
FILE=.\src\Modules\micon\SCIc.obj
                                  00001660  00001663         4
  _flag_RXI0
                                  00001660         1   data ,g         0
  _flag_TXI0
                                  00001661         1   data ,g         0
  _uart1_bufSelect
                                  00001662         1   data ,g         3
  _uart0_bufSelect
                                  00001663         1   data ,g         3
FILE=.\src\Modules\Bluetooth.obj
                                  00001664  00001664         1
  _i
                                  00001664         1   data ,g         8
FILE=.\src\Modules\DataLogger.obj
                                  00001665  00001665         1
  _log1_count
                                  00001665         1   data ,g         3
FILE=.\src\Modules\Motor.obj
                                  00001666  00001666         1
  _motor1_DutyIn_HardwarePortAdress
                                  00001666         1   data ,g         3

SECTION=B_2
FILE=.\src\Modules\micon\S12ADB.obj
                                  00001668  00001675         e
  _values
                                  00001668         6   data ,g         4
  _values1
                                  0000166e         8   data ,g         5

SECTION=R_2
FILE=.\src\Modules\micon\SCIc.obj
                                  00001676  00001685        10
  _uart1_bufR_index_A
                                  00001676         2   data ,g         4
  _uart1_bufR_index_B
                                  00001678         2   data ,g         4
  _uart1_bufT_index
                                  0000167a         2   data ,g         6
  _uart1_bufT_maxCount
                                  0000167c         2   data ,g         5
  _uart0_bufR_index_A
                                  0000167e         2   data ,g         4
  _uart0_bufR_index_B
                                  00001680         2   data ,g         4
  _uart0_bufT_index
                                  00001682         2   data ,g         6
  _uart0_bufT_maxCount
                                  00001684         2   data ,g         5
FILE=.\src\Modules\Bluetooth.obj
                                  00001686  00001697        12
  _orderBuffer
                                  00001686        10   data ,g         9
  _vibration1count
                                  00001696         2   data ,g         3
FILE=.\src\Modules\Buzzer.obj
                                  00001698  000016ab        14
  _oneTime
                                  00001698         2   data ,g         6
  _stepUp
                                  0000169a         2   data ,g         6
  _stepDown
                                  0000169c         2   data ,g         6
  _siren1
                                  0000169e         2   data ,g         7
  _siren1Fq
                                  000016a0         2   data ,g         4
  _siren2
                                  000016a2         2   data ,g         6
  _siren2Fq
                                  000016a4         2   data ,g         4
  _lowBattery
                                  000016a6         2   data ,g         7
  _lowBatteryFq
                                  000016a8         2   data ,g         5
  _flag
                                  000016aa         2   data ,g         3
FILE=.\src\Modules\DataLogger.obj
                                  000016ac  000016af         4
  _log1_time
                                  000016ac         2   data ,g         2
  _log1_index
                                  000016ae         2   data ,g         5

SECTION=B
FILE=.\src\startup\sbrk.obj
                                  000016b0  00001aaf       400
  _heap_area
                                  000016b0       400   data ,l         2
FILE=.\src\matSystem\Connecter.obj
                                  00001ab0  00001b33        84
  _uart1RecievedData
                                  00001ab0         4   data ,g         2
  _Inputs
                                  00001ab4        80   data ,g         2
FILE=.\src\UserApplication\App.obj
                                  00001b34  00001cc3       190
  _buffer
                                  00001b34       190   data ,g         4
FILE=.\src\Modules\micon\CMT.obj
                                  00001cc4  00001ccb         8
  _callback1
                                  00001cc4         4   data ,g         2
  _callback2
                                  00001cc8         4   data ,g         2
FILE=.\src\Modules\micon\SCIc.obj
                                  00001ccc  00001cd3         8
  _uart1_bufT
                                  00001ccc         4   data ,g         3
  _uart0_bufT
                                  00001cd0         4   data ,g         3
FILE=.\src\Modules\Bluetooth.obj
                                  00001cd4  00001cdb         8
  _bluetoothRecievedData
                                  00001cd4         4   data ,g         4
  _Callback
                                  00001cd8         4   data ,g         2
FILE=.\src\Modules\DataLogger.obj
                                  00001cdc  00005cdb      4000
  _log1
                                  00001cdc      4000   data ,g         2
FILE=dtor_list
                                  00005cdc  00005cdf         4
  _needed_destruction_head
                                  00005cdc         4   data ,l         2

SECTION=R
FILE=.\src\startup\sbrk.obj
                                  00005ce0  00005ce3         4
  _brk
                                  00005ce0         4   data ,l         3
FILE=.\src\matSystem\Connecter.obj
                                  00005ce4  00005ce7         4
  _Connecter_isConnecting
                                  00005ce4         4   data ,g         3
FILE=.\src\matSystem\System.obj
                                  00005ce8  00005cef         8
  _System_CurrentTime
                                  00005ce8         4   data ,g         2
  _isCounting
                                  00005cec         4   data ,g         2
FILE=.\src\Modules\Bluetooth.obj
                                  00005cf0  00005cf7         8
  _commandOut_State
                                  00005cf0         4   data ,g         3
  _commandIn_State
                                  00005cf4         4   data ,g         2
FILE=.\src\Modules\DataLogger.obj
                                  00005cf8  00005cfb         4
  _log1_isLoging
                                  00005cf8         4   data ,g         4
FILE=.\src\Modules\Motor.obj
                                  00005cfc  00005d8b        90
  _motor1_DutyIn_State
                                  00005cfc         4   data ,g         2
  _motor2_DutyIn_State
                                  00005d00         4   data ,g         2
  _motor3_DutyIn_State
                                  00005d04         4   data ,g         2
  _motor4_DutyIn_State
                                  00005d08         4   data ,g         2
  _motor5_DutyIn_State
                                  00005d0c         4   data ,g         2
  _motor6_DutyIn_State
                                  00005d10         4   data ,g         2
  _motor1_AccelerationIn_State
                                  00005d14         4   data ,g         7
  _motor2_AccelerationIn_State
                                  00005d18         4   data ,g         1
  _motor3_AccelerationIn_State
                                  00005d1c         4   data ,g         1
  _motor4_AccelerationIn_State
                                  00005d20         4   data ,g         1
  _motor5_AccelerationIn_State
                                  00005d24         4   data ,g         1
  _motor6_AccelerationIn_State
                                  00005d28         4   data ,g         1
  _motor1_DutyOut_State
                                  00005d2c         4   data ,g         3
  _motor2_DutyOut_State
                                  00005d30         4   data ,g         3
  _motor3_DutyOut_State
                                  00005d34         4   data ,g         3
  _motor4_DutyOut_State
                                  00005d38         4   data ,g         3
  _motor5_DutyOut_State
                                  00005d3c         4   data ,g         3
  _motor6_DutyOut_State
                                  00005d40         4   data ,g         3
  _trgDuty
                                  00005d44        18   data ,g         d
  _acceleration
                                  00005d5c        18   data ,g         d
  _actualDuty
                                  00005d74        18   data ,g        16
FILE=static_init
                                  00005d8c  00005d93         8
  _use_patch_info
                                  00005d8c         4   data ,l         1
  _dtors_done$1
                                  00005d90         4   data ,l         1
FILE=munch_dtors
                                  00005d94  00005d97         4
  __dtors
                                  00005d94         4   data ,g         1
FILE=vars
                                  00005d98  00005d9f         8
  __new_handler
                                  00005d98         4   data ,g         0
  ___head
                                  00005d9c         4   data ,g         1

SECTION=PResetPRG
FILE=.\src\startup\reset_program.obj
                                  fff80000  fff80038        39
  _PowerON_Reset_PC
                                  fff80000        39   entry,g         1

SECTION=C
FILE=.\src\startup\dbsct.obj
                                  fff8003c  fff8006f        34
  __CTBL
                                  fff8003c        34   data ,g         0

SECTION=C$DSEC
FILE=.\src\startup\dbsct.obj
                                  fff80070  fff80093        24
  __DTBL
                                  fff80070        24   data ,g         0

SECTION=C$BSEC
FILE=.\src\startup\dbsct.obj
                                  fff80094  fff800ab        18
  __BTBL
                                  fff80094        18   data ,g         0

SECTION=C$VECT
FILE=.\src\startup\dbsct.obj
                                  fff800ac  fff804ab       400

SECTION=D
FILE=.\src\startup\sbrk.obj
                                  fff804ac  fff804af         4
FILE=.\src\matSystem\Connecter.obj
                                  fff804b0  fff804b3         4
FILE=.\src\matSystem\System.obj
                                  fff804b4  fff804bb         8
FILE=.\src\Modules\Bluetooth.obj
                                  fff804bc  fff804c3         8
FILE=.\src\Modules\DataLogger.obj
                                  fff804c4  fff804c7         4
FILE=.\src\Modules\Motor.obj
                                  fff804c8  fff80557        90
FILE=static_init
                                  fff80558  fff8055f         8
FILE=munch_dtors
                                  fff80560  fff80563         4
FILE=vars
                                  fff80564  fff8056b         8

SECTION=D_1
FILE=.\src\matSystem\Connecter.obj
                                  fff8056c  fff8056f         4
FILE=.\src\matSystem\Main.obj
                                  fff80570  fff80570         1
FILE=.\src\UserApplication\App.obj
                                  fff80571  fff80579         9
FILE=.\src\Modules\micon\SCIc.obj
                                  fff8057a  fff8057d         4
FILE=.\src\Modules\Bluetooth.obj
                                  fff8057e  fff8057e         1
FILE=.\src\Modules\DataLogger.obj
                                  fff8057f  fff8057f         1
FILE=.\src\Modules\Motor.obj
                                  fff80580  fff80580         1

SECTION=D_2
FILE=.\src\Modules\micon\SCIc.obj
                                  fff80582  fff80591        10
FILE=.\src\Modules\Bluetooth.obj
                                  fff80592  fff805a3        12
FILE=.\src\Modules\Buzzer.obj
                                  fff805a4  fff805b7        14
FILE=.\src\Modules\DataLogger.obj
                                  fff805b8  fff805bb         4

SECTION=W_1
FILE=.\src\Modules\Motor.obj
                                  fff805bc  fff805c1         6
FILE=.\src\DataConverter.obj
                                  fff805c2  fff805cb         a

SECTION=L
FILE=.\src\matSystem\Connecter.obj
                                  fff805cc  fff805cd         2
FILE=.\src\Modules\Bluetooth.obj
                                  fff805d0  fff805da         b
FILE=.\src\Modules\Motor.obj
                                  fff805dc  fff80605        2a

SECTION=PIntPRG
FILE=.\src\Modules\micon\interrupt_handlers.obj
                                  fff80606  fff80760       15b
  _Excep_SuperVisorInst
                                  fff80606         2   func ,g         1
  _Excep_AccessInst
                                  fff80608         2   func ,g         1
  _Excep_UndefinedInst
                                  fff8060a         2   func ,g         1
  _Excep_FloatingPoint
                                  fff8060c         2   func ,g         1
  _NonMaskableInterrupt
                                  fff8060e         2   func ,g         1
  _Dummy
                                  fff80610         2   func ,g        13
  _Excep_BRK
                                  fff80612         f   func ,g         0
  _Excep_BSC_BUSERR
                                  fff80621         2   func ,g         0
  _Excep_FCU_FIFERR
                                  fff80623         2   func ,g         0
  _Excep_FCU_FRDYI
                                  fff80625         2   func ,g         0
  _Excep_ICU_SWINT
                                  fff80627         2   func ,g         0
  _Excep_CMT2_CMI2
                                  fff80629         2   func ,g         0
  _Excep_CMT3_CMI3
                                  fff8062b         2   func ,g         0
  _Excep_USB0_D0FIFO0
                                  fff8062d         2   func ,g         0
  _Excep_USB0_D1FIFO0
                                  fff8062f         2   func ,g         0
  _Excep_USB0_USBI0
                                  fff80631         2   func ,g         0
  _Excep_CAC_FERRF
                                  fff80633         2   func ,g         0
  _Excep_CAC_MENDF
                                  fff80635         2   func ,g         0
  _Excep_CAC_OVFF
                                  fff80637         2   func ,g         0
  _Excep_RSPI0_SPRI0
                                  fff80639         2   func ,g         0
  _Excep_RSPI0_SPTI0
                                  fff8063b         2   func ,g         0
  _Excep_RSPI0_SPII0
                                  fff8063d         2   func ,g         0
  _Excep_RSPI1_SPRI1
                                  fff8063f         2   func ,g         0
  _Excep_RSPI1_SPTI1
                                  fff80641         2   func ,g         0
  _Excep_RSPI1_SPII1
                                  fff80643         2   func ,g         0
  _Excep_CAN1_RXF1
                                  fff80645         2   func ,g         0
  _Excep_CAN1_TXF1
                                  fff80647         2   func ,g         0
  _Excep_CAN1_RXM1
                                  fff80649         2   func ,g         0
  _Excep_CAN1_TXM1
                                  fff8064b         2   func ,g         0
  _Excep_GPT7_GTCIA7
                                  fff8064d         2   func ,g         0
  _Excep_GPT7_GTCIB7
                                  fff8064f         2   func ,g         0
  _Excep_GPT7_GTCIC7
                                  fff80651         2   func ,g         0
  _Excep_GPT7_GTCIE7
                                  fff80653         2   func ,g         0
  _Excep_GPT7_GTCIV7
                                  fff80655         2   func ,g         0
  _Excep_CMP_CMP4
                                  fff80657         2   func ,g         0
  _Excep_CMP_CMP5
                                  fff80659         2   func ,g         0
  _Excep_CMP_CMP6
                                  fff8065b         2   func ,g         0
  _Excep_DOC_DOPCF
                                  fff8065d         2   func ,g         0
  _Excep_DPC_RBI0
                                  fff8065f         2   func ,g         0
  _Excep_DPC_RBI1
                                  fff80661         2   func ,g         0
  _Excep_DPC_RBI2
                                  fff80663         2   func ,g         0
  _Excep_DPC_RBI3
                                  fff80665         2   func ,g         0
  _Excep_DPC_RBI4
                                  fff80667         2   func ,g         0
  _Excep_ICU_IRQ0
                                  fff80669         2   func ,g         0
  _Excep_ICU_IRQ1
                                  fff8066b         2   func ,g         0
  _Excep_ICU_IRQ2
                                  fff8066d         2   func ,g         0
  _Excep_ICU_IRQ3
                                  fff8066f         2   func ,g         0
  _Excep_ICU_IRQ4
                                  fff80671         2   func ,g         0
  _Excep_ICU_IRQ5
                                  fff80673         2   func ,g         0
  _Excep_ICU_IRQ6
                                  fff80675         2   func ,g         0
  _Excep_ICU_IRQ7
                                  fff80677         2   func ,g         0
  _Excep_USB_USBR0
                                  fff80679         2   func ,g         0
  _Excep_AD_ADI0
                                  fff8067b         2   func ,g         0
  _Excep_S12AD_S12GBADI
                                  fff8067d         2   func ,g         0
  _Excep_S12AD1_S12GBADI1
                                  fff8067f         2   func ,g         0
  _Excep_ICU_GROUP0
                                  fff80681         2   func ,g         0
  _Excep_ICU_GROUP12
                                  fff80683         2   func ,g         0
  _Excep_SCI12_SCIX0
                                  fff80685         2   func ,g         0
  _Excep_SCI12_SCIX1
                                  fff80687         2   func ,g         0
  _Excep_SCI12_SCIX2
                                  fff80689         2   func ,g         0
  _Excep_SCI12_SCIX3
                                  fff8068b         2   func ,g         0
  _Excep_MTU0_TGIA0
                                  fff8068d         2   func ,g         0
  _Excep_MTU0_TGIB0
                                  fff8068f         2   func ,g         0
  _Excep_MTU0_TGIC0
                                  fff80691         2   func ,g         0
  _Excep_MTU0_TGID0
                                  fff80693         2   func ,g         0
  _Excep_MTU0_TCIV0
                                  fff80695         2   func ,g         0
  _Excep_MTU0_TGIE0
                                  fff80697         2   func ,g         0
  _Excep_MTU0_TGIF0
                                  fff80699         2   func ,g         0
  _Excep_MTU1_TGIA1
                                  fff8069b         2   func ,g         0
  _Excep_MTU1_TGIB1
                                  fff8069d         2   func ,g         0
  _Excep_MTU1_TCIV1
                                  fff8069f         2   func ,g         0
  _Excep_MTU1_TCIU1
                                  fff806a1         2   func ,g         0
  _Excep_MTU2_TGIA2
                                  fff806a3         2   func ,g         0
  _Excep_MTU2_TGIB2
                                  fff806a5         2   func ,g         0
  _Excep_MTU2_TCIV2
                                  fff806a7         2   func ,g         0
  _Excep_MTU2_TCIU2
                                  fff806a9         2   func ,g         0
  _Excep_MTU3_TGIA3
                                  fff806ab         2   func ,g         0
  _Excep_MTU3_TGIB3
                                  fff806ad         2   func ,g         0
  _Excep_MTU3_TGIC3
                                  fff806af         2   func ,g         0
  _Excep_MTU3_TGID3
                                  fff806b1         2   func ,g         0
  _Excep_MTU3_TCIV3
                                  fff806b3         2   func ,g         0
  _Excep_MTU4_TGIA4
                                  fff806b5         2   func ,g         0
  _Excep_MTU4_TGIB4
                                  fff806b7         2   func ,g         0
  _Excep_MTU4_TGIC4
                                  fff806b9         2   func ,g         0
  _Excep_MTU4_TGID4
                                  fff806bb         2   func ,g         0
  _Excep_MTU4_TCIV4
                                  fff806bd         2   func ,g         0
  _Excep_MTU5_TGIU5
                                  fff806bf         2   func ,g         0
  _Excep_MTU5_TGIV5
                                  fff806c1         2   func ,g         0
  _Excep_MTU5_TGIW5
                                  fff806c3         2   func ,g         0
  _Excep_MTU6_TGIA6
                                  fff806c5         2   func ,g         0
  _Excep_MTU6_TGIB6
                                  fff806c7         2   func ,g         0
  _Excep_MTU6_TGIC6
                                  fff806c9         2   func ,g         0
  _Excep_MTU6_TGID6
                                  fff806cb         2   func ,g         0
  _Excep_MTU6_TCIV6
                                  fff806cd         2   func ,g         0
  _Excep_MTU7_TGIA7
                                  fff806cf         2   func ,g         0
  _Excep_MTU7_TGIB7
                                  fff806d1         2   func ,g         0
  _Excep_MTU7_TGIC7
                                  fff806d3         2   func ,g         0
  _Excep_MTU7_TGID7
                                  fff806d5         2   func ,g         0
  _Excep_MTU7_TCIV7
                                  fff806d7         2   func ,g         0
  _Excep_POE_OEI1
                                  fff806d9         2   func ,g         0
  _Excep_POE_OEI2
                                  fff806db         2   func ,g         0
  _Excep_POE_OEI3
                                  fff806dd         2   func ,g         0
  _Excep_POE_OEI4
                                  fff806df         2   func ,g         0
  _Excep_POE_OEI5
                                  fff806e1         2   func ,g         0
  _Excep_CMP_CMP0
                                  fff806e3         2   func ,g         0
  _Excep_CMP_CMP1
                                  fff806e5         2   func ,g         0
  _Excep_CMP_CMP2
                                  fff806e7         2   func ,g         0
  _Excep_GPT4_GTCIA4
                                  fff806e9         2   func ,g         0
  _Excep_GPT4_GTCIB4
                                  fff806eb         2   func ,g         0
  _Excep_GPT4_GTCIC4
                                  fff806ed         2   func ,g         0
  _Excep_GPT4_GTCIE4
                                  fff806ef         2   func ,g         0
  _Excep_GPT4_GTCIV4
                                  fff806f1         2   func ,g         0
  _Excep_GPT4_LOCOI4
                                  fff806f3         2   func ,g         0
  _Excep_GPT5_GTCIA5
                                  fff806f5         2   func ,g         0
  _Excep_GPT5_GTCIB5
                                  fff806f7         2   func ,g         0
  _Excep_GPT5_GTCIC5
                                  fff806f9         2   func ,g         0
  _Excep_GPT5_GTCIE5
                                  fff806fb         2   func ,g         0
  _Excep_GPT5_GTCIV5
                                  fff806fd         2   func ,g         0
  _Excep_GPT6_GTCIA6
                                  fff806ff         2   func ,g         0
  _Excep_GPT6_GTCIB6
                                  fff80701         2   func ,g         0
  _Excep_GPT6_GTCIC6
                                  fff80703         2   func ,g         0
  _Excep_GPT6_GTCIE6
                                  fff80705         2   func ,g         0
  _Excep_GPT6_GTCIV6
                                  fff80707         2   func ,g         0
  _Excep_RIIC1_EEI1
                                  fff80709         2   func ,g         0
  _Excep_RIIC1_RXI1
                                  fff8070b         2   func ,g         0
  _Excep_RIIC1_TXI1
                                  fff8070d         2   func ,g         0
  _Excep_RIIC1_TEI1
                                  fff8070f         2   func ,g         0
  _Excep_RIIC0_EEI0
                                  fff80711         2   func ,g         0
  _Excep_RIIC0_RXI0
                                  fff80713         2   func ,g         0
  _Excep_RIIC0_TXI0
                                  fff80715         2   func ,g         0
  _Excep_RIIC0_TEI0
                                  fff80717         2   func ,g         0
  _Excep_DMAC_DMAC0I
                                  fff80719         2   func ,g         0
  _Excep_DMAC_DMAC1I
                                  fff8071b         2   func ,g         0
  _Excep_DMAC_DMAC2I
                                  fff8071d         2   func ,g         0
  _Excep_DMAC_DMAC3I
                                  fff8071f         2   func ,g         0
  _Excep_SCI0_TEI0
                                  fff80721         2   func ,g         0
  _Excep_SCI1_TEI1
                                  fff80723         2   func ,g         0
  _Excep_SCI2_RXI2
                                  fff80725         2   func ,g         0
  _Excep_SCI2_TXI2
                                  fff80727         2   func ,g         0
  _Excep_SCI2_TEI2
                                  fff80729         2   func ,g         0
  _Excep_SCI3_RXI3
                                  fff8072b         2   func ,g         0
  _Excep_SCI3_TXI3
                                  fff8072d         2   func ,g         0
  _Excep_SCI3_TEI3
                                  fff8072f         2   func ,g         0
  _Excep_GPT0_GTCIA0
                                  fff80731         2   func ,g         0
  _Excep_GPT0_GTCIB0
                                  fff80733         2   func ,g         0
  _Excep_GPT0_GTCIC0
                                  fff80735         2   func ,g         0
  _Excep_GPT0_GTCIE0
                                  fff80737         2   func ,g         0
  _Excep_GPT0_GTCIV0
                                  fff80739         2   func ,g         0
  _Excep_GPT0_LOCOI0
                                  fff8073b         2   func ,g         0
  _Excep_GPT1_GTCIA1
                                  fff8073d         2   func ,g         0
  _Excep_GPT1_GTCIB1
                                  fff8073f         2   func ,g         0
  _Excep_GPT1_GTCIC1
                                  fff80741         2   func ,g         0
  _Excep_GPT1_GTCIE1
                                  fff80743         2   func ,g         0
  _Excep_GPT1_GTCIV1
                                  fff80745         2   func ,g         0
  _Excep_GPT2_GTCIA2
                                  fff80747         2   func ,g         0
  _Excep_GPT2_GTCIB2
                                  fff80749         2   func ,g         0
  _Excep_GPT2_GTCIC2
                                  fff8074b         2   func ,g         0
  _Excep_GPT2_GTCIE2
                                  fff8074d         2   func ,g         0
  _Excep_GPT2_GTCIV2
                                  fff8074f         2   func ,g         0
  _Excep_GPT3_GTCIA3
                                  fff80751         2   func ,g         0
  _Excep_GPT3_GTCIB3
                                  fff80753         2   func ,g         0
  _Excep_GPT3_GTCIC3
                                  fff80755         2   func ,g         0
  _Excep_GPT3_GTCIE3
                                  fff80757         2   func ,g         0
  _Excep_GPT3_GTCIV3
                                  fff80759         2   func ,g         0
  _Excep_SCI12_RXI12
                                  fff8075b         2   func ,g         0
  _Excep_SCI12_TXI12
                                  fff8075d         2   func ,g         0
  _Excep_SCI12_TEI12
                                  fff8075f         2   func ,g         0

SECTION=P
FILE=.\src\startup\hardware_setup.obj
                                  fff80761  fff808c8       168
  _HardwareSetup
                                  fff80761        a3   func ,g         1
  _wait
                                  fff80804        c5   func ,g         2
FILE=.\src\startup\sbrk.obj
                                  fff808c9  fff80904        3c
  _sbrk
                                  fff808c9        3c   func ,g         0
FILE=.\src\matSystem\BatteryCheck.obj
                                  fff80905  fff809b8        b4
  BatteryCheck()
                                  fff80905        b4   func ,g         1
FILE=.\src\matSystem\Connecter.obj
                                  fff809b9  fff80d6c       3b4
  __Connecter_Activate
                                  fff809b9         5   func ,g         1
  __Connecter_Recieve
                                  fff809be        72   func ,g         1
  __Connecter_Transmit
                                  fff80a30        6f   func ,g         1
  _Decipher
                                  fff80a9f       150   func ,l         1
  _Connecter_Send
                                  fff80bef        7d   func ,g         8
  _Connecter_SendFloat
                                  fff80c6c        27   func ,g         c
  _Connecter_SendInt
                                  fff80c93        27   func ,g         0
  _Execute
                                  fff80cba        89   func ,l         1
  _Connecter_InputToHardwarePort
                                  fff80d43        17   func ,g         1
  _Connecter_RegistHardwarePort
                                  fff80d5a        13   func ,g         1
FILE=.\src\matSystem\Main.obj
                                  fff80d6d  fff80de7        7b
  _main
                                  fff80d6d        2f   func ,g         1
  Timer1_Callback()
                                  fff80d9c        4b   func ,l         1
  _abort
                                  fff80de7         1   func ,g         1
FILE=.\src\matSystem\System.obj
                                  fff80de8  fff80e12        2b
  System_ClockStart()
                                  fff80de8         a   func ,g         1
  _System_Loop()
                                  fff80df2        1b   func ,g         1
  System_Log(unsigned short)
                                  fff80e0d         6   func ,g         0
FILE=.\src\UserApplication\App.obj
                                  fff80e13  fff814a6       694
  _Initialize
                                  fff80e13        58   func ,g         1
  _MainLoop
                                  fff80e6b         1   func ,g         1
  __SystemClockCallBack
                                  fff80e6c        52   func ,g         1
  Timer2Callback()
                                  fff80ebe       1d5   func ,l         1
  BluetoothCallback(DUALSHOCK3)
                                  fff81093       3ec   func ,l         1
  StartAimMode()
                                  fff8147f        16   func ,l         1
  EndAimMode()
                                  fff81495        12   func ,l         3
FILE=.\src\Modules\micon\CMT.obj
                                  fff814a7  fff815f9       153
  _CMT_init
                                  fff814a7        2d   func ,g         1
  _CMT0_Set
                                  fff814d4        5d   func ,g         4
  _CMT0_Start
                                  fff81531         c   func ,g         1
  _Excep_CMT0_CMI0
                                  fff8153d        1b   func ,g         0
  _CMT0_Stop
                                  fff81558         f   func ,g         1
  _CMT1_Set
                                  fff81567        5d   func ,g         4
  _CMT1_Start
                                  fff815c4         c   func ,g         1
  _Excep_CMT1_CMI1
                                  fff815d0        1b   func ,g         0
  _CMT1_Stop
                                  fff815eb         f   func ,g         1
FILE=.\src\Modules\micon\DAa.obj
                                  fff815fa  fff81668        6f
  _DAa_init
                                  fff815fa        55   func ,g         1
  _DA0_SetValue
                                  fff8164f         d   func ,g         1
  _DA1_SetValue
                                  fff8165c         d   func ,g         1
FILE=.\src\Modules\micon\GPT012.obj
                                  fff81669  fff81a12       3aa
  _GPT012_init
                                  fff81669       2c0   func ,g         1
  _PWM_M1_set
                                  fff81929        27   func ,g         1
  _PWM_M2_set
                                  fff81950        27   func ,g         1
  _PWM_M3_set
                                  fff81977        27   func ,g         1
  _PWM_M4_set
                                  fff8199e        27   func ,g         1
  _PWM_M5_set
                                  fff819c5        27   func ,g         1
  _PWM_M6_set
                                  fff819ec        27   func ,g         1
FILE=.\src\Modules\micon\GPT46.obj
                                  fff81a13  fff81c4a       238
  _GPT46_init
                                  fff81a13       167   func ,g         1
  _PWM1_set
                                  fff81b7a        4e   func ,g         2
  _PWM1_On
                                  fff81bc8         c   func ,g         2
  _PWM1_Off
                                  fff81bd4         f   func ,g         0
  _BUZZER_set
                                  fff81be3        4e   func ,g         e
  _BUZZER_On
                                  fff81c31         c   func ,g         a
  _BUZZER_Off
                                  fff81c3d         e   func ,g         6
FILE=.\src\Modules\micon\IO.obj
                                  fff81c4b  fff81ef9       2af
  _IO_LED_init
                                  fff81c4b         9   func ,g         1
  _LED_STATUS_R
                                  fff81c54        18   func ,g         2
  _LED_STATUS_G
                                  fff81c6c        18   func ,g         2
  _LED_STATUS_B
                                  fff81c84        19   func ,g         2
  _LED_INFO
                                  fff81c9d        19   func ,g         2
  _LED_ERROR
                                  fff81cb6        19   func ,g         4
  _IO_Motor_Init
                                  fff81ccf        26   func ,g         1
  _ALERT
                                  fff81cf5        13   func ,g         0
  _STBY
                                  fff81d08        19   func ,g         2
  _Motor1_MODE
                                  fff81d21        30   func ,g         4
  _Motor2_MODE
                                  fff81d51        2e   func ,g         4
  _Motor3_MODE
                                  fff81d7f        32   func ,g         4
  _Motor4_MODE
                                  fff81db1        31   func ,g         4
  _Motor5_MODE
                                  fff81de2        30   func ,g         4
  _Motor6_MODE
                                  fff81e12        2f   func ,g         4
  _IO_DIO_Init
                                  fff81e41        5b   func ,g         1
  _DIO_1_Out
                                  fff81e9c        18   func ,g         2
  _DIO_2_Out
                                  fff81eb4        18   func ,g         2
  _DIO_3_Out
                                  fff81ecc        16   func ,g         2
  _DIO_4_Out
                                  fff81ee2        18   func ,g         2
FILE=.\src\Modules\micon\S12ADB.obj
                                  fff81efa  fff82160       267
  _S12AD_init
                                  fff81efa        ad   func ,g         1
  _S12AD_Sample
                                  fff81fa7        1f   func ,g         1
  _Excep_S12AD_S12ADI
                                  fff81fc6        38   func ,g         0
  _S12ADB_GetVoltage
                                  fff81ffe        24   func ,g         3
  _S12AD1_init
                                  fff82022        b5   func ,g         1
  _S12AD1_Sample
                                  fff820d7        1f   func ,g         1
  _Excep_S12AD1_S12ADI1
                                  fff820f6        47   func ,g         0
  _S12AD1_GetVoltage
                                  fff8213d        24   func ,g         1
FILE=.\src\Modules\micon\SCIc.obj
                                  fff82161  fff827b7       657
  _uart1_init
                                  fff82161        d1   func ,g         1
  _uart1_read
                                  fff82232        61   func ,g         1
  _uart1_send
                                  fff82293        53   func ,g         1
  _Excep_SCI1_RXI1
                                  fff822e6        c8   func ,g         0
  _Excep_SCI1_TXI1
                                  fff823ae        6c   func ,g         0
  _uart1_set
                                  fff8241a        5f   func ,l         2
  _uart1_clear_errorFlag
                                  fff82479        16   func ,l         2
  _uart0_init
                                  fff8248f        cc   func ,g         2
  _uart0_read
                                  fff8255b        61   func ,g         2
  _uart0_send
                                  fff825bc        53   func ,g         4
  _Excep_SCI0_RXI0
                                  fff8260f        c8   func ,g         0
  _Excep_SCI0_TXI0
                                  fff826d7        6c   func ,g         0
  _uart0_set
                                  fff82743        5f   func ,l         2
  _uart0_clear_errorFlag
                                  fff827a2        16   func ,l         2
FILE=.\src\Modules\AnalogIN.obj
                                  fff827b8  fff827e5        2e
  _AnalogIN_Activate
                                  fff827b8         5   func ,g         1
  _AnalogIN_Sample
                                  fff827bd         5   func ,g         1
  _AnalogIN_GetVoltage
                                  fff827c2        24   func ,g         1
FILE=.\src\Modules\AnalogOUT.obj
                                  fff827e6  fff8283a        55
  _AnalogOUT_Activate
                                  fff827e6         5   func ,g         1
  _AnalogOUT1_SetVoltage
                                  fff827eb        28   func ,g         0
  _AnalogOUT2_SetVoltage
                                  fff82813        28   func ,g         0
FILE=.\src\Modules\Battery.obj
                                  fff8283b  fff8289e        64
  __Battery_Activate
                                  fff8283b         5   func ,g         1
  __Battery_Sample
                                  fff82840         5   func ,g         1
  __Battery_GetVoltage1
                                  fff82845        1e   func ,g         1
  __Battery_GetVoltage2
                                  fff82863        1e   func ,g         1
  __Battery_GetVoltage3
                                  fff82881        1e   func ,g         1
FILE=.\src\Modules\Bluetooth.obj
                                  fff8289f  fff82b3c       29e
  _Bluetooth_Activate
                                  fff8289f        12   func ,g         1
  __Bluetooth_Loop
                                  fff828b1       177   func ,g         1
  _Bluetooth_CommandIn
                                  fff82a28        16   func ,g         1
  _Bluetooth_CommandOut
                                  fff82a3e        6f   func ,l         2
  __Bluetooth_Do
                                  fff82aad        6c   func ,g         1
  _Bluetooth_Vibrate1
                                  fff82b19         d   func ,g         1
  _Bluetooth_Vibrate1Long
                                  fff82b26         a   func ,g         1
  _Bluetooth_Vibrate2
                                  fff82b30         d   func ,g         1
FILE=.\src\Modules\Buzzer.obj
                                  fff82b3d  fff82f0e       3d2
  _Buzzer_Activate
                                  fff82b3d         5   func ,g         1
  __Buzzer_Loop
                                  fff82b42       258   func ,g         1
  _Buzzer_On
                                  fff82d9a        13   func ,g         0
  _Buzzer_Off
                                  fff82dad        5d   func ,g         0
  _Buzzer_OneTime
                                  fff82e0a        36   func ,g         1
  _Buzzer_StepUp
                                  fff82e40        29   func ,g         2
  _Buzzer_StepDown
                                  fff82e69        29   func ,g         1
  _Buzzer_Siren1
                                  fff82e92        29   func ,g         1
  _Buzzer_Siren2
                                  fff82ebb        2a   func ,g         2
  _Buzzer_LowBattery
                                  fff82ee5        2a   func ,g         1
FILE=.\src\Modules\DataLogger.obj
                                  fff82f0f  fff8300f       101
  _DataLogger_Activate
                                  fff82f0f         d   func ,g         1
  __DataLogger_Loop
                                  fff82f1c        1a   func ,g         1
  __DataLogger_Do
                                  fff82f36        19   func ,g         0
  _dataLogger1_Do
                                  fff82f4f         8   func ,l         1
  _DataLogger1_DataIn
                                  fff82f57        94   func ,g         1
  _DataLogger1_LoggingStart
                                  fff82feb        13   func ,g         1
  _DataLogger1_LoggingStop
                                  fff82ffe         a   func ,g         2
  _DataLogger_Log
                                  fff83008         8   func ,g         0
FILE=.\src\Modules\DigitalIO.obj
                                  fff83010  fff8305e        4f
  _DIO_Activate
                                  fff83010        17   func ,g         1
  _DIO1_On
                                  fff83027         7   func ,g         1
  _DIO1_Off
                                  fff8302e         7   func ,g         1
  _DIO2_On
                                  fff83035         7   func ,g         1
  _DIO2_Off
                                  fff8303c         7   func ,g         1
  _DIO3_On
                                  fff83043         7   func ,g         0
  _DIO3_Off
                                  fff8304a         7   func ,g         0
  _DIO4_On
                                  fff83051         7   func ,g         0
  _DIO4_Off
                                  fff83058         7   func ,g         0
FILE=.\src\Modules\LED.obj
                                  fff8305f  fff830a9        4b
  __LED_Activate
                                  fff8305f         5   func ,g         1
  __LED_R_On
                                  fff83064         7   func ,g         1
  __LED_G_On
                                  fff8306b         7   func ,g         1
  __LED_B_On
                                  fff83072         7   func ,g         2
  __LED_Info_On
                                  fff83079         7   func ,g         1
  __LED_Error_On
                                  fff83080         7   func ,g         3
  __LED_R_Off
                                  fff83087         7   func ,g         1
  __LED_G_Off
                                  fff8308e         7   func ,g         0
  __LED_B_Off
                                  fff83095         7   func ,g         1
  __LED_Info_Off
                                  fff8309c         7   func ,g         1
  __LED_Error_Off
                                  fff830a3         7   func ,g         0
FILE=.\src\Modules\Motor.obj
                                  fff830aa  fff83d89       ce0
  _Motor_Activate
                                  fff830aa         9   func ,g         1
  _Motor_UnlockSTBY
                                  fff830b3         7   func ,g         1
  _Motor_LockSTBY
                                  fff830ba         7   func ,g         1
  __Motor_Loop
                                  fff830c1       35a   func ,g         1
  _Motor1_DutyIn
                                  fff8341b        59   func ,g         3
  _Motor1_AccelerationIn
                                  fff83474        58   func ,g         0
  _Motor1_DutyOut
                                  fff834cc        43   func ,l         1
  _Motor2_DutyIn
                                  fff8350f        5a   func ,g         3
  _Motor2_AccelerationIn
                                  fff83569        5a   func ,g         0
  _Motor2_DutyOut
                                  fff835c3        26   func ,l         1
  _Motor3_DutyIn
                                  fff835e9        5a   func ,g         3
  _Motor3_AccelerationIn
                                  fff83643        5a   func ,g         0
  _Motor3_DutyOut
                                  fff8369d        26   func ,l         1
  _Motor4_DutyIn
                                  fff836c3        5a   func ,g         3
  _Motor4_AccelerationIn
                                  fff8371d        5a   func ,g         0
  _Motor4_DutyOut
                                  fff83777        26   func ,l         1
  _Motor5_DutyIn
                                  fff8379d        5a   func ,g         a
  _Motor5_AccelerationIn
                                  fff837f7        5a   func ,g         6
  _Motor5_DutyOut
                                  fff83851        26   func ,l         1
  _Motor6_DutyIn
                                  fff83877        5a   func ,g         1
  _Motor6_AccelerationIn
                                  fff838d1        5a   func ,g         0
  _Motor6_DutyOut
                                  fff8392b        26   func ,l         1
  _motor1_SetMode
                                  fff83951        3e   func ,l         3
  _motor2_SetMode
                                  fff8398f        3e   func ,l         3
  _motor3_SetMode
                                  fff839cd        3e   func ,l         3
  _motor4_SetMode
                                  fff83a0b        3e   func ,l         3
  _motor5_SetMode
                                  fff83a49        3e   func ,l         3
  _motor6_SetMode
                                  fff83a87        3e   func ,l         3
  _norm
                                  fff83ac5        42   func ,l         6
  __Motor_Do
                                  fff83b07        54   func ,g         1
  _motor1_Do
                                  fff83b5b        7c   func ,l         1
  _motor2_Do
                                  fff83bd7        57   func ,l         1
  _motor3_Do
                                  fff83c2e        57   func ,l         1
  _motor4_Do
                                  fff83c85        57   func ,l         1
  _motor5_Do
                                  fff83cdc        57   func ,l         1
  _motor6_Do
                                  fff83d33        57   func ,l         1
FILE=.\src\Modules\Servo.obj
                                  fff83d8a  fff83dd4        4b
  _Servo_Activate
                                  fff83d8a        12   func ,g         1
  _Servo1_RotationIn
                                  fff83d9c        39   func ,g         0
FILE=.\src\Modules\Timer.obj
                                  fff83dd5  fff83f39       165
  __Timer_Activate
                                  fff83dd5         5   func ,g         1
  __Timer1_Set
                                  fff83dda        a6   func ,g         1
  __Timer1_Start
                                  fff83e80         5   func ,g         1
  __Timer1_Stop
                                  fff83e85         5   func ,g         0
  _Timer2_Set
                                  fff83e8a        a6   func ,g         1
  _Timer2_Start
                                  fff83f30         5   func ,g         1
  _Timer2_Stop
                                  fff83f35         5   func ,g         0
FILE=.\src\Modules\UART.obj
                                  fff83f3a  fff83f83        4a
  __UART1_Activate
                                  fff83f3a         5   func ,g         1
  __UART1_GetRecievedData
                                  fff83f3f        10   func ,g         1
  __UART1_TransmitData
                                  fff83f4f        10   func ,g         2
  __UART0_Activate
                                  fff83f5f         5   func ,g         0
  __UART0_GetRecievedData
                                  fff83f64        10   func ,g         0
  __UART0_TransmitData
                                  fff83f74        10   func ,g         0
FILE=.\src\DataConverter.obj
                                  fff83f84  fff8415b       1d8
  IntParse(unsigned char)
                                  fff83f84        53   func ,l         1
  _StringToWORD
                                  fff83fd7        45   func ,g         1
  _BitsToFloat
                                  fff8401c        3a   func ,g         6
  _BitsToInt
                                  fff84056        40   func ,g         1
  _BitsToDUALSHOCK3
                                  fff84096        4f   func ,g         1
  _FloatToBits
                                  fff840e5        3c   func ,g         1
  _IntToBits
                                  fff84121        3b   func ,g         1
FILE=cppinit
                                  fff8415c  fff8417b        20
  __CALL_INIT
                                  fff8415c        1c   func ,g         1
  __CALL_END
                                  fff84178         4   func ,g         1
FILE=__initsct
                                  fff8417c  fff841c5        4a
  __INITSCT
                                  fff8417c         0   none ,g         1
  loop1
                                  fff8418e         0   none ,l         1
  next_loop1
                                  fff8419c         0   none ,l         2
  loop3
                                  fff841ae         0   none ,l         1
  next_loop3
                                  fff841bf         0   none ,l         2
FILE=static_init
                                  fff841c6  fff8422b        66
  __call_dtors()
                                  fff841c6        66   func ,g         1
FILE=dtor_list
                                  fff8422c  fff84276        4b
  __process_needed_destructions()
                                  fff8422c        26   func ,g         2
  ___already_marked_for_destruction
                                  fff84252         6   func ,g         1
  ___record_needed_destruction
                                  fff84258        1d   func ,g         0
  ___std__needed_destruction_list
                                  fff84275         2   func ,g         0
FILE=error
                                  fff84277  fff8427a         4
  ___abort_execution
                                  fff84277         4   func ,g         1

SECTION=FIXEDVECT
FILE=.\src\Modules\micon\vector_table.obj
                                  ffffff80  ffffffff        80
  _Fixed_Vectors
                                  ffffff80        80   data ,g         0

*** Unfilled Areas ***

AREA                                START    END

*** Delete Symbols ***

SYMBOL                                SIZE    INFO
