Renesas Optimizing Linker (W2.01.00 )             06-Sep-2016 00:15:05

*** Options ***

-subcommand=LinkerSubCommand.tmp
-input="./src/startup/dbsct.obj"
-input="./src/startup/hardware_setup.obj"
-input="./src/startup/reset_program.obj"
-input="./src/startup/sbrk.obj"
-input="./src/matSystem/BatteryCheck.obj"
-input="./src/matSystem/Connecter.obj"
-input="./src/matSystem/Main.obj"
-input="./src/UserApplication/App.obj"
-input="./src/Modules/micon/CMT.obj"
-input="./src/Modules/micon/DAa.obj"
-input="./src/Modules/micon/GPT012.obj"
-input="./src/Modules/micon/GPT46.obj"
-input="./src/Modules/micon/IO.obj"
-input="./src/Modules/micon/S12ADB.obj"
-input="./src/Modules/micon/SCIc.obj"
-input="./src/Modules/micon/interrupt_handlers.obj"
-input="./src/Modules/micon/vector_table.obj"
-input="./src/Modules/AnalogIN.obj"
-input="./src/Modules/AnalogOUT.obj"
-input="./src/Modules/Battery.obj"
-input="./src/Modules/Bluetooth.obj"
-input="./src/Modules/Buzzer.obj"
-input="./src/Modules/LED.obj"
-input="./src/Modules/Motor.obj"
-input="./src/Modules/Timer.obj"
-input="./src/Modules/UART.obj"
-input="./src/DataConverter.obj"
-start=SU,SI,B_1,R_1,B_2,R_2,B,R/04,PResetPRG,C_1,C_2,C,C$*,D*,W*,L,PIntPRG,P/0FFF80000,FIXEDVECT/0FFFFFF80
-library=F:\GitHub\ROBOTC~1\HARDWA~2\RobotCore1Framework.lib
-list=RobotCore1Framework.map
-show
-nooptimize
-debug
-output=F:\GitHub\RobotCore1Frameware\HardwareDebug\RobotCore1Framework.abs
-rom=D=R,D_1=R_1,D_2=R_2
-nocompress
-nomessage
-nologo

*** Error information ***

*** Mapping List ***

SECTION                            START      END         SIZE   ALIGN

SU
                                  00000004  00000103       100   4
SI
                                  00000104  00000403       300   4
B_1
                                  00000404  00000c4a       847   1
R_1
                                  00000c4b  00000c4f         5   1
B_2
                                  00000c50  00000c5d         e   2
R_2
                                  00000c5e  00000c7f        22   2
B
                                  00000c80  000010bf       440   4
R
                                  000010c0  000010d7        18   4
PResetPRG
                                  fff80000  fff80038        39   1
C_1
                                  fff80039  fff80039         0   1
C_2
                                  fff80039  fff80039         0   1
C
                                  fff8003c  fff8006f        34   4
C$DSEC
                                  fff80070  fff80093        24   4
C$BSEC
                                  fff80094  fff800ab        18   4
C$INIT
                                  fff800ac  fff800ac         0   1
C$VECT
                                  fff800ac  fff804ab       400   4
C$VTBL
                                  fff804ac  fff804ac         0   1
D
                                  fff804ac  fff804c3        18   4
D_1
                                  fff804c4  fff804c8         5   1
D_2
                                  fff804ca  fff804eb        22   2
W
                                  fff804ec  fff804ec         0   4
W_1
                                  fff804ec  fff804f5         a   1
W_2
                                  fff804f6  fff804f6         0   2
L
                                  fff804f6  fff804f6         0   1
PIntPRG
                                  fff804f6  fff80652       15d   1
P
                                  fff80653  fff8295d      230b   1
FIXEDVECT
                                  ffffff80  ffffffff        80   4

*** Symbol List ***

SECTION=
FILE=                               START        END    SIZE
  SYMBOL                            ADDR        SIZE    INFO      COUNTS  OPT

SECTION=SU
FILE=.\src\startup\reset_program.obj
                                  00000004  00000103       100

SECTION=SI
FILE=.\src\startup\reset_program.obj
                                  00000104  00000403       300

SECTION=B_1
FILE=.\src\matSystem\Connecter.obj
                                  00000404  00000443        40
  _line
                                  00000404        40   data ,g         a
FILE=.\src\Modules\micon\SCIc.obj
                                  00000444  00000c44       801
  _uart1_bufR_A
                                  00000444       400   data ,g         2
  _uart1_bufR_B
                                  00000844       400   data ,g         2
  _uart0_data
                                  00000c44         1   data ,g         2
FILE=.\src\Modules\Motor.obj
                                  00000c45  00000c4a         6
  _direction
                                  00000c45         6   data ,g        12

SECTION=R_1
FILE=.\src\matSystem\Connecter.obj
                                  00000c4b  00000c4b         1
  _line_index
                                  00000c4b         1   data ,g         5
FILE=.\src\UserApplication\App.obj
                                  00000c4c  00000c4c         1
  _i
                                  00000c4c         1   data ,g         5
FILE=.\src\Modules\micon\SCIc.obj
                                  00000c4d  00000c4f         3
  _flag_RXI0
                                  00000c4d         1   data ,g         4
  _flag_TXI0
                                  00000c4e         1   data ,g         1
  _uart1_bufSelect
                                  00000c4f         1   data ,g         3

SECTION=B_2
FILE=.\src\Modules\micon\S12ADB.obj
                                  00000c50  00000c5d         e
  _values
                                  00000c50         6   data ,g         4
  _values1
                                  00000c56         8   data ,g         5

SECTION=R_2
FILE=.\src\UserApplication\App.obj
                                  00000c5e  00000c6d        10
  _orderBuffer
                                  00000c5e        10   data ,g         2
FILE=.\src\Modules\micon\SCIc.obj
                                  00000c6e  00000c75         8
  _uart1_bufR_index_A
                                  00000c6e         2   data ,g         4
  _uart1_bufR_index_B
                                  00000c70         2   data ,g         4
  _uart1_bufT_index
                                  00000c72         2   data ,g         5
  _uart1_bufT_maxCount
                                  00000c74         2   data ,g         2
FILE=.\src\Modules\Buzzer.obj
                                  00000c76  00000c7f         a
  _oneTime
                                  00000c76         2   data ,g         6
  _stepUp
                                  00000c78         2   data ,g         6
  _stepDown
                                  00000c7a         2   data ,g         6
  _siren1
                                  00000c7c         2   data ,g         7
  _siren1Fq
                                  00000c7e         2   data ,g         4

SECTION=B
FILE=.\src\startup\sbrk.obj
                                  00000c80  0000107f       400
  _heap_area
                                  00000c80       400   data ,l         2
FILE=.\src\matSystem\Connecter.obj
                                  00001080  00001083         4
  _RecievedData
                                  00001080         4   data ,g         2
FILE=.\src\Modules\micon\CMT.obj
                                  00001084  00001087         4
  _callback1
                                  00001084         4   data ,g         2
FILE=.\src\Modules\micon\SCIc.obj
                                  00001088  0000108b         4
  _uart1_bufT
                                  00001088         4   data ,g         2
FILE=.\src\Modules\Motor.obj
                                  0000108c  000010bb        30
  _trgDuty
                                  0000108c        18   data ,g         7
  _actualDuty
                                  000010a4        18   data ,g        16
FILE=dtor_list
                                  000010bc  000010bf         4
  _needed_destruction_head
                                  000010bc         4   data ,l         2

SECTION=R
FILE=.\src\startup\sbrk.obj
                                  000010c0  000010c3         4
  _brk
                                  000010c0         4   data ,l         3
FILE=static_init
                                  000010c4  000010cb         8
  _use_patch_info
                                  000010c4         4   data ,l         1
  _dtors_done$1
                                  000010c8         4   data ,l         1
FILE=munch_dtors
                                  000010cc  000010cf         4
  __dtors
                                  000010cc         4   data ,g         1
FILE=vars
                                  000010d0  000010d7         8
  __new_handler
                                  000010d0         4   data ,g         0
  ___head
                                  000010d4         4   data ,g         1

SECTION=PResetPRG
FILE=.\src\startup\reset_program.obj
                                  fff80000  fff80038        39
  _PowerON_Reset_PC
                                  fff80000        39   entry,g         1

SECTION=C
FILE=.\src\startup\dbsct.obj
                                  fff8003c  fff8006f        34
  __CTBL
                                  fff8003c        34   data ,g         0

SECTION=C$DSEC
FILE=.\src\startup\dbsct.obj
                                  fff80070  fff80093        24
  __DTBL
                                  fff80070        24   data ,g         0

SECTION=C$BSEC
FILE=.\src\startup\dbsct.obj
                                  fff80094  fff800ab        18
  __BTBL
                                  fff80094        18   data ,g         0

SECTION=C$VECT
FILE=.\src\startup\dbsct.obj
                                  fff800ac  fff804ab       400

SECTION=D
FILE=.\src\startup\sbrk.obj
                                  fff804ac  fff804af         4
FILE=static_init
                                  fff804b0  fff804b7         8
FILE=munch_dtors
                                  fff804b8  fff804bb         4
FILE=vars
                                  fff804bc  fff804c3         8

SECTION=D_1
FILE=.\src\matSystem\Connecter.obj
                                  fff804c4  fff804c4         1
FILE=.\src\UserApplication\App.obj
                                  fff804c5  fff804c5         1
FILE=.\src\Modules\micon\SCIc.obj
                                  fff804c6  fff804c8         3

SECTION=D_2
FILE=.\src\UserApplication\App.obj
                                  fff804ca  fff804d9        10
FILE=.\src\Modules\micon\SCIc.obj
                                  fff804da  fff804e1         8
FILE=.\src\Modules\Buzzer.obj
                                  fff804e2  fff804eb         a

SECTION=W_1
FILE=.\src\DataConverter.obj
                                  fff804ec  fff804f5         a

SECTION=PIntPRG
FILE=.\src\Modules\micon\interrupt_handlers.obj
                                  fff804f6  fff80652       15d
  _Excep_SuperVisorInst
                                  fff804f6         2   func ,g         1
  _Excep_AccessInst
                                  fff804f8         2   func ,g         1
  _Excep_UndefinedInst
                                  fff804fa         2   func ,g         1
  _Excep_FloatingPoint
                                  fff804fc         2   func ,g         1
  _NonMaskableInterrupt
                                  fff804fe         2   func ,g         1
  _Dummy
                                  fff80500         2   func ,g        13
  _Excep_BRK
                                  fff80502         f   func ,g         0
  _Excep_BSC_BUSERR
                                  fff80511         2   func ,g         0
  _Excep_FCU_FIFERR
                                  fff80513         2   func ,g         0
  _Excep_FCU_FRDYI
                                  fff80515         2   func ,g         0
  _Excep_ICU_SWINT
                                  fff80517         2   func ,g         0
  _Excep_CMT1_CMI1
                                  fff80519         2   func ,g         0
  _Excep_CMT2_CMI2
                                  fff8051b         2   func ,g         0
  _Excep_CMT3_CMI3
                                  fff8051d         2   func ,g         0
  _Excep_USB0_D0FIFO0
                                  fff8051f         2   func ,g         0
  _Excep_USB0_D1FIFO0
                                  fff80521         2   func ,g         0
  _Excep_USB0_USBI0
                                  fff80523         2   func ,g         0
  _Excep_CAC_FERRF
                                  fff80525         2   func ,g         0
  _Excep_CAC_MENDF
                                  fff80527         2   func ,g         0
  _Excep_CAC_OVFF
                                  fff80529         2   func ,g         0
  _Excep_RSPI0_SPRI0
                                  fff8052b         2   func ,g         0
  _Excep_RSPI0_SPTI0
                                  fff8052d         2   func ,g         0
  _Excep_RSPI0_SPII0
                                  fff8052f         2   func ,g         0
  _Excep_RSPI1_SPRI1
                                  fff80531         2   func ,g         0
  _Excep_RSPI1_SPTI1
                                  fff80533         2   func ,g         0
  _Excep_RSPI1_SPII1
                                  fff80535         2   func ,g         0
  _Excep_CAN1_RXF1
                                  fff80537         2   func ,g         0
  _Excep_CAN1_TXF1
                                  fff80539         2   func ,g         0
  _Excep_CAN1_RXM1
                                  fff8053b         2   func ,g         0
  _Excep_CAN1_TXM1
                                  fff8053d         2   func ,g         0
  _Excep_GPT7_GTCIA7
                                  fff8053f         2   func ,g         0
  _Excep_GPT7_GTCIB7
                                  fff80541         2   func ,g         0
  _Excep_GPT7_GTCIC7
                                  fff80543         2   func ,g         0
  _Excep_GPT7_GTCIE7
                                  fff80545         2   func ,g         0
  _Excep_GPT7_GTCIV7
                                  fff80547         2   func ,g         0
  _Excep_CMP_CMP4
                                  fff80549         2   func ,g         0
  _Excep_CMP_CMP5
                                  fff8054b         2   func ,g         0
  _Excep_CMP_CMP6
                                  fff8054d         2   func ,g         0
  _Excep_DOC_DOPCF
                                  fff8054f         2   func ,g         0
  _Excep_DPC_RBI0
                                  fff80551         2   func ,g         0
  _Excep_DPC_RBI1
                                  fff80553         2   func ,g         0
  _Excep_DPC_RBI2
                                  fff80555         2   func ,g         0
  _Excep_DPC_RBI3
                                  fff80557         2   func ,g         0
  _Excep_DPC_RBI4
                                  fff80559         2   func ,g         0
  _Excep_ICU_IRQ0
                                  fff8055b         2   func ,g         0
  _Excep_ICU_IRQ1
                                  fff8055d         2   func ,g         0
  _Excep_ICU_IRQ2
                                  fff8055f         2   func ,g         0
  _Excep_ICU_IRQ3
                                  fff80561         2   func ,g         0
  _Excep_ICU_IRQ4
                                  fff80563         2   func ,g         0
  _Excep_ICU_IRQ5
                                  fff80565         2   func ,g         0
  _Excep_ICU_IRQ6
                                  fff80567         2   func ,g         0
  _Excep_ICU_IRQ7
                                  fff80569         2   func ,g         0
  _Excep_USB_USBR0
                                  fff8056b         2   func ,g         0
  _Excep_AD_ADI0
                                  fff8056d         2   func ,g         0
  _Excep_S12AD_S12GBADI
                                  fff8056f         2   func ,g         0
  _Excep_S12AD1_S12GBADI1
                                  fff80571         2   func ,g         0
  _Excep_ICU_GROUP0
                                  fff80573         2   func ,g         0
  _Excep_ICU_GROUP12
                                  fff80575         2   func ,g         0
  _Excep_SCI12_SCIX0
                                  fff80577         2   func ,g         0
  _Excep_SCI12_SCIX1
                                  fff80579         2   func ,g         0
  _Excep_SCI12_SCIX2
                                  fff8057b         2   func ,g         0
  _Excep_SCI12_SCIX3
                                  fff8057d         2   func ,g         0
  _Excep_MTU0_TGIA0
                                  fff8057f         2   func ,g         0
  _Excep_MTU0_TGIB0
                                  fff80581         2   func ,g         0
  _Excep_MTU0_TGIC0
                                  fff80583         2   func ,g         0
  _Excep_MTU0_TGID0
                                  fff80585         2   func ,g         0
  _Excep_MTU0_TCIV0
                                  fff80587         2   func ,g         0
  _Excep_MTU0_TGIE0
                                  fff80589         2   func ,g         0
  _Excep_MTU0_TGIF0
                                  fff8058b         2   func ,g         0
  _Excep_MTU1_TGIA1
                                  fff8058d         2   func ,g         0
  _Excep_MTU1_TGIB1
                                  fff8058f         2   func ,g         0
  _Excep_MTU1_TCIV1
                                  fff80591         2   func ,g         0
  _Excep_MTU1_TCIU1
                                  fff80593         2   func ,g         0
  _Excep_MTU2_TGIA2
                                  fff80595         2   func ,g         0
  _Excep_MTU2_TGIB2
                                  fff80597         2   func ,g         0
  _Excep_MTU2_TCIV2
                                  fff80599         2   func ,g         0
  _Excep_MTU2_TCIU2
                                  fff8059b         2   func ,g         0
  _Excep_MTU3_TGIA3
                                  fff8059d         2   func ,g         0
  _Excep_MTU3_TGIB3
                                  fff8059f         2   func ,g         0
  _Excep_MTU3_TGIC3
                                  fff805a1         2   func ,g         0
  _Excep_MTU3_TGID3
                                  fff805a3         2   func ,g         0
  _Excep_MTU3_TCIV3
                                  fff805a5         2   func ,g         0
  _Excep_MTU4_TGIA4
                                  fff805a7         2   func ,g         0
  _Excep_MTU4_TGIB4
                                  fff805a9         2   func ,g         0
  _Excep_MTU4_TGIC4
                                  fff805ab         2   func ,g         0
  _Excep_MTU4_TGID4
                                  fff805ad         2   func ,g         0
  _Excep_MTU4_TCIV4
                                  fff805af         2   func ,g         0
  _Excep_MTU5_TGIU5
                                  fff805b1         2   func ,g         0
  _Excep_MTU5_TGIV5
                                  fff805b3         2   func ,g         0
  _Excep_MTU5_TGIW5
                                  fff805b5         2   func ,g         0
  _Excep_MTU6_TGIA6
                                  fff805b7         2   func ,g         0
  _Excep_MTU6_TGIB6
                                  fff805b9         2   func ,g         0
  _Excep_MTU6_TGIC6
                                  fff805bb         2   func ,g         0
  _Excep_MTU6_TGID6
                                  fff805bd         2   func ,g         0
  _Excep_MTU6_TCIV6
                                  fff805bf         2   func ,g         0
  _Excep_MTU7_TGIA7
                                  fff805c1         2   func ,g         0
  _Excep_MTU7_TGIB7
                                  fff805c3         2   func ,g         0
  _Excep_MTU7_TGIC7
                                  fff805c5         2   func ,g         0
  _Excep_MTU7_TGID7
                                  fff805c7         2   func ,g         0
  _Excep_MTU7_TCIV7
                                  fff805c9         2   func ,g         0
  _Excep_POE_OEI1
                                  fff805cb         2   func ,g         0
  _Excep_POE_OEI2
                                  fff805cd         2   func ,g         0
  _Excep_POE_OEI3
                                  fff805cf         2   func ,g         0
  _Excep_POE_OEI4
                                  fff805d1         2   func ,g         0
  _Excep_POE_OEI5
                                  fff805d3         2   func ,g         0
  _Excep_CMP_CMP0
                                  fff805d5         2   func ,g         0
  _Excep_CMP_CMP1
                                  fff805d7         2   func ,g         0
  _Excep_CMP_CMP2
                                  fff805d9         2   func ,g         0
  _Excep_GPT4_GTCIA4
                                  fff805db         2   func ,g         0
  _Excep_GPT4_GTCIB4
                                  fff805dd         2   func ,g         0
  _Excep_GPT4_GTCIC4
                                  fff805df         2   func ,g         0
  _Excep_GPT4_GTCIE4
                                  fff805e1         2   func ,g         0
  _Excep_GPT4_GTCIV4
                                  fff805e3         2   func ,g         0
  _Excep_GPT4_LOCOI4
                                  fff805e5         2   func ,g         0
  _Excep_GPT5_GTCIA5
                                  fff805e7         2   func ,g         0
  _Excep_GPT5_GTCIB5
                                  fff805e9         2   func ,g         0
  _Excep_GPT5_GTCIC5
                                  fff805eb         2   func ,g         0
  _Excep_GPT5_GTCIE5
                                  fff805ed         2   func ,g         0
  _Excep_GPT5_GTCIV5
                                  fff805ef         2   func ,g         0
  _Excep_GPT6_GTCIA6
                                  fff805f1         2   func ,g         0
  _Excep_GPT6_GTCIB6
                                  fff805f3         2   func ,g         0
  _Excep_GPT6_GTCIC6
                                  fff805f5         2   func ,g         0
  _Excep_GPT6_GTCIE6
                                  fff805f7         2   func ,g         0
  _Excep_GPT6_GTCIV6
                                  fff805f9         2   func ,g         0
  _Excep_RIIC1_EEI1
                                  fff805fb         2   func ,g         0
  _Excep_RIIC1_RXI1
                                  fff805fd         2   func ,g         0
  _Excep_RIIC1_TXI1
                                  fff805ff         2   func ,g         0
  _Excep_RIIC1_TEI1
                                  fff80601         2   func ,g         0
  _Excep_RIIC0_EEI0
                                  fff80603         2   func ,g         0
  _Excep_RIIC0_RXI0
                                  fff80605         2   func ,g         0
  _Excep_RIIC0_TXI0
                                  fff80607         2   func ,g         0
  _Excep_RIIC0_TEI0
                                  fff80609         2   func ,g         0
  _Excep_DMAC_DMAC0I
                                  fff8060b         2   func ,g         0
  _Excep_DMAC_DMAC1I
                                  fff8060d         2   func ,g         0
  _Excep_DMAC_DMAC2I
                                  fff8060f         2   func ,g         0
  _Excep_DMAC_DMAC3I
                                  fff80611         2   func ,g         0
  _Excep_SCI0_TEI0
                                  fff80613         2   func ,g         0
  _Excep_SCI1_TEI1
                                  fff80615         2   func ,g         0
  _Excep_SCI2_RXI2
                                  fff80617         2   func ,g         0
  _Excep_SCI2_TXI2
                                  fff80619         2   func ,g         0
  _Excep_SCI2_TEI2
                                  fff8061b         2   func ,g         0
  _Excep_SCI3_RXI3
                                  fff8061d         2   func ,g         0
  _Excep_SCI3_TXI3
                                  fff8061f         2   func ,g         0
  _Excep_SCI3_TEI3
                                  fff80621         2   func ,g         0
  _Excep_GPT0_GTCIA0
                                  fff80623         2   func ,g         0
  _Excep_GPT0_GTCIB0
                                  fff80625         2   func ,g         0
  _Excep_GPT0_GTCIC0
                                  fff80627         2   func ,g         0
  _Excep_GPT0_GTCIE0
                                  fff80629         2   func ,g         0
  _Excep_GPT0_GTCIV0
                                  fff8062b         2   func ,g         0
  _Excep_GPT0_LOCOI0
                                  fff8062d         2   func ,g         0
  _Excep_GPT1_GTCIA1
                                  fff8062f         2   func ,g         0
  _Excep_GPT1_GTCIB1
                                  fff80631         2   func ,g         0
  _Excep_GPT1_GTCIC1
                                  fff80633         2   func ,g         0
  _Excep_GPT1_GTCIE1
                                  fff80635         2   func ,g         0
  _Excep_GPT1_GTCIV1
                                  fff80637         2   func ,g         0
  _Excep_GPT2_GTCIA2
                                  fff80639         2   func ,g         0
  _Excep_GPT2_GTCIB2
                                  fff8063b         2   func ,g         0
  _Excep_GPT2_GTCIC2
                                  fff8063d         2   func ,g         0
  _Excep_GPT2_GTCIE2
                                  fff8063f         2   func ,g         0
  _Excep_GPT2_GTCIV2
                                  fff80641         2   func ,g         0
  _Excep_GPT3_GTCIA3
                                  fff80643         2   func ,g         0
  _Excep_GPT3_GTCIB3
                                  fff80645         2   func ,g         0
  _Excep_GPT3_GTCIC3
                                  fff80647         2   func ,g         0
  _Excep_GPT3_GTCIE3
                                  fff80649         2   func ,g         0
  _Excep_GPT3_GTCIV3
                                  fff8064b         2   func ,g         0
  _Excep_SCI12_RXI12
                                  fff8064d         2   func ,g         0
  _Excep_SCI12_TXI12
                                  fff8064f         2   func ,g         0
  _Excep_SCI12_TEI12
                                  fff80651         2   func ,g         0

SECTION=P
FILE=.\src\startup\hardware_setup.obj
                                  fff80653  fff807ba       168
  _HardwareSetup
                                  fff80653        a3   func ,g         1
  _wait
                                  fff806f6        c5   func ,g         2
FILE=.\src\startup\sbrk.obj
                                  fff807bb  fff807f6        3c
  _sbrk
                                  fff807bb        3c   func ,g         0
FILE=.\src\matSystem\BatteryCheck.obj
                                  fff807f7  fff80869        73
  BatteryCheck()
                                  fff807f7        73   func ,g         1
FILE=.\src\matSystem\Connecter.obj
                                  fff8086a  fff80a87       21e
  Connecter_Activate()
                                  fff8086a         5   func ,g         1
  Connecter_Recieve()
                                  fff8086f        72   func ,g         1
  Decipher()
                                  fff808e1       17d   func ,l         1
  Execute(unsigned char *, unsigned char, unsigned char *)
                                  fff80a5e        2a   func ,l         1
FILE=.\src\matSystem\Main.obj
                                  fff80a88  fff80acc        45
  _main
                                  fff80a88        2f   func ,g         1
  Timer1_Caooback()
                                  fff80ab7        15   func ,l         1
  _abort
                                  fff80acc         1   func ,g         1
FILE=.\src\UserApplication\App.obj
                                  fff80acd  fff80c98       1cc
  _Initialize
                                  fff80acd        1d   func ,g         1
  _MainLoop
                                  fff80aea        73   func ,g         1
  DecipherAndExecute(short *)
                                  fff80b5d       13c   func ,l         1
FILE=.\src\Modules\micon\CMT.obj
                                  fff80c99  fff80d58        c0
  _CMT_init
                                  fff80c99        2d   func ,g         1
  _CMT0_Set
                                  fff80cc6        5d   func ,g         4
  _CMT0_Start
                                  fff80d23         c   func ,g         1
  _Excep_CMT0_CMI0
                                  fff80d2f        1b   func ,g         0
  _CMT0_Stop
                                  fff80d4a         f   func ,g         1
FILE=.\src\Modules\micon\DAa.obj
                                  fff80d59  fff80dc7        6f
  _DAa_init
                                  fff80d59        55   func ,g         1
  _DA0_SetValue
                                  fff80dae         d   func ,g         1
  _DA1_SetValue
                                  fff80dbb         d   func ,g         1
FILE=.\src\Modules\micon\GPT012.obj
                                  fff80dc8  fff81171       3aa
  _GPT012_init
                                  fff80dc8       2c0   func ,g         1
  _PWM_M1_set
                                  fff81088        27   func ,g         2
  _PWM_M2_set
                                  fff810af        27   func ,g         1
  _PWM_M3_set
                                  fff810d6        27   func ,g         1
  _PWM_M4_set
                                  fff810fd        27   func ,g         1
  _PWM_M5_set
                                  fff81124        27   func ,g         1
  _PWM_M6_set
                                  fff8114b        27   func ,g         1
FILE=.\src\Modules\micon\GPT46.obj
                                  fff81172  fff813ab       23a
  _GPT46_init
                                  fff81172       167   func ,g         1
  _PWM1_set
                                  fff812d9        4f   func ,g         0
  _PWM1_On
                                  fff81328         c   func ,g         0
  _PWM1_Off
                                  fff81334         f   func ,g         0
  _BUZZER_set
                                  fff81343        4f   func ,g         a
  _BUZZER_On
                                  fff81392         c   func ,g         6
  _BUZZER_Off
                                  fff8139e         e   func ,g         5
FILE=.\src\Modules\micon\IO.obj
                                  fff813ac  fff815a1       1f6
  _IO_LED_init
                                  fff813ac         9   func ,g         1
  _LED_STATUS_R
                                  fff813b5        19   func ,g         2
  _LED_STATUS_G
                                  fff813ce        19   func ,g         2
  _LED_STATUS_B
                                  fff813e7        19   func ,g         2
  _LED_INFO
                                  fff81400        18   func ,g         2
  _LED_ERROR
                                  fff81418        18   func ,g         2
  _IO_Motor_Init
                                  fff81430        26   func ,g         1
  _ALERT
                                  fff81456        13   func ,g         0
  _STBY
                                  fff81469        19   func ,g         2
  _Motor1_MODE
                                  fff81482        30   func ,g         4
  _Motor2_MODE
                                  fff814b2        2e   func ,g         4
  _Motor3_MODE
                                  fff814e0        32   func ,g         4
  _Motor4_MODE
                                  fff81512        31   func ,g         4
  _Motor5_MODE
                                  fff81543        30   func ,g         4
  _Motor6_MODE
                                  fff81573        2f   func ,g         4
FILE=.\src\Modules\micon\S12ADB.obj
                                  fff815a2  fff81808       267
  _S12AD_init
                                  fff815a2        ad   func ,g         1
  _S12AD_Sample
                                  fff8164f        1f   func ,g         1
  _Excep_S12AD_S12ADI
                                  fff8166e        38   func ,g         0
  _S12ADB_GetVoltage
                                  fff816a6        24   func ,g         3
  _S12AD1_init
                                  fff816ca        b5   func ,g         1
  _S12AD1_Sample
                                  fff8177f        1f   func ,g         1
  _Excep_S12AD1_S12ADI1
                                  fff8179e        47   func ,g         0
  _S12AD1_GetVoltage
                                  fff817e5        24   func ,g         1
FILE=.\src\Modules\micon\SCIc.obj
                                  fff81809  fff81d10       508
  _uart1_init
                                  fff81809        d1   func ,g         1
  _uart1_read
                                  fff818da        61   func ,g         1
  _uart1_send
                                  fff8193b        1a   func ,g         1
  _Excep_SCI1_RXI1
                                  fff81955        cf   func ,g         0
  _Excep_SCI1_TXI1
                                  fff81a24        65   func ,g         0
  _uart1_set
                                  fff81a89        5f   func ,l         2
  _uart1_clear_errorFlag
                                  fff81ae8        16   func ,l         3
  _uart0_init
                                  fff81afe        cc   func ,g         1
  _uart0_read
                                  fff81bca        a6   func ,g         1
  _Excep_SCI0_RXI0
                                  fff81c70        16   func ,g         0
  _Excep_SCI0_TXI0
                                  fff81c86        16   func ,g         0
  _uart0_set
                                  fff81c9c        5f   func ,l         2
  _uart0_clear_errorFlag
                                  fff81cfb        16   func ,l         1
FILE=.\src\Modules\AnalogIN.obj
                                  fff81d11  fff81d3e        2e
  _AnalogIN_Activate
                                  fff81d11         5   func ,g         1
  _AnalogIN_Sample
                                  fff81d16         5   func ,g         0
  _AnalogIN_GetVoltage
                                  fff81d1b        24   func ,g         0
FILE=.\src\Modules\AnalogOUT.obj
                                  fff81d3f  fff81d93        55
  _AnalogOUT_Activate
                                  fff81d3f         5   func ,g         1
  _AnalogOUT1_SetVoltage
                                  fff81d44        28   func ,g         0
  _AnalogOUT2_SetVoltage
                                  fff81d6c        28   func ,g         0
FILE=.\src\Modules\Battery.obj
                                  fff81d94  fff81df7        64
  __Battery_Activate
                                  fff81d94         5   func ,g         1
  __Battery_Sample
                                  fff81d99         5   func ,g         1
  __Battery_GetVoltage1
                                  fff81d9e        1e   func ,g         1
  __Battery_GetVoltage2
                                  fff81dbc        1e   func ,g         2
  __Battery_GetVoltage3
                                  fff81dda        1e   func ,g         2
FILE=.\src\Modules\Bluetooth.obj
                                  fff81df8  fff81e0a        13
  _Bluetooth_Activate
                                  fff81df8         5   func ,g         1
  _Bluetooth_GetRecieveData
                                  fff81dfd         e   func ,g         1
FILE=.\src\Modules\Buzzer.obj
                                  fff81e0b  fff82065       25b
  _Buzzer_Activate
                                  fff81e0b         5   func ,g         1
  __Buzzer_Loop
                                  fff81e10       135   func ,g         1
  _Buzzer_On
                                  fff81f45        13   func ,g         1
  _Buzzer_Off
                                  fff81f58        5d   func ,g         1
  _Buzzer_OneTime
                                  fff81fb5        36   func ,g         0
  _Buzzer_StepUp
                                  fff81feb        29   func ,g         1
  _Buzzer_StepDown
                                  fff82014        29   func ,g         1
  _Buzzer_Siren1
                                  fff8203d        29   func ,g         1
FILE=.\src\Modules\LED.obj
                                  fff82066  fff820b0        4b
  __LED_Activate
                                  fff82066         5   func ,g         1
  __LED_R_On
                                  fff8206b         7   func ,g         1
  __LED_G_On
                                  fff82072         7   func ,g         1
  __LED_B_On
                                  fff82079         7   func ,g         2
  __LED_Info_On
                                  fff82080         7   func ,g         1
  __LED_Error_On
                                  fff82087         7   func ,g         2
  __LED_R_Off
                                  fff8208e         7   func ,g         1
  __LED_G_Off
                                  fff82095         7   func ,g         1
  __LED_B_Off
                                  fff8209c         7   func ,g         1
  __LED_Info_Off
                                  fff820a3         7   func ,g         1
  __LED_Error_Off
                                  fff820aa         7   func ,g         0
FILE=.\src\Modules\Motor.obj
                                  fff820b1  fff82692       5e2
  _Motor_Activate
                                  fff820b1         9   func ,g         1
  _Motor_UnlockSTBY
                                  fff820ba         7   func ,g         1
  _Motor_LockSTBY
                                  fff820c1         7   func ,g         1
  __Motor_Loop
                                  fff820c8       38e   func ,g         1
  _Motor1_SetPWM
                                  fff82456         e   func ,g         1
  _Motor2_SetPWM
                                  fff82464         e   func ,g         1
  _Motor3_SetPWM
                                  fff82472         e   func ,g         1
  _Motor4_SetPWM
                                  fff82480         e   func ,g         1
  _Motor5_SetPWM
                                  fff8248e         e   func ,g         3
  _Motor6_SetPWM
                                  fff8249c         e   func ,g         0
  _motor1_SetMode
                                  fff824aa        3e   func ,l         3
  _motor2_SetMode
                                  fff824e8        3e   func ,l         3
  _motor3_SetMode
                                  fff82526        3e   func ,l         3
  _motor4_SetMode
                                  fff82564        3e   func ,l         3
  _motor5_SetMode
                                  fff825a2        3e   func ,l         3
  _motor6_SetMode
                                  fff825e0        3e   func ,l         3
  _norm
                                  fff8261e        42   func ,l         6
  __Motor_Do
                                  fff82660        19   func ,g         1
  _motor1_Do
                                  fff82679        1a   func ,l         1
FILE=.\src\Modules\Timer.obj
                                  fff82693  fff82747        b5
  __Timer_Activate
                                  fff82693         5   func ,g         1
  __Timer1_Set
                                  fff82698        a6   func ,g         1
  __Timer1_Start
                                  fff8273e         5   func ,g         1
  __Timer1_Stop
                                  fff82743         5   func ,g         0
FILE=.\src\Modules\UART.obj
                                  fff82748  fff8276c        25
  _UART1_Activate
                                  fff82748         5   func ,g         1
  _UART1_GetRecievedData
                                  fff8274d        10   func ,g         1
  _UART1_TransmitData
                                  fff8275d        10   func ,g         0
FILE=.\src\DataConverter.obj
                                  fff8276d  fff8283e        d2
  IntParse(unsigned char)
                                  fff8276d        53   func ,l         1
  _StringToWORD
                                  fff827c0        45   func ,g         1
  _BitsToFloat
                                  fff82805        3a   func ,g         1
FILE=cppinit
                                  fff8283f  fff8285e        20
  __CALL_INIT
                                  fff8283f        1c   func ,g         1
  __CALL_END
                                  fff8285b         4   func ,g         1
FILE=__initsct
                                  fff8285f  fff828a8        4a
  __INITSCT
                                  fff8285f         0   none ,g         1
  loop1
                                  fff82871         0   none ,l         1
  next_loop1
                                  fff8287f         0   none ,l         2
  loop3
                                  fff82891         0   none ,l         1
  next_loop3
                                  fff828a2         0   none ,l         2
FILE=static_init
                                  fff828a9  fff8290e        66
  __call_dtors()
                                  fff828a9        66   func ,g         1
FILE=dtor_list
                                  fff8290f  fff82959        4b
  __process_needed_destructions()
                                  fff8290f        26   func ,g         2
  ___already_marked_for_destruction
                                  fff82935         6   func ,g         1
  ___record_needed_destruction
                                  fff8293b        1d   func ,g         0
  ___std__needed_destruction_list
                                  fff82958         2   func ,g         0
FILE=error
                                  fff8295a  fff8295d         4
  ___abort_execution
                                  fff8295a         4   func ,g         1

SECTION=FIXEDVECT
FILE=.\src\Modules\micon\vector_table.obj
                                  ffffff80  ffffffff        80
  _Fixed_Vectors
                                  ffffff80        80   data ,g         0

*** Unfilled Areas ***

AREA                                START    END

*** Delete Symbols ***

SYMBOL                                SIZE    INFO
