Renesas Optimizing Linker (W2.04.00 )             08-Sep-2016 18:14:32

*** Options ***

-subcommand=LinkerSubCommand.tmp
-input="./src/startup/dbsct.obj"
-input="./src/startup/hardware_setup.obj"
-input="./src/startup/reset_program.obj"
-input="./src/startup/sbrk.obj"
-input="./src/matSystem/BatteryCheck.obj"
-input="./src/matSystem/Connecter.obj"
-input="./src/matSystem/Main.obj"
-input="./src/UserApplication/App.obj"
-input="./src/Modules/micon/CMT.obj"
-input="./src/Modules/micon/DAa.obj"
-input="./src/Modules/micon/GPT012.obj"
-input="./src/Modules/micon/GPT46.obj"
-input="./src/Modules/micon/IO.obj"
-input="./src/Modules/micon/S12ADB.obj"
-input="./src/Modules/micon/SCIc.obj"
-input="./src/Modules/micon/interrupt_handlers.obj"
-input="./src/Modules/micon/vector_table.obj"
-input="./src/Modules/AnalogIN.obj"
-input="./src/Modules/AnalogOUT.obj"
-input="./src/Modules/Battery.obj"
-input="./src/Modules/Bluetooth.obj"
-input="./src/Modules/Buzzer.obj"
-input="./src/Modules/DataLogger.obj"
-input="./src/Modules/LED.obj"
-input="./src/Modules/Motor.obj"
-input="./src/Modules/Servo.obj"
-input="./src/Modules/Timer.obj"
-input="./src/Modules/UART.obj"
-input="./src/DataConverter.obj"
-start=SU,SI,B_1,R_1,B_2,R_2,B,R/04,PResetPRG,C_1,C_2,C,C$*,D*,W*,L,PIntPRG,P/0FFF80000,FIXEDVECT/0FFFFFF80
-library=C:\Users\MATSUT~1\DOCUME~1\GitHub\ROBOTC~1\HARDWA~2\RobotCore1Framework.lib
-list=RobotCore1Framework.map
-show
-nooptimize
-debug
-output=C:\Users\Matsutomo2\Documents\GitHub\RobotCore1Frameware\HardwareDebug\RobotCore1Framework.abs
-rom=D=R,D_1=R_1,D_2=R_2
-nocompress
-nomessage
-nologo

*** Error information ***

*** Mapping List ***

SECTION                            START      END         SIZE   ALIGN

SU
                                  00000004  00000103       100   4
SI
                                  00000104  00000403       300   4
B_1
                                  00000404  00001651      124e   1
R_1
                                  00001652  0000165c         b   1
B_2
                                  0000165e  0000166b         e   2
R_2
                                  0000166c  0000169d        32   2
B
                                  000016a0  00005b6b      44cc   4
R
                                  00005b6c  00005bbb        50   4
PResetPRG
                                  fff80000  fff80038        39   1
C_1
                                  fff80039  fff80039         0   1
C_2
                                  fff80039  fff80039         0   1
C
                                  fff8003c  fff8006f        34   4
C$DSEC
                                  fff80070  fff80093        24   4
C$BSEC
                                  fff80094  fff800ab        18   4
C$INIT
                                  fff800ac  fff800ac         0   1
C$VECT
                                  fff800ac  fff804ab       400   4
C$VTBL
                                  fff804ac  fff804ac         0   1
D
                                  fff804ac  fff804fb        50   4
D_1
                                  fff804fc  fff80506         b   1
D_2
                                  fff80508  fff80539        32   2
W
                                  fff8053c  fff8053c         0   4
W_1
                                  fff8053c  fff8054b        10   1
W_2
                                  fff8054c  fff8054c         0   2
L
                                  fff8054c  fff80581        36   4
PIntPRG
                                  fff80582  fff806de       15d   1
P
                                  fff806df  fff83579      2e9b   1
FIXEDVECT
                                  ffffff80  ffffffff        80   4

*** Symbol List ***

SECTION=
FILE=                               START        END    SIZE
  SYMBOL                            ADDR        SIZE    INFO      COUNTS  OPT

SECTION=SU
FILE=.\src\startup\reset_program.obj
                                  00000004  00000103       100

SECTION=SI
FILE=.\src\startup\reset_program.obj
                                  00000104  00000403       300

SECTION=B_1
FILE=.\src\matSystem\Connecter.obj
                                  00000404  00000c43       840
  _line
                                  00000404        40   data ,g         a
  _TransmitDataBufferA
                                  00000444       400   data ,g         3
  _TransmitDataBufferB
                                  00000844       400   data ,g         3
FILE=.\src\Modules\micon\SCIc.obj
                                  00000c44  00001643       a00
  _uart1_bufR_A
                                  00000c44       400   data ,g         2
  _uart1_bufR_B
                                  00001044       400   data ,g         2
  _uart0_bufR_A
                                  00001444       100   data ,g         2
  _uart0_bufR_B
                                  00001544       100   data ,g         2
FILE=.\src\Modules\Motor.obj
                                  00001644  00001649         6
  _direction
                                  00001644         6   data ,g        12
FILE=.\src\DataConverter.obj
                                  0000164a  00001651         8
  _bytes
                                  0000164a         4   data ,g         5
  _intBytes
                                  0000164e         4   data ,g         5

SECTION=R_1
FILE=.\src\matSystem\Connecter.obj
                                  00001652  00001655         4
  _line_index
                                  00001652         1   data ,g         5
  _BufferA_Count
                                  00001653         1   data ,g         7
  _BufferB_Count
                                  00001654         1   data ,g         7
  _BufferAisSelected
                                  00001655         1   data ,g         5
FILE=.\src\Modules\micon\SCIc.obj
                                  00001656  00001659         4
  _flag_RXI0
                                  00001656         1   data ,g         0
  _flag_TXI0
                                  00001657         1   data ,g         0
  _uart1_bufSelect
                                  00001658         1   data ,g         3
  _uart0_bufSelect
                                  00001659         1   data ,g         3
FILE=.\src\Modules\Bluetooth.obj
                                  0000165a  0000165a         1
  _i
                                  0000165a         1   data ,g         8
FILE=.\src\Modules\DataLogger.obj
                                  0000165b  0000165b         1
  _log1_count
                                  0000165b         1   data ,g         3
FILE=.\src\Modules\Motor.obj
                                  0000165c  0000165c         1
  _motor1_DutyIn_HardwarePortAdress
                                  0000165c         1   data ,g         3

SECTION=B_2
FILE=.\src\Modules\micon\S12ADB.obj
                                  0000165e  0000166b         e
  _values
                                  0000165e         6   data ,g         4
  _values1
                                  00001664         8   data ,g         5

SECTION=R_2
FILE=.\src\Modules\micon\SCIc.obj
                                  0000166c  0000167b        10
  _uart1_bufR_index_A
                                  0000166c         2   data ,g         4
  _uart1_bufR_index_B
                                  0000166e         2   data ,g         4
  _uart1_bufT_index
                                  00001670         2   data ,g         6
  _uart1_bufT_maxCount
                                  00001672         2   data ,g         5
  _uart0_bufR_index_A
                                  00001674         2   data ,g         4
  _uart0_bufR_index_B
                                  00001676         2   data ,g         4
  _uart0_bufT_index
                                  00001678         2   data ,g         6
  _uart0_bufT_maxCount
                                  0000167a         2   data ,g         5
FILE=.\src\Modules\Bluetooth.obj
                                  0000167c  0000168b        10
  _orderBuffer
                                  0000167c        10   data ,g         9
FILE=.\src\Modules\Buzzer.obj
                                  0000168c  00001699         e
  _oneTime
                                  0000168c         2   data ,g         6
  _stepUp
                                  0000168e         2   data ,g         6
  _stepDown
                                  00001690         2   data ,g         6
  _siren1
                                  00001692         2   data ,g         7
  _siren1Fq
                                  00001694         2   data ,g         4
  _siren2
                                  00001696         2   data ,g         6
  _siren2Fq
                                  00001698         2   data ,g         4
FILE=.\src\Modules\DataLogger.obj
                                  0000169a  0000169d         4
  _log1_time
                                  0000169a         2   data ,g         2
  _log1_index
                                  0000169c         2   data ,g         5

SECTION=B
FILE=.\src\startup\sbrk.obj
                                  000016a0  00001a9f       400
  _heap_area
                                  000016a0       400   data ,l         2
FILE=.\src\matSystem\Connecter.obj
                                  00001aa0  00001b23        84
  _uart1RecievedData
                                  00001aa0         4   data ,g         2
  _Inputs
                                  00001aa4        80   data ,g         2
FILE=.\src\Modules\micon\CMT.obj
                                  00001b24  00001b27         4
  _callback1
                                  00001b24         4   data ,g         2
FILE=.\src\Modules\micon\SCIc.obj
                                  00001b28  00001b2f         8
  _uart1_bufT
                                  00001b28         4   data ,g         3
  _uart0_bufT
                                  00001b2c         4   data ,g         3
FILE=.\src\Modules\Bluetooth.obj
                                  00001b30  00001b37         8
  _bluetoothRecievedData
                                  00001b30         4   data ,g         4
  _Callback
                                  00001b34         4   data ,g         2
FILE=.\src\Modules\DataLogger.obj
                                  00001b38  00005b37      4000
  _log1
                                  00001b38      4000   data ,g         2
FILE=.\src\Modules\Motor.obj
                                  00005b38  00005b67        30
  _trgDuty
                                  00005b38        18   data ,g        13
  _actualDuty
                                  00005b50        18   data ,g        16
FILE=dtor_list
                                  00005b68  00005b6b         4
  _needed_destruction_head
                                  00005b68         4   data ,l         2

SECTION=R
FILE=.\src\startup\sbrk.obj
                                  00005b6c  00005b6f         4
  _brk
                                  00005b6c         4   data ,l         3
FILE=.\src\Modules\Bluetooth.obj
                                  00005b70  00005b73         4
  _commandOut_State
                                  00005b70         4   data ,g         3
FILE=.\src\Modules\DataLogger.obj
                                  00005b74  00005b77         4
  _log1_isLoging
                                  00005b74         4   data ,g         4
FILE=.\src\Modules\Motor.obj
                                  00005b78  00005ba7        30
  _motor1_DutyIn_State
                                  00005b78         4   data ,g         2
  _motor2_DutyIn_State
                                  00005b7c         4   data ,g         2
  _motor3_DutyIn_State
                                  00005b80         4   data ,g         2
  _motor4_DutyIn_State
                                  00005b84         4   data ,g         2
  _motor5_DutyIn_State
                                  00005b88         4   data ,g         2
  _motor6_DutyIn_State
                                  00005b8c         4   data ,g         2
  _motor1_DutyOut_State
                                  00005b90         4   data ,g         3
  _motor2_DutyOut_State
                                  00005b94         4   data ,g         3
  _motor3_DutyOut_State
                                  00005b98         4   data ,g         3
  _motor4_DutyOut_State
                                  00005b9c         4   data ,g         3
  _motor5_DutyOut_State
                                  00005ba0         4   data ,g         3
  _motor6_DutyOut_State
                                  00005ba4         4   data ,g         3
FILE=static_init
                                  00005ba8  00005baf         8
  _use_patch_info
                                  00005ba8         4   data ,l         1
  _dtors_done$1
                                  00005bac         4   data ,l         1
FILE=munch_dtors
                                  00005bb0  00005bb3         4
  __dtors
                                  00005bb0         4   data ,g         1
FILE=vars
                                  00005bb4  00005bbb         8
  __new_handler
                                  00005bb4         4   data ,g         0
  ___head
                                  00005bb8         4   data ,g         1

SECTION=PResetPRG
FILE=.\src\startup\reset_program.obj
                                  fff80000  fff80038        39
  _PowerON_Reset_PC
                                  fff80000        39   entry,g         1

SECTION=C
FILE=.\src\startup\dbsct.obj
                                  fff8003c  fff8006f        34
  __CTBL
                                  fff8003c        34   data ,g         0

SECTION=C$DSEC
FILE=.\src\startup\dbsct.obj
                                  fff80070  fff80093        24
  __DTBL
                                  fff80070        24   data ,g         0

SECTION=C$BSEC
FILE=.\src\startup\dbsct.obj
                                  fff80094  fff800ab        18
  __BTBL
                                  fff80094        18   data ,g         0

SECTION=C$VECT
FILE=.\src\startup\dbsct.obj
                                  fff800ac  fff804ab       400

SECTION=D
FILE=.\src\startup\sbrk.obj
                                  fff804ac  fff804af         4
FILE=.\src\Modules\Bluetooth.obj
                                  fff804b0  fff804b3         4
FILE=.\src\Modules\DataLogger.obj
                                  fff804b4  fff804b7         4
FILE=.\src\Modules\Motor.obj
                                  fff804b8  fff804e7        30
FILE=static_init
                                  fff804e8  fff804ef         8
FILE=munch_dtors
                                  fff804f0  fff804f3         4
FILE=vars
                                  fff804f4  fff804fb         8

SECTION=D_1
FILE=.\src\matSystem\Connecter.obj
                                  fff804fc  fff804ff         4
FILE=.\src\Modules\micon\SCIc.obj
                                  fff80500  fff80503         4
FILE=.\src\Modules\Bluetooth.obj
                                  fff80504  fff80504         1
FILE=.\src\Modules\DataLogger.obj
                                  fff80505  fff80505         1
FILE=.\src\Modules\Motor.obj
                                  fff80506  fff80506         1

SECTION=D_2
FILE=.\src\Modules\micon\SCIc.obj
                                  fff80508  fff80517        10
FILE=.\src\Modules\Bluetooth.obj
                                  fff80518  fff80527        10
FILE=.\src\Modules\Buzzer.obj
                                  fff80528  fff80535         e
FILE=.\src\Modules\DataLogger.obj
                                  fff80536  fff80539         4

SECTION=W_1
FILE=.\src\Modules\Motor.obj
                                  fff8053c  fff80541         6
FILE=.\src\DataConverter.obj
                                  fff80542  fff8054b         a

SECTION=L
FILE=.\src\matSystem\Connecter.obj
                                  fff8054c  fff8054d         2
FILE=.\src\Modules\Bluetooth.obj
                                  fff80550  fff80556         7
FILE=.\src\Modules\Motor.obj
                                  fff80558  fff80581        2a

SECTION=PIntPRG
FILE=.\src\Modules\micon\interrupt_handlers.obj
                                  fff80582  fff806de       15d
  _Excep_SuperVisorInst
                                  fff80582         2   func ,g         1
  _Excep_AccessInst
                                  fff80584         2   func ,g         1
  _Excep_UndefinedInst
                                  fff80586         2   func ,g         1
  _Excep_FloatingPoint
                                  fff80588         2   func ,g         1
  _NonMaskableInterrupt
                                  fff8058a         2   func ,g         1
  _Dummy
                                  fff8058c         2   func ,g        13
  _Excep_BRK
                                  fff8058e         f   func ,g         0
  _Excep_BSC_BUSERR
                                  fff8059d         2   func ,g         0
  _Excep_FCU_FIFERR
                                  fff8059f         2   func ,g         0
  _Excep_FCU_FRDYI
                                  fff805a1         2   func ,g         0
  _Excep_ICU_SWINT
                                  fff805a3         2   func ,g         0
  _Excep_CMT1_CMI1
                                  fff805a5         2   func ,g         0
  _Excep_CMT2_CMI2
                                  fff805a7         2   func ,g         0
  _Excep_CMT3_CMI3
                                  fff805a9         2   func ,g         0
  _Excep_USB0_D0FIFO0
                                  fff805ab         2   func ,g         0
  _Excep_USB0_D1FIFO0
                                  fff805ad         2   func ,g         0
  _Excep_USB0_USBI0
                                  fff805af         2   func ,g         0
  _Excep_CAC_FERRF
                                  fff805b1         2   func ,g         0
  _Excep_CAC_MENDF
                                  fff805b3         2   func ,g         0
  _Excep_CAC_OVFF
                                  fff805b5         2   func ,g         0
  _Excep_RSPI0_SPRI0
                                  fff805b7         2   func ,g         0
  _Excep_RSPI0_SPTI0
                                  fff805b9         2   func ,g         0
  _Excep_RSPI0_SPII0
                                  fff805bb         2   func ,g         0
  _Excep_RSPI1_SPRI1
                                  fff805bd         2   func ,g         0
  _Excep_RSPI1_SPTI1
                                  fff805bf         2   func ,g         0
  _Excep_RSPI1_SPII1
                                  fff805c1         2   func ,g         0
  _Excep_CAN1_RXF1
                                  fff805c3         2   func ,g         0
  _Excep_CAN1_TXF1
                                  fff805c5         2   func ,g         0
  _Excep_CAN1_RXM1
                                  fff805c7         2   func ,g         0
  _Excep_CAN1_TXM1
                                  fff805c9         2   func ,g         0
  _Excep_GPT7_GTCIA7
                                  fff805cb         2   func ,g         0
  _Excep_GPT7_GTCIB7
                                  fff805cd         2   func ,g         0
  _Excep_GPT7_GTCIC7
                                  fff805cf         2   func ,g         0
  _Excep_GPT7_GTCIE7
                                  fff805d1         2   func ,g         0
  _Excep_GPT7_GTCIV7
                                  fff805d3         2   func ,g         0
  _Excep_CMP_CMP4
                                  fff805d5         2   func ,g         0
  _Excep_CMP_CMP5
                                  fff805d7         2   func ,g         0
  _Excep_CMP_CMP6
                                  fff805d9         2   func ,g         0
  _Excep_DOC_DOPCF
                                  fff805db         2   func ,g         0
  _Excep_DPC_RBI0
                                  fff805dd         2   func ,g         0
  _Excep_DPC_RBI1
                                  fff805df         2   func ,g         0
  _Excep_DPC_RBI2
                                  fff805e1         2   func ,g         0
  _Excep_DPC_RBI3
                                  fff805e3         2   func ,g         0
  _Excep_DPC_RBI4
                                  fff805e5         2   func ,g         0
  _Excep_ICU_IRQ0
                                  fff805e7         2   func ,g         0
  _Excep_ICU_IRQ1
                                  fff805e9         2   func ,g         0
  _Excep_ICU_IRQ2
                                  fff805eb         2   func ,g         0
  _Excep_ICU_IRQ3
                                  fff805ed         2   func ,g         0
  _Excep_ICU_IRQ4
                                  fff805ef         2   func ,g         0
  _Excep_ICU_IRQ5
                                  fff805f1         2   func ,g         0
  _Excep_ICU_IRQ6
                                  fff805f3         2   func ,g         0
  _Excep_ICU_IRQ7
                                  fff805f5         2   func ,g         0
  _Excep_USB_USBR0
                                  fff805f7         2   func ,g         0
  _Excep_AD_ADI0
                                  fff805f9         2   func ,g         0
  _Excep_S12AD_S12GBADI
                                  fff805fb         2   func ,g         0
  _Excep_S12AD1_S12GBADI1
                                  fff805fd         2   func ,g         0
  _Excep_ICU_GROUP0
                                  fff805ff         2   func ,g         0
  _Excep_ICU_GROUP12
                                  fff80601         2   func ,g         0
  _Excep_SCI12_SCIX0
                                  fff80603         2   func ,g         0
  _Excep_SCI12_SCIX1
                                  fff80605         2   func ,g         0
  _Excep_SCI12_SCIX2
                                  fff80607         2   func ,g         0
  _Excep_SCI12_SCIX3
                                  fff80609         2   func ,g         0
  _Excep_MTU0_TGIA0
                                  fff8060b         2   func ,g         0
  _Excep_MTU0_TGIB0
                                  fff8060d         2   func ,g         0
  _Excep_MTU0_TGIC0
                                  fff8060f         2   func ,g         0
  _Excep_MTU0_TGID0
                                  fff80611         2   func ,g         0
  _Excep_MTU0_TCIV0
                                  fff80613         2   func ,g         0
  _Excep_MTU0_TGIE0
                                  fff80615         2   func ,g         0
  _Excep_MTU0_TGIF0
                                  fff80617         2   func ,g         0
  _Excep_MTU1_TGIA1
                                  fff80619         2   func ,g         0
  _Excep_MTU1_TGIB1
                                  fff8061b         2   func ,g         0
  _Excep_MTU1_TCIV1
                                  fff8061d         2   func ,g         0
  _Excep_MTU1_TCIU1
                                  fff8061f         2   func ,g         0
  _Excep_MTU2_TGIA2
                                  fff80621         2   func ,g         0
  _Excep_MTU2_TGIB2
                                  fff80623         2   func ,g         0
  _Excep_MTU2_TCIV2
                                  fff80625         2   func ,g         0
  _Excep_MTU2_TCIU2
                                  fff80627         2   func ,g         0
  _Excep_MTU3_TGIA3
                                  fff80629         2   func ,g         0
  _Excep_MTU3_TGIB3
                                  fff8062b         2   func ,g         0
  _Excep_MTU3_TGIC3
                                  fff8062d         2   func ,g         0
  _Excep_MTU3_TGID3
                                  fff8062f         2   func ,g         0
  _Excep_MTU3_TCIV3
                                  fff80631         2   func ,g         0
  _Excep_MTU4_TGIA4
                                  fff80633         2   func ,g         0
  _Excep_MTU4_TGIB4
                                  fff80635         2   func ,g         0
  _Excep_MTU4_TGIC4
                                  fff80637         2   func ,g         0
  _Excep_MTU4_TGID4
                                  fff80639         2   func ,g         0
  _Excep_MTU4_TCIV4
                                  fff8063b         2   func ,g         0
  _Excep_MTU5_TGIU5
                                  fff8063d         2   func ,g         0
  _Excep_MTU5_TGIV5
                                  fff8063f         2   func ,g         0
  _Excep_MTU5_TGIW5
                                  fff80641         2   func ,g         0
  _Excep_MTU6_TGIA6
                                  fff80643         2   func ,g         0
  _Excep_MTU6_TGIB6
                                  fff80645         2   func ,g         0
  _Excep_MTU6_TGIC6
                                  fff80647         2   func ,g         0
  _Excep_MTU6_TGID6
                                  fff80649         2   func ,g         0
  _Excep_MTU6_TCIV6
                                  fff8064b         2   func ,g         0
  _Excep_MTU7_TGIA7
                                  fff8064d         2   func ,g         0
  _Excep_MTU7_TGIB7
                                  fff8064f         2   func ,g         0
  _Excep_MTU7_TGIC7
                                  fff80651         2   func ,g         0
  _Excep_MTU7_TGID7
                                  fff80653         2   func ,g         0
  _Excep_MTU7_TCIV7
                                  fff80655         2   func ,g         0
  _Excep_POE_OEI1
                                  fff80657         2   func ,g         0
  _Excep_POE_OEI2
                                  fff80659         2   func ,g         0
  _Excep_POE_OEI3
                                  fff8065b         2   func ,g         0
  _Excep_POE_OEI4
                                  fff8065d         2   func ,g         0
  _Excep_POE_OEI5
                                  fff8065f         2   func ,g         0
  _Excep_CMP_CMP0
                                  fff80661         2   func ,g         0
  _Excep_CMP_CMP1
                                  fff80663         2   func ,g         0
  _Excep_CMP_CMP2
                                  fff80665         2   func ,g         0
  _Excep_GPT4_GTCIA4
                                  fff80667         2   func ,g         0
  _Excep_GPT4_GTCIB4
                                  fff80669         2   func ,g         0
  _Excep_GPT4_GTCIC4
                                  fff8066b         2   func ,g         0
  _Excep_GPT4_GTCIE4
                                  fff8066d         2   func ,g         0
  _Excep_GPT4_GTCIV4
                                  fff8066f         2   func ,g         0
  _Excep_GPT4_LOCOI4
                                  fff80671         2   func ,g         0
  _Excep_GPT5_GTCIA5
                                  fff80673         2   func ,g         0
  _Excep_GPT5_GTCIB5
                                  fff80675         2   func ,g         0
  _Excep_GPT5_GTCIC5
                                  fff80677         2   func ,g         0
  _Excep_GPT5_GTCIE5
                                  fff80679         2   func ,g         0
  _Excep_GPT5_GTCIV5
                                  fff8067b         2   func ,g         0
  _Excep_GPT6_GTCIA6
                                  fff8067d         2   func ,g         0
  _Excep_GPT6_GTCIB6
                                  fff8067f         2   func ,g         0
  _Excep_GPT6_GTCIC6
                                  fff80681         2   func ,g         0
  _Excep_GPT6_GTCIE6
                                  fff80683         2   func ,g         0
  _Excep_GPT6_GTCIV6
                                  fff80685         2   func ,g         0
  _Excep_RIIC1_EEI1
                                  fff80687         2   func ,g         0
  _Excep_RIIC1_RXI1
                                  fff80689         2   func ,g         0
  _Excep_RIIC1_TXI1
                                  fff8068b         2   func ,g         0
  _Excep_RIIC1_TEI1
                                  fff8068d         2   func ,g         0
  _Excep_RIIC0_EEI0
                                  fff8068f         2   func ,g         0
  _Excep_RIIC0_RXI0
                                  fff80691         2   func ,g         0
  _Excep_RIIC0_TXI0
                                  fff80693         2   func ,g         0
  _Excep_RIIC0_TEI0
                                  fff80695         2   func ,g         0
  _Excep_DMAC_DMAC0I
                                  fff80697         2   func ,g         0
  _Excep_DMAC_DMAC1I
                                  fff80699         2   func ,g         0
  _Excep_DMAC_DMAC2I
                                  fff8069b         2   func ,g         0
  _Excep_DMAC_DMAC3I
                                  fff8069d         2   func ,g         0
  _Excep_SCI0_TEI0
                                  fff8069f         2   func ,g         0
  _Excep_SCI1_TEI1
                                  fff806a1         2   func ,g         0
  _Excep_SCI2_RXI2
                                  fff806a3         2   func ,g         0
  _Excep_SCI2_TXI2
                                  fff806a5         2   func ,g         0
  _Excep_SCI2_TEI2
                                  fff806a7         2   func ,g         0
  _Excep_SCI3_RXI3
                                  fff806a9         2   func ,g         0
  _Excep_SCI3_TXI3
                                  fff806ab         2   func ,g         0
  _Excep_SCI3_TEI3
                                  fff806ad         2   func ,g         0
  _Excep_GPT0_GTCIA0
                                  fff806af         2   func ,g         0
  _Excep_GPT0_GTCIB0
                                  fff806b1         2   func ,g         0
  _Excep_GPT0_GTCIC0
                                  fff806b3         2   func ,g         0
  _Excep_GPT0_GTCIE0
                                  fff806b5         2   func ,g         0
  _Excep_GPT0_GTCIV0
                                  fff806b7         2   func ,g         0
  _Excep_GPT0_LOCOI0
                                  fff806b9         2   func ,g         0
  _Excep_GPT1_GTCIA1
                                  fff806bb         2   func ,g         0
  _Excep_GPT1_GTCIB1
                                  fff806bd         2   func ,g         0
  _Excep_GPT1_GTCIC1
                                  fff806bf         2   func ,g         0
  _Excep_GPT1_GTCIE1
                                  fff806c1         2   func ,g         0
  _Excep_GPT1_GTCIV1
                                  fff806c3         2   func ,g         0
  _Excep_GPT2_GTCIA2
                                  fff806c5         2   func ,g         0
  _Excep_GPT2_GTCIB2
                                  fff806c7         2   func ,g         0
  _Excep_GPT2_GTCIC2
                                  fff806c9         2   func ,g         0
  _Excep_GPT2_GTCIE2
                                  fff806cb         2   func ,g         0
  _Excep_GPT2_GTCIV2
                                  fff806cd         2   func ,g         0
  _Excep_GPT3_GTCIA3
                                  fff806cf         2   func ,g         0
  _Excep_GPT3_GTCIB3
                                  fff806d1         2   func ,g         0
  _Excep_GPT3_GTCIC3
                                  fff806d3         2   func ,g         0
  _Excep_GPT3_GTCIE3
                                  fff806d5         2   func ,g         0
  _Excep_GPT3_GTCIV3
                                  fff806d7         2   func ,g         0
  _Excep_SCI12_RXI12
                                  fff806d9         2   func ,g         0
  _Excep_SCI12_TXI12
                                  fff806db         2   func ,g         0
  _Excep_SCI12_TEI12
                                  fff806dd         2   func ,g         0

SECTION=P
FILE=.\src\startup\hardware_setup.obj
                                  fff806df  fff80846       168
  _HardwareSetup
                                  fff806df        a3   func ,g         1
  _wait
                                  fff80782        c5   func ,g         2
FILE=.\src\startup\sbrk.obj
                                  fff80847  fff80882        3c
  _sbrk
                                  fff80847        3c   func ,g         0
FILE=.\src\matSystem\BatteryCheck.obj
                                  fff80883  fff808f1        6f
  BatteryCheck()
                                  fff80883        6f   func ,g         1
FILE=.\src\matSystem\Connecter.obj
                                  fff808f2  fff80c9f       3ae
  __Connecter_Activate
                                  fff808f2         5   func ,g         1
  __Connecter_Recieve
                                  fff808f7        72   func ,g         1
  __Connecter_Transmit
                                  fff80969        6f   func ,g         1
  _Decipher
                                  fff809d8       150   func ,l         1
  _Connecter_Send
                                  fff80b28        7d   func ,g         7
  _Connecter_SendFloat
                                  fff80ba5        6d   func ,g         c
  _Connecter_SendInt
                                  fff80c12        27   func ,g         0
  _Execute
                                  fff80c39        3d   func ,l         1
  _Connecter_InputToHardwarePort
                                  fff80c76        17   func ,g         1
  _Connecter_RegistHardwarePort
                                  fff80c8d        13   func ,g         1
FILE=.\src\matSystem\Main.obj
                                  fff80ca0  fff80cf0        51
  _main
                                  fff80ca0        2f   func ,g         1
  Timer1_Caooback()
                                  fff80ccf        21   func ,l         1
  _abort
                                  fff80cf0         1   func ,g         1
FILE=.\src\UserApplication\App.obj
                                  fff80cf1  fff80e4d       15d
  _Initialize
                                  fff80cf1        2b   func ,g         1
  _MainLoop
                                  fff80d1c         1   func ,g         1
  BluetoothCallback(DUALSHOCK3)
                                  fff80d1d       131   func ,l         1
FILE=.\src\Modules\micon\CMT.obj
                                  fff80e4e  fff80f0d        c0
  _CMT_init
                                  fff80e4e        2d   func ,g         1
  _CMT0_Set
                                  fff80e7b        5d   func ,g         4
  _CMT0_Start
                                  fff80ed8         c   func ,g         1
  _Excep_CMT0_CMI0
                                  fff80ee4        1b   func ,g         0
  _CMT0_Stop
                                  fff80eff         f   func ,g         1
FILE=.\src\Modules\micon\DAa.obj
                                  fff80f0e  fff80f7c        6f
  _DAa_init
                                  fff80f0e        55   func ,g         1
  _DA0_SetValue
                                  fff80f63         d   func ,g         1
  _DA1_SetValue
                                  fff80f70         d   func ,g         1
FILE=.\src\Modules\micon\GPT012.obj
                                  fff80f7d  fff81326       3aa
  _GPT012_init
                                  fff80f7d       2c0   func ,g         1
  _PWM_M1_set
                                  fff8123d        27   func ,g         1
  _PWM_M2_set
                                  fff81264        27   func ,g         1
  _PWM_M3_set
                                  fff8128b        27   func ,g         1
  _PWM_M4_set
                                  fff812b2        27   func ,g         1
  _PWM_M5_set
                                  fff812d9        27   func ,g         1
  _PWM_M6_set
                                  fff81300        27   func ,g         1
FILE=.\src\Modules\micon\GPT46.obj
                                  fff81327  fff8155e       238
  _GPT46_init
                                  fff81327       167   func ,g         1
  _PWM1_set
                                  fff8148e        4e   func ,g         2
  _PWM1_On
                                  fff814dc         c   func ,g         2
  _PWM1_Off
                                  fff814e8         f   func ,g         0
  _BUZZER_set
                                  fff814f7        4e   func ,g         c
  _BUZZER_On
                                  fff81545         c   func ,g         8
  _BUZZER_Off
                                  fff81551         e   func ,g         6
FILE=.\src\Modules\micon\IO.obj
                                  fff8155f  fff81754       1f6
  _IO_LED_init
                                  fff8155f         9   func ,g         1
  _LED_STATUS_R
                                  fff81568        19   func ,g         2
  _LED_STATUS_G
                                  fff81581        19   func ,g         2
  _LED_STATUS_B
                                  fff8159a        19   func ,g         2
  _LED_INFO
                                  fff815b3        18   func ,g         2
  _LED_ERROR
                                  fff815cb        18   func ,g         4
  _IO_Motor_Init
                                  fff815e3        26   func ,g         1
  _ALERT
                                  fff81609        13   func ,g         0
  _STBY
                                  fff8161c        19   func ,g         2
  _Motor1_MODE
                                  fff81635        30   func ,g         4
  _Motor2_MODE
                                  fff81665        2e   func ,g         4
  _Motor3_MODE
                                  fff81693        32   func ,g         4
  _Motor4_MODE
                                  fff816c5        31   func ,g         4
  _Motor5_MODE
                                  fff816f6        30   func ,g         4
  _Motor6_MODE
                                  fff81726        2f   func ,g         4
FILE=.\src\Modules\micon\S12ADB.obj
                                  fff81755  fff819bb       267
  _S12AD_init
                                  fff81755        ad   func ,g         1
  _S12AD_Sample
                                  fff81802        1f   func ,g         1
  _Excep_S12AD_S12ADI
                                  fff81821        38   func ,g         0
  _S12ADB_GetVoltage
                                  fff81859        24   func ,g         3
  _S12AD1_init
                                  fff8187d        b5   func ,g         1
  _S12AD1_Sample
                                  fff81932        1f   func ,g         1
  _Excep_S12AD1_S12ADI1
                                  fff81951        47   func ,g         0
  _S12AD1_GetVoltage
                                  fff81998        24   func ,g         1
FILE=.\src\Modules\micon\SCIc.obj
                                  fff819bc  fff82012       657
  _uart1_init
                                  fff819bc        d1   func ,g         1
  _uart1_read
                                  fff81a8d        61   func ,g         1
  _uart1_send
                                  fff81aee        53   func ,g         1
  _Excep_SCI1_RXI1
                                  fff81b41        c8   func ,g         0
  _Excep_SCI1_TXI1
                                  fff81c09        6c   func ,g         0
  _uart1_set
                                  fff81c75        5f   func ,l         2
  _uart1_clear_errorFlag
                                  fff81cd4        16   func ,l         2
  _uart0_init
                                  fff81cea        cc   func ,g         2
  _uart0_read
                                  fff81db6        61   func ,g         2
  _uart0_send
                                  fff81e17        53   func ,g         1
  _Excep_SCI0_RXI0
                                  fff81e6a        c8   func ,g         0
  _Excep_SCI0_TXI0
                                  fff81f32        6c   func ,g         0
  _uart0_set
                                  fff81f9e        5f   func ,l         2
  _uart0_clear_errorFlag
                                  fff81ffd        16   func ,l         2
FILE=.\src\Modules\AnalogIN.obj
                                  fff82013  fff82040        2e
  _AnalogIN_Activate
                                  fff82013         5   func ,g         1
  _AnalogIN_Sample
                                  fff82018         5   func ,g         0
  _AnalogIN_GetVoltage
                                  fff8201d        24   func ,g         0
FILE=.\src\Modules\AnalogOUT.obj
                                  fff82041  fff82095        55
  _AnalogOUT_Activate
                                  fff82041         5   func ,g         1
  _AnalogOUT1_SetVoltage
                                  fff82046        28   func ,g         0
  _AnalogOUT2_SetVoltage
                                  fff8206e        28   func ,g         0
FILE=.\src\Modules\Battery.obj
                                  fff82096  fff820f9        64
  __Battery_Activate
                                  fff82096         5   func ,g         1
  __Battery_Sample
                                  fff8209b         5   func ,g         1
  __Battery_GetVoltage1
                                  fff820a0        1e   func ,g         1
  __Battery_GetVoltage2
                                  fff820be        1e   func ,g         2
  __Battery_GetVoltage3
                                  fff820dc        1e   func ,g         2
FILE=.\src\Modules\Bluetooth.obj
                                  fff820fa  fff822e6       1ed
  _Bluetooth_Activate
                                  fff820fa        12   func ,g         1
  __Bluetooth_Loop
                                  fff8210c       150   func ,g         1
  _Bluetooth_CommandOut
                                  fff8225c        5d   func ,l         1
  __Bluetooth_Do
                                  fff822b9        2e   func ,g         1
FILE=.\src\Modules\Buzzer.obj
                                  fff822e7  fff825e3       2fd
  _Buzzer_Activate
                                  fff822e7         5   func ,g         1
  __Buzzer_Loop
                                  fff822ec       1ad   func ,g         1
  _Buzzer_On
                                  fff82499        13   func ,g         0
  _Buzzer_Off
                                  fff824ac        5d   func ,g         0
  _Buzzer_OneTime
                                  fff82509        36   func ,g         1
  _Buzzer_StepUp
                                  fff8253f        29   func ,g         1
  _Buzzer_StepDown
                                  fff82568        29   func ,g         1
  _Buzzer_Siren1
                                  fff82591        29   func ,g         1
  _Buzzer_Siren2
                                  fff825ba        2a   func ,g         2
FILE=.\src\Modules\DataLogger.obj
                                  fff825e4  fff826e4       101
  _DataLogger_Activate
                                  fff825e4         d   func ,g         1
  __DataLogger_Loop
                                  fff825f1        1a   func ,g         1
  __DataLogger_Do
                                  fff8260b        19   func ,g         0
  _dataLogger1_Do
                                  fff82624         8   func ,l         1
  _DataLogger1_DataIn
                                  fff8262c        94   func ,g         1
  _DataLogger1_LoggingStart
                                  fff826c0        13   func ,g         1
  _DataLogger1_LoggingStop
                                  fff826d3         a   func ,g         2
  _DataLogger_Log
                                  fff826dd         8   func ,g         0
FILE=.\src\Modules\LED.obj
                                  fff826e5  fff8272f        4b
  __LED_Activate
                                  fff826e5         5   func ,g         1
  __LED_R_On
                                  fff826ea         7   func ,g         0
  __LED_G_On
                                  fff826f1         7   func ,g         1
  __LED_B_On
                                  fff826f8         7   func ,g         2
  __LED_Info_On
                                  fff826ff         7   func ,g         1
  __LED_Error_On
                                  fff82706         7   func ,g         2
  __LED_R_Off
                                  fff8270d         7   func ,g         0
  __LED_G_Off
                                  fff82714         7   func ,g         1
  __LED_B_Off
                                  fff8271b         7   func ,g         1
  __LED_Info_Off
                                  fff82722         7   func ,g         1
  __LED_Error_Off
                                  fff82729         7   func ,g         0
FILE=.\src\Modules\Motor.obj
                                  fff82730  fff83187       a58
  _Motor_Activate
                                  fff82730         9   func ,g         1
  _Motor_UnlockSTBY
                                  fff82739         7   func ,g         1
  _Motor_LockSTBY
                                  fff82740         7   func ,g         1
  __Motor_Loop
                                  fff82747       354   func ,g         1
  _Motor1_DutyIn
                                  fff82a9b        47   func ,g         2
  _Motor1_DutyOut
                                  fff82ae2        43   func ,l         1
  _Motor2_DutyIn
                                  fff82b25        49   func ,g         2
  _Motor2_DutyOut
                                  fff82b6e        26   func ,l         1
  _Motor3_DutyIn
                                  fff82b94        49   func ,g         2
  _Motor3_DutyOut
                                  fff82bdd        26   func ,l         1
  _Motor4_DutyIn
                                  fff82c03        49   func ,g         2
  _Motor4_DutyOut
                                  fff82c4c        26   func ,l         1
  _Motor5_DutyIn
                                  fff82c72        49   func ,g         4
  _Motor5_DutyOut
                                  fff82cbb        26   func ,l         1
  _Motor6_DutyIn
                                  fff82ce1        49   func ,g         1
  _Motor6_DutyOut
                                  fff82d2a        26   func ,l         1
  _motor1_SetMode
                                  fff82d50        3e   func ,l         3
  _motor2_SetMode
                                  fff82d8e        3e   func ,l         3
  _motor3_SetMode
                                  fff82dcc        3e   func ,l         3
  _motor4_SetMode
                                  fff82e0a        3e   func ,l         3
  _motor5_SetMode
                                  fff82e48        3e   func ,l         3
  _motor6_SetMode
                                  fff82e86        3e   func ,l         3
  _norm
                                  fff82ec4        42   func ,l         6
  __Motor_Do
                                  fff82f06        54   func ,g         1
  _motor1_Do
                                  fff82f5a        7b   func ,l         1
  _motor2_Do
                                  fff82fd5        57   func ,l         1
  _motor3_Do
                                  fff8302c        57   func ,l         1
  _motor4_Do
                                  fff83083        57   func ,l         1
  _motor5_Do
                                  fff830da        57   func ,l         1
  _motor6_Do
                                  fff83131        57   func ,l         1
FILE=.\src\Modules\Servo.obj
                                  fff83188  fff831d2        4b
  _Servo_Activate
                                  fff83188        12   func ,g         1
  _Servo1_RotationIn
                                  fff8319a        39   func ,g         0
FILE=.\src\Modules\Timer.obj
                                  fff831d3  fff83287        b5
  __Timer_Activate
                                  fff831d3         5   func ,g         1
  __Timer1_Set
                                  fff831d8        a6   func ,g         1
  __Timer1_Start
                                  fff8327e         5   func ,g         1
  __Timer1_Stop
                                  fff83283         5   func ,g         0
FILE=.\src\Modules\UART.obj
                                  fff83288  fff832d1        4a
  __UART1_Activate
                                  fff83288         5   func ,g         1
  __UART1_GetRecievedData
                                  fff8328d        10   func ,g         1
  __UART1_TransmitData
                                  fff8329d        10   func ,g         2
  __UART0_Activate
                                  fff832ad         5   func ,g         0
  __UART0_GetRecievedData
                                  fff832b2        10   func ,g         0
  __UART0_TransmitData
                                  fff832c2        10   func ,g         0
FILE=.\src\DataConverter.obj
                                  fff832d2  fff8345a       189
  IntParse(unsigned char)
                                  fff832d2        53   func ,l         1
  _StringToWORD
                                  fff83325        45   func ,g         1
  _BitsToFloat
                                  fff8336a        3a   func ,g         6
  _BitsToInt
                                  fff833a4        40   func ,g         1
  _FloatToBits
                                  fff833e4        3c   func ,g         1
  _IntToBits
                                  fff83420        3b   func ,g         1
FILE=cppinit
                                  fff8345b  fff8347a        20
  __CALL_INIT
                                  fff8345b        1c   func ,g         1
  __CALL_END
                                  fff83477         4   func ,g         1
FILE=__initsct
                                  fff8347b  fff834c4        4a
  __INITSCT
                                  fff8347b         0   none ,g         1
  loop1
                                  fff8348d         0   none ,l         1
  next_loop1
                                  fff8349b         0   none ,l         2
  loop3
                                  fff834ad         0   none ,l         1
  next_loop3
                                  fff834be         0   none ,l         2
FILE=static_init
                                  fff834c5  fff8352b        67
  __call_dtors()
                                  fff834c5        67   func ,g         1
FILE=dtor_list
                                  fff8352c  fff83575        4a
  __process_needed_destructions()
                                  fff8352c        25   func ,g         2
  ___already_marked_for_destruction
                                  fff83551         6   func ,g         1
  ___record_needed_destruction
                                  fff83557        1d   func ,g         0
  ___std__needed_destruction_list
                                  fff83574         2   func ,g         0
FILE=error
                                  fff83576  fff83579         4
  ___abort_execution
                                  fff83576         4   func ,g         1

SECTION=FIXEDVECT
FILE=.\src\Modules\micon\vector_table.obj
                                  ffffff80  ffffffff        80
  _Fixed_Vectors
                                  ffffff80        80   data ,g         0

*** Unfilled Areas ***

AREA                                START    END

*** Delete Symbols ***

SYMBOL                                SIZE    INFO
