Renesas Optimizing Linker (W2.04.00 )             08-Oct-2016 19:44:49

*** Options ***

-subcommand=LinkerSubCommand.tmp
-input="./src/startup/dbsct.obj"
-input="./src/startup/hardware_setup.obj"
-input="./src/startup/reset_program.obj"
-input="./src/startup/sbrk.obj"
-input="./src/matSystem/BatteryCheck.obj"
-input="./src/matSystem/Connecter.obj"
-input="./src/matSystem/Main.obj"
-input="./src/matSystem/System.obj"
-input="./src/UserApplication/App.obj"
-input="./src/Modules/micon/CMT.obj"
-input="./src/Modules/micon/DAa.obj"
-input="./src/Modules/micon/GPT012.obj"
-input="./src/Modules/micon/GPT456.obj"
-input="./src/Modules/micon/IO.obj"
-input="./src/Modules/micon/S12ADB.obj"
-input="./src/Modules/micon/SCIc.obj"
-input="./src/Modules/micon/interrupt_handlers.obj"
-input="./src/Modules/micon/vector_table.obj"
-input="./src/Modules/AnalogIN.obj"
-input="./src/Modules/AnalogOUT.obj"
-input="./src/Modules/Battery.obj"
-input="./src/Modules/Bluetooth.obj"
-input="./src/Modules/Buzzer.obj"
-input="./src/Modules/DataLogger.obj"
-input="./src/Modules/DigitalIO.obj"
-input="./src/Modules/LED.obj"
-input="./src/Modules/Motor.obj"
-input="./src/Modules/Servo.obj"
-input="./src/Modules/Timer.obj"
-input="./src/Modules/UART.obj"
-input="./src/DataConverter.obj"
-start=SU,SI,B_1,R_1,B_2,R_2,B,R/04,PResetPRG,C_1,C_2,C,C$*,D*,W*,L,PIntPRG,P/0FFF80000,FIXEDVECT/0FFFFFF80
-library=C:\Users\Reiji\DOCUME~1\GitHub\ROBOTC~1\HARDWA~2\RobotCore1Framework.lib
-list=RobotCore1Framework.map
-show
-nooptimize
-debug
-output=C:\Users\Reiji\Documents\GitHub\RobotCore1Frameware\HardwareDebug\RobotCore1Framework.abs
-rom=D=R,D_1=R_1,D_2=R_2
-nocompress
-nomessage
-nologo

*** Error information ***

*** Mapping List ***

SECTION                            START      END         SIZE   ALIGN

SU
                                  00000004  00000103       100   4
SI
                                  00000104  00000403       300   4
B_1
                                  00000404  0000162f      122c   1
R_1
                                  00001630  0000164a        1b   1
B_2
                                  0000164c  00001659         e   2
R_2
                                  0000165a  00001693        3a   2
B
                                  00001694  00005cbf      462c   4
R
                                  00005cc0  00005d9b        dc   4
PResetPRG
                                  fff80000  fff80038        39   1
C_1
                                  fff80039  fff80039         0   1
C_2
                                  fff80039  fff80039         0   1
C
                                  fff8003c  fff8006f        34   4
C$DSEC
                                  fff80070  fff80093        24   4
C$BSEC
                                  fff80094  fff800ab        18   4
C$INIT
                                  fff800ac  fff800ac         0   1
C$VECT
                                  fff800ac  fff804ab       400   4
C$VTBL
                                  fff804ac  fff804ac         0   1
D
                                  fff804ac  fff80587        dc   4
D_1
                                  fff80588  fff805a2        1b   1
D_2
                                  fff805a4  fff805dd        3a   2
W
                                  fff805e0  fff805e0         0   4
W_1
                                  fff805e0  fff805ef        10   1
W_2
                                  fff805f0  fff805f0         0   2
L
                                  fff805f0  fff80631        42   4
PIntPRG
                                  fff80632  fff8078c       15b   1
P
                                  fff8078d  fff84553      3dc7   1
FIXEDVECT
                                  ffffff80  ffffffff        80   4

*** Symbol List ***

SECTION=
FILE=                               START        END    SIZE
  SYMBOL                            ADDR        SIZE    INFO      COUNTS  OPT

SECTION=SU
FILE=.\src\startup\reset_program.obj
                                  00000004  00000103       100

SECTION=SI
FILE=.\src\startup\reset_program.obj
                                  00000104  00000403       300

SECTION=B_1
FILE=.\src\matSystem\Connecter.obj
                                  00000404  00000c21       81e
  _trg
                                  00000404         5   data ,g         2
  _command
                                  00000409         5   data ,g         2
  _valueLength
                                  0000040e         5   data ,g         2
  _value
                                  00000413         f   data ,g         2
  _TransmitDataBufferA
                                  00000422       400   data ,g         2
  _TransmitDataBufferB
                                  00000822       400   data ,g         2
FILE=.\src\Modules\micon\SCIc.obj
                                  00000c22  00001621       a00
  _uart1_bufR_A
                                  00000c22       400   data ,g         2
  _uart1_bufR_B
                                  00001022       400   data ,g         2
  _uart0_bufR_A
                                  00001422       100   data ,g         2
  _uart0_bufR_B
                                  00001522       100   data ,g         2
FILE=.\src\Modules\Motor.obj
                                  00001622  00001627         6
  _direction
                                  00001622         6   data ,g        12
FILE=.\src\DataConverter.obj
                                  00001628  0000162f         8
  _bytes
                                  00001628         4   data ,g         5
  _intBytes
                                  0000162c         4   data ,g         5

SECTION=R_1
FILE=.\src\matSystem\Connecter.obj
                                  00001630  00001637         8
  _trg_index
                                  00001630         1   data ,g         4
  _command_index
                                  00001631         1   data ,g         5
  _valueLength_index
                                  00001632         1   data ,g         5
  _lengthOfValue
                                  00001633         1   data ,g         2
  _value_index
                                  00001634         1   data ,g         5
  _BufferA_Count
                                  00001635         1   data ,g         5
  _BufferB_Count
                                  00001636         1   data ,g         5
  _BufferAisSelected
                                  00001637         1   data ,g         4
FILE=.\src\matSystem\Main.obj
                                  00001638  00001638         1
  _timer1_callbackRunning
                                  00001638         1   data ,g         3
FILE=.\src\matSystem\System.obj
                                  00001639  00001639         1
  _count
                                  00001639         1   data ,g         0
FILE=.\src\UserApplication\App.obj
                                  0000163a  00001643         a
  _sumpleCount
                                  0000163a         1   data ,g         3
  _ArmDown
                                  0000163b         1   data ,g         6
  _ArmUpForce
                                  0000163c         1   data ,g         6
  _waitingForStop
                                  0000163d         1   data ,g         4
  _pumpOnL
                                  0000163e         1   data ,g         6
  _pumpOnR
                                  0000163f         1   data ,g         6
  _pumpHold
                                  00001640         1   data ,g         7
  _autoUpCount
                                  00001641         1   data ,g         6
  _isAimMode
                                  00001642         1   data ,g         6
  _distLock
                                  00001643         1   data ,g         0
FILE=.\src\Modules\micon\SCIc.obj
                                  00001644  00001647         4
  _flag_RXI0
                                  00001644         1   data ,g         0
  _flag_TXI0
                                  00001645         1   data ,g         0
  _uart1_bufSelect
                                  00001646         1   data ,g         3
  _uart0_bufSelect
                                  00001647         1   data ,g         3
FILE=.\src\Modules\Bluetooth.obj
                                  00001648  00001648         1
  _i
                                  00001648         1   data ,g         8
FILE=.\src\Modules\DataLogger.obj
                                  00001649  00001649         1
  _log1_count
                                  00001649         1   data ,g         3
FILE=.\src\Modules\Motor.obj
                                  0000164a  0000164a         1
  _motor1_DutyIn_HardwarePortAdress
                                  0000164a         1   data ,g         3

SECTION=B_2
FILE=.\src\Modules\micon\S12ADB.obj
                                  0000164c  00001659         e
  _values
                                  0000164c         6   data ,g         4
  _values1
                                  00001652         8   data ,g         5

SECTION=R_2
FILE=.\src\Modules\micon\SCIc.obj
                                  0000165a  00001669        10
  _uart1_bufR_index_A
                                  0000165a         2   data ,g         4
  _uart1_bufR_index_B
                                  0000165c         2   data ,g         4
  _uart1_bufT_index
                                  0000165e         2   data ,g         6
  _uart1_bufT_maxCount
                                  00001660         2   data ,g         5
  _uart0_bufR_index_A
                                  00001662         2   data ,g         4
  _uart0_bufR_index_B
                                  00001664         2   data ,g         4
  _uart0_bufT_index
                                  00001666         2   data ,g         6
  _uart0_bufT_maxCount
                                  00001668         2   data ,g         5
FILE=.\src\Modules\Bluetooth.obj
                                  0000166a  0000167b        12
  _orderBuffer
                                  0000166a        10   data ,g         9
  _vibration1count
                                  0000167a         2   data ,g         3
FILE=.\src\Modules\Buzzer.obj
                                  0000167c  0000168f        14
  _oneTime
                                  0000167c         2   data ,g         6
  _stepUp
                                  0000167e         2   data ,g         6
  _stepDown
                                  00001680         2   data ,g         6
  _siren1
                                  00001682         2   data ,g         7
  _siren1Fq
                                  00001684         2   data ,g         4
  _siren2
                                  00001686         2   data ,g         6
  _siren2Fq
                                  00001688         2   data ,g         4
  _lowBattery
                                  0000168a         2   data ,g         7
  _lowBatteryFq
                                  0000168c         2   data ,g         5
  _flag
                                  0000168e         2   data ,g         3
FILE=.\src\Modules\DataLogger.obj
                                  00001690  00001693         4
  _log1_time
                                  00001690         2   data ,g         2
  _log1_index
                                  00001692         2   data ,g         5

SECTION=B
FILE=.\src\startup\sbrk.obj
                                  00001694  00001a93       400
  _heap_area
                                  00001694       400   data ,l         2
FILE=.\src\matSystem\Connecter.obj
                                  00001a94  00001b13        80
  _Inputs
                                  00001a94        80   data ,g         2
FILE=.\src\UserApplication\App.obj
                                  00001b14  00001ca3       190
  _buffer
                                  00001b14       190   data ,g         4
FILE=.\src\Modules\micon\CMT.obj
                                  00001ca4  00001cab         8
  _callback1
                                  00001ca4         4   data ,g         2
  _callback2
                                  00001ca8         4   data ,g         2
FILE=.\src\Modules\micon\SCIc.obj
                                  00001cac  00001cb3         8
  _uart1_bufT
                                  00001cac         4   data ,g         3
  _uart0_bufT
                                  00001cb0         4   data ,g         3
FILE=.\src\Modules\Bluetooth.obj
                                  00001cb4  00001cbb         8
  _bluetoothRecievedData
                                  00001cb4         4   data ,g         4
  _Callback
                                  00001cb8         4   data ,g         2
FILE=.\src\Modules\DataLogger.obj
                                  00001cbc  00005cbb      4000
  _log1
                                  00001cbc      4000   data ,g         2
FILE=dtor_list
                                  00005cbc  00005cbf         4
  _needed_destruction_head
                                  00005cbc         4   data ,l         2

SECTION=R
FILE=.\src\startup\sbrk.obj
                                  00005cc0  00005cc3         4
  _brk
                                  00005cc0         4   data ,l         3
FILE=.\src\matSystem\Connecter.obj
                                  00005cc4  00005ce3        20
  _Connecter_isConnecting
                                  00005cc4         4   data ,g         3
  _trgRecieved
                                  00005cc8         4   data ,g         5
  _commandRecieved
                                  00005ccc         4   data ,g         5
  _valueLengthRecieved
                                  00005cd0         4   data ,g         5
  _valueRecieved
                                  00005cd4         4   data ,g         5
  _lineRecieved
                                  00005cd8         4   data ,g         4
  _connecter_Recieve_running
                                  00005cdc         4   data ,g         3
  _connecter_send_running
                                  00005ce0         4   data ,g         3
FILE=.\src\matSystem\System.obj
                                  00005ce4  00005ceb         8
  _System_CurrentTime
                                  00005ce4         4   data ,g         3
  _isCounting
                                  00005ce8         4   data ,g         3
FILE=.\src\Modules\Bluetooth.obj
                                  00005cec  00005cf3         8
  _commandOut_State
                                  00005cec         4   data ,g         3
  _commandIn_State
                                  00005cf0         4   data ,g         2
FILE=.\src\Modules\DataLogger.obj
                                  00005cf4  00005cf7         4
  _log1_isLoging
                                  00005cf4         4   data ,g         4
FILE=.\src\Modules\Motor.obj
                                  00005cf8  00005d87        90
  _motor1_DutyIn_State
                                  00005cf8         4   data ,g         0
  _motor2_DutyIn_State
                                  00005cfc         4   data ,g         0
  _motor3_DutyIn_State
                                  00005d00         4   data ,g         0
  _motor4_DutyIn_State
                                  00005d04         4   data ,g         0
  _motor5_DutyIn_State
                                  00005d08         4   data ,g         0
  _motor6_DutyIn_State
                                  00005d0c         4   data ,g         0
  _motor1_AccelerationIn_State
                                  00005d10         4   data ,g         7
  _motor2_AccelerationIn_State
                                  00005d14         4   data ,g         1
  _motor3_AccelerationIn_State
                                  00005d18         4   data ,g         1
  _motor4_AccelerationIn_State
                                  00005d1c         4   data ,g         1
  _motor5_AccelerationIn_State
                                  00005d20         4   data ,g         1
  _motor6_AccelerationIn_State
                                  00005d24         4   data ,g         1
  _motor1_DutyOut_State
                                  00005d28         4   data ,g         3
  _motor2_DutyOut_State
                                  00005d2c         4   data ,g         3
  _motor3_DutyOut_State
                                  00005d30         4   data ,g         3
  _motor4_DutyOut_State
                                  00005d34         4   data ,g         3
  _motor5_DutyOut_State
                                  00005d38         4   data ,g         3
  _motor6_DutyOut_State
                                  00005d3c         4   data ,g         3
  _trgDuty
                                  00005d40        18   data ,g         d
  _acceleration
                                  00005d58        18   data ,g         d
  _actualDuty
                                  00005d70        18   data ,g        16
FILE=static_init
                                  00005d88  00005d8f         8
  _use_patch_info
                                  00005d88         4   data ,l         1
  _dtors_done$1
                                  00005d8c         4   data ,l         1
FILE=munch_dtors
                                  00005d90  00005d93         4
  __dtors
                                  00005d90         4   data ,g         1
FILE=vars
                                  00005d94  00005d9b         8
  __new_handler
                                  00005d94         4   data ,g         0
  ___head
                                  00005d98         4   data ,g         1

SECTION=PResetPRG
FILE=.\src\startup\reset_program.obj
                                  fff80000  fff80038        39
  _PowerON_Reset_PC
                                  fff80000        39   entry,g         1

SECTION=C
FILE=.\src\startup\dbsct.obj
                                  fff8003c  fff8006f        34
  __CTBL
                                  fff8003c        34   data ,g         0

SECTION=C$DSEC
FILE=.\src\startup\dbsct.obj
                                  fff80070  fff80093        24
  __DTBL
                                  fff80070        24   data ,g         0

SECTION=C$BSEC
FILE=.\src\startup\dbsct.obj
                                  fff80094  fff800ab        18
  __BTBL
                                  fff80094        18   data ,g         0

SECTION=C$VECT
FILE=.\src\startup\dbsct.obj
                                  fff800ac  fff804ab       400

SECTION=D
FILE=.\src\startup\sbrk.obj
                                  fff804ac  fff804af         4
FILE=.\src\matSystem\Connecter.obj
                                  fff804b0  fff804cf        20
FILE=.\src\matSystem\System.obj
                                  fff804d0  fff804d7         8
FILE=.\src\Modules\Bluetooth.obj
                                  fff804d8  fff804df         8
FILE=.\src\Modules\DataLogger.obj
                                  fff804e0  fff804e3         4
FILE=.\src\Modules\Motor.obj
                                  fff804e4  fff80573        90
FILE=static_init
                                  fff80574  fff8057b         8
FILE=munch_dtors
                                  fff8057c  fff8057f         4
FILE=vars
                                  fff80580  fff80587         8

SECTION=D_1
FILE=.\src\matSystem\Connecter.obj
                                  fff80588  fff8058f         8
FILE=.\src\matSystem\Main.obj
                                  fff80590  fff80590         1
FILE=.\src\matSystem\System.obj
                                  fff80591  fff80591         1
FILE=.\src\UserApplication\App.obj
                                  fff80592  fff8059b         a
FILE=.\src\Modules\micon\SCIc.obj
                                  fff8059c  fff8059f         4
FILE=.\src\Modules\Bluetooth.obj
                                  fff805a0  fff805a0         1
FILE=.\src\Modules\DataLogger.obj
                                  fff805a1  fff805a1         1
FILE=.\src\Modules\Motor.obj
                                  fff805a2  fff805a2         1

SECTION=D_2
FILE=.\src\Modules\micon\SCIc.obj
                                  fff805a4  fff805b3        10
FILE=.\src\Modules\Bluetooth.obj
                                  fff805b4  fff805c5        12
FILE=.\src\Modules\Buzzer.obj
                                  fff805c6  fff805d9        14
FILE=.\src\Modules\DataLogger.obj
                                  fff805da  fff805dd         4

SECTION=W_1
FILE=.\src\Modules\Motor.obj
                                  fff805e0  fff805e5         6
FILE=.\src\DataConverter.obj
                                  fff805e6  fff805ef         a

SECTION=L
FILE=.\src\matSystem\Connecter.obj
                                  fff805f0  fff805f4         5
FILE=.\src\Modules\Bluetooth.obj
                                  fff805f8  fff80605         e
FILE=.\src\Modules\Motor.obj
                                  fff80608  fff80631        2a

SECTION=PIntPRG
FILE=.\src\Modules\micon\interrupt_handlers.obj
                                  fff80632  fff8078c       15b
  _Excep_SuperVisorInst
                                  fff80632         2   func ,g         1
  _Excep_AccessInst
                                  fff80634         2   func ,g         1
  _Excep_UndefinedInst
                                  fff80636         2   func ,g         1
  _Excep_FloatingPoint
                                  fff80638         2   func ,g         1
  _NonMaskableInterrupt
                                  fff8063a         2   func ,g         1
  _Dummy
                                  fff8063c         2   func ,g        13
  _Excep_BRK
                                  fff8063e         f   func ,g         0
  _Excep_BSC_BUSERR
                                  fff8064d         2   func ,g         0
  _Excep_FCU_FIFERR
                                  fff8064f         2   func ,g         0
  _Excep_FCU_FRDYI
                                  fff80651         2   func ,g         0
  _Excep_ICU_SWINT
                                  fff80653         2   func ,g         0
  _Excep_CMT2_CMI2
                                  fff80655         2   func ,g         0
  _Excep_CMT3_CMI3
                                  fff80657         2   func ,g         0
  _Excep_USB0_D0FIFO0
                                  fff80659         2   func ,g         0
  _Excep_USB0_D1FIFO0
                                  fff8065b         2   func ,g         0
  _Excep_USB0_USBI0
                                  fff8065d         2   func ,g         0
  _Excep_CAC_FERRF
                                  fff8065f         2   func ,g         0
  _Excep_CAC_MENDF
                                  fff80661         2   func ,g         0
  _Excep_CAC_OVFF
                                  fff80663         2   func ,g         0
  _Excep_RSPI0_SPRI0
                                  fff80665         2   func ,g         0
  _Excep_RSPI0_SPTI0
                                  fff80667         2   func ,g         0
  _Excep_RSPI0_SPII0
                                  fff80669         2   func ,g         0
  _Excep_RSPI1_SPRI1
                                  fff8066b         2   func ,g         0
  _Excep_RSPI1_SPTI1
                                  fff8066d         2   func ,g         0
  _Excep_RSPI1_SPII1
                                  fff8066f         2   func ,g         0
  _Excep_CAN1_RXF1
                                  fff80671         2   func ,g         0
  _Excep_CAN1_TXF1
                                  fff80673         2   func ,g         0
  _Excep_CAN1_RXM1
                                  fff80675         2   func ,g         0
  _Excep_CAN1_TXM1
                                  fff80677         2   func ,g         0
  _Excep_GPT7_GTCIA7
                                  fff80679         2   func ,g         0
  _Excep_GPT7_GTCIB7
                                  fff8067b         2   func ,g         0
  _Excep_GPT7_GTCIC7
                                  fff8067d         2   func ,g         0
  _Excep_GPT7_GTCIE7
                                  fff8067f         2   func ,g         0
  _Excep_GPT7_GTCIV7
                                  fff80681         2   func ,g         0
  _Excep_CMP_CMP4
                                  fff80683         2   func ,g         0
  _Excep_CMP_CMP5
                                  fff80685         2   func ,g         0
  _Excep_CMP_CMP6
                                  fff80687         2   func ,g         0
  _Excep_DOC_DOPCF
                                  fff80689         2   func ,g         0
  _Excep_DPC_RBI0
                                  fff8068b         2   func ,g         0
  _Excep_DPC_RBI1
                                  fff8068d         2   func ,g         0
  _Excep_DPC_RBI2
                                  fff8068f         2   func ,g         0
  _Excep_DPC_RBI3
                                  fff80691         2   func ,g         0
  _Excep_DPC_RBI4
                                  fff80693         2   func ,g         0
  _Excep_ICU_IRQ0
                                  fff80695         2   func ,g         0
  _Excep_ICU_IRQ1
                                  fff80697         2   func ,g         0
  _Excep_ICU_IRQ2
                                  fff80699         2   func ,g         0
  _Excep_ICU_IRQ3
                                  fff8069b         2   func ,g         0
  _Excep_ICU_IRQ4
                                  fff8069d         2   func ,g         0
  _Excep_ICU_IRQ5
                                  fff8069f         2   func ,g         0
  _Excep_ICU_IRQ6
                                  fff806a1         2   func ,g         0
  _Excep_ICU_IRQ7
                                  fff806a3         2   func ,g         0
  _Excep_USB_USBR0
                                  fff806a5         2   func ,g         0
  _Excep_AD_ADI0
                                  fff806a7         2   func ,g         0
  _Excep_S12AD_S12GBADI
                                  fff806a9         2   func ,g         0
  _Excep_S12AD1_S12GBADI1
                                  fff806ab         2   func ,g         0
  _Excep_ICU_GROUP0
                                  fff806ad         2   func ,g         0
  _Excep_ICU_GROUP12
                                  fff806af         2   func ,g         0
  _Excep_SCI12_SCIX0
                                  fff806b1         2   func ,g         0
  _Excep_SCI12_SCIX1
                                  fff806b3         2   func ,g         0
  _Excep_SCI12_SCIX2
                                  fff806b5         2   func ,g         0
  _Excep_SCI12_SCIX3
                                  fff806b7         2   func ,g         0
  _Excep_MTU0_TGIA0
                                  fff806b9         2   func ,g         0
  _Excep_MTU0_TGIB0
                                  fff806bb         2   func ,g         0
  _Excep_MTU0_TGIC0
                                  fff806bd         2   func ,g         0
  _Excep_MTU0_TGID0
                                  fff806bf         2   func ,g         0
  _Excep_MTU0_TCIV0
                                  fff806c1         2   func ,g         0
  _Excep_MTU0_TGIE0
                                  fff806c3         2   func ,g         0
  _Excep_MTU0_TGIF0
                                  fff806c5         2   func ,g         0
  _Excep_MTU1_TGIA1
                                  fff806c7         2   func ,g         0
  _Excep_MTU1_TGIB1
                                  fff806c9         2   func ,g         0
  _Excep_MTU1_TCIV1
                                  fff806cb         2   func ,g         0
  _Excep_MTU1_TCIU1
                                  fff806cd         2   func ,g         0
  _Excep_MTU2_TGIA2
                                  fff806cf         2   func ,g         0
  _Excep_MTU2_TGIB2
                                  fff806d1         2   func ,g         0
  _Excep_MTU2_TCIV2
                                  fff806d3         2   func ,g         0
  _Excep_MTU2_TCIU2
                                  fff806d5         2   func ,g         0
  _Excep_MTU3_TGIA3
                                  fff806d7         2   func ,g         0
  _Excep_MTU3_TGIB3
                                  fff806d9         2   func ,g         0
  _Excep_MTU3_TGIC3
                                  fff806db         2   func ,g         0
  _Excep_MTU3_TGID3
                                  fff806dd         2   func ,g         0
  _Excep_MTU3_TCIV3
                                  fff806df         2   func ,g         0
  _Excep_MTU4_TGIA4
                                  fff806e1         2   func ,g         0
  _Excep_MTU4_TGIB4
                                  fff806e3         2   func ,g         0
  _Excep_MTU4_TGIC4
                                  fff806e5         2   func ,g         0
  _Excep_MTU4_TGID4
                                  fff806e7         2   func ,g         0
  _Excep_MTU4_TCIV4
                                  fff806e9         2   func ,g         0
  _Excep_MTU5_TGIU5
                                  fff806eb         2   func ,g         0
  _Excep_MTU5_TGIV5
                                  fff806ed         2   func ,g         0
  _Excep_MTU5_TGIW5
                                  fff806ef         2   func ,g         0
  _Excep_MTU6_TGIA6
                                  fff806f1         2   func ,g         0
  _Excep_MTU6_TGIB6
                                  fff806f3         2   func ,g         0
  _Excep_MTU6_TGIC6
                                  fff806f5         2   func ,g         0
  _Excep_MTU6_TGID6
                                  fff806f7         2   func ,g         0
  _Excep_MTU6_TCIV6
                                  fff806f9         2   func ,g         0
  _Excep_MTU7_TGIA7
                                  fff806fb         2   func ,g         0
  _Excep_MTU7_TGIB7
                                  fff806fd         2   func ,g         0
  _Excep_MTU7_TGIC7
                                  fff806ff         2   func ,g         0
  _Excep_MTU7_TGID7
                                  fff80701         2   func ,g         0
  _Excep_MTU7_TCIV7
                                  fff80703         2   func ,g         0
  _Excep_POE_OEI1
                                  fff80705         2   func ,g         0
  _Excep_POE_OEI2
                                  fff80707         2   func ,g         0
  _Excep_POE_OEI3
                                  fff80709         2   func ,g         0
  _Excep_POE_OEI4
                                  fff8070b         2   func ,g         0
  _Excep_POE_OEI5
                                  fff8070d         2   func ,g         0
  _Excep_CMP_CMP0
                                  fff8070f         2   func ,g         0
  _Excep_CMP_CMP1
                                  fff80711         2   func ,g         0
  _Excep_CMP_CMP2
                                  fff80713         2   func ,g         0
  _Excep_GPT4_GTCIA4
                                  fff80715         2   func ,g         0
  _Excep_GPT4_GTCIB4
                                  fff80717         2   func ,g         0
  _Excep_GPT4_GTCIC4
                                  fff80719         2   func ,g         0
  _Excep_GPT4_GTCIE4
                                  fff8071b         2   func ,g         0
  _Excep_GPT4_GTCIV4
                                  fff8071d         2   func ,g         0
  _Excep_GPT4_LOCOI4
                                  fff8071f         2   func ,g         0
  _Excep_GPT5_GTCIA5
                                  fff80721         2   func ,g         0
  _Excep_GPT5_GTCIB5
                                  fff80723         2   func ,g         0
  _Excep_GPT5_GTCIC5
                                  fff80725         2   func ,g         0
  _Excep_GPT5_GTCIE5
                                  fff80727         2   func ,g         0
  _Excep_GPT5_GTCIV5
                                  fff80729         2   func ,g         0
  _Excep_GPT6_GTCIA6
                                  fff8072b         2   func ,g         0
  _Excep_GPT6_GTCIB6
                                  fff8072d         2   func ,g         0
  _Excep_GPT6_GTCIC6
                                  fff8072f         2   func ,g         0
  _Excep_GPT6_GTCIE6
                                  fff80731         2   func ,g         0
  _Excep_GPT6_GTCIV6
                                  fff80733         2   func ,g         0
  _Excep_RIIC1_EEI1
                                  fff80735         2   func ,g         0
  _Excep_RIIC1_RXI1
                                  fff80737         2   func ,g         0
  _Excep_RIIC1_TXI1
                                  fff80739         2   func ,g         0
  _Excep_RIIC1_TEI1
                                  fff8073b         2   func ,g         0
  _Excep_RIIC0_EEI0
                                  fff8073d         2   func ,g         0
  _Excep_RIIC0_RXI0
                                  fff8073f         2   func ,g         0
  _Excep_RIIC0_TXI0
                                  fff80741         2   func ,g         0
  _Excep_RIIC0_TEI0
                                  fff80743         2   func ,g         0
  _Excep_DMAC_DMAC0I
                                  fff80745         2   func ,g         0
  _Excep_DMAC_DMAC1I
                                  fff80747         2   func ,g         0
  _Excep_DMAC_DMAC2I
                                  fff80749         2   func ,g         0
  _Excep_DMAC_DMAC3I
                                  fff8074b         2   func ,g         0
  _Excep_SCI0_TEI0
                                  fff8074d         2   func ,g         0
  _Excep_SCI1_TEI1
                                  fff8074f         2   func ,g         0
  _Excep_SCI2_RXI2
                                  fff80751         2   func ,g         0
  _Excep_SCI2_TXI2
                                  fff80753         2   func ,g         0
  _Excep_SCI2_TEI2
                                  fff80755         2   func ,g         0
  _Excep_SCI3_RXI3
                                  fff80757         2   func ,g         0
  _Excep_SCI3_TXI3
                                  fff80759         2   func ,g         0
  _Excep_SCI3_TEI3
                                  fff8075b         2   func ,g         0
  _Excep_GPT0_GTCIA0
                                  fff8075d         2   func ,g         0
  _Excep_GPT0_GTCIB0
                                  fff8075f         2   func ,g         0
  _Excep_GPT0_GTCIC0
                                  fff80761         2   func ,g         0
  _Excep_GPT0_GTCIE0
                                  fff80763         2   func ,g         0
  _Excep_GPT0_GTCIV0
                                  fff80765         2   func ,g         0
  _Excep_GPT0_LOCOI0
                                  fff80767         2   func ,g         0
  _Excep_GPT1_GTCIA1
                                  fff80769         2   func ,g         0
  _Excep_GPT1_GTCIB1
                                  fff8076b         2   func ,g         0
  _Excep_GPT1_GTCIC1
                                  fff8076d         2   func ,g         0
  _Excep_GPT1_GTCIE1
                                  fff8076f         2   func ,g         0
  _Excep_GPT1_GTCIV1
                                  fff80771         2   func ,g         0
  _Excep_GPT2_GTCIA2
                                  fff80773         2   func ,g         0
  _Excep_GPT2_GTCIB2
                                  fff80775         2   func ,g         0
  _Excep_GPT2_GTCIC2
                                  fff80777         2   func ,g         0
  _Excep_GPT2_GTCIE2
                                  fff80779         2   func ,g         0
  _Excep_GPT2_GTCIV2
                                  fff8077b         2   func ,g         0
  _Excep_GPT3_GTCIA3
                                  fff8077d         2   func ,g         0
  _Excep_GPT3_GTCIB3
                                  fff8077f         2   func ,g         0
  _Excep_GPT3_GTCIC3
                                  fff80781         2   func ,g         0
  _Excep_GPT3_GTCIE3
                                  fff80783         2   func ,g         0
  _Excep_GPT3_GTCIV3
                                  fff80785         2   func ,g         0
  _Excep_SCI12_RXI12
                                  fff80787         2   func ,g         0
  _Excep_SCI12_TXI12
                                  fff80789         2   func ,g         0
  _Excep_SCI12_TEI12
                                  fff8078b         2   func ,g         0

SECTION=P
FILE=.\src\startup\hardware_setup.obj
                                  fff8078d  fff808f4       168
  _HardwareSetup
                                  fff8078d        a3   func ,g         1
  _wait
                                  fff80830        c5   func ,g         2
FILE=.\src\startup\sbrk.obj
                                  fff808f5  fff80930        3c
  _sbrk
                                  fff808f5        3c   func ,g         0
FILE=.\src\matSystem\BatteryCheck.obj
                                  fff80931  fff809e4        b4
  BatteryCheck()
                                  fff80931        b4   func ,g         1
FILE=.\src\matSystem\Connecter.obj
                                  fff809e5  fff80f5a       576
  __Connecter_Activate
                                  fff809e5         5   func ,g         1
  __Connecter_Recieve
                                  fff809ea       323   func ,g         1
  __Connecter_Transmit
                                  fff80d0d        6f   func ,g         1
  _Connecter_Send
                                  fff80d7c        a2   func ,g         a
  _Connecter_SendFloat
                                  fff80e1e        32   func ,g         c
  _Connecter_SendInt
                                  fff80e50        32   func ,g         0
  _Execute
                                  fff80e82        af   func ,l         1
  _Connecter_InputToHardwarePort
                                  fff80f31        17   func ,g         1
  _Connecter_RegistHardwarePort
                                  fff80f48        13   func ,g         1
FILE=.\src\matSystem\Main.obj
                                  fff80f5b  fff80fd9        7f
  _main
                                  fff80f5b        33   func ,g         1
  Timer1_Callback()
                                  fff80f8e        4b   func ,l         1
  _abort
                                  fff80fd9         1   func ,g         1
FILE=.\src\matSystem\System.obj
                                  fff80fda  fff8101c        43
  __System_ClockStart
                                  fff80fda         a   func ,g         2
  __System_ClockStop
                                  fff80fe4         a   func ,g         1
  __System_SetTime
                                  fff80fee         e   func ,g         1
  __System_Loop
                                  fff80ffc        1b   func ,g         1
  _System_Log
                                  fff81017         6   func ,g         0
FILE=.\src\UserApplication\App.obj
                                  fff8101d  fff817b4       798
  _Initialize
                                  fff8101d        88   func ,g         1
  _MainLoop
                                  fff810a5         1   func ,g         1
  __SystemClockCallBack
                                  fff810a6        52   func ,g         1
  Timer2Callback()
                                  fff810f8       1d5   func ,l         1
  BluetoothCallback(DUALSHOCK3)
                                  fff812cd       460   func ,l         1
  StartAimMode()
                                  fff8172d        46   func ,l         1
  EndAimMode()
                                  fff81773        42   func ,l         3
FILE=.\src\Modules\micon\CMT.obj
                                  fff817b5  fff81907       153
  _CMT_init
                                  fff817b5        2d   func ,g         1
  _CMT0_Set
                                  fff817e2        5d   func ,g         4
  _CMT0_Start
                                  fff8183f         c   func ,g         1
  _Excep_CMT0_CMI0
                                  fff8184b        1b   func ,g         0
  _CMT0_Stop
                                  fff81866         f   func ,g         1
  _CMT1_Set
                                  fff81875        5d   func ,g         4
  _CMT1_Start
                                  fff818d2         c   func ,g         1
  _Excep_CMT1_CMI1
                                  fff818de        1b   func ,g         0
  _CMT1_Stop
                                  fff818f9         f   func ,g         1
FILE=.\src\Modules\micon\DAa.obj
                                  fff81908  fff81976        6f
  _DAa_init
                                  fff81908        55   func ,g         1
  _DA0_SetValue
                                  fff8195d         d   func ,g         1
  _DA1_SetValue
                                  fff8196a         d   func ,g         1
FILE=.\src\Modules\micon\GPT012.obj
                                  fff81977  fff81d20       3aa
  _GPT012_init
                                  fff81977       2c0   func ,g         1
  _PWM_M1_set
                                  fff81c37        27   func ,g         1
  _PWM_M2_set
                                  fff81c5e        27   func ,g         1
  _PWM_M3_set
                                  fff81c85        27   func ,g         1
  _PWM_M4_set
                                  fff81cac        27   func ,g         1
  _PWM_M5_set
                                  fff81cd3        27   func ,g         1
  _PWM_M6_set
                                  fff81cfa        27   func ,g         1
FILE=.\src\Modules\micon\GPT456.obj
                                  fff81d21  fff82056       336
  _GPT456_init
                                  fff81d21       1fc   func ,g         1
  _Servo1_set
                                  fff81f1d        4e   func ,g         2
  _Servo1_On
                                  fff81f6b         c   func ,g         2
  _Servo1_Off
                                  fff81f77         f   func ,g         0
  _Servo2_set
                                  fff81f86        4e   func ,g         2
  _Servo2_On
                                  fff81fd4         c   func ,g         2
  _PWM1_Off
                                  fff81fe0         f   func ,g         0
  _BUZZER_set
                                  fff81fef        4e   func ,g         e
  _BUZZER_On
                                  fff8203d         c   func ,g         a
  _BUZZER_Off
                                  fff82049         e   func ,g         6
FILE=.\src\Modules\micon\IO.obj
                                  fff82057  fff82305       2af
  _IO_LED_init
                                  fff82057         9   func ,g         1
  _LED_STATUS_R
                                  fff82060        18   func ,g         2
  _LED_STATUS_G
                                  fff82078        18   func ,g         2
  _LED_STATUS_B
                                  fff82090        19   func ,g         2
  _LED_INFO
                                  fff820a9        19   func ,g         2
  _LED_ERROR
                                  fff820c2        19   func ,g         4
  _IO_Motor_Init
                                  fff820db        26   func ,g         1
  _ALERT
                                  fff82101        13   func ,g         0
  _STBY
                                  fff82114        19   func ,g         2
  _Motor1_MODE
                                  fff8212d        30   func ,g         4
  _Motor2_MODE
                                  fff8215d        2e   func ,g         4
  _Motor3_MODE
                                  fff8218b        32   func ,g         4
  _Motor4_MODE
                                  fff821bd        31   func ,g         4
  _Motor5_MODE
                                  fff821ee        30   func ,g         4
  _Motor6_MODE
                                  fff8221e        2f   func ,g         4
  _IO_DIO_Init
                                  fff8224d        5b   func ,g         1
  _DIO_1_Out
                                  fff822a8        18   func ,g         2
  _DIO_2_Out
                                  fff822c0        18   func ,g         2
  _DIO_3_Out
                                  fff822d8        16   func ,g         2
  _DIO_4_Out
                                  fff822ee        18   func ,g         2
FILE=.\src\Modules\micon\S12ADB.obj
                                  fff82306  fff8256c       267
  _S12AD_init
                                  fff82306        ad   func ,g         1
  _S12AD_Sample
                                  fff823b3        1f   func ,g         1
  _Excep_S12AD_S12ADI
                                  fff823d2        38   func ,g         0
  _S12ADB_GetVoltage
                                  fff8240a        24   func ,g         3
  _S12AD1_init
                                  fff8242e        b5   func ,g         1
  _S12AD1_Sample
                                  fff824e3        1f   func ,g         1
  _Excep_S12AD1_S12ADI1
                                  fff82502        47   func ,g         0
  _S12AD1_GetVoltage
                                  fff82549        24   func ,g         1
FILE=.\src\Modules\micon\SCIc.obj
                                  fff8256d  fff82bc3       657
  _uart1_init
                                  fff8256d        d1   func ,g         1
  _uart1_read
                                  fff8263e        61   func ,g         1
  _uart1_send
                                  fff8269f        53   func ,g         1
  _Excep_SCI1_RXI1
                                  fff826f2        c8   func ,g         0
  _Excep_SCI1_TXI1
                                  fff827ba        6c   func ,g         0
  _uart1_set
                                  fff82826        5f   func ,l         2
  _uart1_clear_errorFlag
                                  fff82885        16   func ,l         2
  _uart0_init
                                  fff8289b        cc   func ,g         2
  _uart0_read
                                  fff82967        61   func ,g         2
  _uart0_send
                                  fff829c8        53   func ,g         4
  _Excep_SCI0_RXI0
                                  fff82a1b        c8   func ,g         0
  _Excep_SCI0_TXI0
                                  fff82ae3        6c   func ,g         0
  _uart0_set
                                  fff82b4f        5f   func ,l         2
  _uart0_clear_errorFlag
                                  fff82bae        16   func ,l         2
FILE=.\src\Modules\AnalogIN.obj
                                  fff82bc4  fff82bf1        2e
  _AnalogIN_Activate
                                  fff82bc4         5   func ,g         1
  _AnalogIN_Sample
                                  fff82bc9         5   func ,g         1
  _AnalogIN_GetVoltage
                                  fff82bce        24   func ,g         3
FILE=.\src\Modules\AnalogOUT.obj
                                  fff82bf2  fff82c46        55
  _AnalogOUT_Activate
                                  fff82bf2         5   func ,g         1
  _AnalogOUT1_SetVoltage
                                  fff82bf7        28   func ,g         0
  _AnalogOUT2_SetVoltage
                                  fff82c1f        28   func ,g         0
FILE=.\src\Modules\Battery.obj
                                  fff82c47  fff82caa        64
  __Battery_Activate
                                  fff82c47         5   func ,g         1
  __Battery_Sample
                                  fff82c4c         5   func ,g         1
  __Battery_GetVoltage1
                                  fff82c51        1e   func ,g         1
  __Battery_GetVoltage2
                                  fff82c6f        1e   func ,g         1
  __Battery_GetVoltage3
                                  fff82c8d        1e   func ,g         1
FILE=.\src\Modules\Bluetooth.obj
                                  fff82cab  fff82f48       29e
  _Bluetooth_Activate
                                  fff82cab        12   func ,g         1
  __Bluetooth_Loop
                                  fff82cbd       177   func ,g         1
  _Bluetooth_CommandIn
                                  fff82e34        16   func ,g         1
  _Bluetooth_CommandOut
                                  fff82e4a        6f   func ,l         2
  __Bluetooth_Do
                                  fff82eb9        6c   func ,g         1
  _Bluetooth_Vibrate1
                                  fff82f25         d   func ,g         1
  _Bluetooth_Vibrate1Long
                                  fff82f32         a   func ,g         1
  _Bluetooth_Vibrate2
                                  fff82f3c         d   func ,g         1
FILE=.\src\Modules\Buzzer.obj
                                  fff82f49  fff8331a       3d2
  _Buzzer_Activate
                                  fff82f49         5   func ,g         1
  __Buzzer_Loop
                                  fff82f4e       258   func ,g         1
  _Buzzer_On
                                  fff831a6        13   func ,g         0
  _Buzzer_Off
                                  fff831b9        5d   func ,g         0
  _Buzzer_OneTime
                                  fff83216        36   func ,g         4
  _Buzzer_StepUp
                                  fff8324c        29   func ,g         2
  _Buzzer_StepDown
                                  fff83275        29   func ,g         1
  _Buzzer_Siren1
                                  fff8329e        29   func ,g         1
  _Buzzer_Siren2
                                  fff832c7        2a   func ,g         2
  _Buzzer_LowBattery
                                  fff832f1        2a   func ,g         1
FILE=.\src\Modules\DataLogger.obj
                                  fff8331b  fff8341b       101
  _DataLogger_Activate
                                  fff8331b         d   func ,g         1
  __DataLogger_Loop
                                  fff83328        1a   func ,g         1
  __DataLogger_Do
                                  fff83342        19   func ,g         0
  _dataLogger1_Do
                                  fff8335b         8   func ,l         1
  _DataLogger1_DataIn
                                  fff83363        94   func ,g         1
  _DataLogger1_LoggingStart
                                  fff833f7        13   func ,g         1
  _DataLogger1_LoggingStop
                                  fff8340a         a   func ,g         2
  _DataLogger_Log
                                  fff83414         8   func ,g         0
FILE=.\src\Modules\DigitalIO.obj
                                  fff8341c  fff8346a        4f
  _DIO_Activate
                                  fff8341c        17   func ,g         1
  _DIO1_On
                                  fff83433         7   func ,g         1
  _DIO1_Off
                                  fff8343a         7   func ,g         1
  _DIO2_On
                                  fff83441         7   func ,g         1
  _DIO2_Off
                                  fff83448         7   func ,g         1
  _DIO3_On
                                  fff8344f         7   func ,g         0
  _DIO3_Off
                                  fff83456         7   func ,g         0
  _DIO4_On
                                  fff8345d         7   func ,g         0
  _DIO4_Off
                                  fff83464         7   func ,g         0
FILE=.\src\Modules\LED.obj
                                  fff8346b  fff834b5        4b
  __LED_Activate
                                  fff8346b         5   func ,g         1
  __LED_R_On
                                  fff83470         7   func ,g         1
  __LED_G_On
                                  fff83477         7   func ,g         1
  __LED_B_On
                                  fff8347e         7   func ,g         2
  __LED_Info_On
                                  fff83485         7   func ,g         1
  __LED_Error_On
                                  fff8348c         7   func ,g         3
  __LED_R_Off
                                  fff83493         7   func ,g         1
  __LED_G_Off
                                  fff8349a         7   func ,g         0
  __LED_B_Off
                                  fff834a1         7   func ,g         1
  __LED_Info_Off
                                  fff834a8         7   func ,g         1
  __LED_Error_Off
                                  fff834af         7   func ,g         0
FILE=.\src\Modules\Motor.obj
                                  fff834b6  fff8402e       b79
  _Motor_Activate
                                  fff834b6         9   func ,g         1
  _Motor_UnlockSTBY
                                  fff834bf         7   func ,g         1
  _Motor_LockSTBY
                                  fff834c6         7   func ,g         1
  __Motor_Loop
                                  fff834cd       35a   func ,g         1
  _Motor1_DutyIn
                                  fff83827        11   func ,g         3
  _Motor1_AccelerationIn
                                  fff83838        58   func ,g         3
  _Motor1_DutyOut
                                  fff83890        50   func ,l         1
  _Motor2_DutyIn
                                  fff838e0        12   func ,g         3
  _Motor2_AccelerationIn
                                  fff838f2        5a   func ,g         3
  _Motor2_DutyOut
                                  fff8394c        32   func ,l         1
  _Motor3_DutyIn
                                  fff8397e        12   func ,g         3
  _Motor3_AccelerationIn
                                  fff83990        5a   func ,g         3
  _Motor3_DutyOut
                                  fff839ea        32   func ,l         1
  _Motor4_DutyIn
                                  fff83a1c        12   func ,g         3
  _Motor4_AccelerationIn
                                  fff83a2e        5a   func ,g         3
  _Motor4_DutyOut
                                  fff83a88        32   func ,l         1
  _Motor5_DutyIn
                                  fff83aba        12   func ,g         a
  _Motor5_AccelerationIn
                                  fff83acc        5a   func ,g         6
  _Motor5_DutyOut
                                  fff83b26        32   func ,l         1
  _Motor6_DutyIn
                                  fff83b58        12   func ,g         1
  _Motor6_AccelerationIn
                                  fff83b6a        5a   func ,g         0
  _Motor6_DutyOut
                                  fff83bc4        32   func ,l         1
  _motor1_SetMode
                                  fff83bf6        3e   func ,l         3
  _motor2_SetMode
                                  fff83c34        3e   func ,l         3
  _motor3_SetMode
                                  fff83c72        3e   func ,l         3
  _motor4_SetMode
                                  fff83cb0        3e   func ,l         3
  _motor5_SetMode
                                  fff83cee        3e   func ,l         3
  _motor6_SetMode
                                  fff83d2c        3e   func ,l         3
  _norm
                                  fff83d6a        42   func ,l         6
  __Motor_Do
                                  fff83dac        54   func ,g         1
  _motor1_Do
                                  fff83e00        7c   func ,l         1
  _motor2_Do
                                  fff83e7c        57   func ,l         1
  _motor3_Do
                                  fff83ed3        57   func ,l         1
  _motor4_Do
                                  fff83f2a        57   func ,l         1
  _motor5_Do
                                  fff83f81        57   func ,l         1
  _motor6_Do
                                  fff83fd8        57   func ,l         1
FILE=.\src\Modules\Servo.obj
                                  fff8402f  fff840b1        83
  _Servo_Activate
                                  fff8402f        23   func ,g         1
  _Servo1_RotationIn
                                  fff84052        30   func ,g         0
  _Servo2_RotationIn
                                  fff84082        30   func ,g         0
FILE=.\src\Modules\Timer.obj
                                  fff840b2  fff84216       165
  __Timer_Activate
                                  fff840b2         5   func ,g         1
  __Timer1_Set
                                  fff840b7        a6   func ,g         1
  __Timer1_Start
                                  fff8415d         5   func ,g         1
  __Timer1_Stop
                                  fff84162         5   func ,g         0
  _Timer2_Set
                                  fff84167        a6   func ,g         1
  _Timer2_Start
                                  fff8420d         5   func ,g         1
  _Timer2_Stop
                                  fff84212         5   func ,g         0
FILE=.\src\Modules\UART.obj
                                  fff84217  fff84260        4a
  __UART1_Activate
                                  fff84217         5   func ,g         1
  __UART1_GetRecievedData
                                  fff8421c        10   func ,g         1
  __UART1_TransmitData
                                  fff8422c        10   func ,g         2
  __UART0_Activate
                                  fff8423c         5   func ,g         0
  __UART0_GetRecievedData
                                  fff84241        10   func ,g         0
  __UART0_TransmitData
                                  fff84251        10   func ,g         0
FILE=.\src\DataConverter.obj
                                  fff84261  fff84434       1d4
  IntParse(unsigned char)
                                  fff84261        53   func ,l         1
  _StringToWORD
                                  fff842b4        45   func ,g         2
  _BitsToFloat
                                  fff842f9        3a   func ,g         6
  _BitsToInt
                                  fff84333        3c   func ,g         2
  _BitsToDUALSHOCK3
                                  fff8436f        4f   func ,g         1
  _FloatToBits
                                  fff843be        3c   func ,g         1
  _IntToBits
                                  fff843fa        3b   func ,g         1
FILE=cppinit
                                  fff84435  fff84454        20
  __CALL_INIT
                                  fff84435        1c   func ,g         1
  __CALL_END
                                  fff84451         4   func ,g         1
FILE=__initsct
                                  fff84455  fff8449e        4a
  __INITSCT
                                  fff84455         0   none ,g         1
  loop1
                                  fff84467         0   none ,l         1
  next_loop1
                                  fff84475         0   none ,l         2
  loop3
                                  fff84487         0   none ,l         1
  next_loop3
                                  fff84498         0   none ,l         2
FILE=static_init
                                  fff8449f  fff84504        66
  __call_dtors()
                                  fff8449f        66   func ,g         1
FILE=dtor_list
                                  fff84505  fff8454f        4b
  __process_needed_destructions()
                                  fff84505        26   func ,g         2
  ___already_marked_for_destruction
                                  fff8452b         6   func ,g         1
  ___record_needed_destruction
                                  fff84531        1d   func ,g         0
  ___std__needed_destruction_list
                                  fff8454e         2   func ,g         0
FILE=error
                                  fff84550  fff84553         4
  ___abort_execution
                                  fff84550         4   func ,g         1

SECTION=FIXEDVECT
FILE=.\src\Modules\micon\vector_table.obj
                                  ffffff80  ffffffff        80
  _Fixed_Vectors
                                  ffffff80        80   data ,g         0

*** Unfilled Areas ***

AREA                                START    END

*** Delete Symbols ***

SYMBOL                                SIZE    INFO
