Renesas Optimizing Linker (W2.04.00 )             15-Nov-2016 20:46:02

*** Options ***

-subcommand=LinkerSubCommand.tmp
-input="./src/startup/dbsct.obj"
-input="./src/startup/hardware_setup.obj"
-input="./src/startup/reset_program.obj"
-input="./src/startup/sbrk.obj"
-input="./src/matSystem/BatteryCheck.obj"
-input="./src/matSystem/Connecter.obj"
-input="./src/matSystem/Main.obj"
-input="./src/matSystem/System.obj"
-input="./src/UserApplication/App.obj"
-input="./src/Modules/micon/CMT.obj"
-input="./src/Modules/micon/DAa.obj"
-input="./src/Modules/micon/GPT012.obj"
-input="./src/Modules/micon/GPT456.obj"
-input="./src/Modules/micon/IO.obj"
-input="./src/Modules/micon/RIIC.obj"
-input="./src/Modules/micon/S12ADB.obj"
-input="./src/Modules/micon/SCIc.obj"
-input="./src/Modules/micon/interrupt_handlers.obj"
-input="./src/Modules/micon/vector_table.obj"
-input="./src/Modules/AnalogIN.obj"
-input="./src/Modules/AnalogOUT.obj"
-input="./src/Modules/Battery.obj"
-input="./src/Modules/Bluetooth.obj"
-input="./src/Modules/Buzzer.obj"
-input="./src/Modules/DataLogger.obj"
-input="./src/Modules/DigitalIO.obj"
-input="./src/Modules/LED.obj"
-input="./src/Modules/Motor.obj"
-input="./src/Modules/Multi.obj"
-input="./src/Modules/Servo.obj"
-input="./src/Modules/Timer.obj"
-input="./src/Modules/UART.obj"
-input="./src/DataConverter.obj"
-start=SU,SI,B_1,R_1,B_2,R_2,B,R/04,PResetPRG,C_1,C_2,C,C$*,D*,W*,L,PIntPRG,P/0FFF80000,FIXEDVECT/0FFFFFF80
-library=C:\Users\Reiji\DOCUME~1\GitHub\ROBOTC~1\HARDWA~2\RobotCore1Framework.lib
-list=RobotCore1Framework.map
-show
-nooptimize
-debug
-output=C:\Users\Reiji\Documents\GitHub\RobotCore1Frameware\HardwareDebug\RobotCore1Framework.abs
-rom=D=R,D_1=R_1,D_2=R_2
-nocompress
-nomessage
-nologo

*** Error information ***

*** Mapping List ***

SECTION                            START      END         SIZE   ALIGN

SU
                                  00000004  00000103       100   4
SI
                                  00000104  00000403       300   4
B_1
                                  00000404  0000162f      122c   1
R_1
                                  00001630  00001650        21   1
B_2
                                  00001652  0000165f         e   2
R_2
                                  00001660  0000169d        3e   2
B
                                  000016a0  00006557      4eb8   4
R
                                  00006558  00006657       100   4
PResetPRG
                                  fff80000  fff80038        39   1
C_1
                                  fff80039  fff80039         0   1
C_2
                                  fff80039  fff80039         0   1
C
                                  fff8003c  fff8006f        34   4
C$DSEC
                                  fff80070  fff80093        24   4
C$BSEC
                                  fff80094  fff800ab        18   4
C$INIT
                                  fff800ac  fff800ac         0   1
C$VECT
                                  fff800ac  fff804ab       400   4
C$VTBL
                                  fff804ac  fff804ac         0   1
D
                                  fff804ac  fff805ab       100   4
D_1
                                  fff805ac  fff805cc        21   1
D_2
                                  fff805ce  fff8060b        3e   2
W
                                  fff8060c  fff8060c         0   4
W_1
                                  fff8060c  fff8061b        10   1
W_2
                                  fff8061c  fff8061c         0   2
L
                                  fff8061c  fff8065d        42   4
PIntPRG
                                  fff8065e  fff807b6       159   1
P
                                  fff807b7  fff84e95      46df   1
FIXEDVECT
                                  ffffff80  ffffffff        80   4

*** Symbol List ***

SECTION=
FILE=                               START        END    SIZE
  SYMBOL                            ADDR        SIZE    INFO      COUNTS  OPT

SECTION=SU
FILE=.\src\startup\reset_program.obj
                                  00000004  00000103       100

SECTION=SI
FILE=.\src\startup\reset_program.obj
                                  00000104  00000403       300

SECTION=B_1
FILE=.\src\matSystem\Connecter.obj
                                  00000404  00000c21       81e
  _trg
                                  00000404         5   data ,g         2
  _command
                                  00000409         5   data ,g         2
  _valueLength
                                  0000040e         5   data ,g         2
  _value
                                  00000413         f   data ,g         2
  _TransmitDataBufferA
                                  00000422       400   data ,g         2
  _TransmitDataBufferB
                                  00000822       400   data ,g         2
FILE=.\src\Modules\micon\SCIc.obj
                                  00000c22  00001621       a00
  _uart1_bufR_A
                                  00000c22       400   data ,g         2
  _uart1_bufR_B
                                  00001022       400   data ,g         2
  _uart0_bufR_A
                                  00001422       100   data ,g         2
  _uart0_bufR_B
                                  00001522       100   data ,g         2
FILE=.\src\Modules\Motor.obj
                                  00001622  00001627         6
  _direction
                                  00001622         6   data ,g        13
FILE=.\src\DataConverter.obj
                                  00001628  0000162f         8
  _bytes
                                  00001628         4   data ,g         5
  _intBytes
                                  0000162c         4   data ,g         5

SECTION=R_1
FILE=.\src\matSystem\Connecter.obj
                                  00001630  00001637         8
  _trg_index
                                  00001630         1   data ,g         4
  _command_index
                                  00001631         1   data ,g         5
  _valueLength_index
                                  00001632         1   data ,g         5
  _lengthOfValue
                                  00001633         1   data ,g         2
  _value_index
                                  00001634         1   data ,g         5
  _BufferA_Count
                                  00001635         1   data ,g         5
  _BufferB_Count
                                  00001636         1   data ,g         5
  _BufferAisSelected
                                  00001637         1   data ,g         4
FILE=.\src\matSystem\Main.obj
                                  00001638  00001638         1
  _timer1_callbackRunning
                                  00001638         1   data ,g         3
FILE=.\src\matSystem\System.obj
                                  00001639  00001639         1
  _count
                                  00001639         1   data ,g         0
FILE=.\src\UserApplication\App.obj
                                  0000163a  00001648         f
  _SystemStandby
                                  0000163a         1   data ,g         3
  _motorMoving
                                  0000163b         1   data ,g         3
  _dualshockConnecting
                                  0000163c         1   data ,g         3
  _actCount
                                  0000163d         1   data ,g         4
  _ArmDown
                                  0000163e         1   data ,g         6
  _ArmUpForce
                                  0000163f         1   data ,g         6
  _waitingForStop
                                  00001640         1   data ,g         4
  _pumpOnL
                                  00001641         1   data ,g         7
  _pumpOnR
                                  00001642         1   data ,g         5
  _pumpHold
                                  00001643         1   data ,g         9
  _autoUpCount
                                  00001644         1   data ,g         6
  _isAimMode
                                  00001645         1   data ,g         6
  _dollyL_turned
                                  00001646         1   data ,g         0
  _dollyL_clicked
                                  00001647         1   data ,g         0
  _bridgeMode
                                  00001648         1   data ,g         4
FILE=.\src\Modules\micon\SCIc.obj
                                  00001649  0000164c         4
  _flag_RXI0
                                  00001649         1   data ,g         0
  _flag_TXI0
                                  0000164a         1   data ,g         0
  _uart1_bufSelect
                                  0000164b         1   data ,g         3
  _uart0_bufSelect
                                  0000164c         1   data ,g         3
FILE=.\src\Modules\Bluetooth.obj
                                  0000164d  0000164d         1
  _i
                                  0000164d         1   data ,g         8
FILE=.\src\Modules\DataLogger.obj
                                  0000164e  0000164e         1
  _log1_count
                                  0000164e         1   data ,g         3
FILE=.\src\Modules\DigitalIO.obj
                                  0000164f  0000164f         1
  _dio3buf_index
                                  0000164f         1   data ,g         4
FILE=.\src\Modules\Motor.obj
                                  00001650  00001650         1
  _motor1_DutyIn_HardwarePortAdress
                                  00001650         1   data ,g         3

SECTION=B_2
FILE=.\src\Modules\micon\S12ADB.obj
                                  00001652  0000165f         e
  _values
                                  00001652         6   data ,g         4
  _values1
                                  00001658         8   data ,g         5

SECTION=R_2
FILE=.\src\matSystem\System.obj
                                  00001660  00001661         2
  _logIndex
                                  00001660         2   data ,g         2
FILE=.\src\UserApplication\App.obj
                                  00001662  00001663         2
  _AIN1sumpleCount
                                  00001662         2   data ,g         7
FILE=.\src\Modules\micon\SCIc.obj
                                  00001664  00001673        10
  _uart1_bufR_index_A
                                  00001664         2   data ,g         4
  _uart1_bufR_index_B
                                  00001666         2   data ,g         4
  _uart1_bufT_index
                                  00001668         2   data ,g         6
  _uart1_bufT_maxCount
                                  0000166a         2   data ,g         5
  _uart0_bufR_index_A
                                  0000166c         2   data ,g         4
  _uart0_bufR_index_B
                                  0000166e         2   data ,g         4
  _uart0_bufT_index
                                  00001670         2   data ,g         6
  _uart0_bufT_maxCount
                                  00001672         2   data ,g         5
FILE=.\src\Modules\Bluetooth.obj
                                  00001674  00001685        12
  _orderBuffer
                                  00001674        10   data ,g         9
  _vibration1count
                                  00001684         2   data ,g         3
FILE=.\src\Modules\Buzzer.obj
                                  00001686  00001699        14
  _oneTime
                                  00001686         2   data ,g         6
  _stepUp
                                  00001688         2   data ,g         6
  _stepDown
                                  0000168a         2   data ,g         6
  _siren1
                                  0000168c         2   data ,g         7
  _siren1Fq
                                  0000168e         2   data ,g         4
  _siren2
                                  00001690         2   data ,g         6
  _siren2Fq
                                  00001692         2   data ,g         4
  _lowBattery
                                  00001694         2   data ,g         7
  _lowBatteryFq
                                  00001696         2   data ,g         5
  _flag
                                  00001698         2   data ,g         3
FILE=.\src\Modules\DataLogger.obj
                                  0000169a  0000169d         4
  _log1_time
                                  0000169a         2   data ,g         2
  _log1_index
                                  0000169c         2   data ,g         5

SECTION=B
FILE=.\src\startup\sbrk.obj
                                  000016a0  00001a9f       400
  _heap_area
                                  000016a0       400   data ,l         2
FILE=.\src\matSystem\Connecter.obj
                                  00001aa0  00001b1f        80
  _Inputs
                                  00001aa0        80   data ,g         2
FILE=.\src\matSystem\System.obj
                                  00001b20  0000231f       800
  _log
                                  00001b20       800   data ,g         2
FILE=.\src\UserApplication\App.obj
                                  00002320  000024ff       1e0
  _AIN1buffer
                                  00002320       190   data ,g         4
  _AIN2buffer2
                                  000024b0        28   data ,g         3
  _AIN3buffer3
                                  000024d8        28   data ,g         3
FILE=.\src\Modules\micon\CMT.obj
                                  00002500  0000250b         c
  _callback1
                                  00002500         4   data ,g         2
  _callback2
                                  00002504         4   data ,g         2
  _callback3
                                  00002508         4   data ,g         2
FILE=.\src\Modules\micon\SCIc.obj
                                  0000250c  00002513         8
  _uart1_bufT
                                  0000250c         4   data ,g         3
  _uart0_bufT
                                  00002510         4   data ,g         3
FILE=.\src\Modules\Bluetooth.obj
                                  00002514  0000251b         8
  _bluetoothRecievedData
                                  00002514         4   data ,g         4
  _Callback
                                  00002518         4   data ,g         2
FILE=.\src\Modules\DataLogger.obj
                                  0000251c  0000651b      4000
  _log1
                                  0000251c      4000   data ,g         2
FILE=.\src\Modules\DigitalIO.obj
                                  0000651c  0000654f        34
  _dio3buf
                                  0000651c        28   data ,g         b
  _preDIO3state
                                  00006544         4   data ,g         2
  _curDIO3state
                                  00006548         4   data ,g         4
  _DIO3callback
                                  0000654c         4   data ,g         2
FILE=.\src\Modules\Motor.obj
                                  00006550  00006553         4
  _errorCallback
                                  00006550         4   data ,g         2
FILE=dtor_list
                                  00006554  00006557         4
  _needed_destruction_head
                                  00006554         4   data ,l         2

SECTION=R
FILE=.\src\startup\sbrk.obj
                                  00006558  0000655b         4
  _brk
                                  00006558         4   data ,l         3
FILE=.\src\matSystem\Connecter.obj
                                  0000655c  0000657b        20
  __Connecter_isConnecting
                                  0000655c         4   data ,g         3
  _trgRecieved
                                  00006560         4   data ,g         5
  _commandRecieved
                                  00006564         4   data ,g         5
  _valueLengthRecieved
                                  00006568         4   data ,g         5
  _valueRecieved
                                  0000656c         4   data ,g         5
  _lineRecieved
                                  00006570         4   data ,g         4
  _connecter_Recieve_running
                                  00006574         4   data ,g         3
  _connecter_send_running
                                  00006578         4   data ,g         3
FILE=.\src\matSystem\System.obj
                                  0000657c  00006583         8
  _System_CurrentTime
                                  0000657c         4   data ,g         4
  _isCounting
                                  00006580         4   data ,g         3
FILE=.\src\UserApplication\App.obj
                                  00006584  0000659f        1c
  _startCurrent
                                  00006584         4   data ,g         4
  _deltaL
                                  00006588         8   data ,g         5
  _deltaR
                                  00006590         8   data ,g         5
  _integralL
                                  00006598         4   data ,g         2
  _integralR
                                  0000659c         4   data ,g         2
FILE=.\src\Modules\Bluetooth.obj
                                  000065a0  000065a7         8
  _commandOut_State
                                  000065a0         4   data ,g         3
  _commandIn_State
                                  000065a4         4   data ,g         2
FILE=.\src\Modules\DataLogger.obj
                                  000065a8  000065ab         4
  _log1_isLoging
                                  000065a8         4   data ,g         4
FILE=.\src\Modules\DigitalIO.obj
                                  000065ac  000065af         4
  _DIO3interrupt
                                  000065ac         4   data ,g         2
FILE=.\src\Modules\Motor.obj
                                  000065b0  00006643        94
  _motor1_DutyIn_State
                                  000065b0         4   data ,g         0
  _motor2_DutyIn_State
                                  000065b4         4   data ,g         0
  _motor3_DutyIn_State
                                  000065b8         4   data ,g         0
  _motor4_DutyIn_State
                                  000065bc         4   data ,g         0
  _motor5_DutyIn_State
                                  000065c0         4   data ,g         0
  _motor6_DutyIn_State
                                  000065c4         4   data ,g         0
  _motor1_AccelerationIn_State
                                  000065c8         4   data ,g         7
  _motor2_AccelerationIn_State
                                  000065cc         4   data ,g         1
  _motor3_AccelerationIn_State
                                  000065d0         4   data ,g         1
  _motor4_AccelerationIn_State
                                  000065d4         4   data ,g         1
  _motor5_AccelerationIn_State
                                  000065d8         4   data ,g         1
  _motor6_AccelerationIn_State
                                  000065dc         4   data ,g         1
  _motor1_DutyOut_State
                                  000065e0         4   data ,g         3
  _motor2_DutyOut_State
                                  000065e4         4   data ,g         3
  _motor3_DutyOut_State
                                  000065e8         4   data ,g         3
  _motor4_DutyOut_State
                                  000065ec         4   data ,g         3
  _motor5_DutyOut_State
                                  000065f0         4   data ,g         3
  _motor6_DutyOut_State
                                  000065f4         4   data ,g         3
  _trgDuty
                                  000065f8        18   data ,g         d
  _acceleration
                                  00006610        18   data ,g         d
  _actualDuty
                                  00006628        18   data ,g        17
  _callbackRegi
                                  00006640         4   data ,g         2
FILE=static_init
                                  00006644  0000664b         8
  _use_patch_info
                                  00006644         4   data ,l         1
  _dtors_done$1
                                  00006648         4   data ,l         1
FILE=munch_dtors
                                  0000664c  0000664f         4
  __dtors
                                  0000664c         4   data ,g         1
FILE=vars
                                  00006650  00006657         8
  __new_handler
                                  00006650         4   data ,g         0
  ___head
                                  00006654         4   data ,g         1

SECTION=PResetPRG
FILE=.\src\startup\reset_program.obj
                                  fff80000  fff80038        39
  _PowerON_Reset_PC
                                  fff80000        39   entry,g         1

SECTION=C
FILE=.\src\startup\dbsct.obj
                                  fff8003c  fff8006f        34
  __CTBL
                                  fff8003c        34   data ,g         0

SECTION=C$DSEC
FILE=.\src\startup\dbsct.obj
                                  fff80070  fff80093        24
  __DTBL
                                  fff80070        24   data ,g         0

SECTION=C$BSEC
FILE=.\src\startup\dbsct.obj
                                  fff80094  fff800ab        18
  __BTBL
                                  fff80094        18   data ,g         0

SECTION=C$VECT
FILE=.\src\startup\dbsct.obj
                                  fff800ac  fff804ab       400

SECTION=D
FILE=.\src\startup\sbrk.obj
                                  fff804ac  fff804af         4
FILE=.\src\matSystem\Connecter.obj
                                  fff804b0  fff804cf        20
FILE=.\src\matSystem\System.obj
                                  fff804d0  fff804d7         8
FILE=.\src\UserApplication\App.obj
                                  fff804d8  fff804f3        1c
FILE=.\src\Modules\Bluetooth.obj
                                  fff804f4  fff804fb         8
FILE=.\src\Modules\DataLogger.obj
                                  fff804fc  fff804ff         4
FILE=.\src\Modules\DigitalIO.obj
                                  fff80500  fff80503         4
FILE=.\src\Modules\Motor.obj
                                  fff80504  fff80597        94
FILE=static_init
                                  fff80598  fff8059f         8
FILE=munch_dtors
                                  fff805a0  fff805a3         4
FILE=vars
                                  fff805a4  fff805ab         8

SECTION=D_1
FILE=.\src\matSystem\Connecter.obj
                                  fff805ac  fff805b3         8
FILE=.\src\matSystem\Main.obj
                                  fff805b4  fff805b4         1
FILE=.\src\matSystem\System.obj
                                  fff805b5  fff805b5         1
FILE=.\src\UserApplication\App.obj
                                  fff805b6  fff805c4         f
FILE=.\src\Modules\micon\SCIc.obj
                                  fff805c5  fff805c8         4
FILE=.\src\Modules\Bluetooth.obj
                                  fff805c9  fff805c9         1
FILE=.\src\Modules\DataLogger.obj
                                  fff805ca  fff805ca         1
FILE=.\src\Modules\DigitalIO.obj
                                  fff805cb  fff805cb         1
FILE=.\src\Modules\Motor.obj
                                  fff805cc  fff805cc         1

SECTION=D_2
FILE=.\src\matSystem\System.obj
                                  fff805ce  fff805cf         2
FILE=.\src\UserApplication\App.obj
                                  fff805d0  fff805d1         2
FILE=.\src\Modules\micon\SCIc.obj
                                  fff805d2  fff805e1        10
FILE=.\src\Modules\Bluetooth.obj
                                  fff805e2  fff805f3        12
FILE=.\src\Modules\Buzzer.obj
                                  fff805f4  fff80607        14
FILE=.\src\Modules\DataLogger.obj
                                  fff80608  fff8060b         4

SECTION=W_1
FILE=.\src\Modules\Motor.obj
                                  fff8060c  fff80611         6
FILE=.\src\DataConverter.obj
                                  fff80612  fff8061b         a

SECTION=L
FILE=.\src\matSystem\Connecter.obj
                                  fff8061c  fff80620         5
FILE=.\src\Modules\Bluetooth.obj
                                  fff80624  fff80631         e
FILE=.\src\Modules\Motor.obj
                                  fff80634  fff8065d        2a

SECTION=PIntPRG
FILE=.\src\Modules\micon\interrupt_handlers.obj
                                  fff8065e  fff807b6       159
  _Excep_SuperVisorInst
                                  fff8065e         2   func ,g         1
  _Excep_AccessInst
                                  fff80660         2   func ,g         1
  _Excep_UndefinedInst
                                  fff80662         2   func ,g         1
  _Excep_FloatingPoint
                                  fff80664         2   func ,g         1
  _NonMaskableInterrupt
                                  fff80666         2   func ,g         1
  _Dummy
                                  fff80668         2   func ,g        13
  _Excep_BRK
                                  fff8066a         f   func ,g         0
  _Excep_BSC_BUSERR
                                  fff80679         2   func ,g         0
  _Excep_FCU_FIFERR
                                  fff8067b         2   func ,g         0
  _Excep_FCU_FRDYI
                                  fff8067d         2   func ,g         0
  _Excep_ICU_SWINT
                                  fff8067f         2   func ,g         0
  _Excep_CMT3_CMI3
                                  fff80681         2   func ,g         0
  _Excep_USB0_D0FIFO0
                                  fff80683         2   func ,g         0
  _Excep_USB0_D1FIFO0
                                  fff80685         2   func ,g         0
  _Excep_USB0_USBI0
                                  fff80687         2   func ,g         0
  _Excep_CAC_FERRF
                                  fff80689         2   func ,g         0
  _Excep_CAC_MENDF
                                  fff8068b         2   func ,g         0
  _Excep_CAC_OVFF
                                  fff8068d         2   func ,g         0
  _Excep_RSPI0_SPRI0
                                  fff8068f         2   func ,g         0
  _Excep_RSPI0_SPTI0
                                  fff80691         2   func ,g         0
  _Excep_RSPI0_SPII0
                                  fff80693         2   func ,g         0
  _Excep_RSPI1_SPRI1
                                  fff80695         2   func ,g         0
  _Excep_RSPI1_SPTI1
                                  fff80697         2   func ,g         0
  _Excep_RSPI1_SPII1
                                  fff80699         2   func ,g         0
  _Excep_CAN1_RXF1
                                  fff8069b         2   func ,g         0
  _Excep_CAN1_TXF1
                                  fff8069d         2   func ,g         0
  _Excep_CAN1_RXM1
                                  fff8069f         2   func ,g         0
  _Excep_CAN1_TXM1
                                  fff806a1         2   func ,g         0
  _Excep_GPT7_GTCIA7
                                  fff806a3         2   func ,g         0
  _Excep_GPT7_GTCIB7
                                  fff806a5         2   func ,g         0
  _Excep_GPT7_GTCIC7
                                  fff806a7         2   func ,g         0
  _Excep_GPT7_GTCIE7
                                  fff806a9         2   func ,g         0
  _Excep_GPT7_GTCIV7
                                  fff806ab         2   func ,g         0
  _Excep_CMP_CMP4
                                  fff806ad         2   func ,g         0
  _Excep_CMP_CMP5
                                  fff806af         2   func ,g         0
  _Excep_CMP_CMP6
                                  fff806b1         2   func ,g         0
  _Excep_DOC_DOPCF
                                  fff806b3         2   func ,g         0
  _Excep_DPC_RBI0
                                  fff806b5         2   func ,g         0
  _Excep_DPC_RBI1
                                  fff806b7         2   func ,g         0
  _Excep_DPC_RBI2
                                  fff806b9         2   func ,g         0
  _Excep_DPC_RBI3
                                  fff806bb         2   func ,g         0
  _Excep_DPC_RBI4
                                  fff806bd         2   func ,g         0
  _Excep_ICU_IRQ0
                                  fff806bf         2   func ,g         0
  _Excep_ICU_IRQ1
                                  fff806c1         2   func ,g         0
  _Excep_ICU_IRQ2
                                  fff806c3         2   func ,g         0
  _Excep_ICU_IRQ3
                                  fff806c5         2   func ,g         0
  _Excep_ICU_IRQ4
                                  fff806c7         2   func ,g         0
  _Excep_ICU_IRQ5
                                  fff806c9         2   func ,g         0
  _Excep_ICU_IRQ6
                                  fff806cb         2   func ,g         0
  _Excep_ICU_IRQ7
                                  fff806cd         2   func ,g         0
  _Excep_USB_USBR0
                                  fff806cf         2   func ,g         0
  _Excep_AD_ADI0
                                  fff806d1         2   func ,g         0
  _Excep_S12AD_S12GBADI
                                  fff806d3         2   func ,g         0
  _Excep_S12AD1_S12GBADI1
                                  fff806d5         2   func ,g         0
  _Excep_ICU_GROUP0
                                  fff806d7         2   func ,g         0
  _Excep_ICU_GROUP12
                                  fff806d9         2   func ,g         0
  _Excep_SCI12_SCIX0
                                  fff806db         2   func ,g         0
  _Excep_SCI12_SCIX1
                                  fff806dd         2   func ,g         0
  _Excep_SCI12_SCIX2
                                  fff806df         2   func ,g         0
  _Excep_SCI12_SCIX3
                                  fff806e1         2   func ,g         0
  _Excep_MTU0_TGIA0
                                  fff806e3         2   func ,g         0
  _Excep_MTU0_TGIB0
                                  fff806e5         2   func ,g         0
  _Excep_MTU0_TGIC0
                                  fff806e7         2   func ,g         0
  _Excep_MTU0_TGID0
                                  fff806e9         2   func ,g         0
  _Excep_MTU0_TCIV0
                                  fff806eb         2   func ,g         0
  _Excep_MTU0_TGIE0
                                  fff806ed         2   func ,g         0
  _Excep_MTU0_TGIF0
                                  fff806ef         2   func ,g         0
  _Excep_MTU1_TGIA1
                                  fff806f1         2   func ,g         0
  _Excep_MTU1_TGIB1
                                  fff806f3         2   func ,g         0
  _Excep_MTU1_TCIV1
                                  fff806f5         2   func ,g         0
  _Excep_MTU1_TCIU1
                                  fff806f7         2   func ,g         0
  _Excep_MTU2_TGIA2
                                  fff806f9         2   func ,g         0
  _Excep_MTU2_TGIB2
                                  fff806fb         2   func ,g         0
  _Excep_MTU2_TCIV2
                                  fff806fd         2   func ,g         0
  _Excep_MTU2_TCIU2
                                  fff806ff         2   func ,g         0
  _Excep_MTU3_TGIA3
                                  fff80701         2   func ,g         0
  _Excep_MTU3_TGIB3
                                  fff80703         2   func ,g         0
  _Excep_MTU3_TGIC3
                                  fff80705         2   func ,g         0
  _Excep_MTU3_TGID3
                                  fff80707         2   func ,g         0
  _Excep_MTU3_TCIV3
                                  fff80709         2   func ,g         0
  _Excep_MTU4_TGIA4
                                  fff8070b         2   func ,g         0
  _Excep_MTU4_TGIB4
                                  fff8070d         2   func ,g         0
  _Excep_MTU4_TGIC4
                                  fff8070f         2   func ,g         0
  _Excep_MTU4_TGID4
                                  fff80711         2   func ,g         0
  _Excep_MTU4_TCIV4
                                  fff80713         2   func ,g         0
  _Excep_MTU5_TGIU5
                                  fff80715         2   func ,g         0
  _Excep_MTU5_TGIV5
                                  fff80717         2   func ,g         0
  _Excep_MTU5_TGIW5
                                  fff80719         2   func ,g         0
  _Excep_MTU6_TGIA6
                                  fff8071b         2   func ,g         0
  _Excep_MTU6_TGIB6
                                  fff8071d         2   func ,g         0
  _Excep_MTU6_TGIC6
                                  fff8071f         2   func ,g         0
  _Excep_MTU6_TGID6
                                  fff80721         2   func ,g         0
  _Excep_MTU6_TCIV6
                                  fff80723         2   func ,g         0
  _Excep_MTU7_TGIA7
                                  fff80725         2   func ,g         0
  _Excep_MTU7_TGIB7
                                  fff80727         2   func ,g         0
  _Excep_MTU7_TGIC7
                                  fff80729         2   func ,g         0
  _Excep_MTU7_TGID7
                                  fff8072b         2   func ,g         0
  _Excep_MTU7_TCIV7
                                  fff8072d         2   func ,g         0
  _Excep_POE_OEI1
                                  fff8072f         2   func ,g         0
  _Excep_POE_OEI2
                                  fff80731         2   func ,g         0
  _Excep_POE_OEI3
                                  fff80733         2   func ,g         0
  _Excep_POE_OEI4
                                  fff80735         2   func ,g         0
  _Excep_POE_OEI5
                                  fff80737         2   func ,g         0
  _Excep_CMP_CMP0
                                  fff80739         2   func ,g         0
  _Excep_CMP_CMP1
                                  fff8073b         2   func ,g         0
  _Excep_CMP_CMP2
                                  fff8073d         2   func ,g         0
  _Excep_GPT4_GTCIA4
                                  fff8073f         2   func ,g         0
  _Excep_GPT4_GTCIB4
                                  fff80741         2   func ,g         0
  _Excep_GPT4_GTCIC4
                                  fff80743         2   func ,g         0
  _Excep_GPT4_GTCIE4
                                  fff80745         2   func ,g         0
  _Excep_GPT4_GTCIV4
                                  fff80747         2   func ,g         0
  _Excep_GPT4_LOCOI4
                                  fff80749         2   func ,g         0
  _Excep_GPT5_GTCIA5
                                  fff8074b         2   func ,g         0
  _Excep_GPT5_GTCIB5
                                  fff8074d         2   func ,g         0
  _Excep_GPT5_GTCIC5
                                  fff8074f         2   func ,g         0
  _Excep_GPT5_GTCIE5
                                  fff80751         2   func ,g         0
  _Excep_GPT5_GTCIV5
                                  fff80753         2   func ,g         0
  _Excep_GPT6_GTCIA6
                                  fff80755         2   func ,g         0
  _Excep_GPT6_GTCIB6
                                  fff80757         2   func ,g         0
  _Excep_GPT6_GTCIC6
                                  fff80759         2   func ,g         0
  _Excep_GPT6_GTCIE6
                                  fff8075b         2   func ,g         0
  _Excep_GPT6_GTCIV6
                                  fff8075d         2   func ,g         0
  _Excep_RIIC1_EEI1
                                  fff8075f         2   func ,g         0
  _Excep_RIIC1_RXI1
                                  fff80761         2   func ,g         0
  _Excep_RIIC1_TXI1
                                  fff80763         2   func ,g         0
  _Excep_RIIC1_TEI1
                                  fff80765         2   func ,g         0
  _Excep_RIIC0_EEI0
                                  fff80767         2   func ,g         0
  _Excep_RIIC0_RXI0
                                  fff80769         2   func ,g         0
  _Excep_RIIC0_TXI0
                                  fff8076b         2   func ,g         0
  _Excep_RIIC0_TEI0
                                  fff8076d         2   func ,g         0
  _Excep_DMAC_DMAC0I
                                  fff8076f         2   func ,g         0
  _Excep_DMAC_DMAC1I
                                  fff80771         2   func ,g         0
  _Excep_DMAC_DMAC2I
                                  fff80773         2   func ,g         0
  _Excep_DMAC_DMAC3I
                                  fff80775         2   func ,g         0
  _Excep_SCI0_TEI0
                                  fff80777         2   func ,g         0
  _Excep_SCI1_TEI1
                                  fff80779         2   func ,g         0
  _Excep_SCI2_RXI2
                                  fff8077b         2   func ,g         0
  _Excep_SCI2_TXI2
                                  fff8077d         2   func ,g         0
  _Excep_SCI2_TEI2
                                  fff8077f         2   func ,g         0
  _Excep_SCI3_RXI3
                                  fff80781         2   func ,g         0
  _Excep_SCI3_TXI3
                                  fff80783         2   func ,g         0
  _Excep_SCI3_TEI3
                                  fff80785         2   func ,g         0
  _Excep_GPT0_GTCIA0
                                  fff80787         2   func ,g         0
  _Excep_GPT0_GTCIB0
                                  fff80789         2   func ,g         0
  _Excep_GPT0_GTCIC0
                                  fff8078b         2   func ,g         0
  _Excep_GPT0_GTCIE0
                                  fff8078d         2   func ,g         0
  _Excep_GPT0_GTCIV0
                                  fff8078f         2   func ,g         0
  _Excep_GPT0_LOCOI0
                                  fff80791         2   func ,g         0
  _Excep_GPT1_GTCIA1
                                  fff80793         2   func ,g         0
  _Excep_GPT1_GTCIB1
                                  fff80795         2   func ,g         0
  _Excep_GPT1_GTCIC1
                                  fff80797         2   func ,g         0
  _Excep_GPT1_GTCIE1
                                  fff80799         2   func ,g         0
  _Excep_GPT1_GTCIV1
                                  fff8079b         2   func ,g         0
  _Excep_GPT2_GTCIA2
                                  fff8079d         2   func ,g         0
  _Excep_GPT2_GTCIB2
                                  fff8079f         2   func ,g         0
  _Excep_GPT2_GTCIC2
                                  fff807a1         2   func ,g         0
  _Excep_GPT2_GTCIE2
                                  fff807a3         2   func ,g         0
  _Excep_GPT2_GTCIV2
                                  fff807a5         2   func ,g         0
  _Excep_GPT3_GTCIA3
                                  fff807a7         2   func ,g         0
  _Excep_GPT3_GTCIB3
                                  fff807a9         2   func ,g         0
  _Excep_GPT3_GTCIC3
                                  fff807ab         2   func ,g         0
  _Excep_GPT3_GTCIE3
                                  fff807ad         2   func ,g         0
  _Excep_GPT3_GTCIV3
                                  fff807af         2   func ,g         0
  _Excep_SCI12_RXI12
                                  fff807b1         2   func ,g         0
  _Excep_SCI12_TXI12
                                  fff807b3         2   func ,g         0
  _Excep_SCI12_TEI12
                                  fff807b5         2   func ,g         0

SECTION=P
FILE=.\src\startup\hardware_setup.obj
                                  fff807b7  fff8091e       168
  _HardwareSetup
                                  fff807b7        a3   func ,g         1
  _wait
                                  fff8085a        c5   func ,g         2
FILE=.\src\startup\sbrk.obj
                                  fff8091f  fff8095a        3c
  _sbrk
                                  fff8091f        3c   func ,g         0
FILE=.\src\matSystem\BatteryCheck.obj
                                  fff8095b  fff80a0e        b4
  BatteryCheck()
                                  fff8095b        b4   func ,g         1
FILE=.\src\matSystem\Connecter.obj
                                  fff80a0f  fff80f3b       52d
  __Connecter_Activate
                                  fff80a0f         5   func ,g         1
  __Connecter_Recieve
                                  fff80a14       323   func ,g         1
  __Connecter_Transmit
                                  fff80d37        6f   func ,g         1
  _Connecter_Send
                                  fff80da6        a2   func ,g         a
  _Connecter_SendFloat
                                  fff80e48        32   func ,g         c
  _Connecter_SendInt
                                  fff80e7a        32   func ,g         0
  _Execute
                                  fff80eac        66   func ,l         1
  _Connecter_InputToHardwarePort
                                  fff80f12        17   func ,g         1
  _Connecter_RegistHardwarePort
                                  fff80f29        13   func ,g         1
FILE=.\src\matSystem\Main.obj
                                  fff80f3c  fff80fd2        97
  _main
                                  fff80f3c        46   func ,g         1
  Timer1_Callback()
                                  fff80f82        4b   func ,l         1
  Timer3_Callback()
                                  fff80fcd         5   func ,l         1
  _abort
                                  fff80fd2         1   func ,g         1
FILE=.\src\matSystem\System.obj
                                  fff80fd3  fff8109c        ca
  __System_ClockStart
                                  fff80fd3         a   func ,g         2
  __System_ClockStop
                                  fff80fdd         a   func ,g         1
  __System_SetTime
                                  fff80fe7         e   func ,g         1
  __System_Loop
                                  fff80ff5        1b   func ,g         1
  __System_Do
                                  fff81010        57   func ,g         1
  _System_Log
                                  fff81067        36   func ,g         0
FILE=.\src\UserApplication\App.obj
                                  fff8109d  fff81cd4       c38
  _Initialize
                                  fff8109d        71   func ,g         1
  _MainLoop
                                  fff8110e         1   func ,g         1
  __SystemClockCallBack
                                  fff8110f        93   func ,g         1
  Timer2Callback()
                                  fff811a2       22e   func ,l         1
  BluetoothCallback(DUALSHOCK3)
                                  fff813d0       850   func ,l         1
  StartAimMode()
                                  fff81c20        46   func ,l         1
  EndAimMode()
                                  fff81c66        42   func ,l         4
  Sleep()
                                  fff81ca8        2d   func ,l         2
FILE=.\src\Modules\micon\CMT.obj
                                  fff81cd5  fff81eba       1e6
  _CMT_init
                                  fff81cd5        2d   func ,g         1
  _CMT0_Set
                                  fff81d02        5d   func ,g         4
  _CMT0_Start
                                  fff81d5f         c   func ,g         1
  _Excep_CMT0_CMI0
                                  fff81d6b        1b   func ,g         0
  _CMT0_Stop
                                  fff81d86         f   func ,g         1
  _CMT1_Set
                                  fff81d95        5d   func ,g         4
  _CMT1_Start
                                  fff81df2         c   func ,g         1
  _Excep_CMT1_CMI1
                                  fff81dfe        1b   func ,g         0
  _CMT1_Stop
                                  fff81e19         f   func ,g         1
  _CMT2_Set
                                  fff81e28        5d   func ,g         4
  _CMT2_Start
                                  fff81e85         c   func ,g         1
  _Excep_CMT2_CMI2
                                  fff81e91        1b   func ,g         0
  _CMT2_Stop
                                  fff81eac         f   func ,g         1
FILE=.\src\Modules\micon\DAa.obj
                                  fff81ebb  fff81f29        6f
  _DAa_init
                                  fff81ebb        55   func ,g         1
  _DA0_SetValue
                                  fff81f10         d   func ,g         1
  _DA1_SetValue
                                  fff81f1d         d   func ,g         1
FILE=.\src\Modules\micon\GPT012.obj
                                  fff81f2a  fff822d3       3aa
  _GPT012_init
                                  fff81f2a       2c0   func ,g         1
  _PWM_M1_set
                                  fff821ea        27   func ,g         1
  _PWM_M2_set
                                  fff82211        27   func ,g         1
  _PWM_M3_set
                                  fff82238        27   func ,g         1
  _PWM_M4_set
                                  fff8225f        27   func ,g         1
  _PWM_M5_set
                                  fff82286        27   func ,g         1
  _PWM_M6_set
                                  fff822ad        27   func ,g         1
FILE=.\src\Modules\micon\GPT456.obj
                                  fff822d4  fff82609       336
  _GPT456_init
                                  fff822d4       1fc   func ,g         1
  _Servo1_set
                                  fff824d0        4e   func ,g         2
  _Servo1_On
                                  fff8251e         c   func ,g         2
  _Servo1_Off
                                  fff8252a         f   func ,g         0
  _Servo2_set
                                  fff82539        4e   func ,g         2
  _Servo2_On
                                  fff82587         c   func ,g         2
  _PWM1_Off
                                  fff82593         f   func ,g         0
  _BUZZER_set
                                  fff825a2        4e   func ,g         e
  _BUZZER_On
                                  fff825f0         c   func ,g         a
  _BUZZER_Off
                                  fff825fc         e   func ,g         6
FILE=.\src\Modules\micon\IO.obj
                                  fff8260a  fff82992       389
  _IO_LED_init
                                  fff8260a         9   func ,g         1
  _LED_STATUS_R
                                  fff82613        18   func ,g         2
  _LED_STATUS_G
                                  fff8262b        18   func ,g         2
  _LED_STATUS_B
                                  fff82643        19   func ,g         2
  _LED_INFO
                                  fff8265c        19   func ,g         2
  _LED_ERROR
                                  fff82675        19   func ,g         4
  _IO_Motor_Init
                                  fff8268e        26   func ,g         1
  _ALERT
                                  fff826b4        13   func ,g         1
  _STBY
                                  fff826c7        19   func ,g         2
  _Motor1_MODE
                                  fff826e0        30   func ,g         4
  _Motor2_MODE
                                  fff82710        2e   func ,g         4
  _Motor3_MODE
                                  fff8273e        32   func ,g         4
  _Motor4_MODE
                                  fff82770        31   func ,g         4
  _Motor5_MODE
                                  fff827a1        30   func ,g         4
  _Motor6_MODE
                                  fff827d1        2f   func ,g         4
  _IO_DIO_Init
                                  fff82800        5b   func ,g         1
  _DIO_1_Out
                                  fff8285b        18   func ,g         2
  _DIO_2_Out
                                  fff82873        18   func ,g         2
  _DIO_3_Out
                                  fff8288b        16   func ,g         2
  _DIO_4_Out
                                  fff828a1        18   func ,g         2
  _DIO_3_In
                                  fff828b9        40   func ,g         1
  _IO_Multi1_Init
                                  fff828f9        49   func ,g         1
  _Multi1_1_Out
                                  fff82942        1b   func ,g         1
  _Multi1_2_Out
                                  fff8295d        1b   func ,g         1
  _Multi1_3_Out
                                  fff82978        1b   func ,g         1
FILE=.\src\Modules\micon\RIIC.obj
                                  fff82993  fff829bf        2d
  _RIIC_init
                                  fff82993        2d   func ,g         0
FILE=.\src\Modules\micon\S12ADB.obj
                                  fff829c0  fff82c26       267
  _S12AD_init
                                  fff829c0        ad   func ,g         1
  _S12AD_Sample
                                  fff82a6d        1f   func ,g         1
  _Excep_S12AD_S12ADI
                                  fff82a8c        38   func ,g         0
  _S12ADB_GetVoltage
                                  fff82ac4        24   func ,g         3
  _S12AD1_init
                                  fff82ae8        b5   func ,g         1
  _S12AD1_Sample
                                  fff82b9d        1f   func ,g         1
  _Excep_S12AD1_S12ADI1
                                  fff82bbc        47   func ,g         0
  _S12AD1_GetVoltage
                                  fff82c03        24   func ,g         1
FILE=.\src\Modules\micon\SCIc.obj
                                  fff82c27  fff83285       65f
  _uart1_init
                                  fff82c27        d1   func ,g         1
  _uart1_read
                                  fff82cf8        61   func ,g         1
  _uart1_send
                                  fff82d59        53   func ,g         1
  _Excep_SCI1_RXI1
                                  fff82dac        c8   func ,g         0
  _Excep_SCI1_TXI1
                                  fff82e74        6c   func ,g         0
  _uart1_set
                                  fff82ee0        5f   func ,l         2
  _uart1_clear_errorFlag
                                  fff82f3f        16   func ,l         2
  _uart0_init
                                  fff82f55        d4   func ,g         2
  _uart0_read
                                  fff83029        61   func ,g         2
  _uart0_send
                                  fff8308a        53   func ,g         4
  _Excep_SCI0_RXI0
                                  fff830dd        c8   func ,g         0
  _Excep_SCI0_TXI0
                                  fff831a5        6c   func ,g         0
  _uart0_set
                                  fff83211        5f   func ,l         2
  _uart0_clear_errorFlag
                                  fff83270        16   func ,l         2
FILE=.\src\Modules\AnalogIN.obj
                                  fff83286  fff832b3        2e
  _AnalogIN_Activate
                                  fff83286         5   func ,g         1
  _AnalogIN_Sample
                                  fff8328b         5   func ,g         1
  _AnalogIN_GetVoltage
                                  fff83290        24   func ,g         3
FILE=.\src\Modules\AnalogOUT.obj
                                  fff832b4  fff83308        55
  _AnalogOUT_Activate
                                  fff832b4         5   func ,g         1
  _AnalogOUT1_SetVoltage
                                  fff832b9        28   func ,g         0
  _AnalogOUT2_SetVoltage
                                  fff832e1        28   func ,g         0
FILE=.\src\Modules\Battery.obj
                                  fff83309  fff8336c        64
  __Battery_Activate
                                  fff83309         5   func ,g         1
  __Battery_Sample
                                  fff8330e         5   func ,g         1
  __Battery_GetVoltage1
                                  fff83313        1e   func ,g         1
  __Battery_GetVoltage2
                                  fff83331        1e   func ,g         1
  __Battery_GetVoltage3
                                  fff8334f        1e   func ,g         1
FILE=.\src\Modules\Bluetooth.obj
                                  fff8336d  fff8360a       29e
  _Bluetooth_Activate
                                  fff8336d        12   func ,g         1
  __Bluetooth_Loop
                                  fff8337f       177   func ,g         1
  _Bluetooth_CommandIn
                                  fff834f6        16   func ,g         1
  _Bluetooth_CommandOut
                                  fff8350c        6f   func ,l         2
  __Bluetooth_Do
                                  fff8357b        6c   func ,g         1
  _Bluetooth_Vibrate1
                                  fff835e7         d   func ,g         1
  _Bluetooth_Vibrate1Long
                                  fff835f4         a   func ,g         1
  _Bluetooth_Vibrate2
                                  fff835fe         d   func ,g         1
FILE=.\src\Modules\Buzzer.obj
                                  fff8360b  fff839dc       3d2
  _Buzzer_Activate
                                  fff8360b         5   func ,g         1
  __Buzzer_Loop
                                  fff83610       258   func ,g         1
  _Buzzer_On
                                  fff83868        13   func ,g         0
  _Buzzer_Off
                                  fff8387b        5d   func ,g         0
  _Buzzer_OneTime
                                  fff838d8        36   func ,g         4
  _Buzzer_StepUp
                                  fff8390e        29   func ,g         2
  _Buzzer_StepDown
                                  fff83937        29   func ,g         1
  _Buzzer_Siren1
                                  fff83960        29   func ,g         1
  _Buzzer_Siren2
                                  fff83989        2a   func ,g         3
  _Buzzer_LowBattery
                                  fff839b3        2a   func ,g         1
FILE=.\src\Modules\DataLogger.obj
                                  fff839dd  fff83add       101
  _DataLogger_Activate
                                  fff839dd         d   func ,g         1
  __DataLogger_Loop
                                  fff839ea        1a   func ,g         1
  __DataLogger_Do
                                  fff83a04        19   func ,g         0
  _dataLogger1_Do
                                  fff83a1d         8   func ,l         1
  _DataLogger1_DataIn
                                  fff83a25        94   func ,g         1
  _DataLogger1_LoggingStart
                                  fff83ab9        13   func ,g         1
  _DataLogger1_LoggingStop
                                  fff83acc         a   func ,g         2
  _DataLogger_Log
                                  fff83ad6         8   func ,g         0
FILE=.\src\Modules\DigitalIO.obj
                                  fff83ade  fff83c71       194
  _DIO_Activate
                                  fff83ade        17   func ,g         1
  __DIO_Loop
                                  fff83af5       12e   func ,g         1
  _DIO_SetInterrupt
                                  fff83c23        17   func ,g         0
  _DIO1_On
                                  fff83c3a         7   func ,g         1
  _DIO1_Off
                                  fff83c41         7   func ,g         1
  _DIO2_On
                                  fff83c48         7   func ,g         1
  _DIO2_Off
                                  fff83c4f         7   func ,g         1
  _DIO3_On
                                  fff83c56         7   func ,g         0
  _DIO3_Off
                                  fff83c5d         7   func ,g         0
  _DIO4_On
                                  fff83c64         7   func ,g         0
  _DIO4_Off
                                  fff83c6b         7   func ,g         0
FILE=.\src\Modules\LED.obj
                                  fff83c72  fff83cbc        4b
  __LED_Activate
                                  fff83c72         5   func ,g         1
  __LED_R_On
                                  fff83c77         7   func ,g         2
  __LED_G_On
                                  fff83c7e         7   func ,g         1
  __LED_B_On
                                  fff83c85         7   func ,g         2
  __LED_Info_On
                                  fff83c8c         7   func ,g         1
  __LED_Error_On
                                  fff83c93         7   func ,g         3
  __LED_R_Off
                                  fff83c9a         7   func ,g         1
  __LED_G_Off
                                  fff83ca1         7   func ,g         0
  __LED_B_Off
                                  fff83ca8         7   func ,g         1
  __LED_Info_Off
                                  fff83caf         7   func ,g         1
  __LED_Error_Off
                                  fff83cb6         7   func ,g         0
FILE=.\src\Modules\Motor.obj
                                  fff83cbd  fff84892       bd6
  _Motor_Activate
                                  fff83cbd         9   func ,g         1
  _Motor_UnlockSTBY
                                  fff83cc6         7   func ,g         1
  _Motor_LockSTBY
                                  fff83ccd         7   func ,g         1
  _Motor_SetErrorCallback
                                  fff83cd4        17   func ,g         0
  __Motor_Loop
                                  fff83ceb       384   func ,g         1
  _Motor5_GetDirection
                                  fff8406f         e   func ,g         0
  _Motor5_GetDuty
                                  fff8407d         e   func ,g         0
  _Motor1_DutyIn
                                  fff8408b        11   func ,g         4
  _Motor1_AccelerationIn
                                  fff8409c        58   func ,g         2
  _Motor1_DutyOut
                                  fff840f4        50   func ,l         1
  _Motor2_DutyIn
                                  fff84144        12   func ,g         4
  _Motor2_AccelerationIn
                                  fff84156        5a   func ,g         2
  _Motor2_DutyOut
                                  fff841b0        32   func ,l         1
  _Motor3_DutyIn
                                  fff841e2        12   func ,g         4
  _Motor3_AccelerationIn
                                  fff841f4        5a   func ,g         2
  _Motor3_DutyOut
                                  fff8424e        32   func ,l         1
  _Motor4_DutyIn
                                  fff84280        12   func ,g         4
  _Motor4_AccelerationIn
                                  fff84292        5a   func ,g         2
  _Motor4_DutyOut
                                  fff842ec        32   func ,l         1
  _Motor5_DutyIn
                                  fff8431e        12   func ,g         b
  _Motor5_AccelerationIn
                                  fff84330        5a   func ,g         7
  _Motor5_DutyOut
                                  fff8438a        32   func ,l         1
  _Motor6_DutyIn
                                  fff843bc        12   func ,g         1
  _Motor6_AccelerationIn
                                  fff843ce        5a   func ,g         0
  _Motor6_DutyOut
                                  fff84428        32   func ,l         1
  _motor1_SetMode
                                  fff8445a        3e   func ,l         3
  _motor2_SetMode
                                  fff84498        3e   func ,l         3
  _motor3_SetMode
                                  fff844d6        3e   func ,l         3
  _motor4_SetMode
                                  fff84514        3e   func ,l         3
  _motor5_SetMode
                                  fff84552        3e   func ,l         3
  _motor6_SetMode
                                  fff84590        3e   func ,l         3
  _norm
                                  fff845ce        42   func ,l         6
  __Motor_Do
                                  fff84610        54   func ,g         1
  _motor1_Do
                                  fff84664        7c   func ,l         1
  _motor2_Do
                                  fff846e0        57   func ,l         1
  _motor3_Do
                                  fff84737        57   func ,l         1
  _motor4_Do
                                  fff8478e        57   func ,l         1
  _motor5_Do
                                  fff847e5        57   func ,l         1
  _motor6_Do
                                  fff8483c        57   func ,l         1
FILE=.\src\Modules\Multi.obj
                                  fff84893  fff848c0        2e
  _Multi1_Activate
                                  fff84893        10   func ,g         1
  _Multi1_DOUT1
                                  fff848a3         a   func ,g         0
  _Multi1_DOUT2
                                  fff848ad         a   func ,g         0
  _Multi1_DOUT3
                                  fff848b7         a   func ,g         0
FILE=.\src\Modules\Servo.obj
                                  fff848c1  fff84943        83
  _Servo_Activate
                                  fff848c1        23   func ,g         1
  _Servo1_RotationIn
                                  fff848e4        30   func ,g         1
  _Servo2_RotationIn
                                  fff84914        30   func ,g         1
FILE=.\src\Modules\Timer.obj
                                  fff84944  fff84b58       215
  __Timer_Activate
                                  fff84944         5   func ,g         1
  __Timer1_Set
                                  fff84949        a6   func ,g         1
  __Timer1_Start
                                  fff849ef         5   func ,g         1
  __Timer1_Stop
                                  fff849f4         5   func ,g         0
  _Timer2_Set
                                  fff849f9        a6   func ,g         1
  _Timer2_Start
                                  fff84a9f         5   func ,g         1
  _Timer2_Stop
                                  fff84aa4         5   func ,g         0
  __Timer3_Set
                                  fff84aa9        a6   func ,g         1
  __Timer3_Start
                                  fff84b4f         5   func ,g         1
  __Timer3_Stop
                                  fff84b54         5   func ,g         0
FILE=.\src\Modules\UART.obj
                                  fff84b59  fff84ba2        4a
  __UART1_Activate
                                  fff84b59         5   func ,g         1
  __UART1_GetRecievedData
                                  fff84b5e        10   func ,g         1
  __UART1_TransmitData
                                  fff84b6e        10   func ,g         2
  __UART0_Activate
                                  fff84b7e         5   func ,g         0
  __UART0_GetRecievedData
                                  fff84b83        10   func ,g         0
  __UART0_TransmitData
                                  fff84b93        10   func ,g         0
FILE=.\src\DataConverter.obj
                                  fff84ba3  fff84d76       1d4
  IntParse(unsigned char)
                                  fff84ba3        53   func ,l         1
  _StringToWORD
                                  fff84bf6        45   func ,g         2
  _BitsToFloat
                                  fff84c3b        3a   func ,g         6
  _BitsToInt
                                  fff84c75        3c   func ,g         2
  _BitsToDUALSHOCK3
                                  fff84cb1        4f   func ,g         1
  _FloatToBits
                                  fff84d00        3c   func ,g         1
  _IntToBits
                                  fff84d3c        3b   func ,g         1
FILE=cppinit
                                  fff84d77  fff84d96        20
  __CALL_INIT
                                  fff84d77        1c   func ,g         1
  __CALL_END
                                  fff84d93         4   func ,g         1
FILE=__initsct
                                  fff84d97  fff84de0        4a
  __INITSCT
                                  fff84d97         0   none ,g         1
  loop1
                                  fff84da9         0   none ,l         1
  next_loop1
                                  fff84db7         0   none ,l         2
  loop3
                                  fff84dc9         0   none ,l         1
  next_loop3
                                  fff84dda         0   none ,l         2
FILE=static_init
                                  fff84de1  fff84e46        66
  __call_dtors()
                                  fff84de1        66   func ,g         1
FILE=dtor_list
                                  fff84e47  fff84e91        4b
  __process_needed_destructions()
                                  fff84e47        26   func ,g         2
  ___already_marked_for_destruction
                                  fff84e6d         6   func ,g         1
  ___record_needed_destruction
                                  fff84e73        1d   func ,g         0
  ___std__needed_destruction_list
                                  fff84e90         2   func ,g         0
FILE=error
                                  fff84e92  fff84e95         4
  ___abort_execution
                                  fff84e92         4   func ,g         1

SECTION=FIXEDVECT
FILE=.\src\Modules\micon\vector_table.obj
                                  ffffff80  ffffffff        80
  _Fixed_Vectors
                                  ffffff80        80   data ,g         0

*** Unfilled Areas ***

AREA                                START    END

*** Delete Symbols ***

SYMBOL                                SIZE    INFO
