Renesas Optimizing Linker (W2.04.00 )             19-Sep-2016 18:48:38

*** Options ***

-subcommand=LinkerSubCommand.tmp
-input="./src/startup/dbsct.obj"
-input="./src/startup/hardware_setup.obj"
-input="./src/startup/reset_program.obj"
-input="./src/startup/sbrk.obj"
-input="./src/matSystem/BatteryCheck.obj"
-input="./src/matSystem/Connecter.obj"
-input="./src/matSystem/Main.obj"
-input="./src/matSystem/System.obj"
-input="./src/UserApplication/App.obj"
-input="./src/Modules/micon/CMT.obj"
-input="./src/Modules/micon/DAa.obj"
-input="./src/Modules/micon/GPT012.obj"
-input="./src/Modules/micon/GPT46.obj"
-input="./src/Modules/micon/IO.obj"
-input="./src/Modules/micon/S12ADB.obj"
-input="./src/Modules/micon/SCIc.obj"
-input="./src/Modules/micon/interrupt_handlers.obj"
-input="./src/Modules/micon/vector_table.obj"
-input="./src/Modules/AnalogIN.obj"
-input="./src/Modules/AnalogOUT.obj"
-input="./src/Modules/Battery.obj"
-input="./src/Modules/Bluetooth.obj"
-input="./src/Modules/Buzzer.obj"
-input="./src/Modules/DataLogger.obj"
-input="./src/Modules/DigitalIO.obj"
-input="./src/Modules/LED.obj"
-input="./src/Modules/Motor.obj"
-input="./src/Modules/Servo.obj"
-input="./src/Modules/Timer.obj"
-input="./src/Modules/UART.obj"
-input="./src/DataConverter.obj"
-start=SU,SI,B_1,R_1,B_2,R_2,B,R/04,PResetPRG,C_1,C_2,C,C$*,D*,W*,L,PIntPRG,P/0FFF80000,FIXEDVECT/0FFFFFF80
-library=C:\Users\Reiji\DOCUME~1\GitHub\ROBOTC~1\HARDWA~2\RobotCore1Framework.lib
-list=RobotCore1Framework.map
-show
-nooptimize
-debug
-output=C:\Users\Reiji\Documents\GitHub\RobotCore1Frameware\HardwareDebug\RobotCore1Framework.abs
-rom=D=R,D_1=R_1,D_2=R_2
-nocompress
-nomessage
-nologo

*** Error information ***

*** Mapping List ***

SECTION                            START      END         SIZE   ALIGN

SU
                                  00000004  00000103       100   4
SI
                                  00000104  00000403       300   4
B_1
                                  00000404  00001651      124e   1
R_1
                                  00001652  00001662        11   1
B_2
                                  00001664  00001671         e   2
R_2
                                  00001672  000016a9        38   2
B
                                  000016ac  00005b9f      44f4   4
R
                                  00005ba0  00005bfb        5c   4
PResetPRG
                                  fff80000  fff80038        39   1
C_1
                                  fff80039  fff80039         0   1
C_2
                                  fff80039  fff80039         0   1
C
                                  fff8003c  fff8006f        34   4
C$DSEC
                                  fff80070  fff80093        24   4
C$BSEC
                                  fff80094  fff800ab        18   4
C$INIT
                                  fff800ac  fff800ac         0   1
C$VECT
                                  fff800ac  fff804ab       400   4
C$VTBL
                                  fff804ac  fff804ac         0   1
D
                                  fff804ac  fff80507        5c   4
D_1
                                  fff80508  fff80518        11   1
D_2
                                  fff8051a  fff80551        38   2
W
                                  fff80554  fff80554         0   4
W_1
                                  fff80554  fff80563        10   1
W_2
                                  fff80564  fff80564         0   2
L
                                  fff80564  fff8059d        3a   4
PIntPRG
                                  fff8059e  fff806fa       15d   1
P
                                  fff806fb  fff83c2e      3534   1
FIXEDVECT
                                  ffffff80  ffffffff        80   4

*** Symbol List ***

SECTION=
FILE=                               START        END    SIZE
  SYMBOL                            ADDR        SIZE    INFO      COUNTS  OPT

SECTION=SU
FILE=.\src\startup\reset_program.obj
                                  00000004  00000103       100

SECTION=SI
FILE=.\src\startup\reset_program.obj
                                  00000104  00000403       300

SECTION=B_1
FILE=.\src\matSystem\Connecter.obj
                                  00000404  00000c43       840
  _line
                                  00000404        40   data ,g         a
  _TransmitDataBufferA
                                  00000444       400   data ,g         3
  _TransmitDataBufferB
                                  00000844       400   data ,g         3
FILE=.\src\Modules\micon\SCIc.obj
                                  00000c44  00001643       a00
  _uart1_bufR_A
                                  00000c44       400   data ,g         2
  _uart1_bufR_B
                                  00001044       400   data ,g         2
  _uart0_bufR_A
                                  00001444       100   data ,g         2
  _uart0_bufR_B
                                  00001544       100   data ,g         2
FILE=.\src\Modules\Motor.obj
                                  00001644  00001649         6
  _direction
                                  00001644         6   data ,g        12
FILE=.\src\DataConverter.obj
                                  0000164a  00001651         8
  _bytes
                                  0000164a         4   data ,g         5
  _intBytes
                                  0000164e         4   data ,g         5

SECTION=R_1
FILE=.\src\matSystem\Connecter.obj
                                  00001652  00001655         4
  _line_index
                                  00001652         1   data ,g         5
  _BufferA_Count
                                  00001653         1   data ,g         7
  _BufferB_Count
                                  00001654         1   data ,g         7
  _BufferAisSelected
                                  00001655         1   data ,g         5
FILE=.\src\matSystem\Main.obj
                                  00001656  00001656         1
  _timer1_callbackRunning
                                  00001656         1   data ,g         3
FILE=.\src\UserApplication\App.obj
                                  00001657  0000165b         5
  _ArmDown
                                  00001657         1   data ,g         7
  _ArmUp
                                  00001658         1   data ,g         6
  _pumpOnL
                                  00001659         1   data ,g         5
  _pumpOnR
                                  0000165a         1   data ,g         5
  _pumpHold
                                  0000165b         1   data ,g         7
FILE=.\src\Modules\micon\SCIc.obj
                                  0000165c  0000165f         4
  _flag_RXI0
                                  0000165c         1   data ,g         0
  _flag_TXI0
                                  0000165d         1   data ,g         0
  _uart1_bufSelect
                                  0000165e         1   data ,g         3
  _uart0_bufSelect
                                  0000165f         1   data ,g         3
FILE=.\src\Modules\Bluetooth.obj
                                  00001660  00001660         1
  _i
                                  00001660         1   data ,g         8
FILE=.\src\Modules\DataLogger.obj
                                  00001661  00001661         1
  _log1_count
                                  00001661         1   data ,g         3
FILE=.\src\Modules\Motor.obj
                                  00001662  00001662         1
  _motor1_DutyIn_HardwarePortAdress
                                  00001662         1   data ,g         3

SECTION=B_2
FILE=.\src\Modules\micon\S12ADB.obj
                                  00001664  00001671         e
  _values
                                  00001664         6   data ,g         4
  _values1
                                  0000166a         8   data ,g         5

SECTION=R_2
FILE=.\src\Modules\micon\SCIc.obj
                                  00001672  00001681        10
  _uart1_bufR_index_A
                                  00001672         2   data ,g         4
  _uart1_bufR_index_B
                                  00001674         2   data ,g         4
  _uart1_bufT_index
                                  00001676         2   data ,g         6
  _uart1_bufT_maxCount
                                  00001678         2   data ,g         5
  _uart0_bufR_index_A
                                  0000167a         2   data ,g         4
  _uart0_bufR_index_B
                                  0000167c         2   data ,g         4
  _uart0_bufT_index
                                  0000167e         2   data ,g         6
  _uart0_bufT_maxCount
                                  00001680         2   data ,g         5
FILE=.\src\Modules\Bluetooth.obj
                                  00001682  00001691        10
  _orderBuffer
                                  00001682        10   data ,g         9
FILE=.\src\Modules\Buzzer.obj
                                  00001692  000016a5        14
  _oneTime
                                  00001692         2   data ,g         6
  _stepUp
                                  00001694         2   data ,g         6
  _stepDown
                                  00001696         2   data ,g         6
  _siren1
                                  00001698         2   data ,g         7
  _siren1Fq
                                  0000169a         2   data ,g         4
  _siren2
                                  0000169c         2   data ,g         6
  _siren2Fq
                                  0000169e         2   data ,g         4
  _lowBattery
                                  000016a0         2   data ,g         7
  _lowBatteryFq
                                  000016a2         2   data ,g         5
  _flag
                                  000016a4         2   data ,g         3
FILE=.\src\Modules\DataLogger.obj
                                  000016a6  000016a9         4
  _log1_time
                                  000016a6         2   data ,g         2
  _log1_index
                                  000016a8         2   data ,g         5

SECTION=B
FILE=.\src\startup\sbrk.obj
                                  000016ac  00001aab       400
  _heap_area
                                  000016ac       400   data ,l         2
FILE=.\src\matSystem\Connecter.obj
                                  00001aac  00001b2f        84
  _uart1RecievedData
                                  00001aac         4   data ,g         2
  _Inputs
                                  00001ab0        80   data ,g         2
FILE=.\src\UserApplication\App.obj
                                  00001b30  00001b57        28
  _buffer
                                  00001b30        28   data ,g         3
FILE=.\src\Modules\micon\CMT.obj
                                  00001b58  00001b5b         4
  _callback1
                                  00001b58         4   data ,g         2
FILE=.\src\Modules\micon\SCIc.obj
                                  00001b5c  00001b63         8
  _uart1_bufT
                                  00001b5c         4   data ,g         3
  _uart0_bufT
                                  00001b60         4   data ,g         3
FILE=.\src\Modules\Bluetooth.obj
                                  00001b64  00001b6b         8
  _bluetoothRecievedData
                                  00001b64         4   data ,g         4
  _Callback
                                  00001b68         4   data ,g         2
FILE=.\src\Modules\DataLogger.obj
                                  00001b6c  00005b6b      4000
  _log1
                                  00001b6c      4000   data ,g         2
FILE=.\src\Modules\Motor.obj
                                  00005b6c  00005b9b        30
  _trgDuty
                                  00005b6c        18   data ,g        13
  _actualDuty
                                  00005b84        18   data ,g        16
FILE=dtor_list
                                  00005b9c  00005b9f         4
  _needed_destruction_head
                                  00005b9c         4   data ,l         2

SECTION=R
FILE=.\src\startup\sbrk.obj
                                  00005ba0  00005ba3         4
  _brk
                                  00005ba0         4   data ,l         3
FILE=.\src\matSystem\System.obj
                                  00005ba4  00005bab         8
  _System_CurrentTime
                                  00005ba4         4   data ,g         2
  _isCounting
                                  00005ba8         4   data ,g         2
FILE=.\src\Modules\Bluetooth.obj
                                  00005bac  00005bb3         8
  _commandOut_State
                                  00005bac         4   data ,g         3
  _commandIn_State
                                  00005bb0         4   data ,g         2
FILE=.\src\Modules\DataLogger.obj
                                  00005bb4  00005bb7         4
  _log1_isLoging
                                  00005bb4         4   data ,g         4
FILE=.\src\Modules\Motor.obj
                                  00005bb8  00005be7        30
  _motor1_DutyIn_State
                                  00005bb8         4   data ,g         2
  _motor2_DutyIn_State
                                  00005bbc         4   data ,g         2
  _motor3_DutyIn_State
                                  00005bc0         4   data ,g         2
  _motor4_DutyIn_State
                                  00005bc4         4   data ,g         2
  _motor5_DutyIn_State
                                  00005bc8         4   data ,g         2
  _motor6_DutyIn_State
                                  00005bcc         4   data ,g         2
  _motor1_DutyOut_State
                                  00005bd0         4   data ,g         3
  _motor2_DutyOut_State
                                  00005bd4         4   data ,g         3
  _motor3_DutyOut_State
                                  00005bd8         4   data ,g         3
  _motor4_DutyOut_State
                                  00005bdc         4   data ,g         3
  _motor5_DutyOut_State
                                  00005be0         4   data ,g         3
  _motor6_DutyOut_State
                                  00005be4         4   data ,g         3
FILE=static_init
                                  00005be8  00005bef         8
  _use_patch_info
                                  00005be8         4   data ,l         1
  _dtors_done$1
                                  00005bec         4   data ,l         1
FILE=munch_dtors
                                  00005bf0  00005bf3         4
  __dtors
                                  00005bf0         4   data ,g         1
FILE=vars
                                  00005bf4  00005bfb         8
  __new_handler
                                  00005bf4         4   data ,g         0
  ___head
                                  00005bf8         4   data ,g         1

SECTION=PResetPRG
FILE=.\src\startup\reset_program.obj
                                  fff80000  fff80038        39
  _PowerON_Reset_PC
                                  fff80000        39   entry,g         1

SECTION=C
FILE=.\src\startup\dbsct.obj
                                  fff8003c  fff8006f        34
  __CTBL
                                  fff8003c        34   data ,g         0

SECTION=C$DSEC
FILE=.\src\startup\dbsct.obj
                                  fff80070  fff80093        24
  __DTBL
                                  fff80070        24   data ,g         0

SECTION=C$BSEC
FILE=.\src\startup\dbsct.obj
                                  fff80094  fff800ab        18
  __BTBL
                                  fff80094        18   data ,g         0

SECTION=C$VECT
FILE=.\src\startup\dbsct.obj
                                  fff800ac  fff804ab       400

SECTION=D
FILE=.\src\startup\sbrk.obj
                                  fff804ac  fff804af         4
FILE=.\src\matSystem\System.obj
                                  fff804b0  fff804b7         8
FILE=.\src\Modules\Bluetooth.obj
                                  fff804b8  fff804bf         8
FILE=.\src\Modules\DataLogger.obj
                                  fff804c0  fff804c3         4
FILE=.\src\Modules\Motor.obj
                                  fff804c4  fff804f3        30
FILE=static_init
                                  fff804f4  fff804fb         8
FILE=munch_dtors
                                  fff804fc  fff804ff         4
FILE=vars
                                  fff80500  fff80507         8

SECTION=D_1
FILE=.\src\matSystem\Connecter.obj
                                  fff80508  fff8050b         4
FILE=.\src\matSystem\Main.obj
                                  fff8050c  fff8050c         1
FILE=.\src\UserApplication\App.obj
                                  fff8050d  fff80511         5
FILE=.\src\Modules\micon\SCIc.obj
                                  fff80512  fff80515         4
FILE=.\src\Modules\Bluetooth.obj
                                  fff80516  fff80516         1
FILE=.\src\Modules\DataLogger.obj
                                  fff80517  fff80517         1
FILE=.\src\Modules\Motor.obj
                                  fff80518  fff80518         1

SECTION=D_2
FILE=.\src\Modules\micon\SCIc.obj
                                  fff8051a  fff80529        10
FILE=.\src\Modules\Bluetooth.obj
                                  fff8052a  fff80539        10
FILE=.\src\Modules\Buzzer.obj
                                  fff8053a  fff8054d        14
FILE=.\src\Modules\DataLogger.obj
                                  fff8054e  fff80551         4

SECTION=W_1
FILE=.\src\Modules\Motor.obj
                                  fff80554  fff80559         6
FILE=.\src\DataConverter.obj
                                  fff8055a  fff80563         a

SECTION=L
FILE=.\src\matSystem\Connecter.obj
                                  fff80564  fff80565         2
FILE=.\src\Modules\Bluetooth.obj
                                  fff80568  fff80572         b
FILE=.\src\Modules\Motor.obj
                                  fff80574  fff8059d        2a

SECTION=PIntPRG
FILE=.\src\Modules\micon\interrupt_handlers.obj
                                  fff8059e  fff806fa       15d
  _Excep_SuperVisorInst
                                  fff8059e         2   func ,g         1
  _Excep_AccessInst
                                  fff805a0         2   func ,g         1
  _Excep_UndefinedInst
                                  fff805a2         2   func ,g         1
  _Excep_FloatingPoint
                                  fff805a4         2   func ,g         1
  _NonMaskableInterrupt
                                  fff805a6         2   func ,g         1
  _Dummy
                                  fff805a8         2   func ,g        13
  _Excep_BRK
                                  fff805aa         f   func ,g         0
  _Excep_BSC_BUSERR
                                  fff805b9         2   func ,g         0
  _Excep_FCU_FIFERR
                                  fff805bb         2   func ,g         0
  _Excep_FCU_FRDYI
                                  fff805bd         2   func ,g         0
  _Excep_ICU_SWINT
                                  fff805bf         2   func ,g         0
  _Excep_CMT1_CMI1
                                  fff805c1         2   func ,g         0
  _Excep_CMT2_CMI2
                                  fff805c3         2   func ,g         0
  _Excep_CMT3_CMI3
                                  fff805c5         2   func ,g         0
  _Excep_USB0_D0FIFO0
                                  fff805c7         2   func ,g         0
  _Excep_USB0_D1FIFO0
                                  fff805c9         2   func ,g         0
  _Excep_USB0_USBI0
                                  fff805cb         2   func ,g         0
  _Excep_CAC_FERRF
                                  fff805cd         2   func ,g         0
  _Excep_CAC_MENDF
                                  fff805cf         2   func ,g         0
  _Excep_CAC_OVFF
                                  fff805d1         2   func ,g         0
  _Excep_RSPI0_SPRI0
                                  fff805d3         2   func ,g         0
  _Excep_RSPI0_SPTI0
                                  fff805d5         2   func ,g         0
  _Excep_RSPI0_SPII0
                                  fff805d7         2   func ,g         0
  _Excep_RSPI1_SPRI1
                                  fff805d9         2   func ,g         0
  _Excep_RSPI1_SPTI1
                                  fff805db         2   func ,g         0
  _Excep_RSPI1_SPII1
                                  fff805dd         2   func ,g         0
  _Excep_CAN1_RXF1
                                  fff805df         2   func ,g         0
  _Excep_CAN1_TXF1
                                  fff805e1         2   func ,g         0
  _Excep_CAN1_RXM1
                                  fff805e3         2   func ,g         0
  _Excep_CAN1_TXM1
                                  fff805e5         2   func ,g         0
  _Excep_GPT7_GTCIA7
                                  fff805e7         2   func ,g         0
  _Excep_GPT7_GTCIB7
                                  fff805e9         2   func ,g         0
  _Excep_GPT7_GTCIC7
                                  fff805eb         2   func ,g         0
  _Excep_GPT7_GTCIE7
                                  fff805ed         2   func ,g         0
  _Excep_GPT7_GTCIV7
                                  fff805ef         2   func ,g         0
  _Excep_CMP_CMP4
                                  fff805f1         2   func ,g         0
  _Excep_CMP_CMP5
                                  fff805f3         2   func ,g         0
  _Excep_CMP_CMP6
                                  fff805f5         2   func ,g         0
  _Excep_DOC_DOPCF
                                  fff805f7         2   func ,g         0
  _Excep_DPC_RBI0
                                  fff805f9         2   func ,g         0
  _Excep_DPC_RBI1
                                  fff805fb         2   func ,g         0
  _Excep_DPC_RBI2
                                  fff805fd         2   func ,g         0
  _Excep_DPC_RBI3
                                  fff805ff         2   func ,g         0
  _Excep_DPC_RBI4
                                  fff80601         2   func ,g         0
  _Excep_ICU_IRQ0
                                  fff80603         2   func ,g         0
  _Excep_ICU_IRQ1
                                  fff80605         2   func ,g         0
  _Excep_ICU_IRQ2
                                  fff80607         2   func ,g         0
  _Excep_ICU_IRQ3
                                  fff80609         2   func ,g         0
  _Excep_ICU_IRQ4
                                  fff8060b         2   func ,g         0
  _Excep_ICU_IRQ5
                                  fff8060d         2   func ,g         0
  _Excep_ICU_IRQ6
                                  fff8060f         2   func ,g         0
  _Excep_ICU_IRQ7
                                  fff80611         2   func ,g         0
  _Excep_USB_USBR0
                                  fff80613         2   func ,g         0
  _Excep_AD_ADI0
                                  fff80615         2   func ,g         0
  _Excep_S12AD_S12GBADI
                                  fff80617         2   func ,g         0
  _Excep_S12AD1_S12GBADI1
                                  fff80619         2   func ,g         0
  _Excep_ICU_GROUP0
                                  fff8061b         2   func ,g         0
  _Excep_ICU_GROUP12
                                  fff8061d         2   func ,g         0
  _Excep_SCI12_SCIX0
                                  fff8061f         2   func ,g         0
  _Excep_SCI12_SCIX1
                                  fff80621         2   func ,g         0
  _Excep_SCI12_SCIX2
                                  fff80623         2   func ,g         0
  _Excep_SCI12_SCIX3
                                  fff80625         2   func ,g         0
  _Excep_MTU0_TGIA0
                                  fff80627         2   func ,g         0
  _Excep_MTU0_TGIB0
                                  fff80629         2   func ,g         0
  _Excep_MTU0_TGIC0
                                  fff8062b         2   func ,g         0
  _Excep_MTU0_TGID0
                                  fff8062d         2   func ,g         0
  _Excep_MTU0_TCIV0
                                  fff8062f         2   func ,g         0
  _Excep_MTU0_TGIE0
                                  fff80631         2   func ,g         0
  _Excep_MTU0_TGIF0
                                  fff80633         2   func ,g         0
  _Excep_MTU1_TGIA1
                                  fff80635         2   func ,g         0
  _Excep_MTU1_TGIB1
                                  fff80637         2   func ,g         0
  _Excep_MTU1_TCIV1
                                  fff80639         2   func ,g         0
  _Excep_MTU1_TCIU1
                                  fff8063b         2   func ,g         0
  _Excep_MTU2_TGIA2
                                  fff8063d         2   func ,g         0
  _Excep_MTU2_TGIB2
                                  fff8063f         2   func ,g         0
  _Excep_MTU2_TCIV2
                                  fff80641         2   func ,g         0
  _Excep_MTU2_TCIU2
                                  fff80643         2   func ,g         0
  _Excep_MTU3_TGIA3
                                  fff80645         2   func ,g         0
  _Excep_MTU3_TGIB3
                                  fff80647         2   func ,g         0
  _Excep_MTU3_TGIC3
                                  fff80649         2   func ,g         0
  _Excep_MTU3_TGID3
                                  fff8064b         2   func ,g         0
  _Excep_MTU3_TCIV3
                                  fff8064d         2   func ,g         0
  _Excep_MTU4_TGIA4
                                  fff8064f         2   func ,g         0
  _Excep_MTU4_TGIB4
                                  fff80651         2   func ,g         0
  _Excep_MTU4_TGIC4
                                  fff80653         2   func ,g         0
  _Excep_MTU4_TGID4
                                  fff80655         2   func ,g         0
  _Excep_MTU4_TCIV4
                                  fff80657         2   func ,g         0
  _Excep_MTU5_TGIU5
                                  fff80659         2   func ,g         0
  _Excep_MTU5_TGIV5
                                  fff8065b         2   func ,g         0
  _Excep_MTU5_TGIW5
                                  fff8065d         2   func ,g         0
  _Excep_MTU6_TGIA6
                                  fff8065f         2   func ,g         0
  _Excep_MTU6_TGIB6
                                  fff80661         2   func ,g         0
  _Excep_MTU6_TGIC6
                                  fff80663         2   func ,g         0
  _Excep_MTU6_TGID6
                                  fff80665         2   func ,g         0
  _Excep_MTU6_TCIV6
                                  fff80667         2   func ,g         0
  _Excep_MTU7_TGIA7
                                  fff80669         2   func ,g         0
  _Excep_MTU7_TGIB7
                                  fff8066b         2   func ,g         0
  _Excep_MTU7_TGIC7
                                  fff8066d         2   func ,g         0
  _Excep_MTU7_TGID7
                                  fff8066f         2   func ,g         0
  _Excep_MTU7_TCIV7
                                  fff80671         2   func ,g         0
  _Excep_POE_OEI1
                                  fff80673         2   func ,g         0
  _Excep_POE_OEI2
                                  fff80675         2   func ,g         0
  _Excep_POE_OEI3
                                  fff80677         2   func ,g         0
  _Excep_POE_OEI4
                                  fff80679         2   func ,g         0
  _Excep_POE_OEI5
                                  fff8067b         2   func ,g         0
  _Excep_CMP_CMP0
                                  fff8067d         2   func ,g         0
  _Excep_CMP_CMP1
                                  fff8067f         2   func ,g         0
  _Excep_CMP_CMP2
                                  fff80681         2   func ,g         0
  _Excep_GPT4_GTCIA4
                                  fff80683         2   func ,g         0
  _Excep_GPT4_GTCIB4
                                  fff80685         2   func ,g         0
  _Excep_GPT4_GTCIC4
                                  fff80687         2   func ,g         0
  _Excep_GPT4_GTCIE4
                                  fff80689         2   func ,g         0
  _Excep_GPT4_GTCIV4
                                  fff8068b         2   func ,g         0
  _Excep_GPT4_LOCOI4
                                  fff8068d         2   func ,g         0
  _Excep_GPT5_GTCIA5
                                  fff8068f         2   func ,g         0
  _Excep_GPT5_GTCIB5
                                  fff80691         2   func ,g         0
  _Excep_GPT5_GTCIC5
                                  fff80693         2   func ,g         0
  _Excep_GPT5_GTCIE5
                                  fff80695         2   func ,g         0
  _Excep_GPT5_GTCIV5
                                  fff80697         2   func ,g         0
  _Excep_GPT6_GTCIA6
                                  fff80699         2   func ,g         0
  _Excep_GPT6_GTCIB6
                                  fff8069b         2   func ,g         0
  _Excep_GPT6_GTCIC6
                                  fff8069d         2   func ,g         0
  _Excep_GPT6_GTCIE6
                                  fff8069f         2   func ,g         0
  _Excep_GPT6_GTCIV6
                                  fff806a1         2   func ,g         0
  _Excep_RIIC1_EEI1
                                  fff806a3         2   func ,g         0
  _Excep_RIIC1_RXI1
                                  fff806a5         2   func ,g         0
  _Excep_RIIC1_TXI1
                                  fff806a7         2   func ,g         0
  _Excep_RIIC1_TEI1
                                  fff806a9         2   func ,g         0
  _Excep_RIIC0_EEI0
                                  fff806ab         2   func ,g         0
  _Excep_RIIC0_RXI0
                                  fff806ad         2   func ,g         0
  _Excep_RIIC0_TXI0
                                  fff806af         2   func ,g         0
  _Excep_RIIC0_TEI0
                                  fff806b1         2   func ,g         0
  _Excep_DMAC_DMAC0I
                                  fff806b3         2   func ,g         0
  _Excep_DMAC_DMAC1I
                                  fff806b5         2   func ,g         0
  _Excep_DMAC_DMAC2I
                                  fff806b7         2   func ,g         0
  _Excep_DMAC_DMAC3I
                                  fff806b9         2   func ,g         0
  _Excep_SCI0_TEI0
                                  fff806bb         2   func ,g         0
  _Excep_SCI1_TEI1
                                  fff806bd         2   func ,g         0
  _Excep_SCI2_RXI2
                                  fff806bf         2   func ,g         0
  _Excep_SCI2_TXI2
                                  fff806c1         2   func ,g         0
  _Excep_SCI2_TEI2
                                  fff806c3         2   func ,g         0
  _Excep_SCI3_RXI3
                                  fff806c5         2   func ,g         0
  _Excep_SCI3_TXI3
                                  fff806c7         2   func ,g         0
  _Excep_SCI3_TEI3
                                  fff806c9         2   func ,g         0
  _Excep_GPT0_GTCIA0
                                  fff806cb         2   func ,g         0
  _Excep_GPT0_GTCIB0
                                  fff806cd         2   func ,g         0
  _Excep_GPT0_GTCIC0
                                  fff806cf         2   func ,g         0
  _Excep_GPT0_GTCIE0
                                  fff806d1         2   func ,g         0
  _Excep_GPT0_GTCIV0
                                  fff806d3         2   func ,g         0
  _Excep_GPT0_LOCOI0
                                  fff806d5         2   func ,g         0
  _Excep_GPT1_GTCIA1
                                  fff806d7         2   func ,g         0
  _Excep_GPT1_GTCIB1
                                  fff806d9         2   func ,g         0
  _Excep_GPT1_GTCIC1
                                  fff806db         2   func ,g         0
  _Excep_GPT1_GTCIE1
                                  fff806dd         2   func ,g         0
  _Excep_GPT1_GTCIV1
                                  fff806df         2   func ,g         0
  _Excep_GPT2_GTCIA2
                                  fff806e1         2   func ,g         0
  _Excep_GPT2_GTCIB2
                                  fff806e3         2   func ,g         0
  _Excep_GPT2_GTCIC2
                                  fff806e5         2   func ,g         0
  _Excep_GPT2_GTCIE2
                                  fff806e7         2   func ,g         0
  _Excep_GPT2_GTCIV2
                                  fff806e9         2   func ,g         0
  _Excep_GPT3_GTCIA3
                                  fff806eb         2   func ,g         0
  _Excep_GPT3_GTCIB3
                                  fff806ed         2   func ,g         0
  _Excep_GPT3_GTCIC3
                                  fff806ef         2   func ,g         0
  _Excep_GPT3_GTCIE3
                                  fff806f1         2   func ,g         0
  _Excep_GPT3_GTCIV3
                                  fff806f3         2   func ,g         0
  _Excep_SCI12_RXI12
                                  fff806f5         2   func ,g         0
  _Excep_SCI12_TXI12
                                  fff806f7         2   func ,g         0
  _Excep_SCI12_TEI12
                                  fff806f9         2   func ,g         0

SECTION=P
FILE=.\src\startup\hardware_setup.obj
                                  fff806fb  fff80862       168
  _HardwareSetup
                                  fff806fb        a3   func ,g         1
  _wait
                                  fff8079e        c5   func ,g         2
FILE=.\src\startup\sbrk.obj
                                  fff80863  fff8089e        3c
  _sbrk
                                  fff80863        3c   func ,g         0
FILE=.\src\matSystem\BatteryCheck.obj
                                  fff8089f  fff80952        b4
  BatteryCheck()
                                  fff8089f        b4   func ,g         1
FILE=.\src\matSystem\Connecter.obj
                                  fff80953  fff80d00       3ae
  __Connecter_Activate
                                  fff80953         5   func ,g         1
  __Connecter_Recieve
                                  fff80958        72   func ,g         1
  __Connecter_Transmit
                                  fff809ca        6f   func ,g         1
  _Decipher
                                  fff80a39       150   func ,l         1
  _Connecter_Send
                                  fff80b89        7d   func ,g         7
  _Connecter_SendFloat
                                  fff80c06        6d   func ,g         c
  _Connecter_SendInt
                                  fff80c73        27   func ,g         0
  _Execute
                                  fff80c9a        3d   func ,l         1
  _Connecter_InputToHardwarePort
                                  fff80cd7        17   func ,g         1
  _Connecter_RegistHardwarePort
                                  fff80cee        13   func ,g         1
FILE=.\src\matSystem\Main.obj
                                  fff80d01  fff80d7e        7e
  _main
                                  fff80d01        2f   func ,g         1
  Timer1_Callback()
                                  fff80d30        4e   func ,l         1
  _abort
                                  fff80d7e         1   func ,g         1
FILE=.\src\matSystem\System.obj
                                  fff80d7f  fff80da3        25
  System_ClockStart()
                                  fff80d7f         a   func ,g         1
  _System_Loop()
                                  fff80d89        1b   func ,g         1
FILE=.\src\UserApplication\App.obj
                                  fff80da4  fff811ed       44a
  _Initialize
                                  fff80da4        43   func ,g         1
  _MainLoop
                                  fff80de7         1   func ,g         1
  __SystemClockCallBack
                                  fff80de8       1c1   func ,g         1
  BluetoothCallback(DUALSHOCK3)
                                  fff80fa9       245   func ,l         1
FILE=.\src\Modules\micon\CMT.obj
                                  fff811ee  fff812ad        c0
  _CMT_init
                                  fff811ee        2d   func ,g         1
  _CMT0_Set
                                  fff8121b        5d   func ,g         4
  _CMT0_Start
                                  fff81278         c   func ,g         1
  _Excep_CMT0_CMI0
                                  fff81284        1b   func ,g         0
  _CMT0_Stop
                                  fff8129f         f   func ,g         1
FILE=.\src\Modules\micon\DAa.obj
                                  fff812ae  fff8131c        6f
  _DAa_init
                                  fff812ae        55   func ,g         1
  _DA0_SetValue
                                  fff81303         d   func ,g         1
  _DA1_SetValue
                                  fff81310         d   func ,g         1
FILE=.\src\Modules\micon\GPT012.obj
                                  fff8131d  fff816c6       3aa
  _GPT012_init
                                  fff8131d       2c0   func ,g         1
  _PWM_M1_set
                                  fff815dd        27   func ,g         1
  _PWM_M2_set
                                  fff81604        27   func ,g         1
  _PWM_M3_set
                                  fff8162b        27   func ,g         1
  _PWM_M4_set
                                  fff81652        27   func ,g         1
  _PWM_M5_set
                                  fff81679        27   func ,g         1
  _PWM_M6_set
                                  fff816a0        27   func ,g         1
FILE=.\src\Modules\micon\GPT46.obj
                                  fff816c7  fff818fe       238
  _GPT46_init
                                  fff816c7       167   func ,g         1
  _PWM1_set
                                  fff8182e        4e   func ,g         2
  _PWM1_On
                                  fff8187c         c   func ,g         2
  _PWM1_Off
                                  fff81888         f   func ,g         0
  _BUZZER_set
                                  fff81897        4e   func ,g         e
  _BUZZER_On
                                  fff818e5         c   func ,g         a
  _BUZZER_Off
                                  fff818f1         e   func ,g         6
FILE=.\src\Modules\micon\IO.obj
                                  fff818ff  fff81bad       2af
  _IO_LED_init
                                  fff818ff         9   func ,g         1
  _LED_STATUS_R
                                  fff81908        18   func ,g         2
  _LED_STATUS_G
                                  fff81920        18   func ,g         2
  _LED_STATUS_B
                                  fff81938        19   func ,g         2
  _LED_INFO
                                  fff81951        19   func ,g         2
  _LED_ERROR
                                  fff8196a        19   func ,g         4
  _IO_Motor_Init
                                  fff81983        26   func ,g         1
  _ALERT
                                  fff819a9        13   func ,g         0
  _STBY
                                  fff819bc        19   func ,g         2
  _Motor1_MODE
                                  fff819d5        30   func ,g         4
  _Motor2_MODE
                                  fff81a05        2e   func ,g         4
  _Motor3_MODE
                                  fff81a33        32   func ,g         4
  _Motor4_MODE
                                  fff81a65        31   func ,g         4
  _Motor5_MODE
                                  fff81a96        30   func ,g         4
  _Motor6_MODE
                                  fff81ac6        2f   func ,g         4
  _IO_DIO_Init
                                  fff81af5        5b   func ,g         1
  _DIO_1_Out
                                  fff81b50        18   func ,g         2
  _DIO_2_Out
                                  fff81b68        18   func ,g         2
  _DIO_3_Out
                                  fff81b80        16   func ,g         2
  _DIO_4_Out
                                  fff81b96        18   func ,g         2
FILE=.\src\Modules\micon\S12ADB.obj
                                  fff81bae  fff81e14       267
  _S12AD_init
                                  fff81bae        ad   func ,g         1
  _S12AD_Sample
                                  fff81c5b        1f   func ,g         1
  _Excep_S12AD_S12ADI
                                  fff81c7a        38   func ,g         0
  _S12ADB_GetVoltage
                                  fff81cb2        24   func ,g         3
  _S12AD1_init
                                  fff81cd6        b5   func ,g         1
  _S12AD1_Sample
                                  fff81d8b        1f   func ,g         1
  _Excep_S12AD1_S12ADI1
                                  fff81daa        47   func ,g         0
  _S12AD1_GetVoltage
                                  fff81df1        24   func ,g         1
FILE=.\src\Modules\micon\SCIc.obj
                                  fff81e15  fff8246b       657
  _uart1_init
                                  fff81e15        d1   func ,g         1
  _uart1_read
                                  fff81ee6        61   func ,g         1
  _uart1_send
                                  fff81f47        53   func ,g         1
  _Excep_SCI1_RXI1
                                  fff81f9a        c8   func ,g         0
  _Excep_SCI1_TXI1
                                  fff82062        6c   func ,g         0
  _uart1_set
                                  fff820ce        5f   func ,l         2
  _uart1_clear_errorFlag
                                  fff8212d        16   func ,l         2
  _uart0_init
                                  fff82143        cc   func ,g         2
  _uart0_read
                                  fff8220f        61   func ,g         2
  _uart0_send
                                  fff82270        53   func ,g         3
  _Excep_SCI0_RXI0
                                  fff822c3        c8   func ,g         0
  _Excep_SCI0_TXI0
                                  fff8238b        6c   func ,g         0
  _uart0_set
                                  fff823f7        5f   func ,l         2
  _uart0_clear_errorFlag
                                  fff82456        16   func ,l         2
FILE=.\src\Modules\AnalogIN.obj
                                  fff8246c  fff82499        2e
  _AnalogIN_Activate
                                  fff8246c         5   func ,g         1
  _AnalogIN_Sample
                                  fff82471         5   func ,g         1
  _AnalogIN_GetVoltage
                                  fff82476        24   func ,g         1
FILE=.\src\Modules\AnalogOUT.obj
                                  fff8249a  fff824ee        55
  _AnalogOUT_Activate
                                  fff8249a         5   func ,g         1
  _AnalogOUT1_SetVoltage
                                  fff8249f        28   func ,g         0
  _AnalogOUT2_SetVoltage
                                  fff824c7        28   func ,g         0
FILE=.\src\Modules\Battery.obj
                                  fff824ef  fff82552        64
  __Battery_Activate
                                  fff824ef         5   func ,g         1
  __Battery_Sample
                                  fff824f4         5   func ,g         1
  __Battery_GetVoltage1
                                  fff824f9        1e   func ,g         1
  __Battery_GetVoltage2
                                  fff82517        1e   func ,g         1
  __Battery_GetVoltage3
                                  fff82535        1e   func ,g         1
FILE=.\src\Modules\Bluetooth.obj
                                  fff82553  fff827c2       270
  _Bluetooth_Activate
                                  fff82553        12   func ,g         1
  __Bluetooth_Loop
                                  fff82565       153   func ,g         1
  _Bluetooth_CommandIn
                                  fff826b8        16   func ,g         1
  _Bluetooth_CommandOut
                                  fff826ce        6f   func ,l         2
  __Bluetooth_Do
                                  fff8273d        6c   func ,g         1
  _Bluetooth_Vibrate1
                                  fff827a9         d   func ,g         1
  _Bluetooth_Vibrate2
                                  fff827b6         d   func ,g         4
FILE=.\src\Modules\Buzzer.obj
                                  fff827c3  fff82b94       3d2
  _Buzzer_Activate
                                  fff827c3         5   func ,g         1
  __Buzzer_Loop
                                  fff827c8       258   func ,g         1
  _Buzzer_On
                                  fff82a20        13   func ,g         0
  _Buzzer_Off
                                  fff82a33        5d   func ,g         0
  _Buzzer_OneTime
                                  fff82a90        36   func ,g         1
  _Buzzer_StepUp
                                  fff82ac6        29   func ,g         1
  _Buzzer_StepDown
                                  fff82aef        29   func ,g         1
  _Buzzer_Siren1
                                  fff82b18        29   func ,g         1
  _Buzzer_Siren2
                                  fff82b41        2a   func ,g         3
  _Buzzer_LowBattery
                                  fff82b6b        2a   func ,g         1
FILE=.\src\Modules\DataLogger.obj
                                  fff82b95  fff82c95       101
  _DataLogger_Activate
                                  fff82b95         d   func ,g         1
  __DataLogger_Loop
                                  fff82ba2        1a   func ,g         1
  __DataLogger_Do
                                  fff82bbc        19   func ,g         0
  _dataLogger1_Do
                                  fff82bd5         8   func ,l         1
  _DataLogger1_DataIn
                                  fff82bdd        94   func ,g         1
  _DataLogger1_LoggingStart
                                  fff82c71        13   func ,g         1
  _DataLogger1_LoggingStop
                                  fff82c84         a   func ,g         2
  _DataLogger_Log
                                  fff82c8e         8   func ,g         0
FILE=.\src\Modules\DigitalIO.obj
                                  fff82c96  fff82ce4        4f
  _DIO_Activate
                                  fff82c96        17   func ,g         1
  _DIO1_On
                                  fff82cad         7   func ,g         1
  _DIO1_Off
                                  fff82cb4         7   func ,g         1
  _DIO2_On
                                  fff82cbb         7   func ,g         1
  _DIO2_Off
                                  fff82cc2         7   func ,g         1
  _DIO3_On
                                  fff82cc9         7   func ,g         0
  _DIO3_Off
                                  fff82cd0         7   func ,g         0
  _DIO4_On
                                  fff82cd7         7   func ,g         0
  _DIO4_Off
                                  fff82cde         7   func ,g         0
FILE=.\src\Modules\LED.obj
                                  fff82ce5  fff82d2f        4b
  __LED_Activate
                                  fff82ce5         5   func ,g         1
  __LED_R_On
                                  fff82cea         7   func ,g         0
  __LED_G_On
                                  fff82cf1         7   func ,g         1
  __LED_B_On
                                  fff82cf8         7   func ,g         2
  __LED_Info_On
                                  fff82cff         7   func ,g         1
  __LED_Error_On
                                  fff82d06         7   func ,g         3
  __LED_R_Off
                                  fff82d0d         7   func ,g         0
  __LED_G_Off
                                  fff82d14         7   func ,g         0
  __LED_B_Off
                                  fff82d1b         7   func ,g         1
  __LED_Info_Off
                                  fff82d22         7   func ,g         1
  __LED_Error_Off
                                  fff82d29         7   func ,g         0
FILE=.\src\Modules\Motor.obj
                                  fff82d30  fff837ed       abe
  _Motor_Activate
                                  fff82d30         9   func ,g         1
  _Motor_UnlockSTBY
                                  fff82d39         7   func ,g         1
  _Motor_LockSTBY
                                  fff82d40         7   func ,g         1
  __Motor_Loop
                                  fff82d47       354   func ,g         1
  _Motor1_DutyIn
                                  fff8309b        58   func ,g         2
  _Motor1_DutyOut
                                  fff830f3        43   func ,l         1
  _Motor2_DutyIn
                                  fff83136        5a   func ,g         2
  _Motor2_DutyOut
                                  fff83190        26   func ,l         1
  _Motor3_DutyIn
                                  fff831b6        5a   func ,g         2
  _Motor3_DutyOut
                                  fff83210        26   func ,l         1
  _Motor4_DutyIn
                                  fff83236        5a   func ,g         2
  _Motor4_DutyOut
                                  fff83290        26   func ,l         1
  _Motor5_DutyIn
                                  fff832b6        5a   func ,g         8
  _Motor5_DutyOut
                                  fff83310        26   func ,l         1
  _Motor6_DutyIn
                                  fff83336        5a   func ,g         1
  _Motor6_DutyOut
                                  fff83390        26   func ,l         1
  _motor1_SetMode
                                  fff833b6        3e   func ,l         3
  _motor2_SetMode
                                  fff833f4        3e   func ,l         3
  _motor3_SetMode
                                  fff83432        3e   func ,l         3
  _motor4_SetMode
                                  fff83470        3e   func ,l         3
  _motor5_SetMode
                                  fff834ae        3e   func ,l         3
  _motor6_SetMode
                                  fff834ec        3e   func ,l         3
  _norm
                                  fff8352a        42   func ,l         6
  __Motor_Do
                                  fff8356c        54   func ,g         1
  _motor1_Do
                                  fff835c0        7b   func ,l         1
  _motor2_Do
                                  fff8363b        57   func ,l         1
  _motor3_Do
                                  fff83692        57   func ,l         1
  _motor4_Do
                                  fff836e9        57   func ,l         1
  _motor5_Do
                                  fff83740        57   func ,l         1
  _motor6_Do
                                  fff83797        57   func ,l         1
FILE=.\src\Modules\Servo.obj
                                  fff837ee  fff83838        4b
  _Servo_Activate
                                  fff837ee        12   func ,g         1
  _Servo1_RotationIn
                                  fff83800        39   func ,g         2
FILE=.\src\Modules\Timer.obj
                                  fff83839  fff838ed        b5
  __Timer_Activate
                                  fff83839         5   func ,g         1
  __Timer1_Set
                                  fff8383e        a6   func ,g         1
  __Timer1_Start
                                  fff838e4         5   func ,g         1
  __Timer1_Stop
                                  fff838e9         5   func ,g         0
FILE=.\src\Modules\UART.obj
                                  fff838ee  fff83937        4a
  __UART1_Activate
                                  fff838ee         5   func ,g         1
  __UART1_GetRecievedData
                                  fff838f3        10   func ,g         1
  __UART1_TransmitData
                                  fff83903        10   func ,g         2
  __UART0_Activate
                                  fff83913         5   func ,g         0
  __UART0_GetRecievedData
                                  fff83918        10   func ,g         0
  __UART0_TransmitData
                                  fff83928        10   func ,g         0
FILE=.\src\DataConverter.obj
                                  fff83938  fff83b0f       1d8
  IntParse(unsigned char)
                                  fff83938        53   func ,l         1
  _StringToWORD
                                  fff8398b        45   func ,g         1
  _BitsToFloat
                                  fff839d0        3a   func ,g         6
  _BitsToInt
                                  fff83a0a        40   func ,g         1
  _BitsToDUALSHOCK3
                                  fff83a4a        4f   func ,g         1
  _FloatToBits
                                  fff83a99        3c   func ,g         1
  _IntToBits
                                  fff83ad5        3b   func ,g         1
FILE=cppinit
                                  fff83b10  fff83b2f        20
  __CALL_INIT
                                  fff83b10        1c   func ,g         1
  __CALL_END
                                  fff83b2c         4   func ,g         1
FILE=__initsct
                                  fff83b30  fff83b79        4a
  __INITSCT
                                  fff83b30         0   none ,g         1
  loop1
                                  fff83b42         0   none ,l         1
  next_loop1
                                  fff83b50         0   none ,l         2
  loop3
                                  fff83b62         0   none ,l         1
  next_loop3
                                  fff83b73         0   none ,l         2
FILE=static_init
                                  fff83b7a  fff83bdf        66
  __call_dtors()
                                  fff83b7a        66   func ,g         1
FILE=dtor_list
                                  fff83be0  fff83c2a        4b
  __process_needed_destructions()
                                  fff83be0        26   func ,g         2
  ___already_marked_for_destruction
                                  fff83c06         6   func ,g         1
  ___record_needed_destruction
                                  fff83c0c        1d   func ,g         0
  ___std__needed_destruction_list
                                  fff83c29         2   func ,g         0
FILE=error
                                  fff83c2b  fff83c2e         4
  ___abort_execution
                                  fff83c2b         4   func ,g         1

SECTION=FIXEDVECT
FILE=.\src\Modules\micon\vector_table.obj
                                  ffffff80  ffffffff        80
  _Fixed_Vectors
                                  ffffff80        80   data ,g         0

*** Unfilled Areas ***

AREA                                START    END

*** Delete Symbols ***

SYMBOL                                SIZE    INFO
