Renesas Optimizing Linker (W2.01.00 )             08-Sep-2016 00:11:44

*** Options ***

-subcommand=LinkerSubCommand.tmp
-input="./src/startup/dbsct.obj"
-input="./src/startup/hardware_setup.obj"
-input="./src/startup/reset_program.obj"
-input="./src/startup/sbrk.obj"
-input="./src/matSystem/BatteryCheck.obj"
-input="./src/matSystem/Connecter.obj"
-input="./src/matSystem/Main.obj"
-input="./src/UserApplication/App.obj"
-input="./src/Modules/micon/CMT.obj"
-input="./src/Modules/micon/DAa.obj"
-input="./src/Modules/micon/GPT012.obj"
-input="./src/Modules/micon/GPT46.obj"
-input="./src/Modules/micon/IO.obj"
-input="./src/Modules/micon/S12ADB.obj"
-input="./src/Modules/micon/SCIc.obj"
-input="./src/Modules/micon/interrupt_handlers.obj"
-input="./src/Modules/micon/vector_table.obj"
-input="./src/Modules/AnalogIN.obj"
-input="./src/Modules/AnalogOUT.obj"
-input="./src/Modules/Battery.obj"
-input="./src/Modules/Bluetooth.obj"
-input="./src/Modules/Buzzer.obj"
-input="./src/Modules/DataLogger.obj"
-input="./src/Modules/LED.obj"
-input="./src/Modules/Motor.obj"
-input="./src/Modules/Servo.obj"
-input="./src/Modules/Timer.obj"
-input="./src/Modules/UART.obj"
-input="./src/DataConverter.obj"
-start=SU,SI,B_1,R_1,B_2,R_2,B,R/04,PResetPRG,C_1,C_2,C,C$*,D*,W*,L,PIntPRG,P/0FFF80000,FIXEDVECT/0FFFFFF80
-library=F:\GitHub\ROBOTC~1\HARDWA~2\RobotCore1Framework.lib
-list=RobotCore1Framework.map
-show
-nooptimize
-debug
-output=F:\GitHub\RobotCore1Frameware\HardwareDebug\RobotCore1Framework.abs
-rom=D=R,D_1=R_1,D_2=R_2
-nocompress
-nomessage
-nologo

*** Error information ***

*** Mapping List ***

SECTION                            START      END         SIZE   ALIGN

SU
                                  00000004  00000103       100   4
SI
                                  00000104  00000403       300   4
B_1
                                  00000404  0000144e      104b   1
R_1
                                  0000144f  00001458         a   1
B_2
                                  0000145a  00001467         e   2
R_2
                                  00001468  00001491        2a   2
B
                                  00001494  00005953      44c0   4
R
                                  00005954  0000599f        4c   4
PResetPRG
                                  fff80000  fff80038        39   1
C_1
                                  fff80039  fff80039         0   1
C_2
                                  fff80039  fff80039         0   1
C
                                  fff8003c  fff8006f        34   4
C$DSEC
                                  fff80070  fff80093        24   4
C$BSEC
                                  fff80094  fff800ab        18   4
C$INIT
                                  fff800ac  fff800ac         0   1
C$VECT
                                  fff800ac  fff804ab       400   4
C$VTBL
                                  fff804ac  fff804ac         0   1
D
                                  fff804ac  fff804f7        4c   4
D_1
                                  fff804f8  fff80501         a   1
D_2
                                  fff80502  fff8052b        2a   2
W
                                  fff8052c  fff8052c         0   4
W_1
                                  fff8052c  fff8053b        10   1
W_2
                                  fff8053c  fff8053c         0   2
L
                                  fff8053c  fff80575        3a   4
PIntPRG
                                  fff80576  fff806d2       15d   1
P
                                  fff806d3  fff832f2      2c20   1
FIXEDVECT
                                  ffffff80  ffffffff        80   4

*** Symbol List ***

SECTION=
FILE=                               START        END    SIZE
  SYMBOL                            ADDR        SIZE    INFO      COUNTS  OPT

SECTION=SU
FILE=.\src\startup\reset_program.obj
                                  00000004  00000103       100

SECTION=SI
FILE=.\src\startup\reset_program.obj
                                  00000104  00000403       300

SECTION=B_1
FILE=.\src\matSystem\Connecter.obj
                                  00000404  00000c43       840
  _line
                                  00000404        40   data ,g         a
  _TransmitDataBufferA
                                  00000444       400   data ,g         3
  _TransmitDataBufferB
                                  00000844       400   data ,g         3
FILE=.\src\Modules\micon\SCIc.obj
                                  00000c44  00001444       801
  _uart1_bufR_A
                                  00000c44       400   data ,g         2
  _uart1_bufR_B
                                  00001044       400   data ,g         2
  _uart0_data
                                  00001444         1   data ,g         2
FILE=.\src\Modules\Motor.obj
                                  00001445  0000144a         6
  _direction
                                  00001445         6   data ,g        12
FILE=.\src\DataConverter.obj
                                  0000144b  0000144e         4
  _bytes
                                  0000144b         4   data ,g         5

SECTION=R_1
FILE=.\src\matSystem\Connecter.obj
                                  0000144f  00001452         4
  _line_index
                                  0000144f         1   data ,g         5
  _BufferA_Count
                                  00001450         1   data ,g         7
  _BufferB_Count
                                  00001451         1   data ,g         7
  _BufferAisSelected
                                  00001452         1   data ,g         5
FILE=.\src\UserApplication\App.obj
                                  00001453  00001453         1
  _i
                                  00001453         1   data ,g         5
FILE=.\src\Modules\micon\SCIc.obj
                                  00001454  00001456         3
  _flag_RXI0
                                  00001454         1   data ,g         4
  _flag_TXI0
                                  00001455         1   data ,g         1
  _uart1_bufSelect
                                  00001456         1   data ,g         3
FILE=.\src\Modules\DataLogger.obj
                                  00001457  00001457         1
  _log1_count
                                  00001457         1   data ,g         3
FILE=.\src\Modules\Motor.obj
                                  00001458  00001458         1
  _motor1_DutyIn_HardwarePortAdress
                                  00001458         1   data ,g         3

SECTION=B_2
FILE=.\src\Modules\micon\S12ADB.obj
                                  0000145a  00001467         e
  _values
                                  0000145a         6   data ,g         4
  _values1
                                  00001460         8   data ,g         5

SECTION=R_2
FILE=.\src\UserApplication\App.obj
                                  00001468  00001477        10
  _orderBuffer
                                  00001468        10   data ,g         2
FILE=.\src\Modules\micon\SCIc.obj
                                  00001478  0000147f         8
  _uart1_bufR_index_A
                                  00001478         2   data ,g         4
  _uart1_bufR_index_B
                                  0000147a         2   data ,g         4
  _uart1_bufT_index
                                  0000147c         2   data ,g         6
  _uart1_bufT_maxCount
                                  0000147e         2   data ,g         5
FILE=.\src\Modules\Buzzer.obj
                                  00001480  0000148d         e
  _oneTime
                                  00001480         2   data ,g         6
  _stepUp
                                  00001482         2   data ,g         6
  _stepDown
                                  00001484         2   data ,g         6
  _siren1
                                  00001486         2   data ,g         7
  _siren1Fq
                                  00001488         2   data ,g         4
  _siren2
                                  0000148a         2   data ,g         6
  _siren2Fq
                                  0000148c         2   data ,g         4
FILE=.\src\Modules\DataLogger.obj
                                  0000148e  00001491         4
  _log1_time
                                  0000148e         2   data ,g         2
  _log1_index
                                  00001490         2   data ,g         5

SECTION=B
FILE=.\src\startup\sbrk.obj
                                  00001494  00001893       400
  _heap_area
                                  00001494       400   data ,l         2
FILE=.\src\matSystem\Connecter.obj
                                  00001894  00001917        84
  _RecievedData
                                  00001894         4   data ,g         2
  _Inputs
                                  00001898        80   data ,g         2
FILE=.\src\Modules\micon\CMT.obj
                                  00001918  0000191b         4
  _callback1
                                  00001918         4   data ,g         2
FILE=.\src\Modules\micon\SCIc.obj
                                  0000191c  0000191f         4
  _uart1_bufT
                                  0000191c         4   data ,g         3
FILE=.\src\Modules\DataLogger.obj
                                  00001920  0000591f      4000
  _log1
                                  00001920      4000   data ,g         2
FILE=.\src\Modules\Motor.obj
                                  00005920  0000594f        30
  _trgDuty
                                  00005920        18   data ,g        13
  _actualDuty
                                  00005938        18   data ,g        16
FILE=dtor_list
                                  00005950  00005953         4
  _needed_destruction_head
                                  00005950         4   data ,l         2

SECTION=R
FILE=.\src\startup\sbrk.obj
                                  00005954  00005957         4
  _brk
                                  00005954         4   data ,l         3
FILE=.\src\Modules\DataLogger.obj
                                  00005958  0000595b         4
  _log1_isLoging
                                  00005958         4   data ,g         4
FILE=.\src\Modules\Motor.obj
                                  0000595c  0000598b        30
  _motor1_DutyIn_State
                                  0000595c         4   data ,g         2
  _motor2_DutyIn_State
                                  00005960         4   data ,g         2
  _motor3_DutyIn_State
                                  00005964         4   data ,g         2
  _motor4_DutyIn_State
                                  00005968         4   data ,g         2
  _motor5_DutyIn_State
                                  0000596c         4   data ,g         2
  _motor6_DutyIn_State
                                  00005970         4   data ,g         2
  _motor1_DutyOut_State
                                  00005974         4   data ,g         3
  _motor2_DutyOut_State
                                  00005978         4   data ,g         3
  _motor3_DutyOut_State
                                  0000597c         4   data ,g         3
  _motor4_DutyOut_State
                                  00005980         4   data ,g         3
  _motor5_DutyOut_State
                                  00005984         4   data ,g         3
  _motor6_DutyOut_State
                                  00005988         4   data ,g         3
FILE=static_init
                                  0000598c  00005993         8
  _use_patch_info
                                  0000598c         4   data ,l         1
  _dtors_done$1
                                  00005990         4   data ,l         1
FILE=munch_dtors
                                  00005994  00005997         4
  __dtors
                                  00005994         4   data ,g         1
FILE=vars
                                  00005998  0000599f         8
  __new_handler
                                  00005998         4   data ,g         0
  ___head
                                  0000599c         4   data ,g         1

SECTION=PResetPRG
FILE=.\src\startup\reset_program.obj
                                  fff80000  fff80038        39
  _PowerON_Reset_PC
                                  fff80000        39   entry,g         1

SECTION=C
FILE=.\src\startup\dbsct.obj
                                  fff8003c  fff8006f        34
  __CTBL
                                  fff8003c        34   data ,g         0

SECTION=C$DSEC
FILE=.\src\startup\dbsct.obj
                                  fff80070  fff80093        24
  __DTBL
                                  fff80070        24   data ,g         0

SECTION=C$BSEC
FILE=.\src\startup\dbsct.obj
                                  fff80094  fff800ab        18
  __BTBL
                                  fff80094        18   data ,g         0

SECTION=C$VECT
FILE=.\src\startup\dbsct.obj
                                  fff800ac  fff804ab       400

SECTION=D
FILE=.\src\startup\sbrk.obj
                                  fff804ac  fff804af         4
FILE=.\src\Modules\DataLogger.obj
                                  fff804b0  fff804b3         4
FILE=.\src\Modules\Motor.obj
                                  fff804b4  fff804e3        30
FILE=static_init
                                  fff804e4  fff804eb         8
FILE=munch_dtors
                                  fff804ec  fff804ef         4
FILE=vars
                                  fff804f0  fff804f7         8

SECTION=D_1
FILE=.\src\matSystem\Connecter.obj
                                  fff804f8  fff804fb         4
FILE=.\src\UserApplication\App.obj
                                  fff804fc  fff804fc         1
FILE=.\src\Modules\micon\SCIc.obj
                                  fff804fd  fff804ff         3
FILE=.\src\Modules\DataLogger.obj
                                  fff80500  fff80500         1
FILE=.\src\Modules\Motor.obj
                                  fff80501  fff80501         1

SECTION=D_2
FILE=.\src\UserApplication\App.obj
                                  fff80502  fff80511        10
FILE=.\src\Modules\micon\SCIc.obj
                                  fff80512  fff80519         8
FILE=.\src\Modules\Buzzer.obj
                                  fff8051a  fff80527         e
FILE=.\src\Modules\DataLogger.obj
                                  fff80528  fff8052b         4

SECTION=W_1
FILE=.\src\Modules\Motor.obj
                                  fff8052c  fff80531         6
FILE=.\src\DataConverter.obj
                                  fff80532  fff8053b         a

SECTION=L
FILE=.\src\UserApplication\App.obj
                                  fff8053c  fff80548         d
FILE=.\src\Modules\Motor.obj
                                  fff8054c  fff80575        2a

SECTION=PIntPRG
FILE=.\src\Modules\micon\interrupt_handlers.obj
                                  fff80576  fff806d2       15d
  _Excep_SuperVisorInst
                                  fff80576         2   func ,g         1
  _Excep_AccessInst
                                  fff80578         2   func ,g         1
  _Excep_UndefinedInst
                                  fff8057a         2   func ,g         1
  _Excep_FloatingPoint
                                  fff8057c         2   func ,g         1
  _NonMaskableInterrupt
                                  fff8057e         2   func ,g         1
  _Dummy
                                  fff80580         2   func ,g        13
  _Excep_BRK
                                  fff80582         f   func ,g         0
  _Excep_BSC_BUSERR
                                  fff80591         2   func ,g         0
  _Excep_FCU_FIFERR
                                  fff80593         2   func ,g         0
  _Excep_FCU_FRDYI
                                  fff80595         2   func ,g         0
  _Excep_ICU_SWINT
                                  fff80597         2   func ,g         0
  _Excep_CMT1_CMI1
                                  fff80599         2   func ,g         0
  _Excep_CMT2_CMI2
                                  fff8059b         2   func ,g         0
  _Excep_CMT3_CMI3
                                  fff8059d         2   func ,g         0
  _Excep_USB0_D0FIFO0
                                  fff8059f         2   func ,g         0
  _Excep_USB0_D1FIFO0
                                  fff805a1         2   func ,g         0
  _Excep_USB0_USBI0
                                  fff805a3         2   func ,g         0
  _Excep_CAC_FERRF
                                  fff805a5         2   func ,g         0
  _Excep_CAC_MENDF
                                  fff805a7         2   func ,g         0
  _Excep_CAC_OVFF
                                  fff805a9         2   func ,g         0
  _Excep_RSPI0_SPRI0
                                  fff805ab         2   func ,g         0
  _Excep_RSPI0_SPTI0
                                  fff805ad         2   func ,g         0
  _Excep_RSPI0_SPII0
                                  fff805af         2   func ,g         0
  _Excep_RSPI1_SPRI1
                                  fff805b1         2   func ,g         0
  _Excep_RSPI1_SPTI1
                                  fff805b3         2   func ,g         0
  _Excep_RSPI1_SPII1
                                  fff805b5         2   func ,g         0
  _Excep_CAN1_RXF1
                                  fff805b7         2   func ,g         0
  _Excep_CAN1_TXF1
                                  fff805b9         2   func ,g         0
  _Excep_CAN1_RXM1
                                  fff805bb         2   func ,g         0
  _Excep_CAN1_TXM1
                                  fff805bd         2   func ,g         0
  _Excep_GPT7_GTCIA7
                                  fff805bf         2   func ,g         0
  _Excep_GPT7_GTCIB7
                                  fff805c1         2   func ,g         0
  _Excep_GPT7_GTCIC7
                                  fff805c3         2   func ,g         0
  _Excep_GPT7_GTCIE7
                                  fff805c5         2   func ,g         0
  _Excep_GPT7_GTCIV7
                                  fff805c7         2   func ,g         0
  _Excep_CMP_CMP4
                                  fff805c9         2   func ,g         0
  _Excep_CMP_CMP5
                                  fff805cb         2   func ,g         0
  _Excep_CMP_CMP6
                                  fff805cd         2   func ,g         0
  _Excep_DOC_DOPCF
                                  fff805cf         2   func ,g         0
  _Excep_DPC_RBI0
                                  fff805d1         2   func ,g         0
  _Excep_DPC_RBI1
                                  fff805d3         2   func ,g         0
  _Excep_DPC_RBI2
                                  fff805d5         2   func ,g         0
  _Excep_DPC_RBI3
                                  fff805d7         2   func ,g         0
  _Excep_DPC_RBI4
                                  fff805d9         2   func ,g         0
  _Excep_ICU_IRQ0
                                  fff805db         2   func ,g         0
  _Excep_ICU_IRQ1
                                  fff805dd         2   func ,g         0
  _Excep_ICU_IRQ2
                                  fff805df         2   func ,g         0
  _Excep_ICU_IRQ3
                                  fff805e1         2   func ,g         0
  _Excep_ICU_IRQ4
                                  fff805e3         2   func ,g         0
  _Excep_ICU_IRQ5
                                  fff805e5         2   func ,g         0
  _Excep_ICU_IRQ6
                                  fff805e7         2   func ,g         0
  _Excep_ICU_IRQ7
                                  fff805e9         2   func ,g         0
  _Excep_USB_USBR0
                                  fff805eb         2   func ,g         0
  _Excep_AD_ADI0
                                  fff805ed         2   func ,g         0
  _Excep_S12AD_S12GBADI
                                  fff805ef         2   func ,g         0
  _Excep_S12AD1_S12GBADI1
                                  fff805f1         2   func ,g         0
  _Excep_ICU_GROUP0
                                  fff805f3         2   func ,g         0
  _Excep_ICU_GROUP12
                                  fff805f5         2   func ,g         0
  _Excep_SCI12_SCIX0
                                  fff805f7         2   func ,g         0
  _Excep_SCI12_SCIX1
                                  fff805f9         2   func ,g         0
  _Excep_SCI12_SCIX2
                                  fff805fb         2   func ,g         0
  _Excep_SCI12_SCIX3
                                  fff805fd         2   func ,g         0
  _Excep_MTU0_TGIA0
                                  fff805ff         2   func ,g         0
  _Excep_MTU0_TGIB0
                                  fff80601         2   func ,g         0
  _Excep_MTU0_TGIC0
                                  fff80603         2   func ,g         0
  _Excep_MTU0_TGID0
                                  fff80605         2   func ,g         0
  _Excep_MTU0_TCIV0
                                  fff80607         2   func ,g         0
  _Excep_MTU0_TGIE0
                                  fff80609         2   func ,g         0
  _Excep_MTU0_TGIF0
                                  fff8060b         2   func ,g         0
  _Excep_MTU1_TGIA1
                                  fff8060d         2   func ,g         0
  _Excep_MTU1_TGIB1
                                  fff8060f         2   func ,g         0
  _Excep_MTU1_TCIV1
                                  fff80611         2   func ,g         0
  _Excep_MTU1_TCIU1
                                  fff80613         2   func ,g         0
  _Excep_MTU2_TGIA2
                                  fff80615         2   func ,g         0
  _Excep_MTU2_TGIB2
                                  fff80617         2   func ,g         0
  _Excep_MTU2_TCIV2
                                  fff80619         2   func ,g         0
  _Excep_MTU2_TCIU2
                                  fff8061b         2   func ,g         0
  _Excep_MTU3_TGIA3
                                  fff8061d         2   func ,g         0
  _Excep_MTU3_TGIB3
                                  fff8061f         2   func ,g         0
  _Excep_MTU3_TGIC3
                                  fff80621         2   func ,g         0
  _Excep_MTU3_TGID3
                                  fff80623         2   func ,g         0
  _Excep_MTU3_TCIV3
                                  fff80625         2   func ,g         0
  _Excep_MTU4_TGIA4
                                  fff80627         2   func ,g         0
  _Excep_MTU4_TGIB4
                                  fff80629         2   func ,g         0
  _Excep_MTU4_TGIC4
                                  fff8062b         2   func ,g         0
  _Excep_MTU4_TGID4
                                  fff8062d         2   func ,g         0
  _Excep_MTU4_TCIV4
                                  fff8062f         2   func ,g         0
  _Excep_MTU5_TGIU5
                                  fff80631         2   func ,g         0
  _Excep_MTU5_TGIV5
                                  fff80633         2   func ,g         0
  _Excep_MTU5_TGIW5
                                  fff80635         2   func ,g         0
  _Excep_MTU6_TGIA6
                                  fff80637         2   func ,g         0
  _Excep_MTU6_TGIB6
                                  fff80639         2   func ,g         0
  _Excep_MTU6_TGIC6
                                  fff8063b         2   func ,g         0
  _Excep_MTU6_TGID6
                                  fff8063d         2   func ,g         0
  _Excep_MTU6_TCIV6
                                  fff8063f         2   func ,g         0
  _Excep_MTU7_TGIA7
                                  fff80641         2   func ,g         0
  _Excep_MTU7_TGIB7
                                  fff80643         2   func ,g         0
  _Excep_MTU7_TGIC7
                                  fff80645         2   func ,g         0
  _Excep_MTU7_TGID7
                                  fff80647         2   func ,g         0
  _Excep_MTU7_TCIV7
                                  fff80649         2   func ,g         0
  _Excep_POE_OEI1
                                  fff8064b         2   func ,g         0
  _Excep_POE_OEI2
                                  fff8064d         2   func ,g         0
  _Excep_POE_OEI3
                                  fff8064f         2   func ,g         0
  _Excep_POE_OEI4
                                  fff80651         2   func ,g         0
  _Excep_POE_OEI5
                                  fff80653         2   func ,g         0
  _Excep_CMP_CMP0
                                  fff80655         2   func ,g         0
  _Excep_CMP_CMP1
                                  fff80657         2   func ,g         0
  _Excep_CMP_CMP2
                                  fff80659         2   func ,g         0
  _Excep_GPT4_GTCIA4
                                  fff8065b         2   func ,g         0
  _Excep_GPT4_GTCIB4
                                  fff8065d         2   func ,g         0
  _Excep_GPT4_GTCIC4
                                  fff8065f         2   func ,g         0
  _Excep_GPT4_GTCIE4
                                  fff80661         2   func ,g         0
  _Excep_GPT4_GTCIV4
                                  fff80663         2   func ,g         0
  _Excep_GPT4_LOCOI4
                                  fff80665         2   func ,g         0
  _Excep_GPT5_GTCIA5
                                  fff80667         2   func ,g         0
  _Excep_GPT5_GTCIB5
                                  fff80669         2   func ,g         0
  _Excep_GPT5_GTCIC5
                                  fff8066b         2   func ,g         0
  _Excep_GPT5_GTCIE5
                                  fff8066d         2   func ,g         0
  _Excep_GPT5_GTCIV5
                                  fff8066f         2   func ,g         0
  _Excep_GPT6_GTCIA6
                                  fff80671         2   func ,g         0
  _Excep_GPT6_GTCIB6
                                  fff80673         2   func ,g         0
  _Excep_GPT6_GTCIC6
                                  fff80675         2   func ,g         0
  _Excep_GPT6_GTCIE6
                                  fff80677         2   func ,g         0
  _Excep_GPT6_GTCIV6
                                  fff80679         2   func ,g         0
  _Excep_RIIC1_EEI1
                                  fff8067b         2   func ,g         0
  _Excep_RIIC1_RXI1
                                  fff8067d         2   func ,g         0
  _Excep_RIIC1_TXI1
                                  fff8067f         2   func ,g         0
  _Excep_RIIC1_TEI1
                                  fff80681         2   func ,g         0
  _Excep_RIIC0_EEI0
                                  fff80683         2   func ,g         0
  _Excep_RIIC0_RXI0
                                  fff80685         2   func ,g         0
  _Excep_RIIC0_TXI0
                                  fff80687         2   func ,g         0
  _Excep_RIIC0_TEI0
                                  fff80689         2   func ,g         0
  _Excep_DMAC_DMAC0I
                                  fff8068b         2   func ,g         0
  _Excep_DMAC_DMAC1I
                                  fff8068d         2   func ,g         0
  _Excep_DMAC_DMAC2I
                                  fff8068f         2   func ,g         0
  _Excep_DMAC_DMAC3I
                                  fff80691         2   func ,g         0
  _Excep_SCI0_TEI0
                                  fff80693         2   func ,g         0
  _Excep_SCI1_TEI1
                                  fff80695         2   func ,g         0
  _Excep_SCI2_RXI2
                                  fff80697         2   func ,g         0
  _Excep_SCI2_TXI2
                                  fff80699         2   func ,g         0
  _Excep_SCI2_TEI2
                                  fff8069b         2   func ,g         0
  _Excep_SCI3_RXI3
                                  fff8069d         2   func ,g         0
  _Excep_SCI3_TXI3
                                  fff8069f         2   func ,g         0
  _Excep_SCI3_TEI3
                                  fff806a1         2   func ,g         0
  _Excep_GPT0_GTCIA0
                                  fff806a3         2   func ,g         0
  _Excep_GPT0_GTCIB0
                                  fff806a5         2   func ,g         0
  _Excep_GPT0_GTCIC0
                                  fff806a7         2   func ,g         0
  _Excep_GPT0_GTCIE0
                                  fff806a9         2   func ,g         0
  _Excep_GPT0_GTCIV0
                                  fff806ab         2   func ,g         0
  _Excep_GPT0_LOCOI0
                                  fff806ad         2   func ,g         0
  _Excep_GPT1_GTCIA1
                                  fff806af         2   func ,g         0
  _Excep_GPT1_GTCIB1
                                  fff806b1         2   func ,g         0
  _Excep_GPT1_GTCIC1
                                  fff806b3         2   func ,g         0
  _Excep_GPT1_GTCIE1
                                  fff806b5         2   func ,g         0
  _Excep_GPT1_GTCIV1
                                  fff806b7         2   func ,g         0
  _Excep_GPT2_GTCIA2
                                  fff806b9         2   func ,g         0
  _Excep_GPT2_GTCIB2
                                  fff806bb         2   func ,g         0
  _Excep_GPT2_GTCIC2
                                  fff806bd         2   func ,g         0
  _Excep_GPT2_GTCIE2
                                  fff806bf         2   func ,g         0
  _Excep_GPT2_GTCIV2
                                  fff806c1         2   func ,g         0
  _Excep_GPT3_GTCIA3
                                  fff806c3         2   func ,g         0
  _Excep_GPT3_GTCIB3
                                  fff806c5         2   func ,g         0
  _Excep_GPT3_GTCIC3
                                  fff806c7         2   func ,g         0
  _Excep_GPT3_GTCIE3
                                  fff806c9         2   func ,g         0
  _Excep_GPT3_GTCIV3
                                  fff806cb         2   func ,g         0
  _Excep_SCI12_RXI12
                                  fff806cd         2   func ,g         0
  _Excep_SCI12_TXI12
                                  fff806cf         2   func ,g         0
  _Excep_SCI12_TEI12
                                  fff806d1         2   func ,g         0

SECTION=P
FILE=.\src\startup\hardware_setup.obj
                                  fff806d3  fff8083a       168
  _HardwareSetup
                                  fff806d3        a3   func ,g         1
  _wait
                                  fff80776        c5   func ,g         2
FILE=.\src\startup\sbrk.obj
                                  fff8083b  fff80876        3c
  _sbrk
                                  fff8083b        3c   func ,g         0
FILE=.\src\matSystem\BatteryCheck.obj
                                  fff80877  fff808e9        73
  BatteryCheck()
                                  fff80877        73   func ,g         1
FILE=.\src\matSystem\Connecter.obj
                                  fff808ea  fff80c77       38e
  __Connecter_Activate
                                  fff808ea         5   func ,g         1
  __Connecter_Recieve
                                  fff808ef        72   func ,g         1
  __Connecter_Transmit
                                  fff80961        6f   func ,g         1
  _Decipher
                                  fff809d0       16a   func ,l         1
  _Connecter_Send
                                  fff80b3a        7d   func ,g         3
  _Connecter_SendFloat
                                  fff80bb7        6d   func ,g         c
  _Execute
                                  fff80c24        2a   func ,l         1
  _Connecter_InputToHardwarePort
                                  fff80c4e        17   func ,g         1
  _Connecter_RegistHardwarePort
                                  fff80c65        13   func ,g         1
FILE=.\src\matSystem\Main.obj
                                  fff80c78  fff80cc4        4d
  _main
                                  fff80c78        2f   func ,g         1
  Timer1_Caooback()
                                  fff80ca7        1d   func ,l         1
  _abort
                                  fff80cc4         1   func ,g         1
FILE=.\src\UserApplication\App.obj
                                  fff80cc5  fff80ec9       205
  _Initialize
                                  fff80cc5        25   func ,g         1
  _MainLoop
                                  fff80cea        73   func ,g         1
  DecipherAndExecute(short *)
                                  fff80d5d       16d   func ,l         1
FILE=.\src\Modules\micon\CMT.obj
                                  fff80eca  fff80f89        c0
  _CMT_init
                                  fff80eca        2d   func ,g         1
  _CMT0_Set
                                  fff80ef7        5d   func ,g         4
  _CMT0_Start
                                  fff80f54         c   func ,g         1
  _Excep_CMT0_CMI0
                                  fff80f60        1b   func ,g         0
  _CMT0_Stop
                                  fff80f7b         f   func ,g         1
FILE=.\src\Modules\micon\DAa.obj
                                  fff80f8a  fff80ff8        6f
  _DAa_init
                                  fff80f8a        55   func ,g         1
  _DA0_SetValue
                                  fff80fdf         d   func ,g         1
  _DA1_SetValue
                                  fff80fec         d   func ,g         1
FILE=.\src\Modules\micon\GPT012.obj
                                  fff80ff9  fff813a2       3aa
  _GPT012_init
                                  fff80ff9       2c0   func ,g         1
  _PWM_M1_set
                                  fff812b9        27   func ,g         1
  _PWM_M2_set
                                  fff812e0        27   func ,g         1
  _PWM_M3_set
                                  fff81307        27   func ,g         1
  _PWM_M4_set
                                  fff8132e        27   func ,g         1
  _PWM_M5_set
                                  fff81355        27   func ,g         1
  _PWM_M6_set
                                  fff8137c        27   func ,g         1
FILE=.\src\Modules\micon\GPT46.obj
                                  fff813a3  fff815da       238
  _GPT46_init
                                  fff813a3       167   func ,g         1
  _PWM1_set
                                  fff8150a        4e   func ,g         2
  _PWM1_On
                                  fff81558         c   func ,g         2
  _PWM1_Off
                                  fff81564         f   func ,g         0
  _BUZZER_set
                                  fff81573        4e   func ,g         c
  _BUZZER_On
                                  fff815c1         c   func ,g         8
  _BUZZER_Off
                                  fff815cd         e   func ,g         6
FILE=.\src\Modules\micon\IO.obj
                                  fff815db  fff817d0       1f6
  _IO_LED_init
                                  fff815db         9   func ,g         1
  _LED_STATUS_R
                                  fff815e4        19   func ,g         2
  _LED_STATUS_G
                                  fff815fd        19   func ,g         2
  _LED_STATUS_B
                                  fff81616        19   func ,g         2
  _LED_INFO
                                  fff8162f        18   func ,g         2
  _LED_ERROR
                                  fff81647        18   func ,g         3
  _IO_Motor_Init
                                  fff8165f        26   func ,g         1
  _ALERT
                                  fff81685        13   func ,g         0
  _STBY
                                  fff81698        19   func ,g         2
  _Motor1_MODE
                                  fff816b1        30   func ,g         4
  _Motor2_MODE
                                  fff816e1        2e   func ,g         4
  _Motor3_MODE
                                  fff8170f        32   func ,g         4
  _Motor4_MODE
                                  fff81741        31   func ,g         4
  _Motor5_MODE
                                  fff81772        30   func ,g         4
  _Motor6_MODE
                                  fff817a2        2f   func ,g         4
FILE=.\src\Modules\micon\S12ADB.obj
                                  fff817d1  fff81a37       267
  _S12AD_init
                                  fff817d1        ad   func ,g         1
  _S12AD_Sample
                                  fff8187e        1f   func ,g         1
  _Excep_S12AD_S12ADI
                                  fff8189d        38   func ,g         0
  _S12ADB_GetVoltage
                                  fff818d5        24   func ,g         3
  _S12AD1_init
                                  fff818f9        b5   func ,g         1
  _S12AD1_Sample
                                  fff819ae        1f   func ,g         1
  _Excep_S12AD1_S12ADI1
                                  fff819cd        47   func ,g         0
  _S12AD1_GetVoltage
                                  fff81a14        24   func ,g         1
FILE=.\src\Modules\micon\SCIc.obj
                                  fff81a38  fff81f7f       548
  _uart1_init
                                  fff81a38        d1   func ,g         1
  _uart1_read
                                  fff81b09        61   func ,g         1
  _uart1_send
                                  fff81b6a        53   func ,g         1
  _Excep_SCI1_RXI1
                                  fff81bbd        cf   func ,g         0
  _Excep_SCI1_TXI1
                                  fff81c8c        6c   func ,g         0
  _uart1_set
                                  fff81cf8        5f   func ,l         2
  _uart1_clear_errorFlag
                                  fff81d57        16   func ,l         2
  _uart0_init
                                  fff81d6d        cc   func ,g         1
  _uart0_read
                                  fff81e39        a6   func ,g         1
  _Excep_SCI0_RXI0
                                  fff81edf        16   func ,g         0
  _Excep_SCI0_TXI0
                                  fff81ef5        16   func ,g         0
  _uart0_set
                                  fff81f0b        5f   func ,l         2
  _uart0_clear_errorFlag
                                  fff81f6a        16   func ,l         2
FILE=.\src\Modules\AnalogIN.obj
                                  fff81f80  fff81fad        2e
  _AnalogIN_Activate
                                  fff81f80         5   func ,g         1
  _AnalogIN_Sample
                                  fff81f85         5   func ,g         0
  _AnalogIN_GetVoltage
                                  fff81f8a        24   func ,g         0
FILE=.\src\Modules\AnalogOUT.obj
                                  fff81fae  fff82002        55
  _AnalogOUT_Activate
                                  fff81fae         5   func ,g         1
  _AnalogOUT1_SetVoltage
                                  fff81fb3        28   func ,g         0
  _AnalogOUT2_SetVoltage
                                  fff81fdb        28   func ,g         0
FILE=.\src\Modules\Battery.obj
                                  fff82003  fff82066        64
  __Battery_Activate
                                  fff82003         5   func ,g         1
  __Battery_Sample
                                  fff82008         5   func ,g         1
  __Battery_GetVoltage1
                                  fff8200d        1e   func ,g         1
  __Battery_GetVoltage2
                                  fff8202b        1e   func ,g         2
  __Battery_GetVoltage3
                                  fff82049        1e   func ,g         2
FILE=.\src\Modules\Bluetooth.obj
                                  fff82067  fff82079        13
  _Bluetooth_Activate
                                  fff82067         5   func ,g         1
  _Bluetooth_GetRecieveData
                                  fff8206c         e   func ,g         1
FILE=.\src\Modules\Buzzer.obj
                                  fff8207a  fff82376       2fd
  _Buzzer_Activate
                                  fff8207a         5   func ,g         1
  __Buzzer_Loop
                                  fff8207f       1ad   func ,g         1
  _Buzzer_On
                                  fff8222c        13   func ,g         0
  _Buzzer_Off
                                  fff8223f        5d   func ,g         0
  _Buzzer_OneTime
                                  fff8229c        36   func ,g         0
  _Buzzer_StepUp
                                  fff822d2        29   func ,g         1
  _Buzzer_StepDown
                                  fff822fb        29   func ,g         1
  _Buzzer_Siren1
                                  fff82324        29   func ,g         1
  _Buzzer_Siren2
                                  fff8234d        2a   func ,g         2
FILE=.\src\Modules\DataLogger.obj
                                  fff82377  fff82477       101
  _DataLogger_Activate
                                  fff82377         d   func ,g         1
  __DataLogger_Loop
                                  fff82384        1a   func ,g         1
  __DataLogger_Do
                                  fff8239e        19   func ,g         0
  _dataLogger1_Do
                                  fff823b7         8   func ,l         1
  _DataLogger1_DataIn
                                  fff823bf        94   func ,g         1
  _DataLogger1_LoggingStart
                                  fff82453        13   func ,g         1
  _DataLogger1_LoggingStop
                                  fff82466         a   func ,g         2
  _DataLogger_Log
                                  fff82470         8   func ,g         0
FILE=.\src\Modules\LED.obj
                                  fff82478  fff824c2        4b
  __LED_Activate
                                  fff82478         5   func ,g         1
  __LED_R_On
                                  fff8247d         7   func ,g         1
  __LED_G_On
                                  fff82484         7   func ,g         1
  __LED_B_On
                                  fff8248b         7   func ,g         2
  __LED_Info_On
                                  fff82492         7   func ,g         1
  __LED_Error_On
                                  fff82499         7   func ,g         2
  __LED_R_Off
                                  fff824a0         7   func ,g         1
  __LED_G_Off
                                  fff824a7         7   func ,g         1
  __LED_B_Off
                                  fff824ae         7   func ,g         1
  __LED_Info_Off
                                  fff824b5         7   func ,g         1
  __LED_Error_Off
                                  fff824bc         7   func ,g         0
FILE=.\src\Modules\Motor.obj
                                  fff824c3  fff82f60       a9e
  _Motor_Activate
                                  fff824c3         9   func ,g         1
  _Motor_UnlockSTBY
                                  fff824cc         7   func ,g         1
  _Motor_LockSTBY
                                  fff824d3         7   func ,g         1
  __Motor_Loop
                                  fff824da       388   func ,g         1
  _Motor1_DutyIn
                                  fff82862        4a   func ,g         2
  _Motor1_DutyOut
                                  fff828ac        43   func ,l         1
  _Motor2_DutyIn
                                  fff828ef        4c   func ,g         2
  _Motor2_DutyOut
                                  fff8293b        26   func ,l         1
  _Motor3_DutyIn
                                  fff82961        4c   func ,g         2
  _Motor3_DutyOut
                                  fff829ad        26   func ,l         1
  _Motor4_DutyIn
                                  fff829d3        4c   func ,g         2
  _Motor4_DutyOut
                                  fff82a1f        26   func ,l         1
  _Motor5_DutyIn
                                  fff82a45        4c   func ,g         4
  _Motor5_DutyOut
                                  fff82a91        26   func ,l         1
  _Motor6_DutyIn
                                  fff82ab7        4c   func ,g         1
  _Motor6_DutyOut
                                  fff82b03        26   func ,l         1
  _motor1_SetMode
                                  fff82b29        3e   func ,l         3
  _motor2_SetMode
                                  fff82b67        3e   func ,l         3
  _motor3_SetMode
                                  fff82ba5        3e   func ,l         3
  _motor4_SetMode
                                  fff82be3        3e   func ,l         3
  _motor5_SetMode
                                  fff82c21        3e   func ,l         3
  _motor6_SetMode
                                  fff82c5f        3e   func ,l         3
  _norm
                                  fff82c9d        42   func ,l         6
  __Motor_Do
                                  fff82cdf        54   func ,g         1
  _motor1_Do
                                  fff82d33        7b   func ,l         1
  _motor2_Do
                                  fff82dae        57   func ,l         1
  _motor3_Do
                                  fff82e05        57   func ,l         1
  _motor4_Do
                                  fff82e5c        57   func ,l         1
  _motor5_Do
                                  fff82eb3        57   func ,l         1
  _motor6_Do
                                  fff82f0a        57   func ,l         1
FILE=.\src\Modules\Servo.obj
                                  fff82f61  fff82fab        4b
  _Servo_Activate
                                  fff82f61        12   func ,g         1
  _Servo1_RotationIn
                                  fff82f73        39   func ,g         1
FILE=.\src\Modules\Timer.obj
                                  fff82fac  fff83060        b5
  __Timer_Activate
                                  fff82fac         5   func ,g         1
  __Timer1_Set
                                  fff82fb1        a6   func ,g         1
  __Timer1_Start
                                  fff83057         5   func ,g         1
  __Timer1_Stop
                                  fff8305c         5   func ,g         0
FILE=.\src\Modules\UART.obj
                                  fff83061  fff83085        25
  __UART1_Activate
                                  fff83061         5   func ,g         1
  __UART1_GetRecievedData
                                  fff83066        10   func ,g         1
  __UART1_TransmitData
                                  fff83076        10   func ,g         2
FILE=.\src\DataConverter.obj
                                  fff83086  fff831d3       14e
  IntParse(unsigned char)
                                  fff83086        53   func ,l         1
  _StringToWORD
                                  fff830d9        45   func ,g         1
  _BitsToFloat
                                  fff8311e        3a   func ,g         6
  _BitsToInt
                                  fff83158        40   func ,g         1
  _FloatToBits
                                  fff83198        3c   func ,g         1
FILE=cppinit
                                  fff831d4  fff831f3        20
  __CALL_INIT
                                  fff831d4        1c   func ,g         1
  __CALL_END
                                  fff831f0         4   func ,g         1
FILE=__initsct
                                  fff831f4  fff8323d        4a
  __INITSCT
                                  fff831f4         0   none ,g         1
  loop1
                                  fff83206         0   none ,l         1
  next_loop1
                                  fff83214         0   none ,l         2
  loop3
                                  fff83226         0   none ,l         1
  next_loop3
                                  fff83237         0   none ,l         2
FILE=static_init
                                  fff8323e  fff832a4        67
  __call_dtors()
                                  fff8323e        67   func ,g         1
FILE=dtor_list
                                  fff832a5  fff832ee        4a
  __process_needed_destructions()
                                  fff832a5        25   func ,g         2
  ___already_marked_for_destruction
                                  fff832ca         6   func ,g         1
  ___record_needed_destruction
                                  fff832d0        1d   func ,g         0
  ___std__needed_destruction_list
                                  fff832ed         2   func ,g         0
FILE=error
                                  fff832ef  fff832f2         4
  ___abort_execution
                                  fff832ef         4   func ,g         1

SECTION=FIXEDVECT
FILE=.\src\Modules\micon\vector_table.obj
                                  ffffff80  ffffffff        80
  _Fixed_Vectors
                                  ffffff80        80   data ,g         0

*** Unfilled Areas ***

AREA                                START    END

*** Delete Symbols ***

SYMBOL                                SIZE    INFO
